map:  version Diamond (64-bit) 3.14.0.75.2

Copyright (c) 1991-1994 by NeoCAD Inc. All rights reserved.
Copyright (c) 1995 AT&T Corp.   All rights reserved.
Copyright (c) 1995-2001 Lucent Technologies Inc.  All rights reserved.
Copyright (c) 2001 Agere Systems   All rights reserved.
Copyright (c) 2002-2024 Lattice Semiconductor Corporation,  All rights reserved.
   Process the file: /mnt/storage/test/zkf-vs-flopoco/artifacts/targets/ecp5-diamond/rows/tommath_div_e8_m17_compact_p2/top_tommath_div_e8_m17_compact_p2.ngd
   Picdevice="LFE5U-12F"

   Pictype="CABGA381"

   Picspeed=6

   Remove unused logic

   Do not produce over sized NCDs.

Part used: LFE5U-12FCABGA381, Performance used: 6.

Loading device for application map from file 'sa5p25.nph' in environment: /usr/local/diamond/3.14/ispfpga.
Package Status:                     Final          Version 1.44.

Running general design DRC...

Removing unused logic...

WARNING - map: u_dut/lat_alu_1 : removed the input signal of SIGNEDCIN pin because it's not legal.

Optimizing...

77 CCU2 constant inputs absorbed.

WARNING - map: Using local reset signal 'rst_c' to infer global GSR net.
WARNING - map: u_dut/lat_alu_1 : A/B data pipe not consistent with non-pipelined OPCODEOP0 control.

WARNING - map: u_dut/lat_alu_1 : A/B data pipe not consistent with non-pipelined OPCODEOP1 control.

WARNING - map: u_dut/lat_alu_1 : A/B data pipe not consistent with non-pipelined OPCODEIN control.

WARNING - map: The reset of EBR 'mux_21' cannot be controlled. The local reset is not connected to any control signal and set to GND. The global reset is disabled via GSR property. To control the EBR reset, either connect the local reset to a control signal or force the GSR property to be enabled.




Design Summary:
   Number of registers:    295 out of 12687 (2%)
      PFU registers:          295 out of 12096 (2%)
      PIO registers:            0 out of   591 (0%)
   Number of SLICEs:       217 out of  6048 (4%)
      SLICEs as Logic/ROM:    217 out of  6048 (4%)
      SLICEs as RAM:            0 out of  4536 (0%)
      SLICEs as Carry:         26 out of  6048 (0%)
   Number of LUT4s:        172 out of 12096 (1%)
      Number used as logic LUTs:        120
      Number used as distributed RAM:     0
      Number used as ripple logic:       52
      Number used as shift registers:     0
   Number of PIO sites used: 82 out of 197 (42%)
   Number of block RAMs:  1 out of 32 (3%)
   Number of GSRs:  1 out of 1 (100%)
   JTAG used :      No
   Readback used :  No
   Oscillator used :  No
   Startup used :   No
   DTR used :   No
   Number of Dynamic Bank Controller (BCINRD):  0 out of 4 (0%)
   Number of Dynamic Bank Controller (BCLVDSOB):  0 out of 4 (0%)
   Number of DCC:  0 out of 60 (0%)
   Number of DCS:  0 out of 2 (0%)
   Number of DDRDLLs:  0 out of 4 (0%)
   Number of CLKDIV:  0 out of 4 (0%)
   Number of ECLKSYNC:  0 out of 10 (0%)
   Number of ECLKBRIDGECS:  0 out of 2 (0%)
   Notes:-
      1. Total number of LUT4s = (Number of logic LUT4s) + 2*(Number of distributed RAMs) + 2*(Number of ripple logic)
      2. Number of logic LUT4s does not include count of distributed RAM and ripple logic.

   Number Of Mapped DSP Components:
   --------------------------------
   MULT18X18D          3
   MULT9X9D            0
   ALU54B              1
   ALU24B              0
   PRADD18A            0
   PRADD9A             0
   --------------------------------
   Number of Used DSP MULT Sites:  6 out of 56 (10 %)
   Number of Used DSP ALU Sites:  2 out of 28 (7 %)
   Number of Used DSP PRADD Sites:  0 out of 56 (0 %)
   Number of clocks:  1
     Net clk_c: 175 loads, 175 rising, 0 falling (Driver: PIO clk )
   Number of Clock Enables:  5
     Net in_valid_r: 23 loads, 22 LSLICEs
     Net u_dut/p1_vld: 27 loads, 26 LSLICEs
     Net u_dut/p2_vld: 27 loads, 27 LSLICEs
     Net u_dut/p3_vld: 22 loads, 20 LSLICEs
     Net p4_vld: 21 loads, 21 LSLICEs
   Number of local set/reset loads for net rst_c merged into GSR:  5
   Number of LSRs:  5
     Net n2204: 9 loads, 9 LSLICEs
     Net rst_c: 2 loads, 2 LSLICEs
     Net u_dut/n1309: 1 loads, 1 LSLICEs
     Net when_FpxxDiv_l198: 1 loads, 1 LSLICEs
     Net n1164: 4 loads, 4 LSLICEs
   Number of nets driven by tri-state buffers:  0
   Top 10 highest fanout non-clock nets:
     Net in_valid_r: 42 loads
     Net div_p5_19: 31 loads
     Net div_p5_20: 31 loads
     Net u_dut/p1_vld: 28 loads
     Net u_dut/p2_vld: 28 loads
     Net u_dut/p3_vld: 23 loads
     Net p4_vld: 22 loads
     Net u_dut/n3071: 15 loads
     Net exp_adj_p5_9: 11 loads
     Net u_dut/n2764: 10 loads
 

   Number of warnings:  6
   Number of errors:    0


. MULT18X18D  u_dut/x_mul_yhyl_p3_res3_mult_2:

Multiplier
	Operation A		Unsigned
	Operation A Registers	CLK	CE	RST
	--------------------------------------------
		Input		CLK3	CE3	RST3
		Pipeline	    	   	    

	Operation B		Unsigned
	Operation B Registers	CLK	CE	RST
	--------------------------------------------
		Input		    	   	    
		Pipeline	    	   	    
Data
	Input Registers		CLK	CE	RST	Source
	-------------------------------------------------------
		A		CLK3	CE3	RST3	A Data In
		B		    	   	    	B Data In
		C		    	   	    	N/A
	Cascaded Match

	Pipeline Registers	CLK	CE	RST
	--------------------------------------------
		Pipe		    	   	    

	Output Register		CLK	CE	RST
	--------------------------------------------
		Output		    	   	    
Other
	SOURCEB_MODE	B_SHIFT
	MULT_BYPASS	DISABLED
	CAS_MATCH_REG	FALSE
	GSR		DISABLED
	RESETMODE	ASYNC
	CLK0_DIV	ENABLED
	CLK1_DIV	ENABLED
	CLK2_DIV	ENABLED
	CLK3_DIV	ENABLED
	HIGHSPEED_CLK	NONE
	PSE17		0b00000000000000000
	PSE35		0b00000000000000000

	C_PSE17		0b00000000000000000

. ALU54B  u_dut/lat_alu_1:

54-Bit ALU
	Opcode  0		1
	Opcode  1		0
	Opcode  2		0
	Opcode  3		0
	Opcode  4		0
	Opcode  5		0
	Opcode  6		0
	Opcode  7		0
	Opcode  8		0
	Opcode  9		1
	Opcode 10		0

	OpcodeOP0 Registers	CLK	CE	RST
	--------------------------------------------
		Input		    	   	    
		Pipeline	    	   	    

	OpcodeOP1 Registers	CLK	CE	RST
	--------------------------------------------
		Input		    	--	--
		Pipeline	    	--	--

	OpcodeIN Registers	CLK	CE	RST
	--------------------------------------------
		Input		    	   	    
		Pipeline	    	   	    
Data
	Input Registers		CLK	CE	RST
	--------------------------------------------
		C0		    	   	    
		C1		    	   	    
		CFB		    	   	    

	Output Register		CLK	CE	RST
	--------------------------------------------
		Output0		    	   	    
		Output1		    	   	    

	Flag Register		CLK	CE	RST
	--------------------------------------------
		Flag		    	   	    
Other
	MCPAT_SOURCE	STATIC
	MASKPAT_SOURCE	STATIC
	MASK01		0x00000000000000
	MCPAT		0x00000000000000
	MASKPAT		0x00000000000000
	RNDPAT		0x00000000000000
	PSE17		0b00000000000000000
	PSE44		0b00000000000000000000000000
	PSE53		0b00000000
	GSR		DISABLED
	RESETMODE	SYNC
	MULT9_MODE	DISABLED

	LEGACY  	DISABLED

	CLK0_DIV	ENABLED
	CLK1_DIV	ENABLED
	CLK2_DIV	ENABLED
	CLK3_DIV	ENABLED

. MULT18X18D  u_dut/lat_mult_0:

Multiplier
	Operation A		Unsigned
	Operation A Registers	CLK	CE	RST
	--------------------------------------------
		Input		    	   	    
		Pipeline	    	   	    

	Operation B		Unsigned
	Operation B Registers	CLK	CE	RST
	--------------------------------------------
		Input		CLK3	CE3	RST3
		Pipeline	    	   	    
Data
	Input Registers		CLK	CE	RST	Source
	-------------------------------------------------------
		A		    	   	    	A Data In
		B		CLK3	CE3	RST3	B Data In
		C		    	   	    	N/A
	Cascaded Match

	Pipeline Registers	CLK	CE	RST
	--------------------------------------------
		Pipe		    	   	    

	Output Register		CLK	CE	RST
	--------------------------------------------
		Output		    	   	    
Other
	SOURCEB_MODE	B_SHIFT
	MULT_BYPASS	DISABLED
	CAS_MATCH_REG	FALSE
	GSR		DISABLED
	RESETMODE	ASYNC
	CLK0_DIV	ENABLED
	CLK1_DIV	ENABLED
	CLK2_DIV	ENABLED
	CLK3_DIV	ENABLED
	HIGHSPEED_CLK	NONE
	PSE17		0b00000000000000000
	PSE35		0b00000000000000000

	C_PSE17		0b00000000000000000

. MULT18X18D  u_dut/div_p5_res5_mult_2:

Multiplier
	Operation A		Unsigned
	Operation A Registers	CLK	CE	RST
	--------------------------------------------
		Input		    	   	    
		Pipeline	    	   	    

	Operation B		Unsigned
	Operation B Registers	CLK	CE	RST
	--------------------------------------------
		Input		CLK3	CE3	RST3
		Pipeline	    	   	    
Data
	Input Registers		CLK	CE	RST	Source
	-------------------------------------------------------
		A		    	   	    	A Data In
		B		CLK3	CE3	RST3	B Data In
		C		    	   	    	N/A
	Cascaded Match

	Pipeline Registers	CLK	CE	RST
	--------------------------------------------
		Pipe		    	   	    

	Output Register		CLK	CE	RST
	--------------------------------------------
		Output		    	   	    
Other
	SOURCEB_MODE	B_SHIFT
	MULT_BYPASS	DISABLED
	CAS_MATCH_REG	FALSE
	GSR		DISABLED
	RESETMODE	ASYNC
	CLK0_DIV	ENABLED
	CLK1_DIV	ENABLED
	CLK2_DIV	ENABLED
	CLK3_DIV	ENABLED
	HIGHSPEED_CLK	NONE
	PSE17		0b00000000000000000
	PSE35		0b00000000000000000

	C_PSE17		0b00000000000000000


Total CPU Time: 0 secs  
Total REAL Time: 0 secs  
Peak Memory Usage: 187 MB

Dumping design to file /mnt/storage/test/zkf-vs-flopoco/artifacts/targets/ecp5-diamond/rows/tommath_div_e8_m17_compact_p2/top_tommath_div_e8_m17_compact_p2_map.ncd.
$ /usr/local/diamond/3.14/ispfpga/bin/lin64/map -a ECP5U -p LFE5U-12F -t CABGA381 -s 6 -oc Commercial /mnt/storage/test/zkf-vs-flopoco/artifacts/targets/ecp5-diamond/rows/tommath_div_e8_m17_compact_p2/top_tommath_div_e8_m17_compact_p2.ngd -o /mnt/storage/test/zkf-vs-flopoco/artifacts/targets/ecp5-diamond/rows/tommath_div_e8_m17_compact_p2/top_tommath_div_e8_m17_compact_p2_map.ncd -pr /mnt/storage/test/zkf-vs-flopoco/artifacts/targets/ecp5-diamond/rows/tommath_div_e8_m17_compact_p2/top_tommath_div_e8_m17_compact_p2.prf -mp /mnt/storage/test/zkf-vs-flopoco/artifacts/targets/ecp5-diamond/rows/tommath_div_e8_m17_compact_p2/top_tommath_div_e8_m17_compact_p2.mrp -lpf /mnt/storage/test/zkf-vs-flopoco/artifacts/targets/ecp5-diamond/rows/tommath_div_e8_m17_compact_p2/constraints.lpf


[exit code 0]
