
Lattice Place and Route Report for Design "/mnt/storage/test/zkf-vs-flopoco/artifacts/targets/ecp5-diamond/rows/tommath_div_e8_m35_compact_p2/top_tommath_div_e8_m35_compact_p2_map.ncd"
Sun May 24 14:05:15 2026

PAR: Place And Route Diamond (64-bit) 3.14.0.75.2.
Command Line: /usr/local/diamond/3.14/ispfpga/bin/lin64/par -w -l 5 -i 6 -t 1 -c 0 -e 0 -exp
parUseNBR=1:parCDP=auto:parCDR=1:parPathBased=OFF
/mnt/storage/test/zkf-vs-flopoco/artifacts/targets/ecp5-diamond/rows/tommath_div_e8_m35_compact_p2/top_tommath_div_e8_m35_compact_p2_map.ncd
/mnt/storage/test/zkf-vs-flopoco/artifacts/targets/ecp5-diamond/rows/tommath_div_e8_m35_compact_p2/top_tommath_div_e8_m35_compact_p2.ncd
/mnt/storage/test/zkf-vs-flopoco/artifacts/targets/ecp5-diamond/rows/tommath_div_e8_m35_compact_p2/top_tommath_div_e8_m35_compact_p2.prf

Preference file: /mnt/storage/test/zkf-vs-flopoco/artifacts/targets/ecp5-diamond/rows/tommath_div_e8_m35_compact_p2/top_tommath_div_e8_m35_compact_p2.prf.
Placement level-cost: 5-1.
Routing Iterations: 6

Loading design for application par from file /mnt/storage/test/zkf-vs-flopoco/artifacts/targets/ecp5-diamond/rows/tommath_div_e8_m35_compact_p2/top_tommath_div_e8_m35_compact_p2_map.ncd.
Design name: top_tommath_div_e8_m35_compact_p2
NCD version: 3.3
Vendor:      LATTICE
Device:      LFE5U-12F
Package:     CABGA381
Performance: 6
Loading device for application par from file 'sa5p25.nph' in environment: /usr/local/diamond/3.14/ispfpga.
Package Status:                     Final          Version 1.44.
Performance Hardware Data Status:   Final          Version 55.1.
License checked out.


Ignore Preference Error(s):  True
Device utilization summary:

   PIO (prelim)     136/197          69% used
                    136/197          69% bonded

   SLICE            338/6048          5% used

   GSR                1/1           100% used
   EBR                1/32            3% used
   MULT18             7/28           25% used
   ALU54              3/14           21% used


Number of Signals: 1264
Number of Connections: 2270

Pin Constraint Summary:
   0 out of 136 pins locked (0% locked).


The following 8 signals are selected to use the primary clock routing resources:
    clk_c (driver: clk, clk/ce/sr load #: 259/0/0)
    in_valid_r (driver: SLICE_299, clk/ce/sr load #: 0/32/0)
    u_dut/clk_c_enable_127 (driver: u_dut/SLICE_161, clk/ce/sr load #: 0/30/0)
    u_dut/clk_c_enable_105 (driver: u_dut/SLICE_161, clk/ce/sr load #: 0/28/0)
    p4_vld (driver: u_dut/SLICE_159, clk/ce/sr load #: 0/19/0)
    n3265 (driver: u_dut/SLICE_291, clk/ce/sr load #: 0/0/18)
    u_dut/p3_vld (driver: u_dut/SLICE_222, clk/ce/sr load #: 0/18/0)
    clk_c_enable_44 (driver: u_dut/SLICE_222, clk/ce/sr load #: 0/18/0)


Signal rst_c is selected as Global Set/Reset.
.
Starting Placer Phase 0.
..............
Finished Placer Phase 0.  REAL time: 4 secs 


Starting Placer Phase 1.
..............
Placer score = 4663002.
Finished Placer Phase 1.  REAL time: 11 secs 

Starting Placer Phase 2.
.
Placer score =  4638396
Finished Placer Phase 2.  REAL time: 11 secs 


------------------ Clock Report ------------------

Global Clock Resources:
  CLK_PIN    : 1 out of 12 (8%)
  GR_PCLK    : 0 out of 12 (0%)
  PLL        : 0 out of 2 (0%)
  DCS        : 0 out of 2 (0%)
  DCC        : 0 out of 60 (0%)
  CLKDIV     : 0 out of 4 (0%)

Quadrant TL Clocks:
  PRIMARY "clk_c" from comp "clk" on CLK_PIN site "B11 (PT29A)", CLK/CE/SR load = 15
  PRIMARY "in_valid_r" from Q0 on comp "SLICE_299" on site "R11C43A", CLK/CE/SR load = 1

  PRIMARY  : 2 out of 16 (12%)

Quadrant TR Clocks:
  PRIMARY "clk_c" from comp "clk" on CLK_PIN site "B11 (PT29A)", CLK/CE/SR load = 233
  PRIMARY "in_valid_r" from Q0 on comp "SLICE_299" on site "R11C43A", CLK/CE/SR load = 30
  PRIMARY "u_dut/clk_c_enable_127" from Q1 on comp "u_dut/SLICE_161" on site "R18C42C", CLK/CE/SR load = 29
  PRIMARY "u_dut/clk_c_enable_105" from Q0 on comp "u_dut/SLICE_161" on site "R18C42C", CLK/CE/SR load = 27
  PRIMARY "p4_vld" from Q0 on comp "u_dut/SLICE_159" on site "R48C13B", CLK/CE/SR load = 18
  PRIMARY "n3265" from F0 on comp "u_dut/SLICE_291" on site "R18C45D", CLK/CE/SR load = 18
  PRIMARY "u_dut/p3_vld" from Q0 on comp "u_dut/SLICE_222" on site "R31C24B", CLK/CE/SR load = 17
  PRIMARY "clk_c_enable_44" from Q1 on comp "u_dut/SLICE_222" on site "R31C24B", CLK/CE/SR load = 18

  PRIMARY  : 8 out of 16 (50%)

Quadrant BL Clocks:
  PRIMARY "clk_c" from comp "clk" on CLK_PIN site "B11 (PT29A)", CLK/CE/SR load = 6
  PRIMARY "p4_vld" from Q0 on comp "u_dut/SLICE_159" on site "R48C13B", CLK/CE/SR load = 1
  PRIMARY "u_dut/p3_vld" from Q0 on comp "u_dut/SLICE_222" on site "R31C24B", CLK/CE/SR load = 1

  PRIMARY  : 3 out of 16 (18%)

Quadrant BR Clocks:
  PRIMARY "clk_c" from comp "clk" on CLK_PIN site "B11 (PT29A)", CLK/CE/SR load = 5
  PRIMARY "in_valid_r" from Q0 on comp "SLICE_299" on site "R11C43A", CLK/CE/SR load = 1
  PRIMARY "u_dut/clk_c_enable_127" from Q1 on comp "u_dut/SLICE_161" on site "R18C42C", CLK/CE/SR load = 1
  PRIMARY "u_dut/clk_c_enable_105" from Q0 on comp "u_dut/SLICE_161" on site "R18C42C", CLK/CE/SR load = 1

  PRIMARY  : 4 out of 16 (25%)

Edge Clocks:

  No edge clock selected.


--------------- End of Clock Report ---------------


+
I/O Usage Summary (final):
   136 out of 197 (69.0%) PIO sites used.
   136 out of 197 (69.0%) bonded PIO sites used.
   Number of PIO comps: 136; differential: 0.
   Number of Vref pins used: 0.

I/O Bank Usage Summary:
+----------+----------------+------------+------------+------------+
| I/O Bank | Usage          | Bank Vccio | Bank Vref1 | Bank Vref2 |
+----------+----------------+------------+------------+------------+
| 0        | 20 / 24 ( 83%) | 2.5V       | -          | -          |
| 1        | 32 / 32 (100%) | 2.5V       | -          | -          |
| 2        | 32 / 32 (100%) | 2.5V       | -          | -          |
| 3        | 19 / 32 ( 59%) | 2.5V       | -          | -          |
| 6        | 3 / 32 (  9%)  | 2.5V       | -          | -          |
| 7        | 27 / 32 ( 84%) | 2.5V       | -          | -          |
| 8        | 3 / 13 ( 23%)  | 2.5V       | -          | -          |
+----------+----------------+------------+------------+------------+

---------------------------------- DSP Report ----------------------------------

DSP Slice #:           1  2  3  4  5  6  7  8  9 10 11 12 13 14
# of MULT9                                                     
# of MULT18                              2  2  1  2            
# of ALU24                                                     
# of ALU54                               1  1     1            
# of PRADD9                                                    
# of PRADD18                                                   

DSP Slice  7         Component_Type       Physical_Type                Instance_Name             
 MULT18_R13C33         MULT18X18D             MULT18          u_dut/x_mul_yhyl_p3_res4_mult_2    
 MULT18_R13C34         MULT18X18D             MULT18                 u_dut/lat_mult_0            
  ALU54_R13C36           ALU54B               ALU54                   u_dut/lat_alu_3            

DSP Slice  8         Component_Type       Physical_Type                Instance_Name             
 MULT18_R13C37         MULT18X18D             MULT18                 u_dut/lat_mult_1            
 MULT18_R13C38         MULT18X18D             MULT18                 u_dut/lat_mult_2            
  ALU54_R13C40           ALU54B               ALU54                   u_dut/lat_alu_4            

DSP Slice  9         Component_Type       Physical_Type                Instance_Name             
 MULT18_R13C43         MULT18X18D             MULT18               u_dut/mult_182_mult_2         

DSP Slice 10         Component_Type       Physical_Type                Instance_Name             
 MULT18_R13C46         MULT18X18D             MULT18               u_dut/mult_181_mult_2         
 MULT18_R13C47         MULT18X18D             MULT18                 u_dut/lat_mult_5            
  ALU54_R13C49           ALU54B               ALU54                   u_dut/lat_alu_6            

------------------------------ End of DSP Report -------------------------------
Total placer CPU time: 11 secs 

Dumping design to file /mnt/storage/test/zkf-vs-flopoco/artifacts/targets/ecp5-diamond/rows/tommath_div_e8_m35_compact_p2/top_tommath_div_e8_m35_compact_p2.ncd.

0 connections routed; 2270 unrouted.
Starting router resource preassignment
DSP info: No dsp pins have been swapped.

Completed router resource preassignment. Real time: 17 secs 

Start NBR router at Sun May 24 14:05:33 EEST 2026

*****************************************************************
Info: NBR allows conflicts(one node used by more than one signal)
      in the earlier iterations. In each iteration, it tries to  
      solve the conflicts while keeping the critical connections 
      routed as short as possible. The routing process is said to
      be completed when no conflicts exist and all connections   
      are routed.                                                
Note: NBR uses a different method to calculate timing slacks. The
      worst slack and total negative slack may not be the same as
      that in TRCE report. You should always run TRCE to verify  
      your design.                                               
*****************************************************************

Start NBR special constraint process at Sun May 24 14:05:34 EEST 2026

Start NBR section for initial routing at Sun May 24 14:05:34 EEST 2026
Level 1, iteration 1
21(0.00%) conflicts; 1315(57.93%) untouched conns; 273706 (nbr) score; 
Estimated worst slack/total negative slack<setup>: -0.882ns/-273.706ns; real time: 20 secs 
Level 2, iteration 1
43(0.00%) conflicts; 1165(51.32%) untouched conns; 244895 (nbr) score; 
Estimated worst slack/total negative slack<setup>: -1.048ns/-244.896ns; real time: 21 secs 
Level 3, iteration 1
35(0.00%) conflicts; 981(43.22%) untouched conns; 243488 (nbr) score; 
Estimated worst slack/total negative slack<setup>: -1.048ns/-243.489ns; real time: 21 secs 
Level 4, iteration 1
64(0.01%) conflicts; 0(0.00%) untouched conn; 246514 (nbr) score; 
Estimated worst slack/total negative slack<setup>: -1.048ns/-246.515ns; real time: 22 secs 

Info: Initial congestion level at 75% usage is 0
Info: Initial congestion area  at 75% usage is 0 (0.00%)

Start NBR section for normal routing at Sun May 24 14:05:37 EEST 2026
Level 1, iteration 1
21(0.00%) conflicts; 49(2.16%) untouched conns; 245398 (nbr) score; 
Estimated worst slack/total negative slack<setup>: -1.047ns/-245.399ns; real time: 22 secs 
Level 2, iteration 1
18(0.00%) conflicts; 49(2.16%) untouched conns; 245873 (nbr) score; 
Estimated worst slack/total negative slack<setup>: -1.047ns/-245.874ns; real time: 22 secs 
Level 3, iteration 1
17(0.00%) conflicts; 49(2.16%) untouched conns; 246362 (nbr) score; 
Estimated worst slack/total negative slack<setup>: -1.047ns/-246.363ns; real time: 22 secs 
Level 4, iteration 1
32(0.00%) conflicts; 0(0.00%) untouched conn; 248937 (nbr) score; 
Estimated worst slack/total negative slack<setup>: -1.047ns/-248.938ns; real time: 22 secs 
Level 4, iteration 2
21(0.00%) conflicts; 0(0.00%) untouched conn; 247042 (nbr) score; 
Estimated worst slack/total negative slack<setup>: -1.047ns/-247.043ns; real time: 22 secs 
Level 4, iteration 3
14(0.00%) conflicts; 0(0.00%) untouched conn; 247051 (nbr) score; 
Estimated worst slack/total negative slack<setup>: -1.047ns/-247.052ns; real time: 23 secs 
Level 4, iteration 4
12(0.00%) conflicts; 0(0.00%) untouched conn; 247051 (nbr) score; 
Estimated worst slack/total negative slack<setup>: -1.047ns/-247.052ns; real time: 23 secs 
Level 4, iteration 5
5(0.00%) conflicts; 0(0.00%) untouched conn; 250221 (nbr) score; 
Estimated worst slack/total negative slack<setup>: -1.048ns/-250.222ns; real time: 23 secs 
Level 4, iteration 6
3(0.00%) conflicts; 0(0.00%) untouched conn; 250221 (nbr) score; 
Estimated worst slack/total negative slack<setup>: -1.048ns/-250.222ns; real time: 23 secs 
Level 4, iteration 7
3(0.00%) conflicts; 0(0.00%) untouched conn; 250151 (nbr) score; 
Estimated worst slack/total negative slack<setup>: -1.048ns/-250.152ns; real time: 23 secs 
Level 4, iteration 8
2(0.00%) conflicts; 0(0.00%) untouched conn; 250151 (nbr) score; 
Estimated worst slack/total negative slack<setup>: -1.048ns/-250.152ns; real time: 23 secs 
Level 4, iteration 9
2(0.00%) conflicts; 0(0.00%) untouched conn; 254035 (nbr) score; 
Estimated worst slack/total negative slack<setup>: -1.065ns/-254.036ns; real time: 23 secs 
Level 4, iteration 10
2(0.00%) conflicts; 0(0.00%) untouched conn; 254035 (nbr) score; 
Estimated worst slack/total negative slack<setup>: -1.065ns/-254.036ns; real time: 23 secs 
Level 4, iteration 11
1(0.00%) conflict; 0(0.00%) untouched conn; 254737 (nbr) score; 
Estimated worst slack/total negative slack<setup>: -1.067ns/-254.737ns; real time: 23 secs 
Level 4, iteration 12
0(0.00%) conflict; 0(0.00%) untouched conn; 254737 (nbr) score; 
Estimated worst slack/total negative slack<setup>: -1.067ns/-254.737ns; real time: 23 secs 

Start NBR section for performance tuning (iteration 1) at Sun May 24 14:05:38 EEST 2026
Level 4, iteration 1
4(0.00%) conflicts; 0(0.00%) untouched conn; 248088 (nbr) score; 
Estimated worst slack/total negative slack<setup>: -1.048ns/-248.089ns; real time: 23 secs 
Level 4, iteration 2
3(0.00%) conflicts; 0(0.00%) untouched conn; 248907 (nbr) score; 
Estimated worst slack/total negative slack<setup>: -1.048ns/-248.908ns; real time: 23 secs 
Level 4, iteration 3
3(0.00%) conflicts; 0(0.00%) untouched conn; 250759 (nbr) score; 
Estimated worst slack/total negative slack<setup>: -1.051ns/-250.760ns; real time: 23 secs 
Level 4, iteration 4
0(0.00%) conflict; 0(0.00%) untouched conn; 250759 (nbr) score; 
Estimated worst slack/total negative slack<setup>: -1.051ns/-250.760ns; real time: 23 secs 

Start NBR section for re-routing at Sun May 24 14:05:38 EEST 2026
Level 4, iteration 1
0(0.00%) conflict; 0(0.00%) untouched conn; 250759 (nbr) score; 
Estimated worst slack/total negative slack<setup>: -1.051ns/-250.760ns; real time: 23 secs 

Start NBR section for post-routing at Sun May 24 14:05:38 EEST 2026

End NBR router with 0 unrouted connection

NBR Summary
-----------
  Number of unrouted connections : 0 (0.00%)
  Number of connections with timing violations : 332 (14.63%)
  Estimated worst slack<setup> : -1.051ns
  Timing score<setup> : 4272413
-----------
Notes: The timing info is calculated for SETUP only and all PAR_ADJs are ignored.



Total CPU time 32 secs 
Total REAL time: 33 secs 
Completely routed.
End of route.  2270 routed (100.00%); 0 unrouted.

Hold time timing score: 0, hold timing errors: 0

Timing score: 4272413 

Dumping design to file /mnt/storage/test/zkf-vs-flopoco/artifacts/targets/ecp5-diamond/rows/tommath_div_e8_m35_compact_p2/top_tommath_div_e8_m35_compact_p2.ncd.


PAR_SUMMARY::Run status = Completed
PAR_SUMMARY::Number of unrouted conns = 0
PAR_SUMMARY::Worst  slack<setup/<ns>> = -1.051
PAR_SUMMARY::Timing score<setup/<ns>> = 4272.413
PAR_SUMMARY::Worst  slack<hold /<ns>> = 0.174
PAR_SUMMARY::Timing score<hold /<ns>> = 0.000
PAR_SUMMARY::Number of errors = 0

Total CPU  time to completion: 33 secs 
Total REAL time to completion: 33 secs 

par done!

Note: user must run 'Trace' for timing closure signoff.

Copyright (c) 1991-1994 by NeoCAD Inc. All rights reserved.
Copyright (c) 1995 AT&T Corp.   All rights reserved.
Copyright (c) 1995-2001 Lucent Technologies Inc.  All rights reserved.
Copyright (c) 2001 Agere Systems   All rights reserved.
Copyright (c) 2002-2024 Lattice Semiconductor Corporation,  All rights reserved.
$ /usr/local/diamond/3.14/ispfpga/bin/lin64/par -w -l 5 -i 6 -t 1 -c 0 -e 0 -exp parUseNBR=1:parCDP=auto:parCDR=1:parPathBased=OFF /mnt/storage/test/zkf-vs-flopoco/artifacts/targets/ecp5-diamond/rows/tommath_div_e8_m35_compact_p2/top_tommath_div_e8_m35_compact_p2_map.ncd /mnt/storage/test/zkf-vs-flopoco/artifacts/targets/ecp5-diamond/rows/tommath_div_e8_m35_compact_p2/top_tommath_div_e8_m35_compact_p2.ncd /mnt/storage/test/zkf-vs-flopoco/artifacts/targets/ecp5-diamond/rows/tommath_div_e8_m35_compact_p2/top_tommath_div_e8_m35_compact_p2.prf


[exit code 0]
