
Lattice Mapping Report File for Design Module
     'top_flopoco_div_we8_wf17_zynq7000_native_srt_87_f300'


Design Information
------------------

Command line:   /usr/local/diamond/3.14/ispfpga/bin/lin64/map -a ECP5U -p
     LFE5U-12F -t CABGA381 -s 6 -oc Commercial /mnt/storage/test/zkf-vs-flopoco/
     artifacts/targets/ecp5-diamond/rows/flopoco_div_we8_wf17_zynq7000_native_sr
     t_87_f300/top_flopoco_div_we8_wf17_zynq7000_native_srt_87_f300.ngd -o /mnt/
     storage/test/zkf-vs-flopoco/artifacts/targets/ecp5-diamond/rows/flopoco_div
     _we8_wf17_zynq7000_native_srt_87_f300/top_flopoco_div_we8_wf17_zynq7000_nat
     ive_srt_87_f300_map.ncd -pr /mnt/storage/test/zkf-vs-flopoco/artifacts/targ
     ets/ecp5-diamond/rows/flopoco_div_we8_wf17_zynq7000_native_srt_87_f300/top_
     flopoco_div_we8_wf17_zynq7000_native_srt_87_f300.prf -mp /mnt/storage/test/
     zkf-vs-flopoco/artifacts/targets/ecp5-diamond/rows/flopoco_div_we8_wf17_zyn
     q7000_native_srt_87_f300/top_flopoco_div_we8_wf17_zynq7000_native_srt_87_f3
     00.mrp -lpf /mnt/storage/test/zkf-vs-flopoco/artifacts/targets/ecp5-diamond
     /rows/flopoco_div_we8_wf17_zynq7000_native_srt_87_f300/constraints.lpf 
Target Vendor:  LATTICE
Target Device:  LFE5U-12FCABGA381
Target Performance:   6
Mapper:  sa5p00,  version:  Diamond (64-bit) 3.14.0.75.2
Mapped on:  05/23/26  22:37:42

Design Summary
--------------

   Number of registers:    975 out of 12687 (8%)
      PFU registers:          975 out of 12096 (8%)
      PIO registers:            0 out of   591 (0%)
   Number of SLICEs:       895 out of  6048 (15%)
      SLICEs as Logic/ROM:    880 out of  6048 (15%)
      SLICEs as RAM:           15 out of  4536 (0%)
      SLICEs as Carry:        241 out of  6048 (4%)
   Number of LUT4s:        1122 out of 12096 (9%)
      Number used as logic LUTs:        610
      Number used as distributed RAM:    30
      Number used as ripple logic:      482
      Number used as shift registers:     0
   Number of PIO sites used: 85 out of 197 (43%)
   Number of block RAMs:  1 out of 32 (3%)
   Number of GSRs:  0 out of 1 (0%)
   JTAG used :      No
   Readback used :  No
   Oscillator used :  No
   Startup used :   No
   DTR used :   No
   Number of Dynamic Bank Controller (BCINRD):  0 out of 4 (0%)
   Number of Dynamic Bank Controller (BCLVDSOB):  0 out of 4 (0%)
   Number of DCC:  0 out of 60 (0%)
   Number of DCS:  0 out of 2 (0%)
   Number of DDRDLLs:  0 out of 4 (0%)
   Number of CLKDIV:  0 out of 4 (0%)
   Number of ECLKSYNC:  0 out of 10 (0%)
   Number of ECLKBRIDGECS:  0 out of 2 (0%)
   Notes:-
      1. Total number of LUT4s = (Number of logic LUT4s) + 2*(Number of
     distributed RAMs) + 2*(Number of ripple logic)
      2. Number of logic LUT4s does not include count of distributed RAM and

                                    Page 1




Design:  top_flopoco_div_we8_wf17_zynq7000_native_srt_87_f300Date:  05/23/26  22:37:42

Design Summary (cont)
---------------------
     ripple logic.

        Number Of Mapped DSP Components:
   --------------------------------
   MULT18X18D          0
   MULT9X9D            0
   ALU54B              0
   ALU24B              0
   PRADD18A            0
   PRADD9A             0
   --------------------------------
   Number of Used DSP MULT Sites:  0 out of 56 (0 %)
   Number of Used DSP ALU Sites:  0 out of 28 (0 %)
   Number of Used DSP PRADD Sites:  0 out of 56 (0 %)
   Number of clocks:  1
     Net clk_c: 540 loads, 540 rising, 0 falling (Driver: PIO clk )
   Number of Clock Enables:  0
   Number of LSRs:  17
     Net X_r_0: 1 loads, 1 LSLICEs
     Net w6fulla_23_N_83_0: 1 loads, 1 LSLICEs
     Net Y_r_16: 4 loads, 4 LSLICEs
     Net prescaledfY_d5_0: 1 loads, 1 LSLICEs
     Net Y_r_0: 1 loads, 1 LSLICEs
     Net prescaledfY_d3_0: 1 loads, 1 LSLICEs
     Net n2689: 1 loads, 1 LSLICEs
     Net u_dut/prescaledfY_d6_0: 1 loads, 1 LSLICEs
     Net u_dut/prescaledfY_d8_0: 1 loads, 1 LSLICEs
     Net u_dut/prescaledfY_d10_0: 1 loads, 1 LSLICEs
     Net u_dut/prescaledfY_d12_0: 1 loads, 1 LSLICEs
     Net u_dut/q7_copy5_0: 1 loads, 1 LSLICEs
     Net u_dut/n7826: 2 loads, 2 LSLICEs
     Net u_dut/n7825: 2 loads, 2 LSLICEs
     Net u_dut/n7831: 2 loads, 2 LSLICEs
     Net u_dut/n7822: 2 loads, 2 LSLICEs
     Net u_dut/n7821: 2 loads, 2 LSLICEs
   Number of nets driven by tri-state buffers:  0
   Top 10 highest fanout non-clock nets:
     Net q5_d1_1: 47 loads
     Net q6_d1_1: 46 loads
     Net qP2_d1_1: 45 loads
     Net qP3_d1_1: 45 loads
     Net qP4_d1_1: 45 loads
     Net Y_r_16: 43 loads
     Net u_dut/q7_copy5_0: 42 loads
     Net qM1_d1_2: 41 loads
     Net Y_r_15: 38 loads
     Net qP1_d1_1: 27 loads




   Number of warnings:  0
   Number of errors:    0
     



                                    Page 2




Design:  top_flopoco_div_we8_wf17_zynq7000_native_srt_87_f300Date:  05/23/26  22:37:42

Design Errors/Warnings
----------------------

   No errors or warnings present.

IO (PIO) Attributes
-------------------

+---------------------+-----------+-----------+------------+
| IO Name             | Direction | Levelmode | IO         |
|                     |           |  IO_TYPE  | Register   |
+---------------------+-----------+-----------+------------+
| R_o[17]             | OUTPUT    | LVCMOS25  |            |
+---------------------+-----------+-----------+------------+
| R_o[18]             | OUTPUT    | LVCMOS25  |            |
+---------------------+-----------+-----------+------------+
| R_o[19]             | OUTPUT    | LVCMOS25  |            |
+---------------------+-----------+-----------+------------+
| R_o[20]             | OUTPUT    | LVCMOS25  |            |
+---------------------+-----------+-----------+------------+
| R_o[21]             | OUTPUT    | LVCMOS25  |            |
+---------------------+-----------+-----------+------------+
| R_o[22]             | OUTPUT    | LVCMOS25  |            |
+---------------------+-----------+-----------+------------+
| R_o[23]             | OUTPUT    | LVCMOS25  |            |
+---------------------+-----------+-----------+------------+
| R_o[24]             | OUTPUT    | LVCMOS25  |            |
+---------------------+-----------+-----------+------------+
| R_o[25]             | OUTPUT    | LVCMOS25  |            |
+---------------------+-----------+-----------+------------+
| X_i[15]             | INPUT     | LVCMOS25  |            |
+---------------------+-----------+-----------+------------+
| X_i[16]             | INPUT     | LVCMOS25  |            |
+---------------------+-----------+-----------+------------+
| Y_i[19]             | INPUT     | LVCMOS25  |            |
+---------------------+-----------+-----------+------------+
| X_i[17]             | INPUT     | LVCMOS25  |            |
+---------------------+-----------+-----------+------------+
| R_o[15]             | OUTPUT    | LVCMOS25  |            |
+---------------------+-----------+-----------+------------+
| R_o[4]              | OUTPUT    | LVCMOS25  |            |
+---------------------+-----------+-----------+------------+
| R_o[3]              | OUTPUT    | LVCMOS25  |            |
+---------------------+-----------+-----------+------------+
| R_o[2]              | OUTPUT    | LVCMOS25  |            |
+---------------------+-----------+-----------+------------+
| X_i[18]             | INPUT     | LVCMOS25  |            |
+---------------------+-----------+-----------+------------+
| X_i[19]             | INPUT     | LVCMOS25  |            |
+---------------------+-----------+-----------+------------+
| X_i[20]             | INPUT     | LVCMOS25  |            |
+---------------------+-----------+-----------+------------+
| X_i[21]             | INPUT     | LVCMOS25  |            |
+---------------------+-----------+-----------+------------+
| R_o[7]              | OUTPUT    | LVCMOS25  |            |
+---------------------+-----------+-----------+------------+
| R_o[16]             | OUTPUT    | LVCMOS25  |            |
+---------------------+-----------+-----------+------------+

                                    Page 3




Design:  top_flopoco_div_we8_wf17_zynq7000_native_srt_87_f300Date:  05/23/26  22:37:42

IO (PIO) Attributes (cont)
--------------------------
| R_o[5]              | OUTPUT    | LVCMOS25  |            |
+---------------------+-----------+-----------+------------+
| Y_i[5]              | INPUT     | LVCMOS25  |            |
+---------------------+-----------+-----------+------------+
| Y_i[4]              | INPUT     | LVCMOS25  |            |
+---------------------+-----------+-----------+------------+
| Y_i[3]              | INPUT     | LVCMOS25  |            |
+---------------------+-----------+-----------+------------+
| Y_i[2]              | INPUT     | LVCMOS25  |            |
+---------------------+-----------+-----------+------------+
| X_i[23]             | INPUT     | LVCMOS25  |            |
+---------------------+-----------+-----------+------------+
| Y_i[1]              | INPUT     | LVCMOS25  |            |
+---------------------+-----------+-----------+------------+
| Y_i[0]              | INPUT     | LVCMOS25  |            |
+---------------------+-----------+-----------+------------+
| R_o[6]              | OUTPUT    | LVCMOS25  |            |
+---------------------+-----------+-----------+------------+
| X_i[22]             | INPUT     | LVCMOS25  |            |
+---------------------+-----------+-----------+------------+
| X_i[13]             | INPUT     | LVCMOS25  |            |
+---------------------+-----------+-----------+------------+
| R_o[1]              | OUTPUT    | LVCMOS25  |            |
+---------------------+-----------+-----------+------------+
| R_o[0]              | OUTPUT    | LVCMOS25  |            |
+---------------------+-----------+-----------+------------+
| X_i[26]             | INPUT     | LVCMOS25  |            |
+---------------------+-----------+-----------+------------+
| X_i[25]             | INPUT     | LVCMOS25  |            |
+---------------------+-----------+-----------+------------+
| X_i[24]             | INPUT     | LVCMOS25  |            |
+---------------------+-----------+-----------+------------+
| R_o[12]             | OUTPUT    | LVCMOS25  |            |
+---------------------+-----------+-----------+------------+
| Y_i[11]             | INPUT     | LVCMOS25  |            |
+---------------------+-----------+-----------+------------+
| X_i[27]             | INPUT     | LVCMOS25  |            |
+---------------------+-----------+-----------+------------+
| clk                 | INPUT     | LVCMOS25  |            |
+---------------------+-----------+-----------+------------+
| Y_i[8]              | INPUT     | LVCMOS25  |            |
+---------------------+-----------+-----------+------------+
| Y_i[7]              | INPUT     | LVCMOS25  |            |
+---------------------+-----------+-----------+------------+
| Y_i[6]              | INPUT     | LVCMOS25  |            |
+---------------------+-----------+-----------+------------+
| Y_i[18]             | INPUT     | LVCMOS25  |            |
+---------------------+-----------+-----------+------------+
| Y_i[17]             | INPUT     | LVCMOS25  |            |
+---------------------+-----------+-----------+------------+
| Y_i[9]              | INPUT     | LVCMOS25  |            |
+---------------------+-----------+-----------+------------+
| Y_i[10]             | INPUT     | LVCMOS25  |            |
+---------------------+-----------+-----------+------------+
| Y_i[14]             | INPUT     | LVCMOS25  |            |
+---------------------+-----------+-----------+------------+

                                    Page 4




Design:  top_flopoco_div_we8_wf17_zynq7000_native_srt_87_f300Date:  05/23/26  22:37:42

IO (PIO) Attributes (cont)
--------------------------
| Y_i[13]             | INPUT     | LVCMOS25  |            |
+---------------------+-----------+-----------+------------+
| Y_i[12]             | INPUT     | LVCMOS25  |            |
+---------------------+-----------+-----------+------------+
| X_i[6]              | INPUT     | LVCMOS25  |            |
+---------------------+-----------+-----------+------------+
| Y_i[25]             | INPUT     | LVCMOS25  |            |
+---------------------+-----------+-----------+------------+
| Y_i[15]             | INPUT     | LVCMOS25  |            |
+---------------------+-----------+-----------+------------+
| Y_i[16]             | INPUT     | LVCMOS25  |            |
+---------------------+-----------+-----------+------------+
| Y_i[22]             | INPUT     | LVCMOS25  |            |
+---------------------+-----------+-----------+------------+
| Y_i[21]             | INPUT     | LVCMOS25  |            |
+---------------------+-----------+-----------+------------+
| Y_i[20]             | INPUT     | LVCMOS25  |            |
+---------------------+-----------+-----------+------------+
| X_i[12]             | INPUT     | LVCMOS25  |            |
+---------------------+-----------+-----------+------------+
| X_i[1]              | INPUT     | LVCMOS25  |            |
+---------------------+-----------+-----------+------------+
| Y_i[23]             | INPUT     | LVCMOS25  |            |
+---------------------+-----------+-----------+------------+
| Y_i[24]             | INPUT     | LVCMOS25  |            |
+---------------------+-----------+-----------+------------+
| X_i[0]              | INPUT     | LVCMOS25  |            |
+---------------------+-----------+-----------+------------+
| Y_i[27]             | INPUT     | LVCMOS25  |            |
+---------------------+-----------+-----------+------------+
| Y_i[26]             | INPUT     | LVCMOS25  |            |
+---------------------+-----------+-----------+------------+
| X_i[5]              | INPUT     | LVCMOS25  |            |
+---------------------+-----------+-----------+------------+
| X_i[4]              | INPUT     | LVCMOS25  |            |
+---------------------+-----------+-----------+------------+
| X_i[3]              | INPUT     | LVCMOS25  |            |
+---------------------+-----------+-----------+------------+
| X_i[2]              | INPUT     | LVCMOS25  |            |
+---------------------+-----------+-----------+------------+
| X_i[9]              | INPUT     | LVCMOS25  |            |
+---------------------+-----------+-----------+------------+
| X_i[8]              | INPUT     | LVCMOS25  |            |
+---------------------+-----------+-----------+------------+
| R_o[13]             | OUTPUT    | LVCMOS25  |            |
+---------------------+-----------+-----------+------------+
| R_o[14]             | OUTPUT    | LVCMOS25  |            |
+---------------------+-----------+-----------+------------+
| X_i[7]              | INPUT     | LVCMOS25  |            |
+---------------------+-----------+-----------+------------+
| R_o[26]             | OUTPUT    | LVCMOS25  |            |
+---------------------+-----------+-----------+------------+
| R_o[11]             | OUTPUT    | LVCMOS25  |            |
+---------------------+-----------+-----------+------------+
| R_o[10]             | OUTPUT    | LVCMOS25  |            |
+---------------------+-----------+-----------+------------+

                                    Page 5




Design:  top_flopoco_div_we8_wf17_zynq7000_native_srt_87_f300Date:  05/23/26  22:37:42

IO (PIO) Attributes (cont)
--------------------------
| X_i[10]             | INPUT     | LVCMOS25  |            |
+---------------------+-----------+-----------+------------+
| X_i[11]             | INPUT     | LVCMOS25  |            |
+---------------------+-----------+-----------+------------+
| R_o[27]             | OUTPUT    | LVCMOS25  |            |
+---------------------+-----------+-----------+------------+
| R_o[9]              | OUTPUT    | LVCMOS25  |            |
+---------------------+-----------+-----------+------------+
| R_o[8]              | OUTPUT    | LVCMOS25  |            |
+---------------------+-----------+-----------+------------+
| X_i[14]             | INPUT     | LVCMOS25  |            |
+---------------------+-----------+-----------+------------+

Removed logic
-------------

Block GSR_INST undriven or does not drive anything - clipped.
Signal n6539 was merged into signal X_r_0
Signal u_dut/n6527 was merged into signal u_dut/q7_copy5_0
Signal u_dut/n6538 was merged into signal u_dut/prescaledfY_d12_0
Signal u_dut/n6535 was merged into signal u_dut/prescaledfY_d8_0
Signal u_dut/n6537 was merged into signal u_dut/prescaledfY_d10_0
Signal u_dut/n6529 was merged into signal prescaledfY_d3_0
Signal u_dut/n25 was merged into signal w6fulla_23_N_83_0
Signal u_dut/n6531 was merged into signal prescaledfY_d5_0
Signal u_dut/n6533 was merged into signal u_dut/prescaledfY_d6_0
Signal n6526 was merged into signal Y_r_0
Signal VCC_net undriven or does not drive anything - clipped.
Signal _add_1_add_4_20/CO undriven or does not drive anything - clipped.
Signal _add_1_998_add_4_1/S0 undriven or does not drive anything - clipped.
Signal _add_1_998_add_4_1/CI undriven or does not drive anything - clipped.
Signal _add_1_998_add_4_21/CO undriven or does not drive anything - clipped.
Signal _add_1_995_add_4_2/S0 undriven or does not drive anything - clipped.
Signal _add_1_995_add_4_2/CI undriven or does not drive anything - clipped.
Signal _add_1_995_add_4_20/CO undriven or does not drive anything - clipped.
Signal _add_1_992_add_4_1/S0 undriven or does not drive anything - clipped.
Signal _add_1_992_add_4_1/CI undriven or does not drive anything - clipped.
Signal add_1946_21/S1 undriven or does not drive anything - clipped.
Signal add_1946_21/CO undriven or does not drive anything - clipped.
Signal _add_1_992_add_4_21/CO undriven or does not drive anything - clipped.
Signal _add_1_968_add_4_1/S0 undriven or does not drive anything - clipped.
Signal _add_1_968_add_4_1/CI undriven or does not drive anything - clipped.
Signal _add_1_950_add_4_1/S0 undriven or does not drive anything - clipped.
Signal _add_1_950_add_4_1/CI undriven or does not drive anything - clipped.
Signal _add_1_968_add_4_21/CO undriven or does not drive anything - clipped.
Signal add_1945_1/S1 undriven or does not drive anything - clipped.
Signal add_1945_1/S0 undriven or does not drive anything - clipped.
Signal add_1945_1/CI undriven or does not drive anything - clipped.
Signal add_1945_3/S1 undriven or does not drive anything - clipped.
Signal add_1945_3/S0 undriven or does not drive anything - clipped.
Signal add_1945_5/S1 undriven or does not drive anything - clipped.
Signal add_1945_5/S0 undriven or does not drive anything - clipped.
Signal add_1945_7/S1 undriven or does not drive anything - clipped.
Signal add_1945_7/S0 undriven or does not drive anything - clipped.
Signal add_1945_9/S1 undriven or does not drive anything - clipped.
Signal add_1945_9/S0 undriven or does not drive anything - clipped.

                                    Page 6




Design:  top_flopoco_div_we8_wf17_zynq7000_native_srt_87_f300Date:  05/23/26  22:37:42

Removed logic (cont)
--------------------
Signal add_1945_11/S1 undriven or does not drive anything - clipped.
Signal add_1945_11/S0 undriven or does not drive anything - clipped.
Signal add_1945_13/S1 undriven or does not drive anything - clipped.
Signal add_1945_13/S0 undriven or does not drive anything - clipped.
Signal add_1945_15/S1 undriven or does not drive anything - clipped.
Signal add_1945_15/S0 undriven or does not drive anything - clipped.
Signal add_1945_17/S1 undriven or does not drive anything - clipped.
Signal add_1945_17/S0 undriven or does not drive anything - clipped.
Signal add_1945_19/S1 undriven or does not drive anything - clipped.
Signal add_1945_19/S0 undriven or does not drive anything - clipped.
Signal add_1945_21/S1 undriven or does not drive anything - clipped.
Signal add_1945_21/CO undriven or does not drive anything - clipped.
Signal add_1944_1/S1 undriven or does not drive anything - clipped.
Signal add_1944_1/S0 undriven or does not drive anything - clipped.
Signal add_1944_1/CI undriven or does not drive anything - clipped.
Signal add_1944_3/S1 undriven or does not drive anything - clipped.
Signal add_1944_3/S0 undriven or does not drive anything - clipped.
Signal add_1944_5/S1 undriven or does not drive anything - clipped.
Signal add_1944_5/S0 undriven or does not drive anything - clipped.
Signal add_1944_7/S1 undriven or does not drive anything - clipped.
Signal add_1944_7/S0 undriven or does not drive anything - clipped.
Signal add_1944_9/S1 undriven or does not drive anything - clipped.
Signal add_1944_9/S0 undriven or does not drive anything - clipped.
Signal add_1944_11/S1 undriven or does not drive anything - clipped.
Signal add_1944_11/S0 undriven or does not drive anything - clipped.
Signal add_1944_13/S1 undriven or does not drive anything - clipped.
Signal add_1944_13/S0 undriven or does not drive anything - clipped.
Signal add_1944_15/S1 undriven or does not drive anything - clipped.
Signal add_1944_15/S0 undriven or does not drive anything - clipped.
Signal add_1944_17/S1 undriven or does not drive anything - clipped.
Signal add_1944_17/S0 undriven or does not drive anything - clipped.
Signal _add_1_947_add_4_21/CO undriven or does not drive anything - clipped.
Signal add_1944_19/S1 undriven or does not drive anything - clipped.
Signal add_1944_19/S0 undriven or does not drive anything - clipped.
Signal add_1944_21/S1 undriven or does not drive anything - clipped.
Signal add_1944_21/CO undriven or does not drive anything - clipped.
Signal add_1943_1/S1 undriven or does not drive anything - clipped.
Signal add_1943_1/S0 undriven or does not drive anything - clipped.
Signal add_1943_1/CI undriven or does not drive anything - clipped.
Signal add_1946_1/S1 undriven or does not drive anything - clipped.
Signal add_1946_1/S0 undriven or does not drive anything - clipped.
Signal add_1946_1/CI undriven or does not drive anything - clipped.
Signal add_1943_21/S1 undriven or does not drive anything - clipped.
Signal add_1943_21/CO undriven or does not drive anything - clipped.
Signal add_1942_1/S1 undriven or does not drive anything - clipped.
Signal add_1942_1/S0 undriven or does not drive anything - clipped.
Signal add_1942_1/CI undriven or does not drive anything - clipped.
Signal add_1942_21/S1 undriven or does not drive anything - clipped.
Signal add_1942_21/CO undriven or does not drive anything - clipped.
Signal _add_1_974_add_4_21/CO undriven or does not drive anything - clipped.
Signal add_1941_1/S1 undriven or does not drive anything - clipped.
Signal add_1941_1/S0 undriven or does not drive anything - clipped.
Signal add_1941_1/CI undriven or does not drive anything - clipped.
Signal _add_1_953_add_4_2/S0 undriven or does not drive anything - clipped.
Signal _add_1_953_add_4_2/CI undriven or does not drive anything - clipped.
Signal _add_1_953_add_4_10/CO undriven or does not drive anything - clipped.

                                    Page 7




Design:  top_flopoco_div_we8_wf17_zynq7000_native_srt_87_f300Date:  05/23/26  22:37:42

Removed logic (cont)
--------------------
Signal _add_1_add_4_2/S0 undriven or does not drive anything - clipped.
Signal _add_1_add_4_2/CI undriven or does not drive anything - clipped.
Signal _add_1_935_add_4_12/S1 undriven or does not drive anything - clipped.
Signal _add_1_935_add_4_12/CO undriven or does not drive anything - clipped.
Signal _add_1_974_add_4_1/S0 undriven or does not drive anything - clipped.
Signal _add_1_974_add_4_1/CI undriven or does not drive anything - clipped.
Signal _add_1_956_add_4_28/S1 undriven or does not drive anything - clipped.
Signal _add_1_956_add_4_28/CO undriven or does not drive anything - clipped.
Signal add_1941_21/S1 undriven or does not drive anything - clipped.
Signal add_1941_21/CO undriven or does not drive anything - clipped.
Signal add_1940_1/S1 undriven or does not drive anything - clipped.
Signal add_1940_1/S0 undriven or does not drive anything - clipped.
Signal add_1940_1/CI undriven or does not drive anything - clipped.
Signal _add_1_950_add_4_19/S1 undriven or does not drive anything - clipped.
Signal _add_1_950_add_4_19/CO undriven or does not drive anything - clipped.
Signal _add_1_965_add_4_1/S0 undriven or does not drive anything - clipped.
Signal _add_1_965_add_4_1/CI undriven or does not drive anything - clipped.
Signal _add_1_965_add_4_19/CO undriven or does not drive anything - clipped.
Signal _add_1_962_add_4_1/S0 undriven or does not drive anything - clipped.
Signal _add_1_962_add_4_1/CI undriven or does not drive anything - clipped.
Signal _add_1_962_add_4_21/CO undriven or does not drive anything - clipped.
Signal _add_1_944_add_4_1/S1 undriven or does not drive anything - clipped.
Signal _add_1_944_add_4_1/S0 undriven or does not drive anything - clipped.
Signal _add_1_944_add_4_1/CI undriven or does not drive anything - clipped.
Signal _add_1_944_add_4_3/S0 undriven or does not drive anything - clipped.
Signal _add_1_944_add_4_21/CO undriven or does not drive anything - clipped.
Signal _add_1_938_add_4_2/S0 undriven or does not drive anything - clipped.
Signal _add_1_938_add_4_2/CI undriven or does not drive anything - clipped.
Signal add_1940_21/S1 undriven or does not drive anything - clipped.
Signal add_1940_21/CO undriven or does not drive anything - clipped.
Signal add_1939_1/S1 undriven or does not drive anything - clipped.
Signal add_1939_1/S0 undriven or does not drive anything - clipped.
Signal add_1939_1/CI undriven or does not drive anything - clipped.
Signal qP5_d1/DO3 undriven or does not drive anything - clipped.
Signal qP6_d1/DO3 undriven or does not drive anything - clipped.
Signal _add_1_935_add_4_2/S0 undriven or does not drive anything - clipped.
Signal _add_1_935_add_4_2/CI undriven or does not drive anything - clipped.
Signal _add_1_938_add_4_22/S1 undriven or does not drive anything - clipped.
Signal _add_1_938_add_4_22/CO undriven or does not drive anything - clipped.
Signal add_1939_21/S1 undriven or does not drive anything - clipped.
Signal add_1939_21/CO undriven or does not drive anything - clipped.
Signal _add_1_947_add_4_1/S0 undriven or does not drive anything - clipped.
Signal _add_1_947_add_4_1/CI undriven or does not drive anything - clipped.
Signal _add_1_956_add_4_2/S0 undriven or does not drive anything - clipped.
Signal _add_1_956_add_4_2/CI undriven or does not drive anything - clipped.
Block i1527_1_lut was optimized away.
Block u_dut/SelFunctionTable7/i1515_1_lut was optimized away.
Block u_dut/i1526_1_lut was optimized away.
Block u_dut/i1523_1_lut was optimized away.
Block u_dut/i1525_1_lut was optimized away.
Block u_dut/i1517_1_lut was optimized away.
Block u_dut/sub_15_inv_0_i1_1_lut was optimized away.
Block u_dut/i1519_1_lut was optimized away.
Block u_dut/i1521_1_lut was optimized away.
Block i1514_1_lut was optimized away.
Block sub_47_i2 was optimized away.

                                    Page 8




Design:  top_flopoco_div_we8_wf17_zynq7000_native_srt_87_f300Date:  05/23/26  22:37:42


Memory Usage
------------

/:
    EBRs: 0
    RAM SLICEs: 2
    Logic SLICEs: 340
    PFU Registers: 236
/exnR0_d1_sft00000:
    EBRs: 0
    RAM SLICEs: 3
    Logic SLICEs: 0
    PFU Registers: 0
/exnR0_d1_sft00002:
    EBRs: 0
    RAM SLICEs: 3
    Logic SLICEs: 0
    PFU Registers: 0
/exnR0_d1_sft00003:
    EBRs: 0
    RAM SLICEs: 3
    Logic SLICEs: 0
    PFU Registers: 0
/qP5_d1:
    EBRs: 0
    RAM SLICEs: 1
    Logic SLICEs: 0
    PFU Registers: 0
/qP6_d1:
    EBRs: 0
    RAM SLICEs: 3
    Logic SLICEs: 0
    PFU Registers: 0
/u_dut/SelFunctionTable7:
    EBRs: 1
    RAM SLICEs: 0
    Logic SLICEs: 0
    PFU Registers: 0
    -Contains EBR X_6__I_0:  TYPE= PDPW16KD,  Width= 4,  Depth_R= 32,  REGMODE=
         NOREG,  RESETMODE= ASYNC,  ASYNC_RESET_RELEASE= SYNC,  GSR= DISABLED

     

ASIC Components
---------------

Instance Name: u_dut/SelFunctionTable7/X_6__I_0
         Type: PDPW16KD

Run Time and Memory Usage
-------------------------

   Total CPU Time: 0 secs  
   Total REAL Time: 0 secs  
   Peak Memory Usage: 196 MB
        


                                    Page 9


Copyright (c) 1991-1994 by NeoCAD Inc. All rights reserved.
     Copyright (c) 1995 AT&T Corp.   All rights reserved.
     Copyright (c) 1995-2001 Lucent Technologies Inc.  All rights reserved.
     Copyright (c) 2001 Agere Systems   All rights reserved.
     Copyright (c) 2002-2024 Lattice Semiconductor Corporation,  All rights
     reserved.
