
Lattice Place and Route Report for Design "/mnt/storage/test/zkf-vs-flopoco/artifacts/targets/ecp5-diamond/rows/flopoco_add_we8_wf35_dummyfpga_plain_single_f300/top_flopoco_add_we8_wf35_dummyfpga_plain_single_f300_map.ncd"
Sat May 23 22:36:50 2026

PAR: Place And Route Diamond (64-bit) 3.14.0.75.2.
Command Line: /usr/local/diamond/3.14/ispfpga/bin/lin64/par -w -l 5 -i 6 -t 1 -c 0 -e 0 -exp
parUseNBR=1:parCDP=auto:parCDR=1:parPathBased=OFF
/mnt/storage/test/zkf-vs-flopoco/artifacts/targets/ecp5-diamond/rows/flopoco_add_we8_wf35_dummyfpga_plain_single_f300/top_flopoco_add_we8_wf35_dummyfpga_plain_single_f300_map.ncd
/mnt/storage/test/zkf-vs-flopoco/artifacts/targets/ecp5-diamond/rows/flopoco_add_we8_wf35_dummyfpga_plain_single_f300/top_flopoco_add_we8_wf35_dummyfpga_plain_single_f300.ncd
/mnt/storage/test/zkf-vs-flopoco/artifacts/targets/ecp5-diamond/rows/flopoco_add_we8_wf35_dummyfpga_plain_single_f300/top_flopoco_add_we8_wf35_dummyfpga_plain_single_f300.prf

Preference file: /mnt/storage/test/zkf-vs-flopoco/artifacts/targets/ecp5-diamond/rows/flopoco_add_we8_wf35_dummyfpga_plain_single_f300/top_flopoco_add_we8_wf35_dummyfpga_plain_single_f300.prf.
Placement level-cost: 5-1.
Routing Iterations: 6

Loading design for application par from file /mnt/storage/test/zkf-vs-flopoco/artifacts/targets/ecp5-diamond/rows/flopoco_add_we8_wf35_dummyfpga_plain_single_f300/top_flopoco_add_we8_wf35_dummyfpga_plain_single_f300_map.ncd.
Design name: top_flopoco_add_we8_wf35_dummyfpga_plain_single_f300
NCD version: 3.3
Vendor:      LATTICE
Device:      LFE5U-12F
Package:     CABGA381
Performance: 6
Loading device for application par from file 'sa5p25.nph' in environment: /usr/local/diamond/3.14/ispfpga.
Package Status:                     Final          Version 1.44.
Performance Hardware Data Status:   Final          Version 55.1.
License checked out.


Ignore Preference Error(s):  True
Device utilization summary:

   PIO (prelim)     139/197          70% used
                    139/197          70% bonded

   SLICE            502/6048          8% used

   EBR                1/32            3% used


Number of Signals: 1331
Number of Connections: 3234

Pin Constraint Summary:
   0 out of 139 pins locked (0% locked).

The following 3 signals are selected to use the primary clock routing resources:
    clk_c (driver: clk, clk/ce/sr load #: 271/0/0)
    u_dut/n1393 (driver: u_dut/SLICE_320, clk/ce/sr load #: 0/0/17)
    u_dut/n1397 (driver: u_dut/SLICE_181, clk/ce/sr load #: 0/0/17)


No signal is selected as Global Set/Reset.
.
Starting Placer Phase 0.
...............
Finished Placer Phase 0.  REAL time: 3 secs 

Starting Placer Phase 1.
......................
Placer score = 425067.
Finished Placer Phase 1.  REAL time: 12 secs 

Starting Placer Phase 2.
.
Placer score =  422678
Finished Placer Phase 2.  REAL time: 12 secs 


------------------ Clock Report ------------------

Global Clock Resources:
  CLK_PIN    : 1 out of 12 (8%)
  GR_PCLK    : 0 out of 12 (0%)
  PLL        : 0 out of 2 (0%)
  DCS        : 0 out of 2 (0%)
  DCC        : 0 out of 60 (0%)
  CLKDIV     : 0 out of 4 (0%)

Quadrant TL Clocks:
  PRIMARY "clk_c" from comp "clk" on CLK_PIN site "B11 (PT29A)", CLK/CE/SR load = 59
  PRIMARY "u_dut/n1393" from F0 on comp "u_dut/SLICE_320" on site "R18C35C", CLK/CE/SR load = 10
  PRIMARY "u_dut/n1397" from F1 on comp "u_dut/SLICE_181" on site "R19C31B", CLK/CE/SR load = 9

  PRIMARY  : 3 out of 16 (18%)

Quadrant TR Clocks:
  PRIMARY "clk_c" from comp "clk" on CLK_PIN site "B11 (PT29A)", CLK/CE/SR load = 211
  PRIMARY "u_dut/n1393" from F0 on comp "u_dut/SLICE_320" on site "R18C35C", CLK/CE/SR load = 7
  PRIMARY "u_dut/n1397" from F1 on comp "u_dut/SLICE_181" on site "R19C31B", CLK/CE/SR load = 8

  PRIMARY  : 3 out of 16 (18%)

Quadrant BL Clocks:

  PRIMARY  : 0 out of 16 (0%)

Quadrant BR Clocks:
  PRIMARY "clk_c" from comp "clk" on CLK_PIN site "B11 (PT29A)", CLK/CE/SR load = 1

  PRIMARY  : 1 out of 16 (6%)

Edge Clocks:

  No edge clock selected.


--------------- End of Clock Report ---------------


+
I/O Usage Summary (final):
   139 out of 197 (70.6%) PIO sites used.
   139 out of 197 (70.6%) bonded PIO sites used.
   Number of PIO comps: 139; differential: 0.
   Number of Vref pins used: 0.

I/O Bank Usage Summary:
+----------+----------------+------------+------------+------------+
| I/O Bank | Usage          | Bank Vccio | Bank Vref1 | Bank Vref2 |
+----------+----------------+------------+------------+------------+
| 0        | 24 / 24 (100%) | 2.5V       | -          | -          |
| 1        | 31 / 32 ( 96%) | 2.5V       | -          | -          |
| 2        | 28 / 32 ( 87%) | 2.5V       | -          | -          |
| 3        | 12 / 32 ( 37%) | 2.5V       | -          | -          |
| 6        | 11 / 32 ( 34%) | 2.5V       | -          | -          |
| 7        | 32 / 32 (100%) | 2.5V       | -          | -          |
| 8        | 1 / 13 (  7%)  | 2.5V       | -          | -          |
+----------+----------------+------------+------------+------------+

Total placer CPU time: 12 secs 

Dumping design to file /mnt/storage/test/zkf-vs-flopoco/artifacts/targets/ecp5-diamond/rows/flopoco_add_we8_wf35_dummyfpga_plain_single_f300/top_flopoco_add_we8_wf35_dummyfpga_plain_single_f300.ncd.

0 connections routed; 3234 unrouted.
Starting router resource preassignment

Completed router resource preassignment. Real time: 16 secs 

Start NBR router at Sat May 23 22:37:06 EEST 2026

*****************************************************************
Info: NBR allows conflicts(one node used by more than one signal)
      in the earlier iterations. In each iteration, it tries to  
      solve the conflicts while keeping the critical connections 
      routed as short as possible. The routing process is said to
      be completed when no conflicts exist and all connections   
      are routed.                                                
Note: NBR uses a different method to calculate timing slacks. The
      worst slack and total negative slack may not be the same as
      that in TRCE report. You should always run TRCE to verify  
      your design.                                               
*****************************************************************

Start NBR special constraint process at Sat May 23 22:37:06 EEST 2026

Start NBR section for initial routing at Sat May 23 22:37:06 EEST 2026
Level 1, iteration 1
37(0.00%) conflicts; 2430(75.14%) untouched conns; 13681 (nbr) score; 
Estimated worst slack/total negative slack<setup>: -0.303ns/-13.681ns; real time: 17 secs 
Level 2, iteration 1
53(0.00%) conflicts; 2219(68.61%) untouched conns; 13133 (nbr) score; 
Estimated worst slack/total negative slack<setup>: -0.265ns/-13.133ns; real time: 18 secs 
Level 3, iteration 1
54(0.00%) conflicts; 1207(37.32%) untouched conns; 0 (nbr) score; 
Estimated worst slack/total negative slack<setup>: 0.012ns/0.000ns; real time: 18 secs 
Level 4, iteration 1
98(0.01%) conflicts; 0(0.00%) untouched conn; 0 (nbr) score; 
Estimated worst slack/total negative slack<setup>: 0.008ns/0.000ns; real time: 19 secs 

Info: Initial congestion level at 75% usage is 0
Info: Initial congestion area  at 75% usage is 0 (0.00%)

Start NBR section for normal routing at Sat May 23 22:37:09 EEST 2026
Level 1, iteration 1
22(0.00%) conflicts; 126(3.90%) untouched conns; 0 (nbr) score; 
Estimated worst slack/total negative slack<setup>: 0.181ns/0.000ns; real time: 19 secs 
Level 2, iteration 1
16(0.00%) conflicts; 128(3.96%) untouched conns; 0 (nbr) score; 
Estimated worst slack/total negative slack<setup>: 0.292ns/0.000ns; real time: 19 secs 
Level 3, iteration 1
16(0.00%) conflicts; 118(3.65%) untouched conns; 0 (nbr) score; 
Estimated worst slack/total negative slack<setup>: 0.292ns/0.000ns; real time: 19 secs 
Level 4, iteration 1
51(0.00%) conflicts; 0(0.00%) untouched conn; 0 (nbr) score; 
Estimated worst slack/total negative slack<setup>: 0.292ns/0.000ns; real time: 19 secs 
Level 4, iteration 2
29(0.00%) conflicts; 0(0.00%) untouched conn; 0 (nbr) score; 
Estimated worst slack/total negative slack<setup>: 0.292ns/0.000ns; real time: 19 secs 
Level 4, iteration 3
18(0.00%) conflicts; 0(0.00%) untouched conn; 0 (nbr) score; 
Estimated worst slack/total negative slack<setup>: 0.292ns/0.000ns; real time: 19 secs 
Level 4, iteration 4
12(0.00%) conflicts; 0(0.00%) untouched conn; 0 (nbr) score; 
Estimated worst slack/total negative slack<setup>: 0.292ns/0.000ns; real time: 20 secs 
Level 4, iteration 5
11(0.00%) conflicts; 0(0.00%) untouched conn; 0 (nbr) score; 
Estimated worst slack/total negative slack<setup>: 0.292ns/0.000ns; real time: 20 secs 
Level 4, iteration 6
8(0.00%) conflicts; 0(0.00%) untouched conn; 0 (nbr) score; 
Estimated worst slack/total negative slack<setup>: 0.292ns/0.000ns; real time: 20 secs 
Level 4, iteration 7
3(0.00%) conflicts; 0(0.00%) untouched conn; 0 (nbr) score; 
Estimated worst slack/total negative slack<setup>: 0.185ns/0.000ns; real time: 20 secs 
Level 4, iteration 8
3(0.00%) conflicts; 0(0.00%) untouched conn; 0 (nbr) score; 
Estimated worst slack/total negative slack<setup>: 0.185ns/0.000ns; real time: 20 secs 
Level 4, iteration 9
3(0.00%) conflicts; 0(0.00%) untouched conn; 0 (nbr) score; 
Estimated worst slack/total negative slack<setup>: 0.185ns/0.000ns; real time: 20 secs 
Level 4, iteration 10
2(0.00%) conflicts; 0(0.00%) untouched conn; 0 (nbr) score; 
Estimated worst slack/total negative slack<setup>: 0.185ns/0.000ns; real time: 20 secs 
Level 4, iteration 11
2(0.00%) conflicts; 0(0.00%) untouched conn; 0 (nbr) score; 
Estimated worst slack/total negative slack<setup>: 0.177ns/0.000ns; real time: 20 secs 
Level 4, iteration 12
2(0.00%) conflicts; 0(0.00%) untouched conn; 0 (nbr) score; 
Estimated worst slack/total negative slack<setup>: 0.177ns/0.000ns; real time: 20 secs 
Level 4, iteration 13
2(0.00%) conflicts; 0(0.00%) untouched conn; 0 (nbr) score; 
Estimated worst slack/total negative slack<setup>: 0.185ns/0.000ns; real time: 20 secs 
Level 4, iteration 14
1(0.00%) conflict; 0(0.00%) untouched conn; 0 (nbr) score; 
Estimated worst slack/total negative slack<setup>: 0.185ns/0.000ns; real time: 20 secs 
Level 4, iteration 15
3(0.00%) conflicts; 0(0.00%) untouched conn; 0 (nbr) score; 
Estimated worst slack/total negative slack<setup>: 0.177ns/0.000ns; real time: 20 secs 
Level 4, iteration 16
1(0.00%) conflict; 0(0.00%) untouched conn; 0 (nbr) score; 
Estimated worst slack/total negative slack<setup>: 0.177ns/0.000ns; real time: 20 secs 
Level 4, iteration 17
0(0.00%) conflict; 0(0.00%) untouched conn; 0 (nbr) score; 
Estimated worst slack/total negative slack<setup>: 0.177ns/0.000ns; real time: 20 secs 

Start NBR section for setup/hold timing optimization with effort level 3 at Sat May 23 22:37:10 EEST 2026

Start NBR section for re-routing at Sat May 23 22:37:11 EEST 2026
Level 4, iteration 1
0(0.00%) conflict; 0(0.00%) untouched conn; 0 (nbr) score; 
Estimated worst slack/total negative slack<setup>: 0.177ns/0.000ns; real time: 21 secs 

Start NBR section for post-routing at Sat May 23 22:37:11 EEST 2026

End NBR router with 0 unrouted connection

NBR Summary
-----------
  Number of unrouted connections : 0 (0.00%)
  Number of connections with timing violations : 0 (0.00%)
  Estimated worst slack<setup> : 0.177ns
  Timing score<setup> : 0
-----------
Notes: The timing info is calculated for SETUP only and all PAR_ADJs are ignored.



Total CPU time 21 secs 
Total REAL time: 21 secs 
Completely routed.
End of route.  3234 routed (100.00%); 0 unrouted.

Hold time timing score: 0, hold timing errors: 0

Timing score: 0 

Dumping design to file /mnt/storage/test/zkf-vs-flopoco/artifacts/targets/ecp5-diamond/rows/flopoco_add_we8_wf35_dummyfpga_plain_single_f300/top_flopoco_add_we8_wf35_dummyfpga_plain_single_f300.ncd.


PAR_SUMMARY::Run status = Completed
PAR_SUMMARY::Number of unrouted conns = 0
PAR_SUMMARY::Worst  slack<setup/<ns>> = 0.177
PAR_SUMMARY::Timing score<setup/<ns>> = 0.000
PAR_SUMMARY::Worst  slack<hold /<ns>> = 0.159
PAR_SUMMARY::Timing score<hold /<ns>> = 0.000
PAR_SUMMARY::Number of errors = 0

Total CPU  time to completion: 22 secs 
Total REAL time to completion: 22 secs 

par done!

Note: user must run 'Trace' for timing closure signoff.

Copyright (c) 1991-1994 by NeoCAD Inc. All rights reserved.
Copyright (c) 1995 AT&T Corp.   All rights reserved.
Copyright (c) 1995-2001 Lucent Technologies Inc.  All rights reserved.
Copyright (c) 2001 Agere Systems   All rights reserved.
Copyright (c) 2002-2024 Lattice Semiconductor Corporation,  All rights reserved.
$ /usr/local/diamond/3.14/ispfpga/bin/lin64/par -w -l 5 -i 6 -t 1 -c 0 -e 0 -exp parUseNBR=1:parCDP=auto:parCDR=1:parPathBased=OFF /mnt/storage/test/zkf-vs-flopoco/artifacts/targets/ecp5-diamond/rows/flopoco_add_we8_wf35_dummyfpga_plain_single_f300/top_flopoco_add_we8_wf35_dummyfpga_plain_single_f300_map.ncd /mnt/storage/test/zkf-vs-flopoco/artifacts/targets/ecp5-diamond/rows/flopoco_add_we8_wf35_dummyfpga_plain_single_f300/top_flopoco_add_we8_wf35_dummyfpga_plain_single_f300.ncd /mnt/storage/test/zkf-vs-flopoco/artifacts/targets/ecp5-diamond/rows/flopoco_add_we8_wf35_dummyfpga_plain_single_f300/top_flopoco_add_we8_wf35_dummyfpga_plain_single_f300.prf


[exit code 0]
