
****** Vivado v2025.2.1 (64-bit)
  **** SW Build 6403652 on Thu Mar 19 13:47:00 MDT 2026
  **** IP Build 6403511 on Thu Mar 19 12:41:45 MDT 2026
  **** SharedData Build 6403650 on Thu Mar 19 14:02:13 MDT 2026
  **** Start of session at: Sat May 23 22:48:14 2026
    ** Copyright 1986-2022 Xilinx, Inc. All Rights Reserved.
    ** Copyright 2022-2026 Advanced Micro Devices, Inc. All Rights Reserved.

ERROR: [Common 17-1257] Failed to create directory '/home/pavel/.Xilinx/Vivado/tclapp'.
source /mnt/storage/test/zkf-vs-flopoco/artifacts/targets/spartan7-vivado/rows/zkf_mul_w8_m36_stage_product/vivado.tcl -notrace
read_xdc: Time (s): cpu = 00:00:13 ; elapsed = 00:00:22 . Memory (MB): peak = 1578.254 ; gain = 8.027 ; free physical = 1477 ; free virtual = 4085
Command: synth_design -top top_zkf_mul_w8_m36_stage_product -part xc7s50csga324-1 -mode out_of_context -flatten_hierarchy rebuilt
Starting synth_design
Attempting to get a license for feature 'Synthesis' and/or device 'xc7s50'
INFO: [Common 17-349] Got license for feature 'Synthesis' and/or device 'xc7s50'
INFO: [Device 21-403] Loading part xc7s50csga324-1
INFO: [Synth 8-7079] Multithreading enabled for synth_design using a maximum of 1 processes.
INFO: [Synth 8-7078] Launching helper process for spawning children vivado processes
INFO: [Synth 8-7075] Helper process launched with PID 159644
---------------------------------------------------------------------------------
Starting RTL Elaboration : Time (s): cpu = 00:00:07 ; elapsed = 00:00:13 . Memory (MB): peak = 2193.723 ; gain = 482.188 ; free physical = 1792 ; free virtual = 4414
---------------------------------------------------------------------------------
INFO: [Synth 8-6157] synthesizing module 'top_zkf_mul_w8_m36_stage_product' [/mnt/storage/test/zkf-vs-flopoco/artifacts/targets/spartan7-vivado/rows/zkf_mul_w8_m36_stage_product/src/top_zkf_mul_w8_m36_stage_product.v:3]
INFO: [Synth 8-6157] synthesizing module 'zkf_mul' [/mnt/storage/zubax/kulibin2/float/hdl/zkf_mul.v:18]
	Parameter WEXP bound to: 8 - type: integer 
	Parameter WMAN bound to: 36 - type: integer 
	Parameter STAGE_PRODUCT bound to: 1 - type: integer 
	Parameter STAGE_OUTPUT bound to: 0 - type: integer 
WARNING: [Synth 8-693] zero replication count - replication ignored [/mnt/storage/zubax/kulibin2/float/hdl/zkf_mul.v:150]
INFO: [Synth 8-6157] synthesizing module '_zkf_pack' [/mnt/storage/zubax/kulibin2/float/hdl/_zkf_pack.v:21]
	Parameter WEXP bound to: 8 - type: integer 
	Parameter WMAN bound to: 36 - type: integer 
	Parameter STAGE_OUTPUT bound to: 0 - type: integer 
INFO: [Synth 8-6155] done synthesizing module '_zkf_pack' (0#1) [/mnt/storage/zubax/kulibin2/float/hdl/_zkf_pack.v:21]
INFO: [Synth 8-6155] done synthesizing module 'zkf_mul' (0#1) [/mnt/storage/zubax/kulibin2/float/hdl/zkf_mul.v:18]
INFO: [Synth 8-6155] done synthesizing module 'top_zkf_mul_w8_m36_stage_product' (0#1) [/mnt/storage/test/zkf-vs-flopoco/artifacts/targets/spartan7-vivado/rows/zkf_mul_w8_m36_stage_product/src/top_zkf_mul_w8_m36_stage_product.v:3]
WARNING: [Synth 8-7129] Port clk in module _zkf_pack is either unconnected or has no load
---------------------------------------------------------------------------------
Finished RTL Elaboration : Time (s): cpu = 00:00:10 ; elapsed = 00:00:19 . Memory (MB): peak = 2280.660 ; gain = 569.125 ; free physical = 1456 ; free virtual = 4079
---------------------------------------------------------------------------------
---------------------------------------------------------------------------------
Start Handling Custom Attributes
---------------------------------------------------------------------------------
---------------------------------------------------------------------------------
Finished Handling Custom Attributes : Time (s): cpu = 00:00:10 ; elapsed = 00:00:19 . Memory (MB): peak = 2292.535 ; gain = 581.000 ; free physical = 1377 ; free virtual = 4000
---------------------------------------------------------------------------------
---------------------------------------------------------------------------------
Finished RTL Optimization Phase 1 : Time (s): cpu = 00:00:10 ; elapsed = 00:00:19 . Memory (MB): peak = 2292.535 ; gain = 581.000 ; free physical = 1377 ; free virtual = 4000
---------------------------------------------------------------------------------
Netlist sorting complete. Time (s): cpu = 00:00:00.01 ; elapsed = 00:00:00.02 . Memory (MB): peak = 2292.535 ; gain = 0.000 ; free physical = 1345 ; free virtual = 3968
INFO: [Project 1-570] Preparing netlist for logic optimization

Processing XDC Constraints
Initializing timing engine
Parsing XDC File [/mnt/storage/test/zkf-vs-flopoco/artifacts/targets/spartan7-vivado/rows/zkf_mul_w8_m36_stage_product/constraints.xdc]
Finished Parsing XDC File [/mnt/storage/test/zkf-vs-flopoco/artifacts/targets/spartan7-vivado/rows/zkf_mul_w8_m36_stage_product/constraints.xdc]
Completed Processing XDC Constraints

Netlist sorting complete. Time (s): cpu = 00:00:00 ; elapsed = 00:00:00 . Memory (MB): peak = 2363.254 ; gain = 0.000 ; free physical = 2856 ; free virtual = 5480
INFO: [Project 1-111] Unisim Transformation Summary:
No Unisim elements were transformed.

Constraint Validation Runtime : Time (s): cpu = 00:00:00.01 ; elapsed = 00:00:00.02 . Memory (MB): peak = 2363.289 ; gain = 0.000 ; free physical = 2855 ; free virtual = 5480
---------------------------------------------------------------------------------
Finished Constraint Validation : Time (s): cpu = 00:00:21 ; elapsed = 00:00:37 . Memory (MB): peak = 2363.289 ; gain = 651.754 ; free physical = 3679 ; free virtual = 6431
---------------------------------------------------------------------------------
---------------------------------------------------------------------------------
Start Loading Part and Timing Information
---------------------------------------------------------------------------------
Loading part: xc7s50csga324-1
---------------------------------------------------------------------------------
Finished Loading Part and Timing Information : Time (s): cpu = 00:00:21 ; elapsed = 00:00:37 . Memory (MB): peak = 2371.258 ; gain = 659.723 ; free physical = 3671 ; free virtual = 6423
---------------------------------------------------------------------------------
---------------------------------------------------------------------------------
Start Applying 'set_property' XDC Constraints
---------------------------------------------------------------------------------
---------------------------------------------------------------------------------
Finished applying 'set_property' XDC Constraints : Time (s): cpu = 00:00:21 ; elapsed = 00:00:37 . Memory (MB): peak = 2371.258 ; gain = 659.723 ; free physical = 3660 ; free virtual = 6412
---------------------------------------------------------------------------------
---------------------------------------------------------------------------------
Finished RTL Optimization Phase 2 : Time (s): cpu = 00:00:21 ; elapsed = 00:00:38 . Memory (MB): peak = 2371.258 ; gain = 659.723 ; free physical = 3578 ; free virtual = 6331
---------------------------------------------------------------------------------
---------------------------------------------------------------------------------
Start RTL Component Statistics 
---------------------------------------------------------------------------------
Detailed RTL Component Info : 
+---Adders : 
	   4 Input   72 Bit       Adders := 1     
	   2 Input   44 Bit       Adders := 1     
	   2 Input   11 Bit       Adders := 1     
	   3 Input   10 Bit       Adders := 1     
	   2 Input   10 Bit       Adders := 1     
+---XORs : 
	   2 Input      1 Bit         XORs := 1     
+---Registers : 
	               72 Bit    Registers := 1     
	               44 Bit    Registers := 3     
	               36 Bit    Registers := 4     
	               10 Bit    Registers := 2     
	                1 Bit    Registers := 10    
+---Muxes : 
	   2 Input   36 Bit        Muxes := 1     
	   2 Input   35 Bit        Muxes := 2     
	   2 Input    8 Bit        Muxes := 3     
	   2 Input    1 Bit        Muxes := 3     
---------------------------------------------------------------------------------
Finished RTL Component Statistics 
---------------------------------------------------------------------------------
---------------------------------------------------------------------------------
Start Part Resource Summary
---------------------------------------------------------------------------------
Part Resources:
DSPs: 120 (col length:60)
BRAMs: 150 (col length: RAMB18 60 RAMB36 30)
---------------------------------------------------------------------------------
Finished Part Resource Summary
---------------------------------------------------------------------------------
---------------------------------------------------------------------------------
Start Cross Boundary and Area Optimization
---------------------------------------------------------------------------------
DSP Report: Generating DSP g_mul_split.s0_p_lh_reg, operation Mode is: (C+A*B)'.
DSP Report: register g_mul_split.s0_p_lh_reg is absorbed into DSP g_mul_split.s0_p_lh_reg.
DSP Report: operator g_mul_split.s0_p_lh0 is absorbed into DSP g_mul_split.s0_p_lh_reg.
DSP Report: operator g_mul_split.s0_p_lh0 is absorbed into DSP g_mul_split.s0_p_lh_reg.
DSP Report: Generating DSP g_mul_split.s0_p_hl_reg, operation Mode is: (C+A*B)'.
DSP Report: register g_mul_split.s0_p_hl_reg is absorbed into DSP g_mul_split.s0_p_hl_reg.
DSP Report: operator g_mul_split.s0_p_hl0 is absorbed into DSP g_mul_split.s0_p_hl_reg.
DSP Report: operator g_mul_split.s0_p_hl0 is absorbed into DSP g_mul_split.s0_p_hl_reg.
DSP Report: Generating DSP g_mul_split.s0_p_ll_reg, operation Mode is: (C+A*B)'.
DSP Report: register g_mul_split.s0_p_ll_reg is absorbed into DSP g_mul_split.s0_p_ll_reg.
DSP Report: operator g_mul_split.s0_p_ll0 is absorbed into DSP g_mul_split.s0_p_ll_reg.
DSP Report: operator g_mul_split.s0_p_ll0 is absorbed into DSP g_mul_split.s0_p_ll_reg.
DSP Report: Generating DSP g_mul_split.s0_p_hh_reg, operation Mode is: (C+A*B)'.
DSP Report: register g_mul_split.s0_p_hh_reg is absorbed into DSP g_mul_split.s0_p_hh_reg.
DSP Report: operator g_mul_split.s0_p_hh0 is absorbed into DSP g_mul_split.s0_p_hh_reg.
DSP Report: operator g_mul_split.s0_p_hh0 is absorbed into DSP g_mul_split.s0_p_hh_reg.
---------------------------------------------------------------------------------
Finished Cross Boundary and Area Optimization : Time (s): cpu = 00:00:24 ; elapsed = 00:00:43 . Memory (MB): peak = 2371.258 ; gain = 659.723 ; free physical = 4869 ; free virtual = 7643
---------------------------------------------------------------------------------
 Sort Area is  g_mul_split.s0_p_hh_reg_0 : 0 0 : 2424 2424 : Used 1 time 0
 Sort Area is  g_mul_split.s0_p_hl_reg_3 : 0 0 : 2424 2424 : Used 1 time 0
 Sort Area is  g_mul_split.s0_p_lh_reg_4 : 0 0 : 2424 2424 : Used 1 time 0
 Sort Area is  g_mul_split.s0_p_ll_reg_2 : 0 0 : 2424 2424 : Used 1 time 0
---------------------------------------------------------------------------------
Start ROM, RAM, DSP, Shift Register and Retiming Reporting
---------------------------------------------------------------------------------

DSP: Preliminary Mapping Report (see note below. The ' indicates corresponding REG is set)
+------------+-------------+--------+--------+--------+--------+--------+------+------+------+------+-------+------+------+
|Module Name | DSP Mapping | A Size | B Size | C Size | D Size | P Size | AREG | BREG | CREG | DREG | ADREG | MREG | PREG | 
+------------+-------------+--------+--------+--------+--------+--------+------+------+------+------+-------+------+------+
|zkf_mul     | (C+A*B)'    | 18     | 17     | 35     | -      | 36     | 0    | 0    | 0    | -    | -     | 0    | 1    | 
|zkf_mul     | (C+A*B)'    | 18     | 17     | 35     | -      | 36     | 0    | 0    | 0    | -    | -     | 0    | 1    | 
|zkf_mul     | (C+A*B)'    | 18     | 17     | 35     | -      | 36     | 0    | 0    | 0    | -    | -     | 0    | 1    | 
|zkf_mul     | (C+A*B)'    | 18     | 17     | 35     | -      | 36     | 0    | 0    | 0    | -    | -     | 0    | 1    | 
+------------+-------------+--------+--------+--------+--------+--------+------+------+------+------+-------+------+------+

Note: The table above is a preliminary report that shows the DSPs inferred at the current stage of the synthesis flow. Some DSP may be reimplemented as non DSP primitives later in the synthesis flow. Multiple instantiated DSPs are reported only once.
---------------------------------------------------------------------------------
Finished ROM, RAM, DSP, Shift Register and Retiming Reporting
---------------------------------------------------------------------------------
---------------------------------------------------------------------------------
Start Applying XDC Timing Constraints
---------------------------------------------------------------------------------
---------------------------------------------------------------------------------
Finished Applying XDC Timing Constraints : Time (s): cpu = 00:00:35 ; elapsed = 00:01:03 . Memory (MB): peak = 2462.258 ; gain = 750.723 ; free physical = 3400 ; free virtual = 6181
---------------------------------------------------------------------------------
---------------------------------------------------------------------------------
Start Timing Optimization
---------------------------------------------------------------------------------
---------------------------------------------------------------------------------
Finished Timing Optimization : Time (s): cpu = 00:00:36 ; elapsed = 00:01:04 . Memory (MB): peak = 2485.289 ; gain = 773.754 ; free physical = 3338 ; free virtual = 6119
---------------------------------------------------------------------------------
---------------------------------------------------------------------------------
Start Technology Mapping
---------------------------------------------------------------------------------
---------------------------------------------------------------------------------
Finished Technology Mapping : Time (s): cpu = 00:00:36 ; elapsed = 00:01:04 . Memory (MB): peak = 2486.297 ; gain = 774.762 ; free physical = 3326 ; free virtual = 6108
---------------------------------------------------------------------------------
---------------------------------------------------------------------------------
Start IO Insertion
---------------------------------------------------------------------------------
---------------------------------------------------------------------------------
Start Flattening Before IO Insertion
---------------------------------------------------------------------------------
---------------------------------------------------------------------------------
Finished Flattening Before IO Insertion
---------------------------------------------------------------------------------
---------------------------------------------------------------------------------
Start Final Netlist Cleanup
---------------------------------------------------------------------------------
---------------------------------------------------------------------------------
Finished Final Netlist Cleanup
---------------------------------------------------------------------------------
---------------------------------------------------------------------------------
Finished IO Insertion : Time (s): cpu = 00:00:42 ; elapsed = 00:01:17 . Memory (MB): peak = 2662.109 ; gain = 950.574 ; free physical = 3154 ; free virtual = 5947
---------------------------------------------------------------------------------
---------------------------------------------------------------------------------
Start Renaming Generated Instances
---------------------------------------------------------------------------------
---------------------------------------------------------------------------------
Finished Renaming Generated Instances : Time (s): cpu = 00:00:42 ; elapsed = 00:01:17 . Memory (MB): peak = 2662.109 ; gain = 950.574 ; free physical = 3154 ; free virtual = 5947
---------------------------------------------------------------------------------
---------------------------------------------------------------------------------
Start Rebuilding User Hierarchy
---------------------------------------------------------------------------------
---------------------------------------------------------------------------------
Finished Rebuilding User Hierarchy : Time (s): cpu = 00:00:42 ; elapsed = 00:01:17 . Memory (MB): peak = 2662.109 ; gain = 950.574 ; free physical = 3142 ; free virtual = 5936
---------------------------------------------------------------------------------
---------------------------------------------------------------------------------
Start Renaming Generated Ports
---------------------------------------------------------------------------------
---------------------------------------------------------------------------------
Finished Renaming Generated Ports : Time (s): cpu = 00:00:42 ; elapsed = 00:01:17 . Memory (MB): peak = 2662.109 ; gain = 950.574 ; free physical = 3142 ; free virtual = 5936
---------------------------------------------------------------------------------
---------------------------------------------------------------------------------
Start Handling Custom Attributes
---------------------------------------------------------------------------------
---------------------------------------------------------------------------------
Finished Handling Custom Attributes : Time (s): cpu = 00:00:42 ; elapsed = 00:01:17 . Memory (MB): peak = 2662.109 ; gain = 950.574 ; free physical = 3142 ; free virtual = 5936
---------------------------------------------------------------------------------
---------------------------------------------------------------------------------
Start Renaming Generated Nets
---------------------------------------------------------------------------------
---------------------------------------------------------------------------------
Finished Renaming Generated Nets : Time (s): cpu = 00:00:42 ; elapsed = 00:01:17 . Memory (MB): peak = 2662.109 ; gain = 950.574 ; free physical = 3141 ; free virtual = 5935
---------------------------------------------------------------------------------
---------------------------------------------------------------------------------
Start Writing Synthesis Report
---------------------------------------------------------------------------------

DSP Final Report (the ' indicates corresponding REG is set)
+------------+-------------+--------+--------+--------+--------+--------+------+------+------+------+-------+------+------+
|Module Name | DSP Mapping | A Size | B Size | C Size | D Size | P Size | AREG | BREG | CREG | DREG | ADREG | MREG | PREG | 
+------------+-------------+--------+--------+--------+--------+--------+------+------+------+------+-------+------+------+
|zkf_mul     | (C+A*B)'    | 18     | 17     | 35     | -      | 36     | 0    | 0    | 0    | -    | -     | 0    | 1    | 
|zkf_mul     | (C+A*B)'    | 18     | 17     | 35     | -      | 36     | 0    | 0    | 0    | -    | -     | 0    | 1    | 
|zkf_mul     | Dynamic     | -      | -      | -      | -      | 36     | -    | -    | -    | -    | -     | 0    | 1    | 
|zkf_mul     | (C+A*B)'    | 18     | 17     | 35     | -      | 36     | 0    | 0    | 0    | -    | -     | 0    | 1    | 
+------------+-------------+--------+--------+--------+--------+--------+------+------+------+------+-------+------+------+


Report BlackBoxes: 
+-+--------------+----------+
| |BlackBox name |Instances |
+-+--------------+----------+
+-+--------------+----------+

Report Cell Usage: 
+------+--------+------+
|      |Cell    |Count |
+------+--------+------+
|1     |CARRY4  |    28|
|2     |DSP48E1 |     4|
|3     |LUT2    |    68|
|4     |LUT3    |    82|
|5     |LUT4    |    48|
|6     |LUT5    |    11|
|7     |LUT6    |    24|
|8     |FDRE    |   234|
+------+--------+------+
---------------------------------------------------------------------------------
Finished Writing Synthesis Report : Time (s): cpu = 00:00:42 ; elapsed = 00:01:17 . Memory (MB): peak = 2662.109 ; gain = 950.574 ; free physical = 3141 ; free virtual = 5935
---------------------------------------------------------------------------------
Synthesis finished with 0 errors, 0 critical warnings and 0 warnings.
Synthesis Optimization Runtime : Time (s): cpu = 00:00:40 ; elapsed = 00:01:13 . Memory (MB): peak = 2662.109 ; gain = 879.820 ; free physical = 3110 ; free virtual = 5904
Synthesis Optimization Complete : Time (s): cpu = 00:00:42 ; elapsed = 00:01:18 . Memory (MB): peak = 2662.117 ; gain = 950.574 ; free physical = 3123 ; free virtual = 5918
INFO: [Project 1-571] Translating synthesized netlist
Netlist sorting complete. Time (s): cpu = 00:00:00 ; elapsed = 00:00:00.02 . Memory (MB): peak = 2662.117 ; gain = 0.000 ; free physical = 3113 ; free virtual = 5907
INFO: [Netlist 29-17] Analyzing 32 Unisim elements for replacement
INFO: [Netlist 29-28] Unisim Transformation completed in 0 CPU seconds
INFO: [Project 1-570] Preparing netlist for logic optimization
Parsing XDC File [/mnt/storage/test/zkf-vs-flopoco/artifacts/targets/spartan7-vivado/rows/zkf_mul_w8_m36_stage_product/constraints.xdc]
Finished Parsing XDC File [/mnt/storage/test/zkf-vs-flopoco/artifacts/targets/spartan7-vivado/rows/zkf_mul_w8_m36_stage_product/constraints.xdc]
INFO: [Opt 31-138] Pushed 0 inverter(s) to 0 load pin(s).
Netlist sorting complete. Time (s): cpu = 00:00:00 ; elapsed = 00:00:00.01 . Memory (MB): peak = 2662.117 ; gain = 0.000 ; free physical = 2845 ; free virtual = 5669
INFO: [Project 1-111] Unisim Transformation Summary:
No Unisim elements were transformed.

Synth Design complete | Checksum: 205ef31a
INFO: [Common 17-83] Releasing license: Synthesis
20 Infos, 2 Warnings, 0 Critical Warnings and 0 Errors encountered.
synth_design completed successfully
synth_design: Time (s): cpu = 00:00:53 ; elapsed = 00:01:30 . Memory (MB): peak = 2662.145 ; gain = 1083.891 ; free physical = 2731 ; free virtual = 5554
INFO: [Common 17-2834] synth_design peak Physical Memory [PSS] (MB): overall = 1710.834; main = 1606.199; forked = 203.952
INFO: [Common 17-2834] synth_design peak Virtual Memory [VSS] (MB): overall = 3578.348; main = 2662.113; forked = 1018.047
Command: opt_design
Attempting to get a license for feature 'Implementation' and/or device 'xc7s50'
INFO: [Common 17-349] Got license for feature 'Implementation' and/or device 'xc7s50'
Running DRC as a precondition to command opt_design

Starting DRC Task
WARNING: [DRC 23-814] Not all possible (connectivity based) DRCs may have been run because this design is seen as Out of Context.
INFO: [Project 1-461] DRC finished with 0 Errors
INFO: [Project 1-462] Please refer to the DRC report (report_drc) for more information.

Time (s): cpu = 00:00:00.59 ; elapsed = 00:00:01 . Memory (MB): peak = 2662.145 ; gain = 0.000 ; free physical = 2615 ; free virtual = 5439

Starting Cache Timing Information Task
INFO: [Timing 38-35] Done setting XDC timing constraints.
Ending Cache Timing Information Task | Checksum: 1183a650e

Time (s): cpu = 00:00:08 ; elapsed = 00:00:13 . Memory (MB): peak = 2662.145 ; gain = 0.000 ; free physical = 4646 ; free virtual = 7480

Starting Logic Optimization Task

Phase 1 Initialization

Phase 1.1 Core Generation And Design Setup
Phase 1.1 Core Generation And Design Setup | Checksum: 1183a650e

Time (s): cpu = 00:00:00 ; elapsed = 00:00:00.01 . Memory (MB): peak = 2662.145 ; gain = 0.000 ; free physical = 4010 ; free virtual = 6851

Phase 1.2 Setup Constraints And Sort Netlist
Phase 1.2 Setup Constraints And Sort Netlist | Checksum: 1183a650e

Time (s): cpu = 00:00:00 ; elapsed = 00:00:00.01 . Memory (MB): peak = 2662.145 ; gain = 0.000 ; free physical = 4008 ; free virtual = 6849
Phase 1 Initialization | Checksum: 1183a650e

Time (s): cpu = 00:00:00 ; elapsed = 00:00:00.01 . Memory (MB): peak = 2662.145 ; gain = 0.000 ; free physical = 4008 ; free virtual = 6849

Phase 2 Timer Update And Timing Data Collection

Phase 2.1 Detect if minReqCache needed
Phase 2.1 Detect if minReqCache needed | Checksum: 1183a650e

Time (s): cpu = 00:00:00.01 ; elapsed = 00:00:00.01 . Memory (MB): peak = 2662.145 ; gain = 0.000 ; free physical = 4008 ; free virtual = 6849

Phase 2.2 Timer Update
Phase 2.2 Timer Update | Checksum: 1183a650e

Time (s): cpu = 00:00:00.01 ; elapsed = 00:00:00.02 . Memory (MB): peak = 2662.145 ; gain = 0.000 ; free physical = 4008 ; free virtual = 6849
Phase 2 Timer Update And Timing Data Collection | Checksum: 1183a650e

Time (s): cpu = 00:00:00.01 ; elapsed = 00:00:00.02 . Memory (MB): peak = 2662.145 ; gain = 0.000 ; free physical = 4008 ; free virtual = 6849

Phase 3 Retarget
INFO: [Opt 31-1851] Number of loadless carry chains removed were: 0
INFO: [Opt 31-1834] Total Chains To Be Transformed Were: 0 AND Number of Transformed insts Created are: 0
INFO: [Opt 31-138] Pushed 0 inverter(s) to 0 load pin(s).
INFO: [Opt 31-49] Retargeted 0 cell(s).
Phase 3 Retarget | Checksum: 1183a650e

Time (s): cpu = 00:00:00.03 ; elapsed = 00:00:00.04 . Memory (MB): peak = 2662.145 ; gain = 0.000 ; free physical = 4008 ; free virtual = 6849
Retarget | Checksum: 1183a650e
INFO: [Opt 31-389] Phase Retarget created 0 cells and removed 0 cells

Phase 4 Constant propagation
INFO: [Opt 31-138] Pushed 0 inverter(s) to 0 load pin(s).
Phase 4 Constant propagation | Checksum: 13df48083

Time (s): cpu = 00:00:00.04 ; elapsed = 00:00:00.05 . Memory (MB): peak = 2662.145 ; gain = 0.000 ; free physical = 4008 ; free virtual = 6849
Constant propagation | Checksum: 13df48083
INFO: [Opt 31-389] Phase Constant propagation created 0 cells and removed 0 cells

Phase 5 Sweep
INFO: [Constraints 18-11670] Building netlist checker database with flags, 0x8
Done building netlist checker database: Time (s): cpu = 00:00:00 ; elapsed = 00:00:00 . Memory (MB): peak = 2662.145 ; gain = 0.000 ; free physical = 4008 ; free virtual = 6849
Phase 5 Sweep | Checksum: 1cc3ba454

Time (s): cpu = 00:00:00.05 ; elapsed = 00:00:00.07 . Memory (MB): peak = 2662.145 ; gain = 0.000 ; free physical = 4008 ; free virtual = 6849
Sweep | Checksum: 1cc3ba454
INFO: [Opt 31-389] Phase Sweep created 0 cells and removed 0 cells
INFO: [Opt 31-1021] In phase Sweep, 268 netlist objects are constrained preventing optimization. Please run opt_design with -debug_log to get more detail. 

Phase 6 BUFG optimization
Phase 6 BUFG optimization | Checksum: 1cc3ba454

Time (s): cpu = 00:00:00.06 ; elapsed = 00:00:00.08 . Memory (MB): peak = 2694.125 ; gain = 31.980 ; free physical = 4008 ; free virtual = 6849
BUFG optimization | Checksum: 1cc3ba454
INFO: [Opt 31-662] Phase BUFG optimization created 0 cells of which 0 are BUFGs and removed 0 cells.

Phase 7 Shift Register Optimization
INFO: [Opt 31-1064] SRL Remap converted 0 SRLs to 0 registers and converted 0 registers of register chains to 0 SRLs
Phase 7 Shift Register Optimization | Checksum: 1cc3ba454

Time (s): cpu = 00:00:00.06 ; elapsed = 00:00:00.08 . Memory (MB): peak = 2694.125 ; gain = 31.980 ; free physical = 4008 ; free virtual = 6849
Shift Register Optimization | Checksum: 1cc3ba454
INFO: [Opt 31-389] Phase Shift Register Optimization created 0 cells and removed 0 cells

Phase 8 Post Processing Netlist
Phase 8 Post Processing Netlist | Checksum: 1cc3ba454

Time (s): cpu = 00:00:00.07 ; elapsed = 00:00:00.08 . Memory (MB): peak = 2694.125 ; gain = 31.980 ; free physical = 4008 ; free virtual = 6849
Post Processing Netlist | Checksum: 1cc3ba454
INFO: [Opt 31-389] Phase Post Processing Netlist created 0 cells and removed 0 cells

Phase 9 Finalization

Phase 9.1 Finalizing Design Cores and Updating Shapes
Phase 9.1 Finalizing Design Cores and Updating Shapes | Checksum: 149d4b89e

Time (s): cpu = 00:00:00.1 ; elapsed = 00:00:00.12 . Memory (MB): peak = 2694.125 ; gain = 31.980 ; free physical = 4006 ; free virtual = 6848

Phase 9.2 Verifying Netlist Connectivity

Starting Connectivity Check Task

Time (s): cpu = 00:00:00 ; elapsed = 00:00:00 . Memory (MB): peak = 2694.125 ; gain = 0.000 ; free physical = 4006 ; free virtual = 6848
Phase 9.2 Verifying Netlist Connectivity | Checksum: 149d4b89e

Time (s): cpu = 00:00:00.1 ; elapsed = 00:00:00.12 . Memory (MB): peak = 2694.125 ; gain = 31.980 ; free physical = 4006 ; free virtual = 6848
Phase 9 Finalization | Checksum: 149d4b89e

Time (s): cpu = 00:00:00.1 ; elapsed = 00:00:00.12 . Memory (MB): peak = 2694.125 ; gain = 31.980 ; free physical = 4006 ; free virtual = 6848
Opt_design Change Summary
=========================


-------------------------------------------------------------------------------------------------------------------------
|  Phase                        |  #Cells created  |  #Cells Removed  |  #Constrained objects preventing optimizations  |
-------------------------------------------------------------------------------------------------------------------------
|  Retarget                     |               0  |               0  |                                              0  |
|  Constant propagation         |               0  |               0  |                                              0  |
|  Sweep                        |               0  |               0  |                                            268  |
|  BUFG optimization            |               0  |               0  |                                              0  |
|  Shift Register Optimization  |               0  |               0  |                                              0  |
|  Post Processing Netlist      |               0  |               0  |                                              0  |
-------------------------------------------------------------------------------------------------------------------------


Ending Logic Optimization Task | Checksum: 149d4b89e

Time (s): cpu = 00:00:00.1 ; elapsed = 00:00:00.12 . Memory (MB): peak = 2694.125 ; gain = 31.980 ; free physical = 4006 ; free virtual = 6848

Starting Power Optimization Task
INFO: [Pwropt 34-132] Skipping clock gating for clocks with a period < 2.00 ns.
Ending Power Optimization Task | Checksum: 149d4b89e

Time (s): cpu = 00:00:00.01 ; elapsed = 00:00:00.02 . Memory (MB): peak = 2694.125 ; gain = 0.000 ; free physical = 4006 ; free virtual = 6847

Starting Final Cleanup Task
Ending Final Cleanup Task | Checksum: 149d4b89e

Time (s): cpu = 00:00:00 ; elapsed = 00:00:00 . Memory (MB): peak = 2694.125 ; gain = 0.000 ; free physical = 4006 ; free virtual = 6847
Netlist sorting complete. Time (s): cpu = 00:00:00 ; elapsed = 00:00:00 . Memory (MB): peak = 2694.125 ; gain = 0.000 ; free physical = 4006 ; free virtual = 6847
INFO: [Common 17-83] Releasing license: Implementation
42 Infos, 3 Warnings, 0 Critical Warnings and 0 Errors encountered.
opt_design completed successfully
opt_design: Time (s): cpu = 00:00:13 ; elapsed = 00:00:21 . Memory (MB): peak = 2694.125 ; gain = 31.980 ; free physical = 4006 ; free virtual = 6847
Command: place_design
Attempting to get a license for feature 'Implementation' and/or device 'xc7s50'
INFO: [Common 17-349] Got license for feature 'Implementation' and/or device 'xc7s50'
INFO: [Common 17-83] Releasing license: Implementation
WARNING: [DRC 23-814] Not all possible (connectivity based) DRCs may have been run because this design is seen as Out of Context.
INFO: [Vivado_Tcl 4-198] DRC finished with 0 Errors
INFO: [Vivado_Tcl 4-199] Please refer to the DRC report (report_drc) for more information.
INFO: [Timing 38-35] Done setting XDC timing constraints.
Running DRC as a precondition to command place_design
WARNING: [DRC 23-814] Not all possible (connectivity based) DRCs may have been run because this design is seen as Out of Context.
INFO: [Vivado_Tcl 4-198] DRC finished with 0 Errors
INFO: [Vivado_Tcl 4-199] Please refer to the DRC report (report_drc) for more information.

Starting Placer Task

Phase 1 Placer Initialization

Phase 1.1 Placer Initialization Netlist Sorting
Netlist sorting complete. Time (s): cpu = 00:00:00 ; elapsed = 00:00:00 . Memory (MB): peak = 2694.125 ; gain = 0.000 ; free physical = 3998 ; free virtual = 6840
Phase 1.1 Placer Initialization Netlist Sorting | Checksum: e53f4fe4

Time (s): cpu = 00:00:00 ; elapsed = 00:00:00 . Memory (MB): peak = 2694.125 ; gain = 0.000 ; free physical = 3998 ; free virtual = 6840
Netlist sorting complete. Time (s): cpu = 00:00:00 ; elapsed = 00:00:00 . Memory (MB): peak = 2694.125 ; gain = 0.000 ; free physical = 3998 ; free virtual = 6840

Phase 1.2 IO Placement/ Clock Placement/ Build Placer Device
Phase 1.2 IO Placement/ Clock Placement/ Build Placer Device | Checksum: 1dc73ebee

Time (s): cpu = 00:00:00.18 ; elapsed = 00:00:00.26 . Memory (MB): peak = 2694.125 ; gain = 0.000 ; free physical = 3992 ; free virtual = 6835

Phase 1.3 Build Placer Netlist Model
Phase 1.3 Build Placer Netlist Model | Checksum: 26f17f379

Time (s): cpu = 00:00:00.5 ; elapsed = 00:00:00.67 . Memory (MB): peak = 2694.125 ; gain = 0.000 ; free physical = 3947 ; free virtual = 6790

Phase 1.4 Constrain Clocks/Macros
Phase 1.4 Constrain Clocks/Macros | Checksum: 26f17f379

Time (s): cpu = 00:00:00.5 ; elapsed = 00:00:00.67 . Memory (MB): peak = 2694.125 ; gain = 0.000 ; free physical = 3947 ; free virtual = 6790
Phase 1 Placer Initialization | Checksum: 26f17f379

Time (s): cpu = 00:00:00.51 ; elapsed = 00:00:00.68 . Memory (MB): peak = 2694.125 ; gain = 0.000 ; free physical = 3939 ; free virtual = 6782

Phase 2 Global Placement

Phase 2.1 Floorplanning
Phase 2.1 Floorplanning | Checksum: 2769d4729

Time (s): cpu = 00:00:00.7 ; elapsed = 00:00:01 . Memory (MB): peak = 2694.125 ; gain = 0.000 ; free physical = 3834 ; free virtual = 6677

Phase 2.2 Update Timing before SLR Path Opt
Phase 2.2 Update Timing before SLR Path Opt | Checksum: 2daf2bada

Time (s): cpu = 00:00:00.9 ; elapsed = 00:00:02 . Memory (MB): peak = 2694.125 ; gain = 0.000 ; free physical = 3789 ; free virtual = 6634

Phase 2.3 Post-Processing in Floorplanning
Phase 2.3 Post-Processing in Floorplanning | Checksum: 2daf2bada

Time (s): cpu = 00:00:00.9 ; elapsed = 00:00:02 . Memory (MB): peak = 2694.125 ; gain = 0.000 ; free physical = 3789 ; free virtual = 6634

Phase 2.4 Global Place Phase1
Phase 2.4 Global Place Phase1 | Checksum: 292b6b758

Time (s): cpu = 00:00:02 ; elapsed = 00:00:04 . Memory (MB): peak = 2694.125 ; gain = 0.000 ; free physical = 5182 ; free virtual = 8033

Phase 2.5 Global Place Phase2

Phase 2.5.1 UpdateTiming Before Physical Synthesis
Phase 2.5.1 UpdateTiming Before Physical Synthesis | Checksum: 28a6c4ffa

Time (s): cpu = 00:00:02 ; elapsed = 00:00:04 . Memory (MB): peak = 2694.125 ; gain = 0.000 ; free physical = 5110 ; free virtual = 7961

Phase 2.5.2 Physical Synthesis In Placer
INFO: [Physopt 32-1035] Found 0 LUTNM shape to break, 17 LUT instances to create LUTNM shape
INFO: [Physopt 32-1044] Break lutnm for timing: one critical 0, two critical 0, total 0, new lutff created 0
INFO: [Physopt 32-1138] End 1 Pass. Optimized 8 nets or LUTs. Breaked 0 LUT, combined 8 existing LUTs and moved 0 existing LUT
INFO: [Physopt 32-65] No nets found for high-fanout optimization.
INFO: [Physopt 32-232] Optimized 0 net. Created 0 new instance.
INFO: [Physopt 32-775] End 1 Pass. Optimized 0 net or cell. Created 0 new cell, deleted 0 existing cell and moved 0 existing cell
INFO: [Physopt 32-670] No setup violation found.  DSP Register Optimization was not performed.
INFO: [Physopt 32-670] No setup violation found.  Shift Register to Pipeline Optimization was not performed.
INFO: [Physopt 32-670] No setup violation found.  Shift Register Optimization was not performed.
INFO: [Physopt 32-670] No setup violation found.  BRAM Register Optimization was not performed.
INFO: [Physopt 32-670] No setup violation found.  URAM Register Optimization was not performed.
INFO: [Physopt 32-949] No candidate nets found for dynamic/static region interface net replication
INFO: [Physopt 32-775] End 1 Pass. Optimized 0 net or cell. Created 0 new cell, deleted 0 existing cell and moved 0 existing cell
Netlist sorting complete. Time (s): cpu = 00:00:00 ; elapsed = 00:00:00 . Memory (MB): peak = 2694.125 ; gain = 0.000 ; free physical = 5107 ; free virtual = 7958

Summary of Physical Synthesis Optimizations
============================================


-----------------------------------------------------------------------------------------------------------------------------------------------------------
|  Optimization                                     |  Added Cells  |  Removed Cells  |  Optimized Cells/Nets  |  Dont Touch  |  Iterations  |  Elapsed   |
-----------------------------------------------------------------------------------------------------------------------------------------------------------
|  LUT Combining                                    |            0  |              8  |                     8  |           0  |           1  |  00:00:00  |
|  Retime                                           |            0  |              0  |                     0  |           0  |           1  |  00:00:00  |
|  Very High Fanout                                 |            0  |              0  |                     0  |           0  |           1  |  00:00:00  |
|  DSP Register                                     |            0  |              0  |                     0  |           0  |           0  |  00:00:00  |
|  Shift Register to Pipeline                       |            0  |              0  |                     0  |           0  |           0  |  00:00:00  |
|  Shift Register                                   |            0  |              0  |                     0  |           0  |           0  |  00:00:00  |
|  BRAM Register                                    |            0  |              0  |                     0  |           0  |           0  |  00:00:00  |
|  URAM Register                                    |            0  |              0  |                     0  |           0  |           0  |  00:00:00  |
|  Dynamic/Static Region Interface Net Replication  |            0  |              0  |                     0  |           0  |           1  |  00:00:00  |
|  Total                                            |            0  |              8  |                     8  |           0  |           4  |  00:00:00  |
-----------------------------------------------------------------------------------------------------------------------------------------------------------


Phase 2.5.2 Physical Synthesis In Placer | Checksum: 195328b23

Time (s): cpu = 00:00:03 ; elapsed = 00:00:05 . Memory (MB): peak = 2694.125 ; gain = 0.000 ; free physical = 5093 ; free virtual = 7953
Phase 2.5 Global Place Phase2 | Checksum: 1a139b813

Time (s): cpu = 00:00:03 ; elapsed = 00:00:05 . Memory (MB): peak = 2694.125 ; gain = 0.000 ; free physical = 5088 ; free virtual = 7948
Phase 2 Global Placement | Checksum: 1a139b813

Time (s): cpu = 00:00:03 ; elapsed = 00:00:05 . Memory (MB): peak = 2694.125 ; gain = 0.000 ; free physical = 5088 ; free virtual = 7948

Phase 3 Detail Placement

Phase 3.1 Commit Multi Column Macros
Phase 3.1 Commit Multi Column Macros | Checksum: 252ecba5b

Time (s): cpu = 00:00:03 ; elapsed = 00:00:05 . Memory (MB): peak = 2694.125 ; gain = 0.000 ; free physical = 5085 ; free virtual = 7945

Phase 3.2 Commit Most Macros & LUTRAMs
Phase 3.2 Commit Most Macros & LUTRAMs | Checksum: 2b995c518

Time (s): cpu = 00:00:03 ; elapsed = 00:00:05 . Memory (MB): peak = 2694.125 ; gain = 0.000 ; free physical = 5566 ; free virtual = 8424

Phase 3.3 Area Swap Optimization
Phase 3.3 Area Swap Optimization | Checksum: 29faaac76

Time (s): cpu = 00:00:03 ; elapsed = 00:00:05 . Memory (MB): peak = 2694.125 ; gain = 0.000 ; free physical = 5641 ; free virtual = 8499

Phase 3.4 Pipeline Register Optimization
Phase 3.4 Pipeline Register Optimization | Checksum: 285f257d6

Time (s): cpu = 00:00:03 ; elapsed = 00:00:05 . Memory (MB): peak = 2694.125 ; gain = 0.000 ; free physical = 5678 ; free virtual = 8536

Phase 3.5 Small Shape Detail Placement
Phase 3.5 Small Shape Detail Placement | Checksum: 23260a74f

Time (s): cpu = 00:00:03 ; elapsed = 00:00:06 . Memory (MB): peak = 2694.125 ; gain = 0.000 ; free physical = 6642 ; free virtual = 9500

Phase 3.6 Re-assign LUT pins
Phase 3.6 Re-assign LUT pins | Checksum: 2a6fae780

Time (s): cpu = 00:00:03 ; elapsed = 00:00:06 . Memory (MB): peak = 2694.125 ; gain = 0.000 ; free physical = 6641 ; free virtual = 9500

Phase 3.7 Pipeline Register Optimization
Phase 3.7 Pipeline Register Optimization | Checksum: 2d0bbd320

Time (s): cpu = 00:00:03 ; elapsed = 00:00:06 . Memory (MB): peak = 2694.125 ; gain = 0.000 ; free physical = 6641 ; free virtual = 9500
Phase 3 Detail Placement | Checksum: 2d0bbd320

Time (s): cpu = 00:00:03 ; elapsed = 00:00:06 . Memory (MB): peak = 2694.125 ; gain = 0.000 ; free physical = 6641 ; free virtual = 9500

Phase 4 Post Placement Optimization and Clean-Up

Phase 4.1 Post Commit Optimization
INFO: [Timing 38-35] Done setting XDC timing constraints.

Phase 4.1.1 Post Placement Optimization
Post Placement Optimization Initialization | Checksum: 24d439bec

Phase 4.1.1.1 BUFG Insertion

Starting Physical Synthesis Task

Phase 1 Physical Synthesis Initialization
INFO: [Physopt 32-721] Multithreading enabled for phys_opt_design using a maximum of 1 CPUs
INFO: [Physopt 32-619] Estimated Timing Summary | WNS=-0.379 | TNS=-0.526 |
Phase 1 Physical Synthesis Initialization | Checksum: 160d63d24

Time (s): cpu = 00:00:00.02 ; elapsed = 00:00:00.04 . Memory (MB): peak = 2694.125 ; gain = 0.000 ; free physical = 6630 ; free virtual = 9499
INFO: [Place 46-56] BUFG insertion identified 0 candidate nets. Inserted BUFG: 0, Replicated BUFG Driver: 0, Skipped due to Placement/Routing Conflicts: 0, Skipped due to Timing Degradation: 0, Skipped due to netlist editing failed: 0.
Ending Physical Synthesis Task | Checksum: 24aa20ef6

Time (s): cpu = 00:00:00.03 ; elapsed = 00:00:00.06 . Memory (MB): peak = 2694.125 ; gain = 0.000 ; free physical = 6630 ; free virtual = 9499
Phase 4.1.1.1 BUFG Insertion | Checksum: 24d439bec

Time (s): cpu = 00:00:04 ; elapsed = 00:00:07 . Memory (MB): peak = 2694.125 ; gain = 0.000 ; free physical = 6630 ; free virtual = 9499

Phase 4.1.1.2 Post Placement Timing Optimization
INFO: [Place 30-746] Post Placement Timing Summary WNS=0.520. For the most accurate timing information please run report_timing.
Phase 4.1.1.2 Post Placement Timing Optimization | Checksum: 23df338a3

Time (s): cpu = 00:00:09 ; elapsed = 00:00:16 . Memory (MB): peak = 2694.125 ; gain = 0.000 ; free physical = 5777 ; free virtual = 8652

Time (s): cpu = 00:00:09 ; elapsed = 00:00:16 . Memory (MB): peak = 2694.125 ; gain = 0.000 ; free physical = 5777 ; free virtual = 8652
Phase 4.1 Post Commit Optimization | Checksum: 23df338a3

Time (s): cpu = 00:00:09 ; elapsed = 00:00:16 . Memory (MB): peak = 2694.125 ; gain = 0.000 ; free physical = 5777 ; free virtual = 8652

Phase 4.2 Post Placement Cleanup
Phase 4.2 Post Placement Cleanup | Checksum: 23df338a3

Time (s): cpu = 00:00:09 ; elapsed = 00:00:16 . Memory (MB): peak = 2694.125 ; gain = 0.000 ; free physical = 5775 ; free virtual = 8650

Phase 4.3 Placer Reporting

Phase 4.3.1 Print Estimated Congestion
INFO: [Place 30-612] Post-Placement Estimated Congestion 
 ____________________________________________________
|           | Global Congestion | Short Congestion  |
| Direction | Region Size       | Region Size       |
|___________|___________________|___________________|
|      North|                1x1|                1x1|
|___________|___________________|___________________|
|      South|                1x1|                1x1|
|___________|___________________|___________________|
|       East|                1x1|                1x1|
|___________|___________________|___________________|
|       West|                1x1|                1x1|
|___________|___________________|___________________|

Phase 4.3.1 Print Estimated Congestion | Checksum: 23df338a3

Time (s): cpu = 00:00:09 ; elapsed = 00:00:16 . Memory (MB): peak = 2694.125 ; gain = 0.000 ; free physical = 5775 ; free virtual = 8650
Phase 4.3 Placer Reporting | Checksum: 23df338a3

Time (s): cpu = 00:00:09 ; elapsed = 00:00:16 . Memory (MB): peak = 2694.125 ; gain = 0.000 ; free physical = 5775 ; free virtual = 8650

Phase 4.4 Final Placement Cleanup
Netlist sorting complete. Time (s): cpu = 00:00:00 ; elapsed = 00:00:00 . Memory (MB): peak = 2694.125 ; gain = 0.000 ; free physical = 5775 ; free virtual = 8650

Time (s): cpu = 00:00:09 ; elapsed = 00:00:16 . Memory (MB): peak = 2694.125 ; gain = 0.000 ; free physical = 5775 ; free virtual = 8650
Phase 4 Post Placement Optimization and Clean-Up | Checksum: 2069393b5

Time (s): cpu = 00:00:09 ; elapsed = 00:00:16 . Memory (MB): peak = 2694.125 ; gain = 0.000 ; free physical = 5775 ; free virtual = 8650
Ending Placer Task | Checksum: 173c39076

Time (s): cpu = 00:00:09 ; elapsed = 00:00:16 . Memory (MB): peak = 2694.125 ; gain = 0.000 ; free physical = 5775 ; free virtual = 8650
68 Infos, 5 Warnings, 0 Critical Warnings and 0 Errors encountered.
place_design completed successfully
place_design: Time (s): cpu = 00:00:10 ; elapsed = 00:00:18 . Memory (MB): peak = 2694.125 ; gain = 0.000 ; free physical = 5775 ; free virtual = 8650
Command: route_design
Attempting to get a license for feature 'Implementation' and/or device 'xc7s50'
INFO: [Common 17-349] Got license for feature 'Implementation' and/or device 'xc7s50'


Starting Routing Task

Phase 1 Build RT Design
Checksum: PlaceDB: 6b882374 ConstDB: 0 ShapeSum: 5daa39cc RouteDB: aa913336
WARNING: [Route 35-198] Port "rst" does not have an associated HD.PARTPIN_LOCS, which will prevent the partial routing of the signal "rst". Without this partial route, timing analysis to/from this port will not be accurate, and no routing information for this port can be exported.
WARNING: [Route 35-197] Clock port "clk" does not have an associated HD.CLK_SRC. Without this constraint, timing analysis may not be accurate and upstream checks cannot be done to ensure correct clock placement.
WARNING: [Route 35-198] Port "in_valid_i" does not have an associated HD.PARTPIN_LOCS, which will prevent the partial routing of the signal "in_valid_i". Without this partial route, timing analysis to/from this port will not be accurate, and no routing information for this port can be exported.
WARNING: [Route 35-198] Port "a_i[43]" does not have an associated HD.PARTPIN_LOCS, which will prevent the partial routing of the signal "a_i[43]". Without this partial route, timing analysis to/from this port will not be accurate, and no routing information for this port can be exported.
WARNING: [Route 35-198] Port "b_i[43]" does not have an associated HD.PARTPIN_LOCS, which will prevent the partial routing of the signal "b_i[43]". Without this partial route, timing analysis to/from this port will not be accurate, and no routing information for this port can be exported.
WARNING: [Route 35-198] Port "b_i[42]" does not have an associated HD.PARTPIN_LOCS, which will prevent the partial routing of the signal "b_i[42]". Without this partial route, timing analysis to/from this port will not be accurate, and no routing information for this port can be exported.
WARNING: [Route 35-198] Port "b_i[40]" does not have an associated HD.PARTPIN_LOCS, which will prevent the partial routing of the signal "b_i[40]". Without this partial route, timing analysis to/from this port will not be accurate, and no routing information for this port can be exported.
WARNING: [Route 35-198] Port "b_i[39]" does not have an associated HD.PARTPIN_LOCS, which will prevent the partial routing of the signal "b_i[39]". Without this partial route, timing analysis to/from this port will not be accurate, and no routing information for this port can be exported.
WARNING: [Route 35-198] Port "b_i[38]" does not have an associated HD.PARTPIN_LOCS, which will prevent the partial routing of the signal "b_i[38]". Without this partial route, timing analysis to/from this port will not be accurate, and no routing information for this port can be exported.
WARNING: [Route 35-198] Port "b_i[41]" does not have an associated HD.PARTPIN_LOCS, which will prevent the partial routing of the signal "b_i[41]". Without this partial route, timing analysis to/from this port will not be accurate, and no routing information for this port can be exported.
WARNING: [Route 35-198] Port "a_i[42]" does not have an associated HD.PARTPIN_LOCS, which will prevent the partial routing of the signal "a_i[42]". Without this partial route, timing analysis to/from this port will not be accurate, and no routing information for this port can be exported.
WARNING: [Route 35-198] Port "a_i[41]" does not have an associated HD.PARTPIN_LOCS, which will prevent the partial routing of the signal "a_i[41]". Without this partial route, timing analysis to/from this port will not be accurate, and no routing information for this port can be exported.
WARNING: [Route 35-198] Port "a_i[40]" does not have an associated HD.PARTPIN_LOCS, which will prevent the partial routing of the signal "a_i[40]". Without this partial route, timing analysis to/from this port will not be accurate, and no routing information for this port can be exported.
WARNING: [Route 35-198] Port "a_i[39]" does not have an associated HD.PARTPIN_LOCS, which will prevent the partial routing of the signal "a_i[39]". Without this partial route, timing analysis to/from this port will not be accurate, and no routing information for this port can be exported.
WARNING: [Route 35-198] Port "a_i[38]" does not have an associated HD.PARTPIN_LOCS, which will prevent the partial routing of the signal "a_i[38]". Without this partial route, timing analysis to/from this port will not be accurate, and no routing information for this port can be exported.
WARNING: [Route 35-198] Port "a_i[37]" does not have an associated HD.PARTPIN_LOCS, which will prevent the partial routing of the signal "a_i[37]". Without this partial route, timing analysis to/from this port will not be accurate, and no routing information for this port can be exported.
WARNING: [Route 35-198] Port "b_i[37]" does not have an associated HD.PARTPIN_LOCS, which will prevent the partial routing of the signal "b_i[37]". Without this partial route, timing analysis to/from this port will not be accurate, and no routing information for this port can be exported.
WARNING: [Route 35-198] Port "a_i[36]" does not have an associated HD.PARTPIN_LOCS, which will prevent the partial routing of the signal "a_i[36]". Without this partial route, timing analysis to/from this port will not be accurate, and no routing information for this port can be exported.
WARNING: [Route 35-198] Port "b_i[36]" does not have an associated HD.PARTPIN_LOCS, which will prevent the partial routing of the signal "b_i[36]". Without this partial route, timing analysis to/from this port will not be accurate, and no routing information for this port can be exported.
WARNING: [Route 35-198] Port "b_i[35]" does not have an associated HD.PARTPIN_LOCS, which will prevent the partial routing of the signal "b_i[35]". Without this partial route, timing analysis to/from this port will not be accurate, and no routing information for this port can be exported.
WARNING: [Route 35-198] Port "a_i[35]" does not have an associated HD.PARTPIN_LOCS, which will prevent the partial routing of the signal "a_i[35]". Without this partial route, timing analysis to/from this port will not be accurate, and no routing information for this port can be exported.
WARNING: [Route 35-198] Port "a_i[20]" does not have an associated HD.PARTPIN_LOCS, which will prevent the partial routing of the signal "a_i[20]". Without this partial route, timing analysis to/from this port will not be accurate, and no routing information for this port can be exported.
WARNING: [Route 35-198] Port "b_i[34]" does not have an associated HD.PARTPIN_LOCS, which will prevent the partial routing of the signal "b_i[34]". Without this partial route, timing analysis to/from this port will not be accurate, and no routing information for this port can be exported.
WARNING: [Route 35-198] Port "b_i[33]" does not have an associated HD.PARTPIN_LOCS, which will prevent the partial routing of the signal "b_i[33]". Without this partial route, timing analysis to/from this port will not be accurate, and no routing information for this port can be exported.
WARNING: [Route 35-198] Port "b_i[32]" does not have an associated HD.PARTPIN_LOCS, which will prevent the partial routing of the signal "b_i[32]". Without this partial route, timing analysis to/from this port will not be accurate, and no routing information for this port can be exported.
WARNING: [Route 35-198] Port "a_i[1]" does not have an associated HD.PARTPIN_LOCS, which will prevent the partial routing of the signal "a_i[1]". Without this partial route, timing analysis to/from this port will not be accurate, and no routing information for this port can be exported.
WARNING: [Route 35-198] Port "a_i[0]" does not have an associated HD.PARTPIN_LOCS, which will prevent the partial routing of the signal "a_i[0]". Without this partial route, timing analysis to/from this port will not be accurate, and no routing information for this port can be exported.
WARNING: [Route 35-198] Port "b_i[31]" does not have an associated HD.PARTPIN_LOCS, which will prevent the partial routing of the signal "b_i[31]". Without this partial route, timing analysis to/from this port will not be accurate, and no routing information for this port can be exported.
WARNING: [Route 35-198] Port "b_i[30]" does not have an associated HD.PARTPIN_LOCS, which will prevent the partial routing of the signal "b_i[30]". Without this partial route, timing analysis to/from this port will not be accurate, and no routing information for this port can be exported.
WARNING: [Route 35-198] Port "a_i[15]" does not have an associated HD.PARTPIN_LOCS, which will prevent the partial routing of the signal "a_i[15]". Without this partial route, timing analysis to/from this port will not be accurate, and no routing information for this port can be exported.
WARNING: [Route 35-198] Port "a_i[18]" does not have an associated HD.PARTPIN_LOCS, which will prevent the partial routing of the signal "a_i[18]". Without this partial route, timing analysis to/from this port will not be accurate, and no routing information for this port can be exported.
WARNING: [Route 35-198] Port "b_i[28]" does not have an associated HD.PARTPIN_LOCS, which will prevent the partial routing of the signal "b_i[28]". Without this partial route, timing analysis to/from this port will not be accurate, and no routing information for this port can be exported.
WARNING: [Route 35-198] Port "a_i[2]" does not have an associated HD.PARTPIN_LOCS, which will prevent the partial routing of the signal "a_i[2]". Without this partial route, timing analysis to/from this port will not be accurate, and no routing information for this port can be exported.
WARNING: [Route 35-198] Port "b_i[29]" does not have an associated HD.PARTPIN_LOCS, which will prevent the partial routing of the signal "b_i[29]". Without this partial route, timing analysis to/from this port will not be accurate, and no routing information for this port can be exported.
WARNING: [Route 35-198] Port "b_i[27]" does not have an associated HD.PARTPIN_LOCS, which will prevent the partial routing of the signal "b_i[27]". Without this partial route, timing analysis to/from this port will not be accurate, and no routing information for this port can be exported.
WARNING: [Route 35-198] Port "b_i[26]" does not have an associated HD.PARTPIN_LOCS, which will prevent the partial routing of the signal "b_i[26]". Without this partial route, timing analysis to/from this port will not be accurate, and no routing information for this port can be exported.
WARNING: [Route 35-198] Port "b_i[25]" does not have an associated HD.PARTPIN_LOCS, which will prevent the partial routing of the signal "b_i[25]". Without this partial route, timing analysis to/from this port will not be accurate, and no routing information for this port can be exported.
WARNING: [Route 35-198] Port "b_i[23]" does not have an associated HD.PARTPIN_LOCS, which will prevent the partial routing of the signal "b_i[23]". Without this partial route, timing analysis to/from this port will not be accurate, and no routing information for this port can be exported.
WARNING: [Route 35-198] Port "a_i[17]" does not have an associated HD.PARTPIN_LOCS, which will prevent the partial routing of the signal "a_i[17]". Without this partial route, timing analysis to/from this port will not be accurate, and no routing information for this port can be exported.
WARNING: [Route 35-198] Port "a_i[16]" does not have an associated HD.PARTPIN_LOCS, which will prevent the partial routing of the signal "a_i[16]". Without this partial route, timing analysis to/from this port will not be accurate, and no routing information for this port can be exported.
WARNING: [Route 35-198] Port "b_i[24]" does not have an associated HD.PARTPIN_LOCS, which will prevent the partial routing of the signal "b_i[24]". Without this partial route, timing analysis to/from this port will not be accurate, and no routing information for this port can be exported.
WARNING: [Route 35-198] Port "b_i[22]" does not have an associated HD.PARTPIN_LOCS, which will prevent the partial routing of the signal "b_i[22]". Without this partial route, timing analysis to/from this port will not be accurate, and no routing information for this port can be exported.
WARNING: [Route 35-198] Port "b_i[20]" does not have an associated HD.PARTPIN_LOCS, which will prevent the partial routing of the signal "b_i[20]". Without this partial route, timing analysis to/from this port will not be accurate, and no routing information for this port can be exported.
WARNING: [Route 35-198] Port "a_i[19]" does not have an associated HD.PARTPIN_LOCS, which will prevent the partial routing of the signal "a_i[19]". Without this partial route, timing analysis to/from this port will not be accurate, and no routing information for this port can be exported.
WARNING: [Route 35-198] Port "a_i[7]" does not have an associated HD.PARTPIN_LOCS, which will prevent the partial routing of the signal "a_i[7]". Without this partial route, timing analysis to/from this port will not be accurate, and no routing information for this port can be exported.
WARNING: [Route 35-198] Port "a_i[6]" does not have an associated HD.PARTPIN_LOCS, which will prevent the partial routing of the signal "a_i[6]". Without this partial route, timing analysis to/from this port will not be accurate, and no routing information for this port can be exported.
WARNING: [Route 35-198] Port "b_i[21]" does not have an associated HD.PARTPIN_LOCS, which will prevent the partial routing of the signal "b_i[21]". Without this partial route, timing analysis to/from this port will not be accurate, and no routing information for this port can be exported.
WARNING: [Route 35-198] Port "b_i[18]" does not have an associated HD.PARTPIN_LOCS, which will prevent the partial routing of the signal "b_i[18]". Without this partial route, timing analysis to/from this port will not be accurate, and no routing information for this port can be exported.
WARNING: [Route 35-198] Port "a_i[30]" does not have an associated HD.PARTPIN_LOCS, which will prevent the partial routing of the signal "a_i[30]". Without this partial route, timing analysis to/from this port will not be accurate, and no routing information for this port can be exported.
WARNING: [Route 35-198] Port "a_i[5]" does not have an associated HD.PARTPIN_LOCS, which will prevent the partial routing of the signal "a_i[5]". Without this partial route, timing analysis to/from this port will not be accurate, and no routing information for this port can be exported.
WARNING: [Route 35-198] Port "a_i[4]" does not have an associated HD.PARTPIN_LOCS, which will prevent the partial routing of the signal "a_i[4]". Without this partial route, timing analysis to/from this port will not be accurate, and no routing information for this port can be exported.
WARNING: [Route 35-198] Port "b_i[19]" does not have an associated HD.PARTPIN_LOCS, which will prevent the partial routing of the signal "b_i[19]". Without this partial route, timing analysis to/from this port will not be accurate, and no routing information for this port can be exported.
WARNING: [Route 35-198] Port "a_i[14]" does not have an associated HD.PARTPIN_LOCS, which will prevent the partial routing of the signal "a_i[14]". Without this partial route, timing analysis to/from this port will not be accurate, and no routing information for this port can be exported.
WARNING: [Route 35-198] Port "a_i[13]" does not have an associated HD.PARTPIN_LOCS, which will prevent the partial routing of the signal "a_i[13]". Without this partial route, timing analysis to/from this port will not be accurate, and no routing information for this port can be exported.
WARNING: [Route 35-198] Port "b_i[16]" does not have an associated HD.PARTPIN_LOCS, which will prevent the partial routing of the signal "b_i[16]". Without this partial route, timing analysis to/from this port will not be accurate, and no routing information for this port can be exported.
WARNING: [Route 35-198] Port "a_i[34]" does not have an associated HD.PARTPIN_LOCS, which will prevent the partial routing of the signal "a_i[34]". Without this partial route, timing analysis to/from this port will not be accurate, and no routing information for this port can be exported.
WARNING: [Route 35-198] Port "a_i[31]" does not have an associated HD.PARTPIN_LOCS, which will prevent the partial routing of the signal "a_i[31]". Without this partial route, timing analysis to/from this port will not be accurate, and no routing information for this port can be exported.
WARNING: [Route 35-198] Port "a_i[29]" does not have an associated HD.PARTPIN_LOCS, which will prevent the partial routing of the signal "a_i[29]". Without this partial route, timing analysis to/from this port will not be accurate, and no routing information for this port can be exported.
WARNING: [Route 35-198] Port "a_i[28]" does not have an associated HD.PARTPIN_LOCS, which will prevent the partial routing of the signal "a_i[28]". Without this partial route, timing analysis to/from this port will not be accurate, and no routing information for this port can be exported.
WARNING: [Route 35-198] Port "a_i[27]" does not have an associated HD.PARTPIN_LOCS, which will prevent the partial routing of the signal "a_i[27]". Without this partial route, timing analysis to/from this port will not be accurate, and no routing information for this port can be exported.
WARNING: [Route 35-198] Port "a_i[12]" does not have an associated HD.PARTPIN_LOCS, which will prevent the partial routing of the signal "a_i[12]". Without this partial route, timing analysis to/from this port will not be accurate, and no routing information for this port can be exported.
WARNING: [Route 35-198] Port "a_i[33]" does not have an associated HD.PARTPIN_LOCS, which will prevent the partial routing of the signal "a_i[33]". Without this partial route, timing analysis to/from this port will not be accurate, and no routing information for this port can be exported.
WARNING: [Route 35-198] Port "a_i[32]" does not have an associated HD.PARTPIN_LOCS, which will prevent the partial routing of the signal "a_i[32]". Without this partial route, timing analysis to/from this port will not be accurate, and no routing information for this port can be exported.
WARNING: [Route 35-198] Port "b_i[15]" does not have an associated HD.PARTPIN_LOCS, which will prevent the partial routing of the signal "b_i[15]". Without this partial route, timing analysis to/from this port will not be accurate, and no routing information for this port can be exported.
WARNING: [Route 35-198] Port "b_i[14]" does not have an associated HD.PARTPIN_LOCS, which will prevent the partial routing of the signal "b_i[14]". Without this partial route, timing analysis to/from this port will not be accurate, and no routing information for this port can be exported.
WARNING: [Route 35-198] Port "a_i[26]" does not have an associated HD.PARTPIN_LOCS, which will prevent the partial routing of the signal "a_i[26]". Without this partial route, timing analysis to/from this port will not be accurate, and no routing information for this port can be exported.
WARNING: [Route 35-198] Port "b_i[17]" does not have an associated HD.PARTPIN_LOCS, which will prevent the partial routing of the signal "b_i[17]". Without this partial route, timing analysis to/from this port will not be accurate, and no routing information for this port can be exported.
WARNING: [Route 35-198] Port "b_i[13]" does not have an associated HD.PARTPIN_LOCS, which will prevent the partial routing of the signal "b_i[13]". Without this partial route, timing analysis to/from this port will not be accurate, and no routing information for this port can be exported.
WARNING: [Route 35-198] Port "b_i[12]" does not have an associated HD.PARTPIN_LOCS, which will prevent the partial routing of the signal "b_i[12]". Without this partial route, timing analysis to/from this port will not be accurate, and no routing information for this port can be exported.
WARNING: [Route 35-198] Port "a_i[11]" does not have an associated HD.PARTPIN_LOCS, which will prevent the partial routing of the signal "a_i[11]". Without this partial route, timing analysis to/from this port will not be accurate, and no routing information for this port can be exported.
WARNING: [Route 35-198] Port "a_i[10]" does not have an associated HD.PARTPIN_LOCS, which will prevent the partial routing of the signal "a_i[10]". Without this partial route, timing analysis to/from this port will not be accurate, and no routing information for this port can be exported.
WARNING: [Route 35-198] Port "b_i[11]" does not have an associated HD.PARTPIN_LOCS, which will prevent the partial routing of the signal "b_i[11]". Without this partial route, timing analysis to/from this port will not be accurate, and no routing information for this port can be exported.
WARNING: [Route 35-198] Port "b_i[10]" does not have an associated HD.PARTPIN_LOCS, which will prevent the partial routing of the signal "b_i[10]". Without this partial route, timing analysis to/from this port will not be accurate, and no routing information for this port can be exported.
WARNING: [Route 35-198] Port "b_i[9]" does not have an associated HD.PARTPIN_LOCS, which will prevent the partial routing of the signal "b_i[9]". Without this partial route, timing analysis to/from this port will not be accurate, and no routing information for this port can be exported.
WARNING: [Route 35-198] Port "b_i[8]" does not have an associated HD.PARTPIN_LOCS, which will prevent the partial routing of the signal "b_i[8]". Without this partial route, timing analysis to/from this port will not be accurate, and no routing information for this port can be exported.
WARNING: [Route 35-198] Port "a_i[9]" does not have an associated HD.PARTPIN_LOCS, which will prevent the partial routing of the signal "a_i[9]". Without this partial route, timing analysis to/from this port will not be accurate, and no routing information for this port can be exported.
WARNING: [Route 35-198] Port "a_i[8]" does not have an associated HD.PARTPIN_LOCS, which will prevent the partial routing of the signal "a_i[8]". Without this partial route, timing analysis to/from this port will not be accurate, and no routing information for this port can be exported.
WARNING: [Route 35-198] Port "a_i[25]" does not have an associated HD.PARTPIN_LOCS, which will prevent the partial routing of the signal "a_i[25]". Without this partial route, timing analysis to/from this port will not be accurate, and no routing information for this port can be exported.
WARNING: [Route 35-198] Port "a_i[24]" does not have an associated HD.PARTPIN_LOCS, which will prevent the partial routing of the signal "a_i[24]". Without this partial route, timing analysis to/from this port will not be accurate, and no routing information for this port can be exported.
WARNING: [Route 35-198] Port "a_i[23]" does not have an associated HD.PARTPIN_LOCS, which will prevent the partial routing of the signal "a_i[23]". Without this partial route, timing analysis to/from this port will not be accurate, and no routing information for this port can be exported.
WARNING: [Route 35-198] Port "a_i[21]" does not have an associated HD.PARTPIN_LOCS, which will prevent the partial routing of the signal "a_i[21]". Without this partial route, timing analysis to/from this port will not be accurate, and no routing information for this port can be exported.
WARNING: [Route 35-198] Port "a_i[3]" does not have an associated HD.PARTPIN_LOCS, which will prevent the partial routing of the signal "a_i[3]". Without this partial route, timing analysis to/from this port will not be accurate, and no routing information for this port can be exported.
WARNING: [Route 35-198] Port "b_i[4]" does not have an associated HD.PARTPIN_LOCS, which will prevent the partial routing of the signal "b_i[4]". Without this partial route, timing analysis to/from this port will not be accurate, and no routing information for this port can be exported.
WARNING: [Route 35-198] Port "a_i[22]" does not have an associated HD.PARTPIN_LOCS, which will prevent the partial routing of the signal "a_i[22]". Without this partial route, timing analysis to/from this port will not be accurate, and no routing information for this port can be exported.
WARNING: [Route 35-198] Port "b_i[7]" does not have an associated HD.PARTPIN_LOCS, which will prevent the partial routing of the signal "b_i[7]". Without this partial route, timing analysis to/from this port will not be accurate, and no routing information for this port can be exported.
WARNING: [Route 35-198] Port "b_i[6]" does not have an associated HD.PARTPIN_LOCS, which will prevent the partial routing of the signal "b_i[6]". Without this partial route, timing analysis to/from this port will not be accurate, and no routing information for this port can be exported.
WARNING: [Route 35-198] Port "b_i[5]" does not have an associated HD.PARTPIN_LOCS, which will prevent the partial routing of the signal "b_i[5]". Without this partial route, timing analysis to/from this port will not be accurate, and no routing information for this port can be exported.
WARNING: [Route 35-198] Port "b_i[1]" does not have an associated HD.PARTPIN_LOCS, which will prevent the partial routing of the signal "b_i[1]". Without this partial route, timing analysis to/from this port will not be accurate, and no routing information for this port can be exported.
WARNING: [Route 35-198] Port "b_i[0]" does not have an associated HD.PARTPIN_LOCS, which will prevent the partial routing of the signal "b_i[0]". Without this partial route, timing analysis to/from this port will not be accurate, and no routing information for this port can be exported.
WARNING: [Route 35-198] Port "b_i[3]" does not have an associated HD.PARTPIN_LOCS, which will prevent the partial routing of the signal "b_i[3]". Without this partial route, timing analysis to/from this port will not be accurate, and no routing information for this port can be exported.
WARNING: [Route 35-198] Port "b_i[2]" does not have an associated HD.PARTPIN_LOCS, which will prevent the partial routing of the signal "b_i[2]". Without this partial route, timing analysis to/from this port will not be accurate, and no routing information for this port can be exported.
WARNING: [Constraints 18-8777] Unable to split tiles. All required files are not available.
Post Restoration Checksum: NetGraph: fa26e1bf | NumContArr: 16a808ae | Constraints: c2a8fa9d | Timing: c2a8fa9d
Phase 1 Build RT Design | Checksum: 29620dfa7

Time (s): cpu = 00:00:32 ; elapsed = 00:00:59 . Memory (MB): peak = 2694.125 ; gain = 0.000 ; free physical = 1772 ; free virtual = 4697

Phase 2 Router Initialization

Phase 2.1 Fix Topology Constraints
Phase 2.1 Fix Topology Constraints | Checksum: 29620dfa7

Time (s): cpu = 00:00:32 ; elapsed = 00:00:59 . Memory (MB): peak = 2694.125 ; gain = 0.000 ; free physical = 1772 ; free virtual = 4697

Phase 2.2 Pre Route Cleanup
Phase 2.2 Pre Route Cleanup | Checksum: 29620dfa7

Time (s): cpu = 00:00:32 ; elapsed = 00:00:59 . Memory (MB): peak = 2694.125 ; gain = 0.000 ; free physical = 1772 ; free virtual = 4697
 Number of Nodes with overlaps = 0

Phase 2.3 Update Timing
Phase 2.3 Update Timing | Checksum: 35c44c036

Time (s): cpu = 00:00:32 ; elapsed = 00:01:00 . Memory (MB): peak = 2694.125 ; gain = 0.000 ; free physical = 1760 ; free virtual = 4685
INFO: [Route 35-416] Intermediate Timing Summary | WNS=0.623  | TNS=0.000  | WHS=0.157  | THS=0.000  |


Phase 2.4 Soft Constraint Pins - Fast Budgeting
Phase 2.4 Soft Constraint Pins - Fast Budgeting | Checksum: 32c8640f2

Time (s): cpu = 00:00:32 ; elapsed = 00:01:00 . Memory (MB): peak = 2694.125 ; gain = 0.000 ; free physical = 1755 ; free virtual = 4680

Router Utilization Summary
  Global Vertical Routing Utilization    = 0 %
  Global Horizontal Routing Utilization  = 0 %
  Routable Net Status*
  *Does not include unroutable nets such as driverless and loadless.
  Run report_route_status for detailed report.
  Number of Failed Nets               = 490
    (Failed Nets is the sum of unrouted and partially routed nets)
  Number of Unrouted Nets             = 490
  Number of Partially Routed Nets     = 0
  Number of Node Overlaps             = 0

Phase 2 Router Initialization | Checksum: 32c8640f2

Time (s): cpu = 00:00:33 ; elapsed = 00:01:00 . Memory (MB): peak = 2694.125 ; gain = 0.000 ; free physical = 1769 ; free virtual = 4695

Phase 3 Global Routing
Phase 3 Global Routing | Checksum: 32c8640f2

Time (s): cpu = 00:00:33 ; elapsed = 00:01:01 . Memory (MB): peak = 2694.125 ; gain = 0.000 ; free physical = 1768 ; free virtual = 4694

Phase 4 Initial Routing

Phase 4.1 Initial Net Routing Pass
Phase 4.1 Initial Net Routing Pass | Checksum: 221bf760c

Time (s): cpu = 00:00:33 ; elapsed = 00:01:01 . Memory (MB): peak = 2694.125 ; gain = 0.000 ; free physical = 1736 ; free virtual = 4662
Phase 4 Initial Routing | Checksum: 221bf760c

Time (s): cpu = 00:00:33 ; elapsed = 00:01:01 . Memory (MB): peak = 2694.125 ; gain = 0.000 ; free physical = 1732 ; free virtual = 4658

Phase 5 Rip-up And Reroute

Phase 5.1 Global Iteration 0
 Number of Nodes with overlaps = 45
 Number of Nodes with overlaps = 21
 Number of Nodes with overlaps = 10
 Number of Nodes with overlaps = 7
 Number of Nodes with overlaps = 5
 Number of Nodes with overlaps = 5
 Number of Nodes with overlaps = 2
 Number of Nodes with overlaps = 0
INFO: [Route 35-416] Intermediate Timing Summary | WNS=0.531  | TNS=0.000  | WHS=N/A    | THS=N/A    |

Phase 5.1 Global Iteration 0 | Checksum: 2c4447ae4

Time (s): cpu = 00:00:34 ; elapsed = 00:01:04 . Memory (MB): peak = 2694.125 ; gain = 0.000 ; free physical = 1589 ; free virtual = 4515
Phase 5 Rip-up And Reroute | Checksum: 2c4447ae4

Time (s): cpu = 00:00:34 ; elapsed = 00:01:04 . Memory (MB): peak = 2694.125 ; gain = 0.000 ; free physical = 1589 ; free virtual = 4515

Phase 6 Delay and Skew Optimization

Phase 6.1 Delay CleanUp
Phase 6.1 Delay CleanUp | Checksum: 2c4447ae4

Time (s): cpu = 00:00:34 ; elapsed = 00:01:04 . Memory (MB): peak = 2694.125 ; gain = 0.000 ; free physical = 1589 ; free virtual = 4515

Phase 6.2 Clock Skew Optimization
Phase 6.2 Clock Skew Optimization | Checksum: 2c4447ae4

Time (s): cpu = 00:00:34 ; elapsed = 00:01:04 . Memory (MB): peak = 2694.125 ; gain = 0.000 ; free physical = 1589 ; free virtual = 4515
Phase 6 Delay and Skew Optimization | Checksum: 2c4447ae4

Time (s): cpu = 00:00:34 ; elapsed = 00:01:04 . Memory (MB): peak = 2694.125 ; gain = 0.000 ; free physical = 1589 ; free virtual = 4515

Phase 7 Post Hold Fix

Phase 7.1 Hold Fix Iter
INFO: [Route 35-416] Intermediate Timing Summary | WNS=0.531  | TNS=0.000  | WHS=0.144  | THS=0.000  |

Phase 7.1 Hold Fix Iter | Checksum: 22b285803

Time (s): cpu = 00:00:35 ; elapsed = 00:01:04 . Memory (MB): peak = 2694.125 ; gain = 0.000 ; free physical = 1604 ; free virtual = 4530
Phase 7 Post Hold Fix | Checksum: 22b285803

Time (s): cpu = 00:00:35 ; elapsed = 00:01:04 . Memory (MB): peak = 2694.125 ; gain = 0.000 ; free physical = 1604 ; free virtual = 4530

Phase 8 Route finalize

Router Utilization Summary
  Global Vertical Routing Utilization    = 0.0917643 %
  Global Horizontal Routing Utilization  = 0.094482 %
  Routable Net Status*
  *Does not include unroutable nets such as driverless and loadless.
  Run report_route_status for detailed report.
  Number of Failed Nets               = 0
    (Failed Nets is the sum of unrouted and partially routed nets)
  Number of Unrouted Nets             = 0
  Number of Partially Routed Nets     = 0
  Number of Node Overlaps             = 0

Phase 8 Route finalize | Checksum: 22b285803

Time (s): cpu = 00:00:35 ; elapsed = 00:01:04 . Memory (MB): peak = 2694.125 ; gain = 0.000 ; free physical = 1604 ; free virtual = 4530

Phase 9 Verifying routed nets

 Verification completed successfully
Phase 9 Verifying routed nets | Checksum: 22b285803

Time (s): cpu = 00:00:35 ; elapsed = 00:01:04 . Memory (MB): peak = 2694.125 ; gain = 0.000 ; free physical = 1604 ; free virtual = 4530

Phase 10 Depositing Routes
Phase 10 Depositing Routes | Checksum: 1960a107b

Time (s): cpu = 00:00:35 ; elapsed = 00:01:04 . Memory (MB): peak = 2694.125 ; gain = 0.000 ; free physical = 1604 ; free virtual = 4530

Phase 11 Post Process Routing
Phase 11 Post Process Routing | Checksum: 1960a107b

Time (s): cpu = 00:00:35 ; elapsed = 00:01:04 . Memory (MB): peak = 2694.125 ; gain = 0.000 ; free physical = 1604 ; free virtual = 4530

Phase 12 Post Router Timing
INFO: [Route 35-57] Estimated Timing Summary | WNS=0.531  | TNS=0.000  | WHS=0.144  | THS=0.000  |

INFO: [Route 35-327] The final timing numbers are based on the router estimated timing analysis. For a complete and accurate timing signoff, please run report_timing_summary.
Phase 12 Post Router Timing | Checksum: 1960a107b

Time (s): cpu = 00:00:35 ; elapsed = 00:01:04 . Memory (MB): peak = 2694.125 ; gain = 0.000 ; free physical = 1604 ; free virtual = 4530
Total Elapsed time in route_design: 64.47 secs

Phase 13 Post-Route Event Processing
Phase 13 Post-Route Event Processing | Checksum: 118fb9dbf

Time (s): cpu = 00:00:35 ; elapsed = 00:01:04 . Memory (MB): peak = 2694.125 ; gain = 0.000 ; free physical = 1604 ; free virtual = 4530
INFO: [Route 35-16] Router Completed Successfully
Ending Routing Task | Checksum: 118fb9dbf

Time (s): cpu = 00:00:35 ; elapsed = 00:01:04 . Memory (MB): peak = 2694.125 ; gain = 0.000 ; free physical = 1604 ; free virtual = 4530

Routing Is Done.
INFO: [Common 17-83] Releasing license: Implementation
76 Infos, 97 Warnings, 0 Critical Warnings and 0 Errors encountered.
route_design completed successfully
route_design: Time (s): cpu = 00:00:35 ; elapsed = 00:01:05 . Memory (MB): peak = 2694.125 ; gain = 0.000 ; free physical = 1604 ; free virtual = 4530
INFO: [Timing 38-91] UpdateTimingParams: Speed grade: -1, Delay Type: min_max.
WARNING: [Timing 38-242] The property HD.CLK_SRC of clock port "clk" is not set. In out-of-context mode, this prevents timing estimation for clock delay/skew
Resolution: Set the HD.CLK_SRC property of the out-of-context port to the location of the clock buffer instance in the top-level design
WARNING: [Vivado 12-180] No cells matched 'get_cells -hier -filter {REF_NAME =~ RAMB*}'.
INFO: [Timing 38-480] Writing timing data to binary archive.
Write ShapeDB Complete: Time (s): cpu = 00:00:00.01 ; elapsed = 00:00:00.01 . Memory (MB): peak = 2694.125 ; gain = 0.000 ; free physical = 1485 ; free virtual = 4412
Wrote PlaceDB: Time (s): cpu = 00:00:00 ; elapsed = 00:00:00 . Memory (MB): peak = 2694.125 ; gain = 0.000 ; free physical = 1485 ; free virtual = 4412
Wrote PulsedLatchDB: Time (s): cpu = 00:00:00 ; elapsed = 00:00:00 . Memory (MB): peak = 2694.125 ; gain = 0.000 ; free physical = 1485 ; free virtual = 4412
Writing XDEF routing.
Writing XDEF routing logical nets.
Writing XDEF routing special nets.
Wrote RouteStorage: Time (s): cpu = 00:00:00.02 ; elapsed = 00:00:00.05 . Memory (MB): peak = 2694.125 ; gain = 0.000 ; free physical = 1485 ; free virtual = 4412
Wrote PlaceStorage: Time (s): cpu = 00:00:00.03 ; elapsed = 00:00:00.06 . Memory (MB): peak = 2694.125 ; gain = 0.000 ; free physical = 1485 ; free virtual = 4412
Wrote Netlist Cache: Time (s): cpu = 00:00:00 ; elapsed = 00:00:00 . Memory (MB): peak = 2694.125 ; gain = 0.000 ; free physical = 1485 ; free virtual = 4412
Wrote Device Cache: Time (s): cpu = 00:00:00 ; elapsed = 00:00:00.01 . Memory (MB): peak = 2694.125 ; gain = 0.000 ; free physical = 1485 ; free virtual = 4412
Write Physdb Complete: Time (s): cpu = 00:00:00.06 ; elapsed = 00:00:00.13 . Memory (MB): peak = 2694.125 ; gain = 0.000 ; free physical = 1485 ; free virtual = 4412
INFO: [Common 17-1381] The checkpoint '/mnt/storage/test/zkf-vs-flopoco/artifacts/targets/spartan7-vivado/rows/zkf_mul_w8_m36_stage_product/post_route.dcp' has been generated.
INFO: [Common 17-206] Exiting Vivado at Sat May 23 22:52:01 2026...
$ /mnt/storage/xilinx/2025.2.1/Vivado/bin/vivado -mode batch -nojournal -nolog -notrace -source /mnt/storage/test/zkf-vs-flopoco/artifacts/targets/spartan7-vivado/rows/zkf_mul_w8_m36_stage_product/vivado.tcl


[exit code 0]
