
****** Vivado v2025.2.1 (64-bit)
  **** SW Build 6403652 on Thu Mar 19 13:47:00 MDT 2026
  **** IP Build 6403511 on Thu Mar 19 12:41:45 MDT 2026
  **** SharedData Build 6403650 on Thu Mar 19 14:02:13 MDT 2026
  **** Start of session at: Sat May 23 22:38:17 2026
    ** Copyright 1986-2022 Xilinx, Inc. All Rights Reserved.
    ** Copyright 2022-2026 Advanced Micro Devices, Inc. All Rights Reserved.

source /mnt/storage/test/zkf-vs-flopoco/artifacts/targets/spartan7-vivado/rows/zkf_mul_w8_m18_base/vivado.tcl -notrace
read_xdc: Time (s): cpu = 00:00:13 ; elapsed = 00:00:22 . Memory (MB): peak = 1552.953 ; gain = 48.840 ; free physical = 3710 ; free virtual = 15368
Command: synth_design -top top_zkf_mul_w8_m18_base -part xc7s50csga324-1 -mode out_of_context -flatten_hierarchy rebuilt
Starting synth_design
Attempting to get a license for feature 'Synthesis' and/or device 'xc7s50'
INFO: [Common 17-349] Got license for feature 'Synthesis' and/or device 'xc7s50'
INFO: [Device 21-403] Loading part xc7s50csga324-1
INFO: [Synth 8-7079] Multithreading enabled for synth_design using a maximum of 1 processes.
INFO: [Synth 8-7078] Launching helper process for spawning children vivado processes
INFO: [Synth 8-7075] Helper process launched with PID 152174
---------------------------------------------------------------------------------
Starting RTL Elaboration : Time (s): cpu = 00:00:07 ; elapsed = 00:00:18 . Memory (MB): peak = 2194.328 ; gain = 482.188 ; free physical = 349 ; free virtual = 6646
---------------------------------------------------------------------------------
INFO: [Synth 8-6157] synthesizing module 'top_zkf_mul_w8_m18_base' [/mnt/storage/test/zkf-vs-flopoco/artifacts/targets/spartan7-vivado/rows/zkf_mul_w8_m18_base/src/top_zkf_mul_w8_m18_base.v:3]
INFO: [Synth 8-6157] synthesizing module 'zkf_mul' [/mnt/storage/zubax/kulibin2/float/hdl/zkf_mul.v:18]
	Parameter WEXP bound to: 8 - type: integer 
	Parameter WMAN bound to: 18 - type: integer 
	Parameter STAGE_PRODUCT bound to: 0 - type: integer 
	Parameter STAGE_OUTPUT bound to: 0 - type: integer 
INFO: [Synth 8-6157] synthesizing module '_zkf_pack' [/mnt/storage/zubax/kulibin2/float/hdl/_zkf_pack.v:21]
	Parameter WEXP bound to: 8 - type: integer 
	Parameter WMAN bound to: 18 - type: integer 
	Parameter STAGE_OUTPUT bound to: 0 - type: integer 
INFO: [Synth 8-6155] done synthesizing module '_zkf_pack' (0#1) [/mnt/storage/zubax/kulibin2/float/hdl/_zkf_pack.v:21]
INFO: [Synth 8-6155] done synthesizing module 'zkf_mul' (0#1) [/mnt/storage/zubax/kulibin2/float/hdl/zkf_mul.v:18]
INFO: [Synth 8-6155] done synthesizing module 'top_zkf_mul_w8_m18_base' (0#1) [/mnt/storage/test/zkf-vs-flopoco/artifacts/targets/spartan7-vivado/rows/zkf_mul_w8_m18_base/src/top_zkf_mul_w8_m18_base.v:3]
WARNING: [Synth 8-7129] Port clk in module _zkf_pack is either unconnected or has no load
---------------------------------------------------------------------------------
Finished RTL Elaboration : Time (s): cpu = 00:00:10 ; elapsed = 00:00:22 . Memory (MB): peak = 2280.297 ; gain = 568.156 ; free physical = 319 ; free virtual = 5596
---------------------------------------------------------------------------------
---------------------------------------------------------------------------------
Start Handling Custom Attributes
---------------------------------------------------------------------------------
---------------------------------------------------------------------------------
Finished Handling Custom Attributes : Time (s): cpu = 00:00:10 ; elapsed = 00:00:22 . Memory (MB): peak = 2292.172 ; gain = 580.031 ; free physical = 307 ; free virtual = 5584
---------------------------------------------------------------------------------
---------------------------------------------------------------------------------
Finished RTL Optimization Phase 1 : Time (s): cpu = 00:00:10 ; elapsed = 00:00:22 . Memory (MB): peak = 2292.172 ; gain = 580.031 ; free physical = 307 ; free virtual = 5584
---------------------------------------------------------------------------------
Netlist sorting complete. Time (s): cpu = 00:00:00 ; elapsed = 00:00:00 . Memory (MB): peak = 2292.172 ; gain = 0.000 ; free physical = 299 ; free virtual = 5576
INFO: [Project 1-570] Preparing netlist for logic optimization

Processing XDC Constraints
Initializing timing engine
Parsing XDC File [/mnt/storage/test/zkf-vs-flopoco/artifacts/targets/spartan7-vivado/rows/zkf_mul_w8_m18_base/constraints.xdc]
Finished Parsing XDC File [/mnt/storage/test/zkf-vs-flopoco/artifacts/targets/spartan7-vivado/rows/zkf_mul_w8_m18_base/constraints.xdc]
Completed Processing XDC Constraints

Netlist sorting complete. Time (s): cpu = 00:00:00 ; elapsed = 00:00:00 . Memory (MB): peak = 2357.891 ; gain = 0.000 ; free physical = 335 ; free virtual = 5076
INFO: [Project 1-111] Unisim Transformation Summary:
No Unisim elements were transformed.

Constraint Validation Runtime : Time (s): cpu = 00:00:00.01 ; elapsed = 00:00:00.01 . Memory (MB): peak = 2357.926 ; gain = 0.000 ; free physical = 318 ; free virtual = 5059
---------------------------------------------------------------------------------
Finished Constraint Validation : Time (s): cpu = 00:00:21 ; elapsed = 00:00:42 . Memory (MB): peak = 2357.926 ; gain = 645.785 ; free physical = 287 ; free virtual = 4892
---------------------------------------------------------------------------------
---------------------------------------------------------------------------------
Start Loading Part and Timing Information
---------------------------------------------------------------------------------
Loading part: xc7s50csga324-1
---------------------------------------------------------------------------------
Finished Loading Part and Timing Information : Time (s): cpu = 00:00:21 ; elapsed = 00:00:42 . Memory (MB): peak = 2365.895 ; gain = 653.754 ; free physical = 287 ; free virtual = 4892
---------------------------------------------------------------------------------
---------------------------------------------------------------------------------
Start Applying 'set_property' XDC Constraints
---------------------------------------------------------------------------------
---------------------------------------------------------------------------------
Finished applying 'set_property' XDC Constraints : Time (s): cpu = 00:00:21 ; elapsed = 00:00:42 . Memory (MB): peak = 2365.895 ; gain = 653.754 ; free physical = 287 ; free virtual = 4892
---------------------------------------------------------------------------------
---------------------------------------------------------------------------------
Finished RTL Optimization Phase 2 : Time (s): cpu = 00:00:22 ; elapsed = 00:00:43 . Memory (MB): peak = 2365.895 ; gain = 653.754 ; free physical = 275 ; free virtual = 4887
---------------------------------------------------------------------------------
---------------------------------------------------------------------------------
Start RTL Component Statistics 
---------------------------------------------------------------------------------
Detailed RTL Component Info : 
+---Adders : 
	   2 Input   26 Bit       Adders := 1     
	   2 Input   11 Bit       Adders := 1     
	   3 Input   10 Bit       Adders := 1     
	   2 Input   10 Bit       Adders := 1     
+---XORs : 
	   2 Input      1 Bit         XORs := 1     
+---Registers : 
	               36 Bit    Registers := 1     
	               26 Bit    Registers := 3     
	               10 Bit    Registers := 1     
	                1 Bit    Registers := 6     
+---Muxes : 
	   2 Input   18 Bit        Muxes := 1     
	   2 Input    8 Bit        Muxes := 3     
	   2 Input    1 Bit        Muxes := 3     
---------------------------------------------------------------------------------
Finished RTL Component Statistics 
---------------------------------------------------------------------------------
---------------------------------------------------------------------------------
Start Part Resource Summary
---------------------------------------------------------------------------------
Part Resources:
DSPs: 120 (col length:60)
BRAMs: 150 (col length: RAMB18 60 RAMB36 30)
---------------------------------------------------------------------------------
Finished Part Resource Summary
---------------------------------------------------------------------------------
---------------------------------------------------------------------------------
Start Cross Boundary and Area Optimization
---------------------------------------------------------------------------------
DSP Report: Generating DSP s1_mag_reg, operation Mode is: (C+A*B)'.
DSP Report: register s1_mag_reg is absorbed into DSP s1_mag_reg.
DSP Report: operator mag_src is absorbed into DSP s1_mag_reg.
DSP Report: operator mag_src is absorbed into DSP s1_mag_reg.
---------------------------------------------------------------------------------
Finished Cross Boundary and Area Optimization : Time (s): cpu = 00:00:25 ; elapsed = 00:00:47 . Memory (MB): peak = 2365.895 ; gain = 653.754 ; free physical = 309 ; free virtual = 4821
---------------------------------------------------------------------------------
 Sort Area is  s1_mag_reg_0 : 0 0 : 2424 2424 : Used 1 time 0
---------------------------------------------------------------------------------
Start ROM, RAM, DSP, Shift Register and Retiming Reporting
---------------------------------------------------------------------------------

DSP: Preliminary Mapping Report (see note below. The ' indicates corresponding REG is set)
+------------+-------------+--------+--------+--------+--------+--------+------+------+------+------+-------+------+------+
|Module Name | DSP Mapping | A Size | B Size | C Size | D Size | P Size | AREG | BREG | CREG | DREG | ADREG | MREG | PREG | 
+------------+-------------+--------+--------+--------+--------+--------+------+------+------+------+-------+------+------+
|zkf_mul     | (C+A*B)'    | 18     | 17     | 35     | -      | 36     | 0    | 0    | 0    | -    | -     | 0    | 1    | 
+------------+-------------+--------+--------+--------+--------+--------+------+------+------+------+-------+------+------+

Note: The table above is a preliminary report that shows the DSPs inferred at the current stage of the synthesis flow. Some DSP may be reimplemented as non DSP primitives later in the synthesis flow. Multiple instantiated DSPs are reported only once.
---------------------------------------------------------------------------------
Finished ROM, RAM, DSP, Shift Register and Retiming Reporting
---------------------------------------------------------------------------------
---------------------------------------------------------------------------------
Start Applying XDC Timing Constraints
---------------------------------------------------------------------------------
---------------------------------------------------------------------------------
Finished Applying XDC Timing Constraints : Time (s): cpu = 00:00:35 ; elapsed = 00:01:06 . Memory (MB): peak = 2460.895 ; gain = 748.754 ; free physical = 277 ; free virtual = 3837
---------------------------------------------------------------------------------
---------------------------------------------------------------------------------
Start Timing Optimization
---------------------------------------------------------------------------------
---------------------------------------------------------------------------------
Finished Timing Optimization : Time (s): cpu = 00:00:35 ; elapsed = 00:01:06 . Memory (MB): peak = 2460.895 ; gain = 748.754 ; free physical = 281 ; free virtual = 3826
---------------------------------------------------------------------------------
---------------------------------------------------------------------------------
Start Technology Mapping
---------------------------------------------------------------------------------
---------------------------------------------------------------------------------
Finished Technology Mapping : Time (s): cpu = 00:00:35 ; elapsed = 00:01:06 . Memory (MB): peak = 2489.941 ; gain = 777.801 ; free physical = 281 ; free virtual = 3780
---------------------------------------------------------------------------------
---------------------------------------------------------------------------------
Start IO Insertion
---------------------------------------------------------------------------------
---------------------------------------------------------------------------------
Start Flattening Before IO Insertion
---------------------------------------------------------------------------------
---------------------------------------------------------------------------------
Finished Flattening Before IO Insertion
---------------------------------------------------------------------------------
---------------------------------------------------------------------------------
Start Final Netlist Cleanup
---------------------------------------------------------------------------------
---------------------------------------------------------------------------------
Finished Final Netlist Cleanup
---------------------------------------------------------------------------------
---------------------------------------------------------------------------------
Finished IO Insertion : Time (s): cpu = 00:00:43 ; elapsed = 00:01:20 . Memory (MB): peak = 2657.754 ; gain = 945.613 ; free physical = 279 ; free virtual = 2274
---------------------------------------------------------------------------------
---------------------------------------------------------------------------------
Start Renaming Generated Instances
---------------------------------------------------------------------------------
---------------------------------------------------------------------------------
Finished Renaming Generated Instances : Time (s): cpu = 00:00:43 ; elapsed = 00:01:20 . Memory (MB): peak = 2657.754 ; gain = 945.613 ; free physical = 268 ; free virtual = 2271
---------------------------------------------------------------------------------
---------------------------------------------------------------------------------
Start Rebuilding User Hierarchy
---------------------------------------------------------------------------------
---------------------------------------------------------------------------------
Finished Rebuilding User Hierarchy : Time (s): cpu = 00:00:43 ; elapsed = 00:01:20 . Memory (MB): peak = 2657.754 ; gain = 945.613 ; free physical = 256 ; free virtual = 2266
---------------------------------------------------------------------------------
---------------------------------------------------------------------------------
Start Renaming Generated Ports
---------------------------------------------------------------------------------
---------------------------------------------------------------------------------
Finished Renaming Generated Ports : Time (s): cpu = 00:00:43 ; elapsed = 00:01:20 . Memory (MB): peak = 2657.754 ; gain = 945.613 ; free physical = 256 ; free virtual = 2268
---------------------------------------------------------------------------------
---------------------------------------------------------------------------------
Start Handling Custom Attributes
---------------------------------------------------------------------------------
---------------------------------------------------------------------------------
Finished Handling Custom Attributes : Time (s): cpu = 00:00:43 ; elapsed = 00:01:20 . Memory (MB): peak = 2657.754 ; gain = 945.613 ; free physical = 249 ; free virtual = 2265
---------------------------------------------------------------------------------
---------------------------------------------------------------------------------
Start Renaming Generated Nets
---------------------------------------------------------------------------------
---------------------------------------------------------------------------------
Finished Renaming Generated Nets : Time (s): cpu = 00:00:43 ; elapsed = 00:01:20 . Memory (MB): peak = 2657.754 ; gain = 945.613 ; free physical = 249 ; free virtual = 2265
---------------------------------------------------------------------------------
---------------------------------------------------------------------------------
Start Writing Synthesis Report
---------------------------------------------------------------------------------

DSP Final Report (the ' indicates corresponding REG is set)
+------------+-------------+--------+--------+--------+--------+--------+------+------+------+------+-------+------+------+
|Module Name | DSP Mapping | A Size | B Size | C Size | D Size | P Size | AREG | BREG | CREG | DREG | ADREG | MREG | PREG | 
+------------+-------------+--------+--------+--------+--------+--------+------+------+------+------+-------+------+------+
|zkf_mul     | (C+A*B)'    | 18     | 17     | 35     | -      | 36     | 0    | 0    | 0    | -    | -     | 0    | 1    | 
+------------+-------------+--------+--------+--------+--------+--------+------+------+------+------+-------+------+------+


Report BlackBoxes: 
+-+--------------+----------+
| |BlackBox name |Instances |
+-+--------------+----------+
+-+--------------+----------+

Report Cell Usage: 
+------+--------+------+
|      |Cell    |Count |
+------+--------+------+
|1     |CARRY4  |    10|
|2     |DSP48E1 |     1|
|3     |LUT2    |    18|
|4     |LUT3    |    29|
|5     |LUT4    |    11|
|6     |LUT5    |     7|
|7     |LUT6    |    35|
|8     |FDRE    |    94|
+------+--------+------+
---------------------------------------------------------------------------------
Finished Writing Synthesis Report : Time (s): cpu = 00:00:43 ; elapsed = 00:01:20 . Memory (MB): peak = 2657.754 ; gain = 945.613 ; free physical = 249 ; free virtual = 2268
---------------------------------------------------------------------------------
Synthesis finished with 0 errors, 0 critical warnings and 0 warnings.
Synthesis Optimization Runtime : Time (s): cpu = 00:00:40 ; elapsed = 00:01:16 . Memory (MB): peak = 2657.754 ; gain = 879.859 ; free physical = 356 ; free virtual = 2384
Synthesis Optimization Complete : Time (s): cpu = 00:00:43 ; elapsed = 00:01:20 . Memory (MB): peak = 2657.762 ; gain = 945.613 ; free physical = 356 ; free virtual = 2383
INFO: [Project 1-571] Translating synthesized netlist
Netlist sorting complete. Time (s): cpu = 00:00:00.01 ; elapsed = 00:00:00.01 . Memory (MB): peak = 2657.762 ; gain = 0.000 ; free physical = 336 ; free virtual = 2364
INFO: [Netlist 29-17] Analyzing 11 Unisim elements for replacement
INFO: [Netlist 29-28] Unisim Transformation completed in 0 CPU seconds
INFO: [Project 1-570] Preparing netlist for logic optimization
Parsing XDC File [/mnt/storage/test/zkf-vs-flopoco/artifacts/targets/spartan7-vivado/rows/zkf_mul_w8_m18_base/constraints.xdc]
Finished Parsing XDC File [/mnt/storage/test/zkf-vs-flopoco/artifacts/targets/spartan7-vivado/rows/zkf_mul_w8_m18_base/constraints.xdc]
INFO: [Opt 31-138] Pushed 0 inverter(s) to 0 load pin(s).
Netlist sorting complete. Time (s): cpu = 00:00:00 ; elapsed = 00:00:00 . Memory (MB): peak = 2657.762 ; gain = 0.000 ; free physical = 261 ; free virtual = 2247
INFO: [Project 1-111] Unisim Transformation Summary:
No Unisim elements were transformed.

Synth Design complete | Checksum: 17e0510e
INFO: [Common 17-83] Releasing license: Synthesis
20 Infos, 1 Warnings, 0 Critical Warnings and 0 Errors encountered.
synth_design completed successfully
synth_design: Time (s): cpu = 00:00:54 ; elapsed = 00:01:34 . Memory (MB): peak = 2657.789 ; gain = 1104.836 ; free physical = 258 ; free virtual = 2211
INFO: [Common 17-2834] synth_design peak Physical Memory [PSS] (MB): overall = 1674.605; main = 1581.876; forked = 291.637
INFO: [Common 17-2834] synth_design peak Virtual Memory [VSS] (MB): overall = 3557.996; main = 2657.758; forked = 1122.738
Command: opt_design
Attempting to get a license for feature 'Implementation' and/or device 'xc7s50'
INFO: [Common 17-349] Got license for feature 'Implementation' and/or device 'xc7s50'
Running DRC as a precondition to command opt_design

Starting DRC Task
WARNING: [DRC 23-814] Not all possible (connectivity based) DRCs may have been run because this design is seen as Out of Context.
INFO: [Project 1-461] DRC finished with 0 Errors
INFO: [Project 1-462] Please refer to the DRC report (report_drc) for more information.

Time (s): cpu = 00:00:00.63 ; elapsed = 00:00:01 . Memory (MB): peak = 2657.789 ; gain = 0.000 ; free physical = 344 ; free virtual = 2283

Starting Cache Timing Information Task
INFO: [Timing 38-35] Done setting XDC timing constraints.
Ending Cache Timing Information Task | Checksum: 1e4f1d779

Time (s): cpu = 00:00:08 ; elapsed = 00:00:13 . Memory (MB): peak = 2657.789 ; gain = 0.000 ; free physical = 831 ; free virtual = 2867

Starting Logic Optimization Task

Phase 1 Initialization

Phase 1.1 Core Generation And Design Setup
Phase 1.1 Core Generation And Design Setup | Checksum: 1e4f1d779

Time (s): cpu = 00:00:00 ; elapsed = 00:00:00 . Memory (MB): peak = 2657.789 ; gain = 0.000 ; free physical = 904 ; free virtual = 2980

Phase 1.2 Setup Constraints And Sort Netlist
Phase 1.2 Setup Constraints And Sort Netlist | Checksum: 1e4f1d779

Time (s): cpu = 00:00:00.01 ; elapsed = 00:00:00 . Memory (MB): peak = 2657.789 ; gain = 0.000 ; free physical = 904 ; free virtual = 2980
Phase 1 Initialization | Checksum: 1e4f1d779

Time (s): cpu = 00:00:00.01 ; elapsed = 00:00:00.01 . Memory (MB): peak = 2657.789 ; gain = 0.000 ; free physical = 904 ; free virtual = 2980

Phase 2 Timer Update And Timing Data Collection

Phase 2.1 Detect if minReqCache needed
Phase 2.1 Detect if minReqCache needed | Checksum: 1e4f1d779

Time (s): cpu = 00:00:00.01 ; elapsed = 00:00:00.02 . Memory (MB): peak = 2657.789 ; gain = 0.000 ; free physical = 904 ; free virtual = 2980

Phase 2.2 Timer Update
Phase 2.2 Timer Update | Checksum: 1e4f1d779

Time (s): cpu = 00:00:00.01 ; elapsed = 00:00:00.03 . Memory (MB): peak = 2657.789 ; gain = 0.000 ; free physical = 904 ; free virtual = 2980
Phase 2 Timer Update And Timing Data Collection | Checksum: 1e4f1d779

Time (s): cpu = 00:00:00.01 ; elapsed = 00:00:00.03 . Memory (MB): peak = 2657.789 ; gain = 0.000 ; free physical = 904 ; free virtual = 2980

Phase 3 Retarget
INFO: [Opt 31-1851] Number of loadless carry chains removed were: 0
INFO: [Opt 31-1834] Total Chains To Be Transformed Were: 0 AND Number of Transformed insts Created are: 0
INFO: [Opt 31-138] Pushed 0 inverter(s) to 0 load pin(s).
INFO: [Opt 31-49] Retargeted 0 cell(s).
Phase 3 Retarget | Checksum: 1e4f1d779

Time (s): cpu = 00:00:00.03 ; elapsed = 00:00:00.06 . Memory (MB): peak = 2657.789 ; gain = 0.000 ; free physical = 904 ; free virtual = 2980
Retarget | Checksum: 1e4f1d779
INFO: [Opt 31-389] Phase Retarget created 0 cells and removed 0 cells

Phase 4 Constant propagation
INFO: [Opt 31-138] Pushed 0 inverter(s) to 0 load pin(s).
Phase 4 Constant propagation | Checksum: 1e4f1d779

Time (s): cpu = 00:00:00.03 ; elapsed = 00:00:00.07 . Memory (MB): peak = 2657.789 ; gain = 0.000 ; free physical = 904 ; free virtual = 2980
Constant propagation | Checksum: 1e4f1d779
INFO: [Opt 31-389] Phase Constant propagation created 0 cells and removed 0 cells

Phase 5 Sweep
INFO: [Constraints 18-11670] Building netlist checker database with flags, 0x8
Done building netlist checker database: Time (s): cpu = 00:00:00 ; elapsed = 00:00:00 . Memory (MB): peak = 2657.789 ; gain = 0.000 ; free physical = 904 ; free virtual = 2980
Phase 5 Sweep | Checksum: 280c373db

Time (s): cpu = 00:00:00.04 ; elapsed = 00:00:00.1 . Memory (MB): peak = 2657.789 ; gain = 0.000 ; free physical = 904 ; free virtual = 2980
Sweep | Checksum: 280c373db
INFO: [Opt 31-389] Phase Sweep created 0 cells and removed 0 cells
INFO: [Opt 31-1021] In phase Sweep, 160 netlist objects are constrained preventing optimization. Please run opt_design with -debug_log to get more detail. 

Phase 6 BUFG optimization
Phase 6 BUFG optimization | Checksum: 280c373db

Time (s): cpu = 00:00:00.05 ; elapsed = 00:00:00.12 . Memory (MB): peak = 2689.770 ; gain = 31.980 ; free physical = 904 ; free virtual = 2981
BUFG optimization | Checksum: 280c373db
INFO: [Opt 31-662] Phase BUFG optimization created 0 cells of which 0 are BUFGs and removed 0 cells.

Phase 7 Shift Register Optimization
INFO: [Opt 31-1064] SRL Remap converted 0 SRLs to 0 registers and converted 0 registers of register chains to 0 SRLs
Phase 7 Shift Register Optimization | Checksum: 280c373db

Time (s): cpu = 00:00:00.05 ; elapsed = 00:00:00.12 . Memory (MB): peak = 2689.770 ; gain = 31.980 ; free physical = 904 ; free virtual = 2981
Shift Register Optimization | Checksum: 280c373db
INFO: [Opt 31-389] Phase Shift Register Optimization created 0 cells and removed 0 cells

Phase 8 Post Processing Netlist
Phase 8 Post Processing Netlist | Checksum: 280c373db

Time (s): cpu = 00:00:00.05 ; elapsed = 00:00:00.12 . Memory (MB): peak = 2689.770 ; gain = 31.980 ; free physical = 904 ; free virtual = 2981
Post Processing Netlist | Checksum: 280c373db
INFO: [Opt 31-389] Phase Post Processing Netlist created 0 cells and removed 0 cells

Phase 9 Finalization

Phase 9.1 Finalizing Design Cores and Updating Shapes
Phase 9.1 Finalizing Design Cores and Updating Shapes | Checksum: 2c1e5000d

Time (s): cpu = 00:00:00.06 ; elapsed = 00:00:00.13 . Memory (MB): peak = 2689.770 ; gain = 31.980 ; free physical = 904 ; free virtual = 2981

Phase 9.2 Verifying Netlist Connectivity

Starting Connectivity Check Task

Time (s): cpu = 00:00:00.01 ; elapsed = 00:00:00.02 . Memory (MB): peak = 2689.770 ; gain = 0.000 ; free physical = 904 ; free virtual = 2982
Phase 9.2 Verifying Netlist Connectivity | Checksum: 2c1e5000d

Time (s): cpu = 00:00:00.07 ; elapsed = 00:00:00.15 . Memory (MB): peak = 2689.770 ; gain = 31.980 ; free physical = 904 ; free virtual = 2983
Phase 9 Finalization | Checksum: 2c1e5000d

Time (s): cpu = 00:00:00.07 ; elapsed = 00:00:00.15 . Memory (MB): peak = 2689.770 ; gain = 31.980 ; free physical = 904 ; free virtual = 2983
Opt_design Change Summary
=========================


-------------------------------------------------------------------------------------------------------------------------
|  Phase                        |  #Cells created  |  #Cells Removed  |  #Constrained objects preventing optimizations  |
-------------------------------------------------------------------------------------------------------------------------
|  Retarget                     |               0  |               0  |                                              0  |
|  Constant propagation         |               0  |               0  |                                              0  |
|  Sweep                        |               0  |               0  |                                            160  |
|  BUFG optimization            |               0  |               0  |                                              0  |
|  Shift Register Optimization  |               0  |               0  |                                              0  |
|  Post Processing Netlist      |               0  |               0  |                                              0  |
-------------------------------------------------------------------------------------------------------------------------


Ending Logic Optimization Task | Checksum: 2c1e5000d

Time (s): cpu = 00:00:00.07 ; elapsed = 00:00:00.15 . Memory (MB): peak = 2689.770 ; gain = 31.980 ; free physical = 904 ; free virtual = 2983

Starting Power Optimization Task
INFO: [Pwropt 34-132] Skipping clock gating for clocks with a period < 2.00 ns.
Ending Power Optimization Task | Checksum: 2c1e5000d

Time (s): cpu = 00:00:00.01 ; elapsed = 00:00:00.02 . Memory (MB): peak = 2689.770 ; gain = 0.000 ; free physical = 888 ; free virtual = 2969

Starting Final Cleanup Task
Ending Final Cleanup Task | Checksum: 2c1e5000d

Time (s): cpu = 00:00:00 ; elapsed = 00:00:00 . Memory (MB): peak = 2689.770 ; gain = 0.000 ; free physical = 888 ; free virtual = 2969
Netlist sorting complete. Time (s): cpu = 00:00:00 ; elapsed = 00:00:00 . Memory (MB): peak = 2689.770 ; gain = 0.000 ; free physical = 888 ; free virtual = 2969
INFO: [Common 17-83] Releasing license: Implementation
42 Infos, 2 Warnings, 0 Critical Warnings and 0 Errors encountered.
opt_design completed successfully
opt_design: Time (s): cpu = 00:00:13 ; elapsed = 00:00:22 . Memory (MB): peak = 2689.770 ; gain = 31.980 ; free physical = 888 ; free virtual = 2969
Command: place_design
Attempting to get a license for feature 'Implementation' and/or device 'xc7s50'
INFO: [Common 17-349] Got license for feature 'Implementation' and/or device 'xc7s50'
INFO: [Common 17-83] Releasing license: Implementation
WARNING: [DRC 23-814] Not all possible (connectivity based) DRCs may have been run because this design is seen as Out of Context.
INFO: [Vivado_Tcl 4-198] DRC finished with 0 Errors
INFO: [Vivado_Tcl 4-199] Please refer to the DRC report (report_drc) for more information.
INFO: [Timing 38-35] Done setting XDC timing constraints.
Running DRC as a precondition to command place_design
WARNING: [DRC 23-814] Not all possible (connectivity based) DRCs may have been run because this design is seen as Out of Context.
INFO: [Vivado_Tcl 4-198] DRC finished with 0 Errors
INFO: [Vivado_Tcl 4-199] Please refer to the DRC report (report_drc) for more information.

Starting Placer Task

Phase 1 Placer Initialization

Phase 1.1 Placer Initialization Netlist Sorting
Netlist sorting complete. Time (s): cpu = 00:00:00 ; elapsed = 00:00:00 . Memory (MB): peak = 2689.770 ; gain = 0.000 ; free physical = 860 ; free virtual = 2945
Phase 1.1 Placer Initialization Netlist Sorting | Checksum: 1c211d3db

Time (s): cpu = 00:00:00.01 ; elapsed = 00:00:00 . Memory (MB): peak = 2689.770 ; gain = 0.000 ; free physical = 860 ; free virtual = 2945
Netlist sorting complete. Time (s): cpu = 00:00:00 ; elapsed = 00:00:00 . Memory (MB): peak = 2689.770 ; gain = 0.000 ; free physical = 856 ; free virtual = 2941

Phase 1.2 IO Placement/ Clock Placement/ Build Placer Device
Phase 1.2 IO Placement/ Clock Placement/ Build Placer Device | Checksum: 130a8b2ca

Time (s): cpu = 00:00:00.16 ; elapsed = 00:00:00.32 . Memory (MB): peak = 2689.770 ; gain = 0.000 ; free physical = 848 ; free virtual = 2934

Phase 1.3 Build Placer Netlist Model
Phase 1.3 Build Placer Netlist Model | Checksum: 219aaecbc

Time (s): cpu = 00:00:00.32 ; elapsed = 00:00:00.66 . Memory (MB): peak = 2689.770 ; gain = 0.000 ; free physical = 810 ; free virtual = 2932

Phase 1.4 Constrain Clocks/Macros
Phase 1.4 Constrain Clocks/Macros | Checksum: 219aaecbc

Time (s): cpu = 00:00:00.32 ; elapsed = 00:00:00.67 . Memory (MB): peak = 2689.770 ; gain = 0.000 ; free physical = 810 ; free virtual = 2932
Phase 1 Placer Initialization | Checksum: 219aaecbc

Time (s): cpu = 00:00:00.33 ; elapsed = 00:00:00.68 . Memory (MB): peak = 2689.770 ; gain = 0.000 ; free physical = 810 ; free virtual = 2932

Phase 2 Global Placement

Phase 2.1 Floorplanning
Phase 2.1 Floorplanning | Checksum: 20c60407f

Time (s): cpu = 00:00:00.39 ; elapsed = 00:00:00.84 . Memory (MB): peak = 2689.770 ; gain = 0.000 ; free physical = 803 ; free virtual = 2924

Phase 2.2 Update Timing before SLR Path Opt
Phase 2.2 Update Timing before SLR Path Opt | Checksum: 17e753281

Time (s): cpu = 00:00:00.46 ; elapsed = 00:00:01 . Memory (MB): peak = 2689.770 ; gain = 0.000 ; free physical = 803 ; free virtual = 2924

Phase 2.3 Post-Processing in Floorplanning
Phase 2.3 Post-Processing in Floorplanning | Checksum: 17e753281

Time (s): cpu = 00:00:00.46 ; elapsed = 00:00:01 . Memory (MB): peak = 2689.770 ; gain = 0.000 ; free physical = 803 ; free virtual = 2924

Phase 2.4 Global Place Phase1
Phase 2.4 Global Place Phase1 | Checksum: 276cec483

Time (s): cpu = 00:00:01 ; elapsed = 00:00:02 . Memory (MB): peak = 2689.770 ; gain = 0.000 ; free physical = 774 ; free virtual = 2900

Phase 2.5 Global Place Phase2

Phase 2.5.1 UpdateTiming Before Physical Synthesis
Phase 2.5.1 UpdateTiming Before Physical Synthesis | Checksum: 276cec483

Time (s): cpu = 00:00:01 ; elapsed = 00:00:02 . Memory (MB): peak = 2689.770 ; gain = 0.000 ; free physical = 774 ; free virtual = 2900

Phase 2.5.2 Physical Synthesis In Placer
INFO: [Physopt 32-1035] Found 0 LUTNM shape to break, 2 LUT instances to create LUTNM shape
INFO: [Physopt 32-1044] Break lutnm for timing: one critical 0, two critical 0, total 0, new lutff created 0
INFO: [Physopt 32-1138] End 1 Pass. Optimized 1 net or LUT. Breaked 0 LUT, combined 1 existing LUT and moved 0 existing LUT
INFO: [Physopt 32-65] No nets found for high-fanout optimization.
INFO: [Physopt 32-232] Optimized 0 net. Created 0 new instance.
INFO: [Physopt 32-775] End 1 Pass. Optimized 0 net or cell. Created 0 new cell, deleted 0 existing cell and moved 0 existing cell
INFO: [Physopt 32-670] No setup violation found.  DSP Register Optimization was not performed.
INFO: [Physopt 32-670] No setup violation found.  Shift Register to Pipeline Optimization was not performed.
INFO: [Physopt 32-670] No setup violation found.  Shift Register Optimization was not performed.
INFO: [Physopt 32-670] No setup violation found.  BRAM Register Optimization was not performed.
INFO: [Physopt 32-670] No setup violation found.  URAM Register Optimization was not performed.
INFO: [Physopt 32-949] No candidate nets found for dynamic/static region interface net replication
INFO: [Physopt 32-775] End 1 Pass. Optimized 0 net or cell. Created 0 new cell, deleted 0 existing cell and moved 0 existing cell
Netlist sorting complete. Time (s): cpu = 00:00:00.01 ; elapsed = 00:00:00 . Memory (MB): peak = 2689.770 ; gain = 0.000 ; free physical = 744 ; free virtual = 2886

Summary of Physical Synthesis Optimizations
============================================


-----------------------------------------------------------------------------------------------------------------------------------------------------------
|  Optimization                                     |  Added Cells  |  Removed Cells  |  Optimized Cells/Nets  |  Dont Touch  |  Iterations  |  Elapsed   |
-----------------------------------------------------------------------------------------------------------------------------------------------------------
|  LUT Combining                                    |            0  |              1  |                     1  |           0  |           1  |  00:00:00  |
|  Retime                                           |            0  |              0  |                     0  |           0  |           1  |  00:00:00  |
|  Very High Fanout                                 |            0  |              0  |                     0  |           0  |           1  |  00:00:00  |
|  DSP Register                                     |            0  |              0  |                     0  |           0  |           0  |  00:00:00  |
|  Shift Register to Pipeline                       |            0  |              0  |                     0  |           0  |           0  |  00:00:00  |
|  Shift Register                                   |            0  |              0  |                     0  |           0  |           0  |  00:00:00  |
|  BRAM Register                                    |            0  |              0  |                     0  |           0  |           0  |  00:00:00  |
|  URAM Register                                    |            0  |              0  |                     0  |           0  |           0  |  00:00:00  |
|  Dynamic/Static Region Interface Net Replication  |            0  |              0  |                     0  |           0  |           1  |  00:00:00  |
|  Total                                            |            0  |              1  |                     1  |           0  |           4  |  00:00:00  |
-----------------------------------------------------------------------------------------------------------------------------------------------------------


Phase 2.5.2 Physical Synthesis In Placer | Checksum: 1e8c47054

Time (s): cpu = 00:00:01 ; elapsed = 00:00:03 . Memory (MB): peak = 2689.770 ; gain = 0.000 ; free physical = 728 ; free virtual = 2871
Phase 2.5 Global Place Phase2 | Checksum: 22a980d6a

Time (s): cpu = 00:00:01 ; elapsed = 00:00:03 . Memory (MB): peak = 2689.770 ; gain = 0.000 ; free physical = 720 ; free virtual = 2863
Phase 2 Global Placement | Checksum: 22a980d6a

Time (s): cpu = 00:00:01 ; elapsed = 00:00:03 . Memory (MB): peak = 2689.770 ; gain = 0.000 ; free physical = 720 ; free virtual = 2863

Phase 3 Detail Placement

Phase 3.1 Commit Multi Column Macros
Phase 3.1 Commit Multi Column Macros | Checksum: 2cda75a9c

Time (s): cpu = 00:00:01 ; elapsed = 00:00:03 . Memory (MB): peak = 2689.770 ; gain = 0.000 ; free physical = 713 ; free virtual = 2855

Phase 3.2 Commit Most Macros & LUTRAMs
Phase 3.2 Commit Most Macros & LUTRAMs | Checksum: 260067aed

Time (s): cpu = 00:00:02 ; elapsed = 00:00:03 . Memory (MB): peak = 2689.770 ; gain = 0.000 ; free physical = 713 ; free virtual = 2855

Phase 3.3 Area Swap Optimization
Phase 3.3 Area Swap Optimization | Checksum: 243ab2c17

Time (s): cpu = 00:00:02 ; elapsed = 00:00:03 . Memory (MB): peak = 2689.770 ; gain = 0.000 ; free physical = 713 ; free virtual = 2855

Phase 3.4 Pipeline Register Optimization
Phase 3.4 Pipeline Register Optimization | Checksum: 2483b8888

Time (s): cpu = 00:00:02 ; elapsed = 00:00:03 . Memory (MB): peak = 2689.770 ; gain = 0.000 ; free physical = 713 ; free virtual = 2855

Phase 3.5 Small Shape Detail Placement
Phase 3.5 Small Shape Detail Placement | Checksum: 251012932

Time (s): cpu = 00:00:02 ; elapsed = 00:00:04 . Memory (MB): peak = 2689.770 ; gain = 0.000 ; free physical = 705 ; free virtual = 2856

Phase 3.6 Re-assign LUT pins
Phase 3.6 Re-assign LUT pins | Checksum: 23228b1a9

Time (s): cpu = 00:00:02 ; elapsed = 00:00:04 . Memory (MB): peak = 2689.770 ; gain = 0.000 ; free physical = 705 ; free virtual = 2856

Phase 3.7 Pipeline Register Optimization
Phase 3.7 Pipeline Register Optimization | Checksum: 265d90e1c

Time (s): cpu = 00:00:02 ; elapsed = 00:00:04 . Memory (MB): peak = 2689.770 ; gain = 0.000 ; free physical = 705 ; free virtual = 2856
Phase 3 Detail Placement | Checksum: 265d90e1c

Time (s): cpu = 00:00:02 ; elapsed = 00:00:04 . Memory (MB): peak = 2689.770 ; gain = 0.000 ; free physical = 705 ; free virtual = 2856

Phase 4 Post Placement Optimization and Clean-Up

Phase 4.1 Post Commit Optimization
INFO: [Timing 38-35] Done setting XDC timing constraints.

Phase 4.1.1 Post Placement Optimization
Post Placement Optimization Initialization | Checksum: 212c37306

Phase 4.1.1.1 BUFG Insertion

Starting Physical Synthesis Task

Phase 1 Physical Synthesis Initialization
INFO: [Physopt 32-721] Multithreading enabled for phys_opt_design using a maximum of 1 CPUs
INFO: [Physopt 32-619] Estimated Timing Summary | WNS=0.851 | TNS=0.000 |
Phase 1 Physical Synthesis Initialization | Checksum: 1b297ae0e

Time (s): cpu = 00:00:00.02 ; elapsed = 00:00:00.03 . Memory (MB): peak = 2689.770 ; gain = 0.000 ; free physical = 695 ; free virtual = 2846
INFO: [Place 46-56] BUFG insertion identified 0 candidate nets. Inserted BUFG: 0, Replicated BUFG Driver: 0, Skipped due to Placement/Routing Conflicts: 0, Skipped due to Timing Degradation: 0, Skipped due to netlist editing failed: 0.
Ending Physical Synthesis Task | Checksum: 2aa461c6d

Time (s): cpu = 00:00:00.03 ; elapsed = 00:00:00.05 . Memory (MB): peak = 2689.770 ; gain = 0.000 ; free physical = 695 ; free virtual = 2846
Phase 4.1.1.1 BUFG Insertion | Checksum: 212c37306

Time (s): cpu = 00:00:02 ; elapsed = 00:00:04 . Memory (MB): peak = 2689.770 ; gain = 0.000 ; free physical = 691 ; free virtual = 2842

Phase 4.1.1.2 Post Placement Timing Optimization
INFO: [Place 30-746] Post Placement Timing Summary WNS=0.851. For the most accurate timing information please run report_timing.
Phase 4.1.1.2 Post Placement Timing Optimization | Checksum: 1b2cc15be

Time (s): cpu = 00:00:02 ; elapsed = 00:00:04 . Memory (MB): peak = 2689.770 ; gain = 0.000 ; free physical = 691 ; free virtual = 2842

Time (s): cpu = 00:00:02 ; elapsed = 00:00:04 . Memory (MB): peak = 2689.770 ; gain = 0.000 ; free physical = 691 ; free virtual = 2842
Phase 4.1 Post Commit Optimization | Checksum: 1b2cc15be

Time (s): cpu = 00:00:02 ; elapsed = 00:00:04 . Memory (MB): peak = 2689.770 ; gain = 0.000 ; free physical = 691 ; free virtual = 2842

Phase 4.2 Post Placement Cleanup
Phase 4.2 Post Placement Cleanup | Checksum: 1b2cc15be

Time (s): cpu = 00:00:02 ; elapsed = 00:00:04 . Memory (MB): peak = 2689.770 ; gain = 0.000 ; free physical = 691 ; free virtual = 2842

Phase 4.3 Placer Reporting

Phase 4.3.1 Print Estimated Congestion
INFO: [Place 30-612] Post-Placement Estimated Congestion 
 ____________________________________________________
|           | Global Congestion | Short Congestion  |
| Direction | Region Size       | Region Size       |
|___________|___________________|___________________|
|      North|                1x1|                1x1|
|___________|___________________|___________________|
|      South|                1x1|                1x1|
|___________|___________________|___________________|
|       East|                1x1|                1x1|
|___________|___________________|___________________|
|       West|                1x1|                1x1|
|___________|___________________|___________________|

Phase 4.3.1 Print Estimated Congestion | Checksum: 1b2cc15be

Time (s): cpu = 00:00:02 ; elapsed = 00:00:04 . Memory (MB): peak = 2689.770 ; gain = 0.000 ; free physical = 691 ; free virtual = 2842
Phase 4.3 Placer Reporting | Checksum: 1b2cc15be

Time (s): cpu = 00:00:02 ; elapsed = 00:00:04 . Memory (MB): peak = 2689.770 ; gain = 0.000 ; free physical = 691 ; free virtual = 2842

Phase 4.4 Final Placement Cleanup
Netlist sorting complete. Time (s): cpu = 00:00:00 ; elapsed = 00:00:00 . Memory (MB): peak = 2689.770 ; gain = 0.000 ; free physical = 691 ; free virtual = 2842

Time (s): cpu = 00:00:02 ; elapsed = 00:00:04 . Memory (MB): peak = 2689.770 ; gain = 0.000 ; free physical = 691 ; free virtual = 2842
Phase 4 Post Placement Optimization and Clean-Up | Checksum: 1ea8e6e52

Time (s): cpu = 00:00:02 ; elapsed = 00:00:04 . Memory (MB): peak = 2689.770 ; gain = 0.000 ; free physical = 691 ; free virtual = 2842
Ending Placer Task | Checksum: 1e23548cf

Time (s): cpu = 00:00:02 ; elapsed = 00:00:04 . Memory (MB): peak = 2689.770 ; gain = 0.000 ; free physical = 691 ; free virtual = 2842
68 Infos, 4 Warnings, 0 Critical Warnings and 0 Errors encountered.
place_design completed successfully
place_design: Time (s): cpu = 00:00:03 ; elapsed = 00:00:06 . Memory (MB): peak = 2689.770 ; gain = 0.000 ; free physical = 691 ; free virtual = 2842
Command: route_design
Attempting to get a license for feature 'Implementation' and/or device 'xc7s50'
INFO: [Common 17-349] Got license for feature 'Implementation' and/or device 'xc7s50'


Starting Routing Task

Phase 1 Build RT Design
Checksum: PlaceDB: b56dbdf4 ConstDB: 0 ShapeSum: 823657a5 RouteDB: aa913336
WARNING: [Route 35-197] Clock port "clk" does not have an associated HD.CLK_SRC. Without this constraint, timing analysis may not be accurate and upstream checks cannot be done to ensure correct clock placement.
WARNING: [Route 35-198] Port "a_i[24]" does not have an associated HD.PARTPIN_LOCS, which will prevent the partial routing of the signal "a_i[24]". Without this partial route, timing analysis to/from this port will not be accurate, and no routing information for this port can be exported.
WARNING: [Route 35-198] Port "a_i[23]" does not have an associated HD.PARTPIN_LOCS, which will prevent the partial routing of the signal "a_i[23]". Without this partial route, timing analysis to/from this port will not be accurate, and no routing information for this port can be exported.
WARNING: [Route 35-198] Port "a_i[22]" does not have an associated HD.PARTPIN_LOCS, which will prevent the partial routing of the signal "a_i[22]". Without this partial route, timing analysis to/from this port will not be accurate, and no routing information for this port can be exported.
WARNING: [Route 35-198] Port "a_i[21]" does not have an associated HD.PARTPIN_LOCS, which will prevent the partial routing of the signal "a_i[21]". Without this partial route, timing analysis to/from this port will not be accurate, and no routing information for this port can be exported.
WARNING: [Route 35-198] Port "a_i[20]" does not have an associated HD.PARTPIN_LOCS, which will prevent the partial routing of the signal "a_i[20]". Without this partial route, timing analysis to/from this port will not be accurate, and no routing information for this port can be exported.
WARNING: [Route 35-198] Port "b_i[19]" does not have an associated HD.PARTPIN_LOCS, which will prevent the partial routing of the signal "b_i[19]". Without this partial route, timing analysis to/from this port will not be accurate, and no routing information for this port can be exported.
WARNING: [Route 35-198] Port "b_i[24]" does not have an associated HD.PARTPIN_LOCS, which will prevent the partial routing of the signal "b_i[24]". Without this partial route, timing analysis to/from this port will not be accurate, and no routing information for this port can be exported.
WARNING: [Route 35-198] Port "b_i[23]" does not have an associated HD.PARTPIN_LOCS, which will prevent the partial routing of the signal "b_i[23]". Without this partial route, timing analysis to/from this port will not be accurate, and no routing information for this port can be exported.
WARNING: [Route 35-198] Port "b_i[22]" does not have an associated HD.PARTPIN_LOCS, which will prevent the partial routing of the signal "b_i[22]". Without this partial route, timing analysis to/from this port will not be accurate, and no routing information for this port can be exported.
WARNING: [Route 35-198] Port "b_i[21]" does not have an associated HD.PARTPIN_LOCS, which will prevent the partial routing of the signal "b_i[21]". Without this partial route, timing analysis to/from this port will not be accurate, and no routing information for this port can be exported.
WARNING: [Route 35-198] Port "b_i[20]" does not have an associated HD.PARTPIN_LOCS, which will prevent the partial routing of the signal "b_i[20]". Without this partial route, timing analysis to/from this port will not be accurate, and no routing information for this port can be exported.
WARNING: [Route 35-198] Port "a_i[25]" does not have an associated HD.PARTPIN_LOCS, which will prevent the partial routing of the signal "a_i[25]". Without this partial route, timing analysis to/from this port will not be accurate, and no routing information for this port can be exported.
WARNING: [Route 35-198] Port "b_i[25]" does not have an associated HD.PARTPIN_LOCS, which will prevent the partial routing of the signal "b_i[25]". Without this partial route, timing analysis to/from this port will not be accurate, and no routing information for this port can be exported.
WARNING: [Route 35-198] Port "b_i[17]" does not have an associated HD.PARTPIN_LOCS, which will prevent the partial routing of the signal "b_i[17]". Without this partial route, timing analysis to/from this port will not be accurate, and no routing information for this port can be exported.
WARNING: [Route 35-198] Port "a_i[19]" does not have an associated HD.PARTPIN_LOCS, which will prevent the partial routing of the signal "a_i[19]". Without this partial route, timing analysis to/from this port will not be accurate, and no routing information for this port can be exported.
WARNING: [Route 35-198] Port "a_i[18]" does not have an associated HD.PARTPIN_LOCS, which will prevent the partial routing of the signal "a_i[18]". Without this partial route, timing analysis to/from this port will not be accurate, and no routing information for this port can be exported.
WARNING: [Route 35-198] Port "a_i[17]" does not have an associated HD.PARTPIN_LOCS, which will prevent the partial routing of the signal "a_i[17]". Without this partial route, timing analysis to/from this port will not be accurate, and no routing information for this port can be exported.
WARNING: [Route 35-198] Port "rst" does not have an associated HD.PARTPIN_LOCS, which will prevent the partial routing of the signal "rst". Without this partial route, timing analysis to/from this port will not be accurate, and no routing information for this port can be exported.
WARNING: [Route 35-198] Port "in_valid_i" does not have an associated HD.PARTPIN_LOCS, which will prevent the partial routing of the signal "in_valid_i". Without this partial route, timing analysis to/from this port will not be accurate, and no routing information for this port can be exported.
WARNING: [Route 35-198] Port "b_i[18]" does not have an associated HD.PARTPIN_LOCS, which will prevent the partial routing of the signal "b_i[18]". Without this partial route, timing analysis to/from this port will not be accurate, and no routing information for this port can be exported.
WARNING: [Route 35-198] Port "a_i[16]" does not have an associated HD.PARTPIN_LOCS, which will prevent the partial routing of the signal "a_i[16]". Without this partial route, timing analysis to/from this port will not be accurate, and no routing information for this port can be exported.
WARNING: [Route 35-198] Port "a_i[1]" does not have an associated HD.PARTPIN_LOCS, which will prevent the partial routing of the signal "a_i[1]". Without this partial route, timing analysis to/from this port will not be accurate, and no routing information for this port can be exported.
WARNING: [Route 35-198] Port "b_i[16]" does not have an associated HD.PARTPIN_LOCS, which will prevent the partial routing of the signal "b_i[16]". Without this partial route, timing analysis to/from this port will not be accurate, and no routing information for this port can be exported.
WARNING: [Route 35-198] Port "a_i[15]" does not have an associated HD.PARTPIN_LOCS, which will prevent the partial routing of the signal "a_i[15]". Without this partial route, timing analysis to/from this port will not be accurate, and no routing information for this port can be exported.
WARNING: [Route 35-198] Port "a_i[13]" does not have an associated HD.PARTPIN_LOCS, which will prevent the partial routing of the signal "a_i[13]". Without this partial route, timing analysis to/from this port will not be accurate, and no routing information for this port can be exported.
WARNING: [Route 35-198] Port "a_i[12]" does not have an associated HD.PARTPIN_LOCS, which will prevent the partial routing of the signal "a_i[12]". Without this partial route, timing analysis to/from this port will not be accurate, and no routing information for this port can be exported.
WARNING: [Route 35-198] Port "a_i[0]" does not have an associated HD.PARTPIN_LOCS, which will prevent the partial routing of the signal "a_i[0]". Without this partial route, timing analysis to/from this port will not be accurate, and no routing information for this port can be exported.
WARNING: [Route 35-198] Port "b_i[15]" does not have an associated HD.PARTPIN_LOCS, which will prevent the partial routing of the signal "b_i[15]". Without this partial route, timing analysis to/from this port will not be accurate, and no routing information for this port can be exported.
WARNING: [Route 35-198] Port "b_i[14]" does not have an associated HD.PARTPIN_LOCS, which will prevent the partial routing of the signal "b_i[14]". Without this partial route, timing analysis to/from this port will not be accurate, and no routing information for this port can be exported.
WARNING: [Route 35-198] Port "b_i[13]" does not have an associated HD.PARTPIN_LOCS, which will prevent the partial routing of the signal "b_i[13]". Without this partial route, timing analysis to/from this port will not be accurate, and no routing information for this port can be exported.
WARNING: [Route 35-198] Port "b_i[12]" does not have an associated HD.PARTPIN_LOCS, which will prevent the partial routing of the signal "b_i[12]". Without this partial route, timing analysis to/from this port will not be accurate, and no routing information for this port can be exported.
WARNING: [Route 35-198] Port "b_i[10]" does not have an associated HD.PARTPIN_LOCS, which will prevent the partial routing of the signal "b_i[10]". Without this partial route, timing analysis to/from this port will not be accurate, and no routing information for this port can be exported.
WARNING: [Route 35-198] Port "a_i[14]" does not have an associated HD.PARTPIN_LOCS, which will prevent the partial routing of the signal "a_i[14]". Without this partial route, timing analysis to/from this port will not be accurate, and no routing information for this port can be exported.
WARNING: [Route 35-198] Port "a_i[11]" does not have an associated HD.PARTPIN_LOCS, which will prevent the partial routing of the signal "a_i[11]". Without this partial route, timing analysis to/from this port will not be accurate, and no routing information for this port can be exported.
WARNING: [Route 35-198] Port "a_i[2]" does not have an associated HD.PARTPIN_LOCS, which will prevent the partial routing of the signal "a_i[2]". Without this partial route, timing analysis to/from this port will not be accurate, and no routing information for this port can be exported.
WARNING: [Route 35-198] Port "b_i[11]" does not have an associated HD.PARTPIN_LOCS, which will prevent the partial routing of the signal "b_i[11]". Without this partial route, timing analysis to/from this port will not be accurate, and no routing information for this port can be exported.
WARNING: [Route 35-198] Port "b_i[9]" does not have an associated HD.PARTPIN_LOCS, which will prevent the partial routing of the signal "b_i[9]". Without this partial route, timing analysis to/from this port will not be accurate, and no routing information for this port can be exported.
WARNING: [Route 35-198] Port "b_i[8]" does not have an associated HD.PARTPIN_LOCS, which will prevent the partial routing of the signal "b_i[8]". Without this partial route, timing analysis to/from this port will not be accurate, and no routing information for this port can be exported.
WARNING: [Route 35-198] Port "b_i[6]" does not have an associated HD.PARTPIN_LOCS, which will prevent the partial routing of the signal "b_i[6]". Without this partial route, timing analysis to/from this port will not be accurate, and no routing information for this port can be exported.
WARNING: [Route 35-198] Port "b_i[5]" does not have an associated HD.PARTPIN_LOCS, which will prevent the partial routing of the signal "b_i[5]". Without this partial route, timing analysis to/from this port will not be accurate, and no routing information for this port can be exported.
WARNING: [Route 35-198] Port "b_i[4]" does not have an associated HD.PARTPIN_LOCS, which will prevent the partial routing of the signal "b_i[4]". Without this partial route, timing analysis to/from this port will not be accurate, and no routing information for this port can be exported.
WARNING: [Route 35-198] Port "a_i[10]" does not have an associated HD.PARTPIN_LOCS, which will prevent the partial routing of the signal "a_i[10]". Without this partial route, timing analysis to/from this port will not be accurate, and no routing information for this port can be exported.
WARNING: [Route 35-198] Port "a_i[5]" does not have an associated HD.PARTPIN_LOCS, which will prevent the partial routing of the signal "a_i[5]". Without this partial route, timing analysis to/from this port will not be accurate, and no routing information for this port can be exported.
WARNING: [Route 35-198] Port "a_i[4]" does not have an associated HD.PARTPIN_LOCS, which will prevent the partial routing of the signal "a_i[4]". Without this partial route, timing analysis to/from this port will not be accurate, and no routing information for this port can be exported.
WARNING: [Route 35-198] Port "a_i[9]" does not have an associated HD.PARTPIN_LOCS, which will prevent the partial routing of the signal "a_i[9]". Without this partial route, timing analysis to/from this port will not be accurate, and no routing information for this port can be exported.
WARNING: [Route 35-198] Port "a_i[8]" does not have an associated HD.PARTPIN_LOCS, which will prevent the partial routing of the signal "a_i[8]". Without this partial route, timing analysis to/from this port will not be accurate, and no routing information for this port can be exported.
WARNING: [Route 35-198] Port "a_i[7]" does not have an associated HD.PARTPIN_LOCS, which will prevent the partial routing of the signal "a_i[7]". Without this partial route, timing analysis to/from this port will not be accurate, and no routing information for this port can be exported.
WARNING: [Route 35-198] Port "b_i[7]" does not have an associated HD.PARTPIN_LOCS, which will prevent the partial routing of the signal "b_i[7]". Without this partial route, timing analysis to/from this port will not be accurate, and no routing information for this port can be exported.
WARNING: [Route 35-198] Port "a_i[6]" does not have an associated HD.PARTPIN_LOCS, which will prevent the partial routing of the signal "a_i[6]". Without this partial route, timing analysis to/from this port will not be accurate, and no routing information for this port can be exported.
WARNING: [Route 35-198] Port "a_i[3]" does not have an associated HD.PARTPIN_LOCS, which will prevent the partial routing of the signal "a_i[3]". Without this partial route, timing analysis to/from this port will not be accurate, and no routing information for this port can be exported.
WARNING: [Route 35-198] Port "b_i[3]" does not have an associated HD.PARTPIN_LOCS, which will prevent the partial routing of the signal "b_i[3]". Without this partial route, timing analysis to/from this port will not be accurate, and no routing information for this port can be exported.
WARNING: [Route 35-198] Port "b_i[2]" does not have an associated HD.PARTPIN_LOCS, which will prevent the partial routing of the signal "b_i[2]". Without this partial route, timing analysis to/from this port will not be accurate, and no routing information for this port can be exported.
WARNING: [Route 35-198] Port "b_i[1]" does not have an associated HD.PARTPIN_LOCS, which will prevent the partial routing of the signal "b_i[1]". Without this partial route, timing analysis to/from this port will not be accurate, and no routing information for this port can be exported.
WARNING: [Route 35-198] Port "b_i[0]" does not have an associated HD.PARTPIN_LOCS, which will prevent the partial routing of the signal "b_i[0]". Without this partial route, timing analysis to/from this port will not be accurate, and no routing information for this port can be exported.
WARNING: [Constraints 18-8777] Unable to split tiles. All required files are not available.
Post Restoration Checksum: NetGraph: 8b8f5cf0 | NumContArr: 77f8848f | Constraints: c2a8fa9d | Timing: c2a8fa9d
Phase 1 Build RT Design | Checksum: 288d9d6b9

Time (s): cpu = 00:00:31 ; elapsed = 00:00:55 . Memory (MB): peak = 2689.770 ; gain = 0.000 ; free physical = 314 ; free virtual = 2629

Phase 2 Router Initialization

Phase 2.1 Fix Topology Constraints
Phase 2.1 Fix Topology Constraints | Checksum: 288d9d6b9

Time (s): cpu = 00:00:31 ; elapsed = 00:00:55 . Memory (MB): peak = 2689.770 ; gain = 0.000 ; free physical = 314 ; free virtual = 2629

Phase 2.2 Pre Route Cleanup
Phase 2.2 Pre Route Cleanup | Checksum: 288d9d6b9

Time (s): cpu = 00:00:31 ; elapsed = 00:00:55 . Memory (MB): peak = 2689.770 ; gain = 0.000 ; free physical = 314 ; free virtual = 2629
 Number of Nodes with overlaps = 0

Phase 2.3 Update Timing
Phase 2.3 Update Timing | Checksum: 238e6cd8f

Time (s): cpu = 00:00:31 ; elapsed = 00:00:56 . Memory (MB): peak = 2689.770 ; gain = 0.000 ; free physical = 311 ; free virtual = 2628
INFO: [Route 35-416] Intermediate Timing Summary | WNS=0.894  | TNS=0.000  | WHS=0.167  | THS=0.000  |


Phase 2.4 Soft Constraint Pins - Fast Budgeting
Phase 2.4 Soft Constraint Pins - Fast Budgeting | Checksum: 2793c3c05

Time (s): cpu = 00:00:31 ; elapsed = 00:00:56 . Memory (MB): peak = 2689.770 ; gain = 0.000 ; free physical = 311 ; free virtual = 2628

Router Utilization Summary
  Global Vertical Routing Utilization    = 0 %
  Global Horizontal Routing Utilization  = 0 %
  Routable Net Status*
  *Does not include unroutable nets such as driverless and loadless.
  Run report_route_status for detailed report.
  Number of Failed Nets               = 166
    (Failed Nets is the sum of unrouted and partially routed nets)
  Number of Unrouted Nets             = 166
  Number of Partially Routed Nets     = 0
  Number of Node Overlaps             = 0

Phase 2 Router Initialization | Checksum: 2793c3c05

Time (s): cpu = 00:00:31 ; elapsed = 00:00:56 . Memory (MB): peak = 2689.770 ; gain = 0.000 ; free physical = 306 ; free virtual = 2629

Phase 3 Global Routing
Phase 3 Global Routing | Checksum: 2793c3c05

Time (s): cpu = 00:00:31 ; elapsed = 00:00:56 . Memory (MB): peak = 2689.770 ; gain = 0.000 ; free physical = 306 ; free virtual = 2629

Phase 4 Initial Routing

Phase 4.1 Initial Net Routing Pass
Phase 4.1 Initial Net Routing Pass | Checksum: 2830fd95f

Time (s): cpu = 00:00:32 ; elapsed = 00:00:56 . Memory (MB): peak = 2689.770 ; gain = 0.000 ; free physical = 289 ; free virtual = 2630
Phase 4 Initial Routing | Checksum: 2830fd95f

Time (s): cpu = 00:00:32 ; elapsed = 00:00:56 . Memory (MB): peak = 2689.770 ; gain = 0.000 ; free physical = 289 ; free virtual = 2630

Phase 5 Rip-up And Reroute

Phase 5.1 Global Iteration 0
 Number of Nodes with overlaps = 21
 Number of Nodes with overlaps = 7
 Number of Nodes with overlaps = 3
 Number of Nodes with overlaps = 0
INFO: [Route 35-416] Intermediate Timing Summary | WNS=0.908  | TNS=0.000  | WHS=N/A    | THS=N/A    |

Phase 5.1 Global Iteration 0 | Checksum: 191a02c98

Time (s): cpu = 00:00:32 ; elapsed = 00:00:57 . Memory (MB): peak = 2689.770 ; gain = 0.000 ; free physical = 289 ; free virtual = 2630
Phase 5 Rip-up And Reroute | Checksum: 191a02c98

Time (s): cpu = 00:00:32 ; elapsed = 00:00:57 . Memory (MB): peak = 2689.770 ; gain = 0.000 ; free physical = 289 ; free virtual = 2630

Phase 6 Delay and Skew Optimization

Phase 6.1 Delay CleanUp
Phase 6.1 Delay CleanUp | Checksum: 191a02c98

Time (s): cpu = 00:00:32 ; elapsed = 00:00:57 . Memory (MB): peak = 2689.770 ; gain = 0.000 ; free physical = 289 ; free virtual = 2630

Phase 6.2 Clock Skew Optimization
Phase 6.2 Clock Skew Optimization | Checksum: 191a02c98

Time (s): cpu = 00:00:32 ; elapsed = 00:00:57 . Memory (MB): peak = 2689.770 ; gain = 0.000 ; free physical = 289 ; free virtual = 2630
Phase 6 Delay and Skew Optimization | Checksum: 191a02c98

Time (s): cpu = 00:00:32 ; elapsed = 00:00:57 . Memory (MB): peak = 2689.770 ; gain = 0.000 ; free physical = 289 ; free virtual = 2630

Phase 7 Post Hold Fix

Phase 7.1 Hold Fix Iter
INFO: [Route 35-416] Intermediate Timing Summary | WNS=0.908  | TNS=0.000  | WHS=0.163  | THS=0.000  |

Phase 7.1 Hold Fix Iter | Checksum: 1c061d75f

Time (s): cpu = 00:00:32 ; elapsed = 00:00:57 . Memory (MB): peak = 2689.770 ; gain = 0.000 ; free physical = 289 ; free virtual = 2630
Phase 7 Post Hold Fix | Checksum: 1c061d75f

Time (s): cpu = 00:00:32 ; elapsed = 00:00:57 . Memory (MB): peak = 2689.770 ; gain = 0.000 ; free physical = 289 ; free virtual = 2630

Phase 8 Route finalize

Router Utilization Summary
  Global Vertical Routing Utilization    = 0.0217651 %
  Global Horizontal Routing Utilization  = 0.0271994 %
  Routable Net Status*
  *Does not include unroutable nets such as driverless and loadless.
  Run report_route_status for detailed report.
  Number of Failed Nets               = 0
    (Failed Nets is the sum of unrouted and partially routed nets)
  Number of Unrouted Nets             = 0
  Number of Partially Routed Nets     = 0
  Number of Node Overlaps             = 0

Phase 8 Route finalize | Checksum: 1c061d75f

Time (s): cpu = 00:00:32 ; elapsed = 00:00:57 . Memory (MB): peak = 2689.770 ; gain = 0.000 ; free physical = 289 ; free virtual = 2630

Phase 9 Verifying routed nets

 Verification completed successfully
Phase 9 Verifying routed nets | Checksum: 1c061d75f

Time (s): cpu = 00:00:32 ; elapsed = 00:00:57 . Memory (MB): peak = 2689.770 ; gain = 0.000 ; free physical = 288 ; free virtual = 2629

Phase 10 Depositing Routes
Phase 10 Depositing Routes | Checksum: 23367263d

Time (s): cpu = 00:00:32 ; elapsed = 00:00:57 . Memory (MB): peak = 2689.770 ; gain = 0.000 ; free physical = 288 ; free virtual = 2629

Phase 11 Post Process Routing
Phase 11 Post Process Routing | Checksum: 23367263d

Time (s): cpu = 00:00:32 ; elapsed = 00:00:57 . Memory (MB): peak = 2689.770 ; gain = 0.000 ; free physical = 288 ; free virtual = 2629

Phase 12 Post Router Timing
INFO: [Route 35-57] Estimated Timing Summary | WNS=0.908  | TNS=0.000  | WHS=0.163  | THS=0.000  |

INFO: [Route 35-327] The final timing numbers are based on the router estimated timing analysis. For a complete and accurate timing signoff, please run report_timing_summary.
Phase 12 Post Router Timing | Checksum: 23367263d

Time (s): cpu = 00:00:32 ; elapsed = 00:00:57 . Memory (MB): peak = 2689.770 ; gain = 0.000 ; free physical = 288 ; free virtual = 2629
Total Elapsed time in route_design: 57.29 secs

Phase 13 Post-Route Event Processing
Phase 13 Post-Route Event Processing | Checksum: 1ea0b6cd4

Time (s): cpu = 00:00:32 ; elapsed = 00:00:57 . Memory (MB): peak = 2689.770 ; gain = 0.000 ; free physical = 288 ; free virtual = 2629
INFO: [Route 35-16] Router Completed Successfully
Ending Routing Task | Checksum: 1ea0b6cd4

Time (s): cpu = 00:00:32 ; elapsed = 00:00:57 . Memory (MB): peak = 2689.770 ; gain = 0.000 ; free physical = 288 ; free virtual = 2629

Routing Is Done.
INFO: [Common 17-83] Releasing license: Implementation
76 Infos, 60 Warnings, 0 Critical Warnings and 0 Errors encountered.
route_design completed successfully
route_design: Time (s): cpu = 00:00:32 ; elapsed = 00:00:57 . Memory (MB): peak = 2689.770 ; gain = 0.000 ; free physical = 288 ; free virtual = 2629
INFO: [Timing 38-91] UpdateTimingParams: Speed grade: -1, Delay Type: min_max.
WARNING: [Timing 38-242] The property HD.CLK_SRC of clock port "clk" is not set. In out-of-context mode, this prevents timing estimation for clock delay/skew
Resolution: Set the HD.CLK_SRC property of the out-of-context port to the location of the clock buffer instance in the top-level design
WARNING: [Vivado 12-180] No cells matched 'get_cells -hier -filter {REF_NAME =~ RAMB*}'.
INFO: [Timing 38-480] Writing timing data to binary archive.
Write ShapeDB Complete: Time (s): cpu = 00:00:00.01 ; elapsed = 00:00:00 . Memory (MB): peak = 2689.770 ; gain = 0.000 ; free physical = 270 ; free virtual = 2627
Wrote PlaceDB: Time (s): cpu = 00:00:00 ; elapsed = 00:00:00 . Memory (MB): peak = 2689.770 ; gain = 0.000 ; free physical = 270 ; free virtual = 2627
Wrote PulsedLatchDB: Time (s): cpu = 00:00:00 ; elapsed = 00:00:00 . Memory (MB): peak = 2689.770 ; gain = 0.000 ; free physical = 270 ; free virtual = 2627
Writing XDEF routing.
Writing XDEF routing logical nets.
Writing XDEF routing special nets.
Wrote RouteStorage: Time (s): cpu = 00:00:00.01 ; elapsed = 00:00:00.02 . Memory (MB): peak = 2689.770 ; gain = 0.000 ; free physical = 270 ; free virtual = 2627
Wrote PlaceStorage: Time (s): cpu = 00:00:00.01 ; elapsed = 00:00:00.01 . Memory (MB): peak = 2689.770 ; gain = 0.000 ; free physical = 270 ; free virtual = 2627
Wrote Netlist Cache: Time (s): cpu = 00:00:00 ; elapsed = 00:00:00 . Memory (MB): peak = 2689.770 ; gain = 0.000 ; free physical = 270 ; free virtual = 2627
Wrote Device Cache: Time (s): cpu = 00:00:00.01 ; elapsed = 00:00:00.01 . Memory (MB): peak = 2689.770 ; gain = 0.000 ; free physical = 269 ; free virtual = 2627
Write Physdb Complete: Time (s): cpu = 00:00:00.03 ; elapsed = 00:00:00.04 . Memory (MB): peak = 2689.770 ; gain = 0.000 ; free physical = 269 ; free virtual = 2627
INFO: [Common 17-1381] The checkpoint '/mnt/storage/test/zkf-vs-flopoco/artifacts/targets/spartan7-vivado/rows/zkf_mul_w8_m18_base/post_route.dcp' has been generated.
INFO: [Common 17-206] Exiting Vivado at Sat May 23 22:41:49 2026...
$ /mnt/storage/xilinx/2025.2.1/Vivado/bin/vivado -mode batch -nojournal -nolog -notrace -source /mnt/storage/test/zkf-vs-flopoco/artifacts/targets/spartan7-vivado/rows/zkf_mul_w8_m18_base/vivado.tcl


[exit code 0]
