
****** Vivado v2025.2.1 (64-bit)
  **** SW Build 6403652 on Thu Mar 19 13:47:00 MDT 2026
  **** IP Build 6403511 on Thu Mar 19 12:41:45 MDT 2026
  **** SharedData Build 6403650 on Thu Mar 19 14:02:13 MDT 2026
  **** Start of session at: Sun May 24 15:04:14 2026
    ** Copyright 1986-2022 Xilinx, Inc. All Rights Reserved.
    ** Copyright 2022-2026 Advanced Micro Devices, Inc. All Rights Reserved.

source /mnt/storage/test/zkf-vs-flopoco/artifacts/targets/spartan7-vivado/rows/tommath_mul_e8_m35_round_even_p2/vivado.tcl -notrace
read_xdc: Time (s): cpu = 00:00:07 ; elapsed = 00:00:07 . Memory (MB): peak = 1552.895 ; gain = 41.840 ; free physical = 10172 ; free virtual = 21146
Command: synth_design -top top_tommath_mul_e8_m35_round_even_p2 -part xc7s50csga324-1 -mode out_of_context -flatten_hierarchy rebuilt
Starting synth_design
Attempting to get a license for feature 'Synthesis' and/or device 'xc7s50'
INFO: [Common 17-349] Got license for feature 'Synthesis' and/or device 'xc7s50'
INFO: [Device 21-403] Loading part xc7s50csga324-1
INFO: [Synth 8-7079] Multithreading enabled for synth_design using a maximum of 1 processes.
INFO: [Synth 8-7078] Launching helper process for spawning children vivado processes
INFO: [Synth 8-7075] Helper process launched with PID 365981
---------------------------------------------------------------------------------
Starting RTL Elaboration : Time (s): cpu = 00:00:04 ; elapsed = 00:00:04 . Memory (MB): peak = 2193.707 ; gain = 484.562 ; free physical = 9313 ; free virtual = 20287
---------------------------------------------------------------------------------
INFO: [Synth 8-6157] synthesizing module 'top_tommath_mul_e8_m35_round_even_p2' [/mnt/storage/test/zkf-vs-flopoco/artifacts/targets/spartan7-vivado/rows/tommath_mul_e8_m35_round_even_p2/src/top_tommath_mul_e8_m35_round_even_p2.v:3]
INFO: [Synth 8-6157] synthesizing module 'FpxxMul' [/mnt/storage/test/zkf-vs-flopoco/artifacts/targets/spartan7-vivado/rows/tommath_mul_e8_m35_round_even_p2/src/tommath_mul_e8_m35_round_even_p2.v:7]
INFO: [Synth 8-6155] done synthesizing module 'FpxxMul' (0#1) [/mnt/storage/test/zkf-vs-flopoco/artifacts/targets/spartan7-vivado/rows/tommath_mul_e8_m35_round_even_p2/src/tommath_mul_e8_m35_round_even_p2.v:7]
INFO: [Synth 8-6155] done synthesizing module 'top_tommath_mul_e8_m35_round_even_p2' (0#1) [/mnt/storage/test/zkf-vs-flopoco/artifacts/targets/spartan7-vivado/rows/tommath_mul_e8_m35_round_even_p2/src/top_tommath_mul_e8_m35_round_even_p2.v:3]
WARNING: [Synth 8-6014] Unused sequential element n1_n0_a_mant_reg was removed.  [/mnt/storage/test/zkf-vs-flopoco/artifacts/targets/spartan7-vivado/rows/tommath_mul_e8_m35_round_even_p2/src/tommath_mul_e8_m35_round_even_p2.v:199]
WARNING: [Synth 8-6014] Unused sequential element n1_n0_a_sign_reg was removed.  [/mnt/storage/test/zkf-vs-flopoco/artifacts/targets/spartan7-vivado/rows/tommath_mul_e8_m35_round_even_p2/src/tommath_mul_e8_m35_round_even_p2.v:201]
WARNING: [Synth 8-6014] Unused sequential element n1_n0_b_mant_reg was removed.  [/mnt/storage/test/zkf-vs-flopoco/artifacts/targets/spartan7-vivado/rows/tommath_mul_e8_m35_round_even_p2/src/tommath_mul_e8_m35_round_even_p2.v:202]
WARNING: [Synth 8-6014] Unused sequential element n1_n0_b_sign_reg was removed.  [/mnt/storage/test/zkf-vs-flopoco/artifacts/targets/spartan7-vivado/rows/tommath_mul_e8_m35_round_even_p2/src/tommath_mul_e8_m35_round_even_p2.v:204]
---------------------------------------------------------------------------------
Finished RTL Elaboration : Time (s): cpu = 00:00:06 ; elapsed = 00:00:06 . Memory (MB): peak = 2280.676 ; gain = 571.531 ; free physical = 9225 ; free virtual = 20200
---------------------------------------------------------------------------------
---------------------------------------------------------------------------------
Start Handling Custom Attributes
---------------------------------------------------------------------------------
---------------------------------------------------------------------------------
Finished Handling Custom Attributes : Time (s): cpu = 00:00:06 ; elapsed = 00:00:06 . Memory (MB): peak = 2295.520 ; gain = 586.375 ; free physical = 9213 ; free virtual = 20188
---------------------------------------------------------------------------------
---------------------------------------------------------------------------------
Finished RTL Optimization Phase 1 : Time (s): cpu = 00:00:06 ; elapsed = 00:00:06 . Memory (MB): peak = 2295.520 ; gain = 586.375 ; free physical = 9213 ; free virtual = 20188
---------------------------------------------------------------------------------
Netlist sorting complete. Time (s): cpu = 00:00:00.01 ; elapsed = 00:00:00 . Memory (MB): peak = 2295.520 ; gain = 0.000 ; free physical = 9213 ; free virtual = 20188
INFO: [Project 1-570] Preparing netlist for logic optimization

Processing XDC Constraints
Initializing timing engine
Parsing XDC File [/mnt/storage/test/zkf-vs-flopoco/artifacts/targets/spartan7-vivado/rows/tommath_mul_e8_m35_round_even_p2/constraints.xdc]
Finished Parsing XDC File [/mnt/storage/test/zkf-vs-flopoco/artifacts/targets/spartan7-vivado/rows/tommath_mul_e8_m35_round_even_p2/constraints.xdc]
Completed Processing XDC Constraints

Netlist sorting complete. Time (s): cpu = 00:00:00 ; elapsed = 00:00:00 . Memory (MB): peak = 2357.238 ; gain = 0.000 ; free physical = 9184 ; free virtual = 20159
INFO: [Project 1-111] Unisim Transformation Summary:
No Unisim elements were transformed.

Constraint Validation Runtime : Time (s): cpu = 00:00:00 ; elapsed = 00:00:00 . Memory (MB): peak = 2357.273 ; gain = 0.000 ; free physical = 9184 ; free virtual = 20159
---------------------------------------------------------------------------------
Finished Constraint Validation : Time (s): cpu = 00:00:12 ; elapsed = 00:00:13 . Memory (MB): peak = 2357.273 ; gain = 648.129 ; free physical = 9201 ; free virtual = 20176
---------------------------------------------------------------------------------
---------------------------------------------------------------------------------
Start Loading Part and Timing Information
---------------------------------------------------------------------------------
Loading part: xc7s50csga324-1
---------------------------------------------------------------------------------
Finished Loading Part and Timing Information : Time (s): cpu = 00:00:12 ; elapsed = 00:00:13 . Memory (MB): peak = 2365.242 ; gain = 656.098 ; free physical = 9201 ; free virtual = 20176
---------------------------------------------------------------------------------
---------------------------------------------------------------------------------
Start Applying 'set_property' XDC Constraints
---------------------------------------------------------------------------------
---------------------------------------------------------------------------------
Finished applying 'set_property' XDC Constraints : Time (s): cpu = 00:00:12 ; elapsed = 00:00:13 . Memory (MB): peak = 2365.242 ; gain = 656.098 ; free physical = 9201 ; free virtual = 20176
---------------------------------------------------------------------------------
---------------------------------------------------------------------------------
Finished RTL Optimization Phase 2 : Time (s): cpu = 00:00:13 ; elapsed = 00:00:13 . Memory (MB): peak = 2365.242 ; gain = 656.098 ; free physical = 9199 ; free virtual = 20175
---------------------------------------------------------------------------------
---------------------------------------------------------------------------------
Start RTL Component Statistics 
---------------------------------------------------------------------------------
Detailed RTL Component Info : 
+---Adders : 
	   2 Input   37 Bit       Adders := 1     
	   2 Input   36 Bit       Adders := 1     
	   2 Input   10 Bit       Adders := 1     
	   3 Input   10 Bit       Adders := 1     
	   2 Input    9 Bit       Adders := 1     
+---XORs : 
	   2 Input      1 Bit         XORs := 1     
+---Registers : 
	               72 Bit    Registers := 1     
	               44 Bit    Registers := 3     
	               36 Bit    Registers := 2     
	               10 Bit    Registers := 1     
	                8 Bit    Registers := 2     
	                1 Bit    Registers := 12    
+---Multipliers : 
	              36x36  Multipliers := 1     
+---Muxes : 
	   2 Input   36 Bit        Muxes := 1     
	   5 Input   35 Bit        Muxes := 1     
	   5 Input    8 Bit        Muxes := 1     
---------------------------------------------------------------------------------
Finished RTL Component Statistics 
---------------------------------------------------------------------------------
---------------------------------------------------------------------------------
Start Part Resource Summary
---------------------------------------------------------------------------------
Part Resources:
DSPs: 120 (col length:60)
BRAMs: 150 (col length: RAMB18 60 RAMB36 30)
---------------------------------------------------------------------------------
Finished Part Resource Summary
---------------------------------------------------------------------------------
---------------------------------------------------------------------------------
Start Cross Boundary and Area Optimization
---------------------------------------------------------------------------------
DSP Report: Generating DSP n1_mant_mul, operation Mode is: A2*B2.
DSP Report: register n1_mant_mul is absorbed into DSP n1_mant_mul.
DSP Report: register n1_n0_mant_a_reg is absorbed into DSP n1_mant_mul.
DSP Report: operator n1_mant_mul is absorbed into DSP n1_mant_mul.
DSP Report: operator n1_mant_mul is absorbed into DSP n1_mant_mul.
DSP Report: Generating DSP n2_n1_mant_mul_reg, operation Mode is: (PCIN>>17)+A2*B2.
DSP Report: register n2_n1_mant_mul_reg is absorbed into DSP n2_n1_mant_mul_reg.
DSP Report: register n1_n0_mant_b_reg is absorbed into DSP n2_n1_mant_mul_reg.
DSP Report: register n2_n1_mant_mul_reg is absorbed into DSP n2_n1_mant_mul_reg.
DSP Report: operator n1_mant_mul is absorbed into DSP n2_n1_mant_mul_reg.
DSP Report: operator n1_mant_mul is absorbed into DSP n2_n1_mant_mul_reg.
DSP Report: Generating DSP n1_mant_mul, operation Mode is: A2*B2.
DSP Report: register n1_mant_mul is absorbed into DSP n1_mant_mul.
DSP Report: register n1_mant_mul is absorbed into DSP n1_mant_mul.
DSP Report: operator n1_mant_mul is absorbed into DSP n1_mant_mul.
DSP Report: operator n1_mant_mul is absorbed into DSP n1_mant_mul.
DSP Report: Generating DSP n2_n1_mant_mul_reg, operation Mode is: (PCIN>>17)+A2*B2.
DSP Report: register n2_n1_mant_mul_reg is absorbed into DSP n2_n1_mant_mul_reg.
DSP Report: register n1_n0_mant_b_reg is absorbed into DSP n2_n1_mant_mul_reg.
DSP Report: register n2_n1_mant_mul_reg is absorbed into DSP n2_n1_mant_mul_reg.
DSP Report: operator n1_mant_mul is absorbed into DSP n2_n1_mant_mul_reg.
DSP Report: operator n1_mant_mul is absorbed into DSP n2_n1_mant_mul_reg.
WARNING: [Synth 8-3332] Sequential element (n2_n1_mant_mul_reg[47]) is unused and will be removed from module FpxxMul.
WARNING: [Synth 8-3332] Sequential element (n2_n1_mant_mul_reg[46]) is unused and will be removed from module FpxxMul.
WARNING: [Synth 8-3332] Sequential element (n2_n1_mant_mul_reg[45]) is unused and will be removed from module FpxxMul.
WARNING: [Synth 8-3332] Sequential element (n2_n1_mant_mul_reg[44]) is unused and will be removed from module FpxxMul.
WARNING: [Synth 8-3332] Sequential element (n2_n1_mant_mul_reg[43]) is unused and will be removed from module FpxxMul.
WARNING: [Synth 8-3332] Sequential element (n2_n1_mant_mul_reg[42]) is unused and will be removed from module FpxxMul.
WARNING: [Synth 8-3332] Sequential element (n2_n1_mant_mul_reg[41]) is unused and will be removed from module FpxxMul.
WARNING: [Synth 8-3332] Sequential element (n2_n1_mant_mul_reg[40]) is unused and will be removed from module FpxxMul.
WARNING: [Synth 8-3332] Sequential element (n2_n1_mant_mul_reg[39]) is unused and will be removed from module FpxxMul.
WARNING: [Synth 8-3332] Sequential element (n2_n1_mant_mul_reg[38]) is unused and will be removed from module FpxxMul.
WARNING: [Synth 8-3332] Sequential element (n2_n1_mant_mul_reg[37]) is unused and will be removed from module FpxxMul.
WARNING: [Synth 8-3332] Sequential element (n2_n1_mant_mul_reg[36]) is unused and will be removed from module FpxxMul.
WARNING: [Synth 8-3332] Sequential element (n2_n1_mant_mul_reg[35]) is unused and will be removed from module FpxxMul.
WARNING: [Synth 8-3332] Sequential element (n2_n1_mant_mul_reg[34]) is unused and will be removed from module FpxxMul.
WARNING: [Synth 8-3332] Sequential element (n2_n1_mant_mul_reg[33]) is unused and will be removed from module FpxxMul.
WARNING: [Synth 8-3332] Sequential element (n2_n1_mant_mul_reg[32]) is unused and will be removed from module FpxxMul.
WARNING: [Synth 8-3332] Sequential element (n2_n1_mant_mul_reg[31]) is unused and will be removed from module FpxxMul.
WARNING: [Synth 8-3332] Sequential element (n2_n1_mant_mul_reg[30]) is unused and will be removed from module FpxxMul.
WARNING: [Synth 8-3332] Sequential element (n2_n1_mant_mul_reg[29]) is unused and will be removed from module FpxxMul.
WARNING: [Synth 8-3332] Sequential element (n2_n1_mant_mul_reg[28]) is unused and will be removed from module FpxxMul.
WARNING: [Synth 8-3332] Sequential element (n2_n1_mant_mul_reg[27]) is unused and will be removed from module FpxxMul.
WARNING: [Synth 8-3332] Sequential element (n2_n1_mant_mul_reg[26]) is unused and will be removed from module FpxxMul.
WARNING: [Synth 8-3332] Sequential element (n2_n1_mant_mul_reg[25]) is unused and will be removed from module FpxxMul.
WARNING: [Synth 8-3332] Sequential element (n2_n1_mant_mul_reg[24]) is unused and will be removed from module FpxxMul.
WARNING: [Synth 8-3332] Sequential element (n2_n1_mant_mul_reg[23]) is unused and will be removed from module FpxxMul.
WARNING: [Synth 8-3332] Sequential element (n2_n1_mant_mul_reg[22]) is unused and will be removed from module FpxxMul.
WARNING: [Synth 8-3332] Sequential element (n2_n1_mant_mul_reg[21]) is unused and will be removed from module FpxxMul.
WARNING: [Synth 8-3332] Sequential element (n2_n1_mant_mul_reg[47]__0) is unused and will be removed from module FpxxMul.
WARNING: [Synth 8-3332] Sequential element (n2_n1_mant_mul_reg[46]__0) is unused and will be removed from module FpxxMul.
WARNING: [Synth 8-3332] Sequential element (n2_n1_mant_mul_reg[45]__0) is unused and will be removed from module FpxxMul.
WARNING: [Synth 8-3332] Sequential element (n2_n1_mant_mul_reg[44]__0) is unused and will be removed from module FpxxMul.
WARNING: [Synth 8-3332] Sequential element (n2_n1_mant_mul_reg[43]__0) is unused and will be removed from module FpxxMul.
WARNING: [Synth 8-3332] Sequential element (n2_n1_mant_mul_reg[42]__0) is unused and will be removed from module FpxxMul.
WARNING: [Synth 8-3332] Sequential element (n2_n1_mant_mul_reg[41]__0) is unused and will be removed from module FpxxMul.
WARNING: [Synth 8-3332] Sequential element (n2_n1_mant_mul_reg[40]__0) is unused and will be removed from module FpxxMul.
WARNING: [Synth 8-3332] Sequential element (n2_n1_mant_mul_reg[39]__0) is unused and will be removed from module FpxxMul.
WARNING: [Synth 8-3332] Sequential element (n2_n1_mant_mul_reg[38]__0) is unused and will be removed from module FpxxMul.
WARNING: [Synth 8-3332] Sequential element (n2_n1_mant_mul_reg[37]__0) is unused and will be removed from module FpxxMul.
WARNING: [Synth 8-3332] Sequential element (n2_n1_mant_mul_reg[36]__0) is unused and will be removed from module FpxxMul.
WARNING: [Synth 8-3332] Sequential element (n2_n1_mant_mul_reg[35]__0) is unused and will be removed from module FpxxMul.
WARNING: [Synth 8-3332] Sequential element (n2_n1_mant_mul_reg[34]__0) is unused and will be removed from module FpxxMul.
WARNING: [Synth 8-3332] Sequential element (n2_n1_mant_mul_reg[33]__0) is unused and will be removed from module FpxxMul.
WARNING: [Synth 8-3332] Sequential element (n2_n1_mant_mul_reg[32]__0) is unused and will be removed from module FpxxMul.
WARNING: [Synth 8-3332] Sequential element (n2_n1_mant_mul_reg[31]__0) is unused and will be removed from module FpxxMul.
WARNING: [Synth 8-3332] Sequential element (n2_n1_mant_mul_reg[30]__0) is unused and will be removed from module FpxxMul.
WARNING: [Synth 8-3332] Sequential element (n2_n1_mant_mul_reg[29]__0) is unused and will be removed from module FpxxMul.
WARNING: [Synth 8-3332] Sequential element (n2_n1_mant_mul_reg[28]__0) is unused and will be removed from module FpxxMul.
WARNING: [Synth 8-3332] Sequential element (n2_n1_mant_mul_reg[27]__0) is unused and will be removed from module FpxxMul.
WARNING: [Synth 8-3332] Sequential element (n2_n1_mant_mul_reg[26]__0) is unused and will be removed from module FpxxMul.
WARNING: [Synth 8-3332] Sequential element (n2_n1_mant_mul_reg[25]__0) is unused and will be removed from module FpxxMul.
WARNING: [Synth 8-3332] Sequential element (n2_n1_mant_mul_reg[24]__0) is unused and will be removed from module FpxxMul.
WARNING: [Synth 8-3332] Sequential element (n2_n1_mant_mul_reg[23]__0) is unused and will be removed from module FpxxMul.
WARNING: [Synth 8-3332] Sequential element (n2_n1_mant_mul_reg[22]__0) is unused and will be removed from module FpxxMul.
WARNING: [Synth 8-3332] Sequential element (n2_n1_mant_mul_reg[21]__0) is unused and will be removed from module FpxxMul.
WARNING: [Synth 8-3332] Sequential element (n2_n1_mant_mul_reg[20]__0) is unused and will be removed from module FpxxMul.
WARNING: [Synth 8-3332] Sequential element (n2_n1_mant_mul_reg[19]__0) is unused and will be removed from module FpxxMul.
WARNING: [Synth 8-3332] Sequential element (n2_n1_mant_mul_reg[18]__0) is unused and will be removed from module FpxxMul.
WARNING: [Synth 8-3332] Sequential element (n2_n1_mant_mul_reg[17]__0) is unused and will be removed from module FpxxMul.
WARNING: [Synth 8-3332] Sequential element (n2_n1_mant_mul_reg[47]__1) is unused and will be removed from module FpxxMul.
WARNING: [Synth 8-3332] Sequential element (n2_n1_mant_mul_reg[46]__1) is unused and will be removed from module FpxxMul.
WARNING: [Synth 8-3332] Sequential element (n2_n1_mant_mul_reg[45]__1) is unused and will be removed from module FpxxMul.
WARNING: [Synth 8-3332] Sequential element (n2_n1_mant_mul_reg[44]__1) is unused and will be removed from module FpxxMul.
WARNING: [Synth 8-3332] Sequential element (n2_n1_mant_mul_reg[43]__1) is unused and will be removed from module FpxxMul.
WARNING: [Synth 8-3332] Sequential element (n2_n1_mant_mul_reg[42]__1) is unused and will be removed from module FpxxMul.
WARNING: [Synth 8-3332] Sequential element (n2_n1_mant_mul_reg[41]__1) is unused and will be removed from module FpxxMul.
WARNING: [Synth 8-3332] Sequential element (n2_n1_mant_mul_reg[40]__1) is unused and will be removed from module FpxxMul.
WARNING: [Synth 8-3332] Sequential element (n2_n1_mant_mul_reg[39]__1) is unused and will be removed from module FpxxMul.
WARNING: [Synth 8-3332] Sequential element (n2_n1_mant_mul_reg[38]__1) is unused and will be removed from module FpxxMul.
WARNING: [Synth 8-3332] Sequential element (n2_n1_mant_mul_reg[37]__1) is unused and will be removed from module FpxxMul.
WARNING: [Synth 8-3332] Sequential element (n2_n1_mant_mul_reg[36]__1) is unused and will be removed from module FpxxMul.
WARNING: [Synth 8-3332] Sequential element (n2_n1_mant_mul_reg[35]__1) is unused and will be removed from module FpxxMul.
WARNING: [Synth 8-3332] Sequential element (n2_n1_mant_mul_reg[34]__1) is unused and will be removed from module FpxxMul.
WARNING: [Synth 8-3332] Sequential element (n2_n1_mant_mul_reg[33]__1) is unused and will be removed from module FpxxMul.
WARNING: [Synth 8-3332] Sequential element (n2_n1_mant_mul_reg[32]__1) is unused and will be removed from module FpxxMul.
WARNING: [Synth 8-3332] Sequential element (n2_n1_mant_mul_reg[31]__1) is unused and will be removed from module FpxxMul.
WARNING: [Synth 8-3332] Sequential element (n2_n1_mant_mul_reg[30]__1) is unused and will be removed from module FpxxMul.
WARNING: [Synth 8-3332] Sequential element (n2_n1_mant_mul_reg[29]__1) is unused and will be removed from module FpxxMul.
WARNING: [Synth 8-3332] Sequential element (n2_n1_mant_mul_reg[28]__1) is unused and will be removed from module FpxxMul.
WARNING: [Synth 8-3332] Sequential element (n2_n1_mant_mul_reg[27]__1) is unused and will be removed from module FpxxMul.
WARNING: [Synth 8-3332] Sequential element (n2_n1_mant_mul_reg[26]__1) is unused and will be removed from module FpxxMul.
WARNING: [Synth 8-3332] Sequential element (n2_n1_mant_mul_reg[25]__1) is unused and will be removed from module FpxxMul.
WARNING: [Synth 8-3332] Sequential element (n2_n1_mant_mul_reg[24]__1) is unused and will be removed from module FpxxMul.
WARNING: [Synth 8-3332] Sequential element (n2_n1_mant_mul_reg[23]__1) is unused and will be removed from module FpxxMul.
WARNING: [Synth 8-3332] Sequential element (n2_n1_mant_mul_reg[22]__1) is unused and will be removed from module FpxxMul.
WARNING: [Synth 8-3332] Sequential element (n2_n1_mant_mul_reg[21]__1) is unused and will be removed from module FpxxMul.
WARNING: [Synth 8-3332] Sequential element (n2_n1_mant_mul_reg[20]__1) is unused and will be removed from module FpxxMul.
WARNING: [Synth 8-3332] Sequential element (n2_n1_mant_mul_reg[19]__1) is unused and will be removed from module FpxxMul.
WARNING: [Synth 8-3332] Sequential element (n2_n1_mant_mul_reg[18]__1) is unused and will be removed from module FpxxMul.
WARNING: [Synth 8-3332] Sequential element (n2_n1_mant_mul_reg[17]__1) is unused and will be removed from module FpxxMul.
---------------------------------------------------------------------------------
Finished Cross Boundary and Area Optimization : Time (s): cpu = 00:00:15 ; elapsed = 00:00:15 . Memory (MB): peak = 2365.242 ; gain = 656.098 ; free physical = 9192 ; free virtual = 20168
---------------------------------------------------------------------------------
 Sort Area is  n1_mant_mul_3 : 0 0 : 2954 5967 : Used 1 time 0
 Sort Area is  n1_mant_mul_3 : 0 1 : 3013 5967 : Used 1 time 0
 Sort Area is  n1_mant_mul_0 : 0 0 : 2737 5750 : Used 1 time 0
 Sort Area is  n1_mant_mul_0 : 0 1 : 3013 5750 : Used 1 time 0
---------------------------------------------------------------------------------
Start ROM, RAM, DSP, Shift Register and Retiming Reporting
---------------------------------------------------------------------------------

DSP: Preliminary Mapping Report (see note below. The ' indicates corresponding REG is set)
+------------+------------------+--------+--------+--------+--------+--------+------+------+------+------+-------+------+------+
|Module Name | DSP Mapping      | A Size | B Size | C Size | D Size | P Size | AREG | BREG | CREG | DREG | ADREG | MREG | PREG | 
+------------+------------------+--------+--------+--------+--------+--------+------+------+------+------+-------+------+------+
|FpxxMul     | A2*B2            | 20     | 18     | -      | -      | 48     | 1    | 1    | -    | -    | -     | 0    | 0    | 
|FpxxMul     | (PCIN>>17)+A2*B2 | 20     | 18     | -      | -      | 48     | 1    | 1    | -    | -    | -     | 0    | 1    | 
|FpxxMul     | A2*B2            | 18     | 18     | -      | -      | 48     | 1    | 1    | -    | -    | -     | 0    | 0    | 
|FpxxMul     | (PCIN>>17)+A2*B2 | 20     | 18     | -      | -      | 48     | 1    | 1    | -    | -    | -     | 0    | 1    | 
+------------+------------------+--------+--------+--------+--------+--------+------+------+------+------+-------+------+------+

Note: The table above is a preliminary report that shows the DSPs inferred at the current stage of the synthesis flow. Some DSP may be reimplemented as non DSP primitives later in the synthesis flow. Multiple instantiated DSPs are reported only once.
---------------------------------------------------------------------------------
Finished ROM, RAM, DSP, Shift Register and Retiming Reporting
---------------------------------------------------------------------------------
---------------------------------------------------------------------------------
Start Applying XDC Timing Constraints
---------------------------------------------------------------------------------
---------------------------------------------------------------------------------
Finished Applying XDC Timing Constraints : Time (s): cpu = 00:00:21 ; elapsed = 00:00:22 . Memory (MB): peak = 2467.242 ; gain = 758.098 ; free physical = 9054 ; free virtual = 20033
---------------------------------------------------------------------------------
---------------------------------------------------------------------------------
Start Timing Optimization
---------------------------------------------------------------------------------
---------------------------------------------------------------------------------
Finished Timing Optimization : Time (s): cpu = 00:00:22 ; elapsed = 00:00:22 . Memory (MB): peak = 2504.289 ; gain = 795.145 ; free physical = 9029 ; free virtual = 20008
---------------------------------------------------------------------------------
---------------------------------------------------------------------------------
Start Technology Mapping
---------------------------------------------------------------------------------
---------------------------------------------------------------------------------
Finished Technology Mapping : Time (s): cpu = 00:00:22 ; elapsed = 00:00:22 . Memory (MB): peak = 2504.289 ; gain = 795.145 ; free physical = 9032 ; free virtual = 20011
---------------------------------------------------------------------------------
---------------------------------------------------------------------------------
Start IO Insertion
---------------------------------------------------------------------------------
---------------------------------------------------------------------------------
Start Flattening Before IO Insertion
---------------------------------------------------------------------------------
---------------------------------------------------------------------------------
Finished Flattening Before IO Insertion
---------------------------------------------------------------------------------
---------------------------------------------------------------------------------
Start Final Netlist Cleanup
---------------------------------------------------------------------------------
---------------------------------------------------------------------------------
Finished Final Netlist Cleanup
---------------------------------------------------------------------------------
---------------------------------------------------------------------------------
Finished IO Insertion : Time (s): cpu = 00:00:25 ; elapsed = 00:00:26 . Memory (MB): peak = 2676.102 ; gain = 966.957 ; free physical = 8886 ; free virtual = 19865
---------------------------------------------------------------------------------
---------------------------------------------------------------------------------
Start Renaming Generated Instances
---------------------------------------------------------------------------------
---------------------------------------------------------------------------------
Finished Renaming Generated Instances : Time (s): cpu = 00:00:25 ; elapsed = 00:00:26 . Memory (MB): peak = 2676.102 ; gain = 966.957 ; free physical = 8886 ; free virtual = 19865
---------------------------------------------------------------------------------
---------------------------------------------------------------------------------
Start Rebuilding User Hierarchy
---------------------------------------------------------------------------------
---------------------------------------------------------------------------------
Finished Rebuilding User Hierarchy : Time (s): cpu = 00:00:25 ; elapsed = 00:00:26 . Memory (MB): peak = 2676.102 ; gain = 966.957 ; free physical = 8886 ; free virtual = 19865
---------------------------------------------------------------------------------
---------------------------------------------------------------------------------
Start Renaming Generated Ports
---------------------------------------------------------------------------------
---------------------------------------------------------------------------------
Finished Renaming Generated Ports : Time (s): cpu = 00:00:25 ; elapsed = 00:00:26 . Memory (MB): peak = 2676.102 ; gain = 966.957 ; free physical = 8886 ; free virtual = 19865
---------------------------------------------------------------------------------
---------------------------------------------------------------------------------
Start Handling Custom Attributes
---------------------------------------------------------------------------------
---------------------------------------------------------------------------------
Finished Handling Custom Attributes : Time (s): cpu = 00:00:25 ; elapsed = 00:00:26 . Memory (MB): peak = 2676.102 ; gain = 966.957 ; free physical = 8886 ; free virtual = 19865
---------------------------------------------------------------------------------
---------------------------------------------------------------------------------
Start Renaming Generated Nets
---------------------------------------------------------------------------------
---------------------------------------------------------------------------------
Finished Renaming Generated Nets : Time (s): cpu = 00:00:25 ; elapsed = 00:00:26 . Memory (MB): peak = 2676.102 ; gain = 966.957 ; free physical = 8886 ; free virtual = 19865
---------------------------------------------------------------------------------
---------------------------------------------------------------------------------
Start Writing Synthesis Report
---------------------------------------------------------------------------------

DSP Final Report (the ' indicates corresponding REG is set)
+------------+--------------------+--------+--------+--------+--------+--------+------+------+------+------+-------+------+------+
|Module Name | DSP Mapping        | A Size | B Size | C Size | D Size | P Size | AREG | BREG | CREG | DREG | ADREG | MREG | PREG | 
+------------+--------------------+--------+--------+--------+--------+--------+------+------+------+------+-------+------+------+
|FpxxMul     | A'*B'              | 19     | 17     | -      | -      | 48     | 1    | 1    | -    | -    | -     | 0    | 0    | 
|FpxxMul     | (PCIN>>17+(A*B)')' | 19     | 17     | -      | -      | 48     | 0    | 0    | -    | -    | -     | 1    | 1    | 
|FpxxMul     | A'*B'              | 17     | 17     | -      | -      | 48     | 1    | 1    | -    | -    | -     | 0    | 0    | 
|FpxxMul     | (PCIN>>17+(A*B)')' | 19     | 17     | -      | -      | 48     | 0    | 0    | -    | -    | -     | 1    | 1    | 
+------------+--------------------+--------+--------+--------+--------+--------+------+------+------+------+-------+------+------+


Report BlackBoxes: 
+-+--------------+----------+
| |BlackBox name |Instances |
+-+--------------+----------+
+-+--------------+----------+

Report Cell Usage: 
+------+--------+------+
|      |Cell    |Count |
+------+--------+------+
|1     |CARRY4  |    40|
|2     |DSP48E1 |     4|
|4     |LUT1    |     1|
|5     |LUT2    |    48|
|6     |LUT3    |   110|
|7     |LUT4    |    28|
|8     |LUT5    |    57|
|9     |LUT6    |    46|
|10    |FDCE    |     2|
|11    |FDRE    |   242|
+------+--------+------+
---------------------------------------------------------------------------------
Finished Writing Synthesis Report : Time (s): cpu = 00:00:25 ; elapsed = 00:00:26 . Memory (MB): peak = 2676.102 ; gain = 966.957 ; free physical = 8886 ; free virtual = 19864
---------------------------------------------------------------------------------
Synthesis finished with 0 errors, 0 critical warnings and 89 warnings.
Synthesis Optimization Runtime : Time (s): cpu = 00:00:24 ; elapsed = 00:00:25 . Memory (MB): peak = 2676.102 ; gain = 905.203 ; free physical = 9216 ; free virtual = 20194
Synthesis Optimization Complete : Time (s): cpu = 00:00:26 ; elapsed = 00:00:26 . Memory (MB): peak = 2676.109 ; gain = 966.957 ; free physical = 9216 ; free virtual = 20195
INFO: [Project 1-571] Translating synthesized netlist
Netlist sorting complete. Time (s): cpu = 00:00:00.01 ; elapsed = 00:00:00.01 . Memory (MB): peak = 2676.109 ; gain = 0.000 ; free physical = 9251 ; free virtual = 20229
INFO: [Netlist 29-17] Analyzing 44 Unisim elements for replacement
INFO: [Netlist 29-28] Unisim Transformation completed in 0 CPU seconds
INFO: [Project 1-570] Preparing netlist for logic optimization
Parsing XDC File [/mnt/storage/test/zkf-vs-flopoco/artifacts/targets/spartan7-vivado/rows/tommath_mul_e8_m35_round_even_p2/constraints.xdc]
Finished Parsing XDC File [/mnt/storage/test/zkf-vs-flopoco/artifacts/targets/spartan7-vivado/rows/tommath_mul_e8_m35_round_even_p2/constraints.xdc]
INFO: [Opt 31-138] Pushed 0 inverter(s) to 0 load pin(s).
Netlist sorting complete. Time (s): cpu = 00:00:00 ; elapsed = 00:00:00 . Memory (MB): peak = 2676.109 ; gain = 0.000 ; free physical = 9258 ; free virtual = 20242
INFO: [Project 1-111] Unisim Transformation Summary:
No Unisim elements were transformed.

Synth Design complete | Checksum: 788565c3
INFO: [Common 17-83] Releasing license: Synthesis
18 Infos, 93 Warnings, 0 Critical Warnings and 0 Errors encountered.
synth_design completed successfully
synth_design: Time (s): cpu = 00:00:33 ; elapsed = 00:00:31 . Memory (MB): peak = 2676.137 ; gain = 1123.242 ; free physical = 9241 ; free virtual = 20225
INFO: [Common 17-2834] synth_design peak Physical Memory [PSS] (MB): overall = 2169.259; main = 2169.259; forked = 359.529
INFO: [Common 17-2834] synth_design peak Virtual Memory [VSS] (MB): overall = 3430.281; main = 2676.105; forked = 1018.035
Command: opt_design
Attempting to get a license for feature 'Implementation' and/or device 'xc7s50'
INFO: [Common 17-349] Got license for feature 'Implementation' and/or device 'xc7s50'
Running DRC as a precondition to command opt_design

Starting DRC Task
WARNING: [DRC 23-814] Not all possible (connectivity based) DRCs may have been run because this design is seen as Out of Context.
INFO: [Project 1-461] DRC finished with 0 Errors
INFO: [Project 1-462] Please refer to the DRC report (report_drc) for more information.

Time (s): cpu = 00:00:00.37 ; elapsed = 00:00:00.37 . Memory (MB): peak = 2676.137 ; gain = 0.000 ; free physical = 9224 ; free virtual = 20208

Starting Cache Timing Information Task
INFO: [Timing 38-35] Done setting XDC timing constraints.
Ending Cache Timing Information Task | Checksum: 18ad03681

Time (s): cpu = 00:00:05 ; elapsed = 00:00:05 . Memory (MB): peak = 2676.137 ; gain = 0.000 ; free physical = 9010 ; free virtual = 19992

Starting Logic Optimization Task

Phase 1 Initialization

Phase 1.1 Core Generation And Design Setup
Phase 1.1 Core Generation And Design Setup | Checksum: 18ad03681

Time (s): cpu = 00:00:00.01 ; elapsed = 00:00:00 . Memory (MB): peak = 2676.137 ; gain = 0.000 ; free physical = 8961 ; free virtual = 19943

Phase 1.2 Setup Constraints And Sort Netlist
Phase 1.2 Setup Constraints And Sort Netlist | Checksum: 18ad03681

Time (s): cpu = 00:00:00.01 ; elapsed = 00:00:00 . Memory (MB): peak = 2676.137 ; gain = 0.000 ; free physical = 8961 ; free virtual = 19943
Phase 1 Initialization | Checksum: 18ad03681

Time (s): cpu = 00:00:00.01 ; elapsed = 00:00:00 . Memory (MB): peak = 2676.137 ; gain = 0.000 ; free physical = 8961 ; free virtual = 19943

Phase 2 Timer Update And Timing Data Collection

Phase 2.1 Detect if minReqCache needed
Phase 2.1 Detect if minReqCache needed | Checksum: 18ad03681

Time (s): cpu = 00:00:00.01 ; elapsed = 00:00:00.01 . Memory (MB): peak = 2676.137 ; gain = 0.000 ; free physical = 8961 ; free virtual = 19943

Phase 2.2 Timer Update
Phase 2.2 Timer Update | Checksum: 18ad03681

Time (s): cpu = 00:00:00.01 ; elapsed = 00:00:00.01 . Memory (MB): peak = 2676.137 ; gain = 0.000 ; free physical = 8961 ; free virtual = 19943
Phase 2 Timer Update And Timing Data Collection | Checksum: 18ad03681

Time (s): cpu = 00:00:00.01 ; elapsed = 00:00:00.01 . Memory (MB): peak = 2676.137 ; gain = 0.000 ; free physical = 8961 ; free virtual = 19943

Phase 3 Retarget
INFO: [Opt 31-1851] Number of loadless carry chains removed were: 0
INFO: [Opt 31-1834] Total Chains To Be Transformed Were: 0 AND Number of Transformed insts Created are: 0
INFO: [Opt 31-138] Pushed 0 inverter(s) to 0 load pin(s).
INFO: [Opt 31-49] Retargeted 0 cell(s).
Phase 3 Retarget | Checksum: 1b1abf972

Time (s): cpu = 00:00:00.03 ; elapsed = 00:00:00.04 . Memory (MB): peak = 2676.137 ; gain = 0.000 ; free physical = 8961 ; free virtual = 19943
Retarget | Checksum: 1b1abf972
INFO: [Opt 31-389] Phase Retarget created 1 cells and removed 1 cells

Phase 4 Constant propagation
INFO: [Opt 31-138] Pushed 0 inverter(s) to 0 load pin(s).
Phase 4 Constant propagation | Checksum: 1ef81b7c5

Time (s): cpu = 00:00:00.04 ; elapsed = 00:00:00.05 . Memory (MB): peak = 2676.137 ; gain = 0.000 ; free physical = 8961 ; free virtual = 19943
Constant propagation | Checksum: 1ef81b7c5
INFO: [Opt 31-389] Phase Constant propagation created 0 cells and removed 0 cells

Phase 5 Sweep
INFO: [Constraints 18-11670] Building netlist checker database with flags, 0x8
Done building netlist checker database: Time (s): cpu = 00:00:00 ; elapsed = 00:00:00 . Memory (MB): peak = 2676.137 ; gain = 0.000 ; free physical = 8953 ; free virtual = 19935
Phase 5 Sweep | Checksum: 1aff1bedb

Time (s): cpu = 00:00:00.07 ; elapsed = 00:00:00.07 . Memory (MB): peak = 2676.137 ; gain = 0.000 ; free physical = 8953 ; free virtual = 19935
Sweep | Checksum: 1aff1bedb
INFO: [Opt 31-389] Phase Sweep created 0 cells and removed 0 cells
INFO: [Opt 31-1021] In phase Sweep, 268 netlist objects are constrained preventing optimization. Please run opt_design with -debug_log to get more detail. 

Phase 6 BUFG optimization
Phase 6 BUFG optimization | Checksum: 1aff1bedb

Time (s): cpu = 00:00:00.08 ; elapsed = 00:00:00.08 . Memory (MB): peak = 2708.117 ; gain = 31.980 ; free physical = 8953 ; free virtual = 19935
BUFG optimization | Checksum: 1aff1bedb
INFO: [Opt 31-662] Phase BUFG optimization created 0 cells of which 0 are BUFGs and removed 0 cells.

Phase 7 Shift Register Optimization
INFO: [Opt 31-1064] SRL Remap converted 0 SRLs to 0 registers and converted 0 registers of register chains to 0 SRLs
Phase 7 Shift Register Optimization | Checksum: 1aff1bedb

Time (s): cpu = 00:00:00.08 ; elapsed = 00:00:00.08 . Memory (MB): peak = 2708.117 ; gain = 31.980 ; free physical = 8953 ; free virtual = 19935
Shift Register Optimization | Checksum: 1aff1bedb
INFO: [Opt 31-389] Phase Shift Register Optimization created 0 cells and removed 0 cells

Phase 8 Post Processing Netlist
Phase 8 Post Processing Netlist | Checksum: 1aff1bedb

Time (s): cpu = 00:00:00.08 ; elapsed = 00:00:00.09 . Memory (MB): peak = 2708.117 ; gain = 31.980 ; free physical = 8953 ; free virtual = 19935
Post Processing Netlist | Checksum: 1aff1bedb
INFO: [Opt 31-389] Phase Post Processing Netlist created 0 cells and removed 0 cells

Phase 9 Finalization

Phase 9.1 Finalizing Design Cores and Updating Shapes
Phase 9.1 Finalizing Design Cores and Updating Shapes | Checksum: 1e877a2c7

Time (s): cpu = 00:00:00.1 ; elapsed = 00:00:00.11 . Memory (MB): peak = 2708.117 ; gain = 31.980 ; free physical = 8953 ; free virtual = 19935

Phase 9.2 Verifying Netlist Connectivity

Starting Connectivity Check Task

Time (s): cpu = 00:00:00 ; elapsed = 00:00:00 . Memory (MB): peak = 2708.117 ; gain = 0.000 ; free physical = 8953 ; free virtual = 19935
Phase 9.2 Verifying Netlist Connectivity | Checksum: 1e877a2c7

Time (s): cpu = 00:00:00.1 ; elapsed = 00:00:00.11 . Memory (MB): peak = 2708.117 ; gain = 31.980 ; free physical = 8953 ; free virtual = 19935
Phase 9 Finalization | Checksum: 1e877a2c7

Time (s): cpu = 00:00:00.1 ; elapsed = 00:00:00.11 . Memory (MB): peak = 2708.117 ; gain = 31.980 ; free physical = 8953 ; free virtual = 19935
Opt_design Change Summary
=========================


-------------------------------------------------------------------------------------------------------------------------
|  Phase                        |  #Cells created  |  #Cells Removed  |  #Constrained objects preventing optimizations  |
-------------------------------------------------------------------------------------------------------------------------
|  Retarget                     |               1  |               1  |                                              0  |
|  Constant propagation         |               0  |               0  |                                              0  |
|  Sweep                        |               0  |               0  |                                            268  |
|  BUFG optimization            |               0  |               0  |                                              0  |
|  Shift Register Optimization  |               0  |               0  |                                              0  |
|  Post Processing Netlist      |               0  |               0  |                                              0  |
-------------------------------------------------------------------------------------------------------------------------


Ending Logic Optimization Task | Checksum: 1e877a2c7

Time (s): cpu = 00:00:00.1 ; elapsed = 00:00:00.11 . Memory (MB): peak = 2708.117 ; gain = 31.980 ; free physical = 8953 ; free virtual = 19935

Starting Power Optimization Task
INFO: [Pwropt 34-132] Skipping clock gating for clocks with a period < 2.00 ns.
Ending Power Optimization Task | Checksum: 1e877a2c7

Time (s): cpu = 00:00:00 ; elapsed = 00:00:00 . Memory (MB): peak = 2708.117 ; gain = 0.000 ; free physical = 8954 ; free virtual = 19936

Starting Final Cleanup Task
Ending Final Cleanup Task | Checksum: 1e877a2c7

Time (s): cpu = 00:00:00 ; elapsed = 00:00:00 . Memory (MB): peak = 2708.117 ; gain = 0.000 ; free physical = 8954 ; free virtual = 19936
Netlist sorting complete. Time (s): cpu = 00:00:00 ; elapsed = 00:00:00 . Memory (MB): peak = 2708.117 ; gain = 0.000 ; free physical = 8954 ; free virtual = 19936
INFO: [Common 17-83] Releasing license: Implementation
40 Infos, 94 Warnings, 0 Critical Warnings and 0 Errors encountered.
opt_design completed successfully
opt_design: Time (s): cpu = 00:00:09 ; elapsed = 00:00:09 . Memory (MB): peak = 2708.117 ; gain = 31.980 ; free physical = 8954 ; free virtual = 19936
Command: place_design
Attempting to get a license for feature 'Implementation' and/or device 'xc7s50'
INFO: [Common 17-349] Got license for feature 'Implementation' and/or device 'xc7s50'
INFO: [Common 17-83] Releasing license: Implementation
WARNING: [DRC 23-814] Not all possible (connectivity based) DRCs may have been run because this design is seen as Out of Context.
INFO: [Vivado_Tcl 4-198] DRC finished with 0 Errors
INFO: [Vivado_Tcl 4-199] Please refer to the DRC report (report_drc) for more information.
INFO: [Timing 38-35] Done setting XDC timing constraints.
Running DRC as a precondition to command place_design
WARNING: [DRC 23-814] Not all possible (connectivity based) DRCs may have been run because this design is seen as Out of Context.
INFO: [Vivado_Tcl 4-198] DRC finished with 0 Errors
INFO: [Vivado_Tcl 4-199] Please refer to the DRC report (report_drc) for more information.

Starting Placer Task

Phase 1 Placer Initialization

Phase 1.1 Placer Initialization Netlist Sorting
Netlist sorting complete. Time (s): cpu = 00:00:00 ; elapsed = 00:00:00 . Memory (MB): peak = 2708.117 ; gain = 0.000 ; free physical = 8865 ; free virtual = 19847
Phase 1.1 Placer Initialization Netlist Sorting | Checksum: 1679ede93

Time (s): cpu = 00:00:00 ; elapsed = 00:00:00.01 . Memory (MB): peak = 2708.117 ; gain = 0.000 ; free physical = 8865 ; free virtual = 19847
Netlist sorting complete. Time (s): cpu = 00:00:00 ; elapsed = 00:00:00 . Memory (MB): peak = 2708.117 ; gain = 0.000 ; free physical = 8865 ; free virtual = 19847

Phase 1.2 IO Placement/ Clock Placement/ Build Placer Device
Phase 1.2 IO Placement/ Clock Placement/ Build Placer Device | Checksum: 1a150b93c

Time (s): cpu = 00:00:00.11 ; elapsed = 00:00:00.13 . Memory (MB): peak = 2708.117 ; gain = 0.000 ; free physical = 8858 ; free virtual = 19840

Phase 1.3 Build Placer Netlist Model
Phase 1.3 Build Placer Netlist Model | Checksum: 24d0efdfd

Time (s): cpu = 00:00:00.39 ; elapsed = 00:00:00.41 . Memory (MB): peak = 2708.117 ; gain = 0.000 ; free physical = 8827 ; free virtual = 19809

Phase 1.4 Constrain Clocks/Macros
Phase 1.4 Constrain Clocks/Macros | Checksum: 24d0efdfd

Time (s): cpu = 00:00:00.39 ; elapsed = 00:00:00.42 . Memory (MB): peak = 2708.117 ; gain = 0.000 ; free physical = 8827 ; free virtual = 19809
Phase 1 Placer Initialization | Checksum: 24d0efdfd

Time (s): cpu = 00:00:00.4 ; elapsed = 00:00:00.42 . Memory (MB): peak = 2708.117 ; gain = 0.000 ; free physical = 8827 ; free virtual = 19809

Phase 2 Global Placement

Phase 2.1 Floorplanning
Phase 2.1 Floorplanning | Checksum: 1f054bc8f

Time (s): cpu = 00:00:00.68 ; elapsed = 00:00:00.71 . Memory (MB): peak = 2708.117 ; gain = 0.000 ; free physical = 8804 ; free virtual = 19786

Phase 2.2 Update Timing before SLR Path Opt
Phase 2.2 Update Timing before SLR Path Opt | Checksum: 22f8182e4

Time (s): cpu = 00:00:00.97 ; elapsed = 00:00:01 . Memory (MB): peak = 2708.117 ; gain = 0.000 ; free physical = 8792 ; free virtual = 19774

Phase 2.3 Post-Processing in Floorplanning
Phase 2.3 Post-Processing in Floorplanning | Checksum: 2657f4380

Time (s): cpu = 00:00:00.97 ; elapsed = 00:00:01 . Memory (MB): peak = 2708.117 ; gain = 0.000 ; free physical = 8792 ; free virtual = 19774

Phase 2.4 Global Place Phase1
Phase 2.4 Global Place Phase1 | Checksum: 243fe5a85

Time (s): cpu = 00:00:05 ; elapsed = 00:00:05 . Memory (MB): peak = 2708.117 ; gain = 0.000 ; free physical = 8449 ; free virtual = 19436

Phase 2.5 Global Place Phase2

Phase 2.5.1 UpdateTiming Before Physical Synthesis
Phase 2.5.1 UpdateTiming Before Physical Synthesis | Checksum: 2157ffadb

Time (s): cpu = 00:00:05 ; elapsed = 00:00:05 . Memory (MB): peak = 2708.117 ; gain = 0.000 ; free physical = 8449 ; free virtual = 19437

Phase 2.5.2 Physical Synthesis In Placer
INFO: [Physopt 32-1044] Break lutnm for timing: one critical 0, two critical 0, total 0, new lutff created 0
INFO: [Physopt 32-1138] End 1 Pass. Optimized 0 net or LUT. Breaked 0 LUT, combined 0 existing LUT and moved 0 existing LUT
INFO: [Physopt 32-65] No nets found for high-fanout optimization.
INFO: [Physopt 32-232] Optimized 0 net. Created 0 new instance.
INFO: [Physopt 32-775] End 1 Pass. Optimized 0 net or cell. Created 0 new cell, deleted 0 existing cell and moved 0 existing cell
INFO: [Physopt 32-457] Pass 1. Identified 2 candidate cells for DSP register optimization.
INFO: [Physopt 32-665] Processed cell u_dut/n2_n1_mant_mul_reg__0. 48 registers were pushed out.
INFO: [Physopt 32-665] Processed cell u_dut/n2_n1_mant_mul_reg. 38 registers were pushed out.
INFO: [Physopt 32-775] End 2 Pass. Optimized 2 nets or cells. Created 86 new cells, deleted 0 existing cell and moved 0 existing cell
Netlist sorting complete. Time (s): cpu = 00:00:00.01 ; elapsed = 00:00:00.01 . Memory (MB): peak = 2708.117 ; gain = 0.000 ; free physical = 8434 ; free virtual = 19424
INFO: [Physopt 32-1123] No candidate cells found for Shift Register to Pipeline optimization
INFO: [Physopt 32-775] End 2 Pass. Optimized 0 net or cell. Created 0 new cell, deleted 0 existing cell and moved 0 existing cell
INFO: [Physopt 32-1401] No candidate cells found for Shift Register optimization.
INFO: [Physopt 32-677] No candidate cells for Shift Register optimization found in the design
INFO: [Physopt 32-775] End 1 Pass. Optimized 0 net or cell. Created 0 new cell, deleted 0 existing cell and moved 0 existing cell
INFO: [Physopt 32-526] No candidate cells for BRAM register optimization found in the design
INFO: [Physopt 32-775] End 1 Pass. Optimized 0 net or cell. Created 0 new cell, deleted 0 existing cell and moved 0 existing cell
INFO: [Physopt 32-846] No candidate cells for URAM register optimization found in the design
INFO: [Physopt 32-775] End 1 Pass. Optimized 0 net or cell. Created 0 new cell, deleted 0 existing cell and moved 0 existing cell
INFO: [Physopt 32-846] No candidate cells for URAM register optimization found in the design
INFO: [Physopt 32-775] End 1 Pass. Optimized 0 net or cell. Created 0 new cell, deleted 0 existing cell and moved 0 existing cell
INFO: [Physopt 32-949] No candidate nets found for dynamic/static region interface net replication
INFO: [Physopt 32-775] End 1 Pass. Optimized 0 net or cell. Created 0 new cell, deleted 0 existing cell and moved 0 existing cell
Netlist sorting complete. Time (s): cpu = 00:00:00 ; elapsed = 00:00:00 . Memory (MB): peak = 2708.117 ; gain = 0.000 ; free physical = 8434 ; free virtual = 19424

Summary of Physical Synthesis Optimizations
============================================


-----------------------------------------------------------------------------------------------------------------------------------------------------------
|  Optimization                                     |  Added Cells  |  Removed Cells  |  Optimized Cells/Nets  |  Dont Touch  |  Iterations  |  Elapsed   |
-----------------------------------------------------------------------------------------------------------------------------------------------------------
|  LUT Combining                                    |            0  |              0  |                     0  |           0  |           1  |  00:00:00  |
|  Retime                                           |            0  |              0  |                     0  |           0  |           1  |  00:00:00  |
|  Very High Fanout                                 |            0  |              0  |                     0  |           0  |           1  |  00:00:00  |
|  DSP Register                                     |           86  |              0  |                     2  |           0  |           1  |  00:00:00  |
|  Shift Register to Pipeline                       |            0  |              0  |                     0  |           0  |           1  |  00:00:00  |
|  Shift Register                                   |            0  |              0  |                     0  |           0  |           1  |  00:00:00  |
|  BRAM Register                                    |            0  |              0  |                     0  |           0  |           1  |  00:00:00  |
|  URAM Register                                    |            0  |              0  |                     0  |           0  |           1  |  00:00:00  |
|  Dynamic/Static Region Interface Net Replication  |            0  |              0  |                     0  |           0  |           1  |  00:00:00  |
|  Total                                            |           86  |              0  |                     2  |           0  |           9  |  00:00:00  |
-----------------------------------------------------------------------------------------------------------------------------------------------------------


Phase 2.5.2 Physical Synthesis In Placer | Checksum: 2022ea717

Time (s): cpu = 00:00:06 ; elapsed = 00:00:06 . Memory (MB): peak = 2708.117 ; gain = 0.000 ; free physical = 8427 ; free virtual = 19417
Phase 2.5 Global Place Phase2 | Checksum: 1e44f1f17

Time (s): cpu = 00:00:06 ; elapsed = 00:00:06 . Memory (MB): peak = 2708.117 ; gain = 0.000 ; free physical = 8427 ; free virtual = 19417
Phase 2 Global Placement | Checksum: 1e44f1f17

Time (s): cpu = 00:00:06 ; elapsed = 00:00:06 . Memory (MB): peak = 2708.117 ; gain = 0.000 ; free physical = 8427 ; free virtual = 19417

Phase 3 Detail Placement

Phase 3.1 Commit Multi Column Macros
Phase 3.1 Commit Multi Column Macros | Checksum: 22ce8a72b

Time (s): cpu = 00:00:06 ; elapsed = 00:00:06 . Memory (MB): peak = 2708.117 ; gain = 0.000 ; free physical = 8426 ; free virtual = 19416

Phase 3.2 Commit Most Macros & LUTRAMs
Phase 3.2 Commit Most Macros & LUTRAMs | Checksum: 243e7c9f1

Time (s): cpu = 00:00:06 ; elapsed = 00:00:07 . Memory (MB): peak = 2708.117 ; gain = 0.000 ; free physical = 8433 ; free virtual = 19423

Phase 3.3 Area Swap Optimization
Phase 3.3 Area Swap Optimization | Checksum: 204aadf8a

Time (s): cpu = 00:00:06 ; elapsed = 00:00:07 . Memory (MB): peak = 2708.117 ; gain = 0.000 ; free physical = 8433 ; free virtual = 19423

Phase 3.4 Pipeline Register Optimization
Phase 3.4 Pipeline Register Optimization | Checksum: 220daccbb

Time (s): cpu = 00:00:06 ; elapsed = 00:00:07 . Memory (MB): peak = 2708.117 ; gain = 0.000 ; free physical = 8433 ; free virtual = 19423

Phase 3.5 Fast Optimization
Phase 3.5 Fast Optimization | Checksum: 2a5d70f96

Time (s): cpu = 00:00:07 ; elapsed = 00:00:07 . Memory (MB): peak = 2708.117 ; gain = 0.000 ; free physical = 8419 ; free virtual = 19409

Phase 3.6 Small Shape Detail Placement
Phase 3.6 Small Shape Detail Placement | Checksum: 2dc655ac7

Time (s): cpu = 00:00:07 ; elapsed = 00:00:08 . Memory (MB): peak = 2708.117 ; gain = 0.000 ; free physical = 8423 ; free virtual = 19413

Phase 3.7 Re-assign LUT pins
Phase 3.7 Re-assign LUT pins | Checksum: 24f34cb61

Time (s): cpu = 00:00:07 ; elapsed = 00:00:08 . Memory (MB): peak = 2708.117 ; gain = 0.000 ; free physical = 8419 ; free virtual = 19409

Phase 3.8 Pipeline Register Optimization
Phase 3.8 Pipeline Register Optimization | Checksum: 22097ab96

Time (s): cpu = 00:00:07 ; elapsed = 00:00:08 . Memory (MB): peak = 2708.117 ; gain = 0.000 ; free physical = 8419 ; free virtual = 19409

Phase 3.9 Fast Optimization
Phase 3.9 Fast Optimization | Checksum: 33a9901d0

Time (s): cpu = 00:00:10 ; elapsed = 00:00:10 . Memory (MB): peak = 2708.117 ; gain = 0.000 ; free physical = 8466 ; free virtual = 19458
Phase 3 Detail Placement | Checksum: 33a9901d0

Time (s): cpu = 00:00:10 ; elapsed = 00:00:10 . Memory (MB): peak = 2708.117 ; gain = 0.000 ; free physical = 8466 ; free virtual = 19458

Phase 4 Post Placement Optimization and Clean-Up

Phase 4.1 Post Commit Optimization
INFO: [Timing 38-35] Done setting XDC timing constraints.

Phase 4.1.1 Post Placement Optimization
Post Placement Optimization Initialization | Checksum: 3469ddb33

Phase 4.1.1.1 BUFG Insertion

Starting Physical Synthesis Task

Phase 1 Physical Synthesis Initialization
INFO: [Physopt 32-721] Multithreading enabled for phys_opt_design using a maximum of 1 CPUs
INFO: [Physopt 32-619] Estimated Timing Summary | WNS=-3.598 | TNS=-156.977 |
Phase 1 Physical Synthesis Initialization | Checksum: 1c56a9d17

Time (s): cpu = 00:00:00.03 ; elapsed = 00:00:00.03 . Memory (MB): peak = 2708.117 ; gain = 0.000 ; free physical = 8456 ; free virtual = 19448
INFO: [Place 46-56] BUFG insertion identified 0 candidate nets. Inserted BUFG: 0, Replicated BUFG Driver: 0, Skipped due to Placement/Routing Conflicts: 0, Skipped due to Timing Degradation: 0, Skipped due to netlist editing failed: 0.
Ending Physical Synthesis Task | Checksum: 2ada0e4ed

Time (s): cpu = 00:00:00.04 ; elapsed = 00:00:00.04 . Memory (MB): peak = 2708.117 ; gain = 0.000 ; free physical = 8463 ; free virtual = 19454
Phase 4.1.1.1 BUFG Insertion | Checksum: 3469ddb33

Time (s): cpu = 00:00:10 ; elapsed = 00:00:11 . Memory (MB): peak = 2708.117 ; gain = 0.000 ; free physical = 8463 ; free virtual = 19454

Phase 4.1.1.2 Post Placement Timing Optimization
INFO: [Place 30-746] Post Placement Timing Summary WNS=-2.754. For the most accurate timing information please run report_timing.
Phase 4.1.1.2 Post Placement Timing Optimization | Checksum: 28f3f8ecb

Time (s): cpu = 00:00:27 ; elapsed = 00:00:28 . Memory (MB): peak = 2708.117 ; gain = 0.000 ; free physical = 8424 ; free virtual = 19415

Time (s): cpu = 00:00:27 ; elapsed = 00:00:28 . Memory (MB): peak = 2708.117 ; gain = 0.000 ; free physical = 8424 ; free virtual = 19415
Phase 4.1 Post Commit Optimization | Checksum: 28f3f8ecb

Time (s): cpu = 00:00:27 ; elapsed = 00:00:28 . Memory (MB): peak = 2708.117 ; gain = 0.000 ; free physical = 8424 ; free virtual = 19415

Phase 4.2 Post Placement Cleanup
Phase 4.2 Post Placement Cleanup | Checksum: 28f3f8ecb

Time (s): cpu = 00:00:27 ; elapsed = 00:00:28 . Memory (MB): peak = 2708.117 ; gain = 0.000 ; free physical = 8424 ; free virtual = 19415

Phase 4.3 Placer Reporting

Phase 4.3.1 Print Estimated Congestion
INFO: [Place 30-612] Post-Placement Estimated Congestion 
 ____________________________________________________
|           | Global Congestion | Short Congestion  |
| Direction | Region Size       | Region Size       |
|___________|___________________|___________________|
|      North|                1x1|                2x2|
|___________|___________________|___________________|
|      South|                1x1|                1x1|
|___________|___________________|___________________|
|       East|                1x1|                1x1|
|___________|___________________|___________________|
|       West|                1x1|                1x1|
|___________|___________________|___________________|

Phase 4.3.1 Print Estimated Congestion | Checksum: 28f3f8ecb

Time (s): cpu = 00:00:27 ; elapsed = 00:00:28 . Memory (MB): peak = 2708.117 ; gain = 0.000 ; free physical = 8424 ; free virtual = 19415
Phase 4.3 Placer Reporting | Checksum: 28f3f8ecb

Time (s): cpu = 00:00:27 ; elapsed = 00:00:28 . Memory (MB): peak = 2708.117 ; gain = 0.000 ; free physical = 8424 ; free virtual = 19415

Phase 4.4 Final Placement Cleanup
Netlist sorting complete. Time (s): cpu = 00:00:00 ; elapsed = 00:00:00 . Memory (MB): peak = 2708.117 ; gain = 0.000 ; free physical = 8424 ; free virtual = 19415

Time (s): cpu = 00:00:27 ; elapsed = 00:00:28 . Memory (MB): peak = 2708.117 ; gain = 0.000 ; free physical = 8424 ; free virtual = 19415
Phase 4 Post Placement Optimization and Clean-Up | Checksum: 211406e7e

Time (s): cpu = 00:00:27 ; elapsed = 00:00:28 . Memory (MB): peak = 2708.117 ; gain = 0.000 ; free physical = 8424 ; free virtual = 19415
Ending Placer Task | Checksum: 1cbcc0e7a

Time (s): cpu = 00:00:27 ; elapsed = 00:00:28 . Memory (MB): peak = 2708.117 ; gain = 0.000 ; free physical = 8424 ; free virtual = 19415
75 Infos, 96 Warnings, 0 Critical Warnings and 0 Errors encountered.
place_design completed successfully
place_design: Time (s): cpu = 00:00:27 ; elapsed = 00:00:28 . Memory (MB): peak = 2708.117 ; gain = 0.000 ; free physical = 8424 ; free virtual = 19415
Command: route_design
Attempting to get a license for feature 'Implementation' and/or device 'xc7s50'
INFO: [Common 17-349] Got license for feature 'Implementation' and/or device 'xc7s50'


Starting Routing Task

Phase 1 Build RT Design
Checksum: PlaceDB: b705779a ConstDB: 0 ShapeSum: 6a3563aa RouteDB: aa913336
WARNING: [Route 35-197] Clock port "clk" does not have an associated HD.CLK_SRC. Without this constraint, timing analysis may not be accurate and upstream checks cannot be done to ensure correct clock placement.
WARNING: [Route 35-198] Port "b_i[43]" does not have an associated HD.PARTPIN_LOCS, which will prevent the partial routing of the signal "b_i[43]". Without this partial route, timing analysis to/from this port will not be accurate, and no routing information for this port can be exported.
WARNING: [Route 35-198] Port "a_i[43]" does not have an associated HD.PARTPIN_LOCS, which will prevent the partial routing of the signal "a_i[43]". Without this partial route, timing analysis to/from this port will not be accurate, and no routing information for this port can be exported.
WARNING: [Route 35-198] Port "rst" does not have an associated HD.PARTPIN_LOCS, which will prevent the partial routing of the signal "rst". Without this partial route, timing analysis to/from this port will not be accurate, and no routing information for this port can be exported.
WARNING: [Route 35-198] Port "in_valid_i" does not have an associated HD.PARTPIN_LOCS, which will prevent the partial routing of the signal "in_valid_i". Without this partial route, timing analysis to/from this port will not be accurate, and no routing information for this port can be exported.
WARNING: [Route 35-198] Port "a_i[42]" does not have an associated HD.PARTPIN_LOCS, which will prevent the partial routing of the signal "a_i[42]". Without this partial route, timing analysis to/from this port will not be accurate, and no routing information for this port can be exported.
WARNING: [Route 35-198] Port "a_i[41]" does not have an associated HD.PARTPIN_LOCS, which will prevent the partial routing of the signal "a_i[41]". Without this partial route, timing analysis to/from this port will not be accurate, and no routing information for this port can be exported.
WARNING: [Route 35-198] Port "a_i[40]" does not have an associated HD.PARTPIN_LOCS, which will prevent the partial routing of the signal "a_i[40]". Without this partial route, timing analysis to/from this port will not be accurate, and no routing information for this port can be exported.
WARNING: [Route 35-198] Port "a_i[39]" does not have an associated HD.PARTPIN_LOCS, which will prevent the partial routing of the signal "a_i[39]". Without this partial route, timing analysis to/from this port will not be accurate, and no routing information for this port can be exported.
WARNING: [Route 35-198] Port "b_i[42]" does not have an associated HD.PARTPIN_LOCS, which will prevent the partial routing of the signal "b_i[42]". Without this partial route, timing analysis to/from this port will not be accurate, and no routing information for this port can be exported.
WARNING: [Route 35-198] Port "b_i[41]" does not have an associated HD.PARTPIN_LOCS, which will prevent the partial routing of the signal "b_i[41]". Without this partial route, timing analysis to/from this port will not be accurate, and no routing information for this port can be exported.
WARNING: [Route 35-198] Port "b_i[40]" does not have an associated HD.PARTPIN_LOCS, which will prevent the partial routing of the signal "b_i[40]". Without this partial route, timing analysis to/from this port will not be accurate, and no routing information for this port can be exported.
WARNING: [Route 35-198] Port "b_i[39]" does not have an associated HD.PARTPIN_LOCS, which will prevent the partial routing of the signal "b_i[39]". Without this partial route, timing analysis to/from this port will not be accurate, and no routing information for this port can be exported.
WARNING: [Route 35-198] Port "b_i[35]" does not have an associated HD.PARTPIN_LOCS, which will prevent the partial routing of the signal "b_i[35]". Without this partial route, timing analysis to/from this port will not be accurate, and no routing information for this port can be exported.
WARNING: [Route 35-198] Port "a_i[35]" does not have an associated HD.PARTPIN_LOCS, which will prevent the partial routing of the signal "a_i[35]". Without this partial route, timing analysis to/from this port will not be accurate, and no routing information for this port can be exported.
WARNING: [Route 35-198] Port "b_i[37]" does not have an associated HD.PARTPIN_LOCS, which will prevent the partial routing of the signal "b_i[37]". Without this partial route, timing analysis to/from this port will not be accurate, and no routing information for this port can be exported.
WARNING: [Route 35-198] Port "b_i[38]" does not have an associated HD.PARTPIN_LOCS, which will prevent the partial routing of the signal "b_i[38]". Without this partial route, timing analysis to/from this port will not be accurate, and no routing information for this port can be exported.
WARNING: [Route 35-198] Port "b_i[36]" does not have an associated HD.PARTPIN_LOCS, which will prevent the partial routing of the signal "b_i[36]". Without this partial route, timing analysis to/from this port will not be accurate, and no routing information for this port can be exported.
WARNING: [Route 35-198] Port "a_i[37]" does not have an associated HD.PARTPIN_LOCS, which will prevent the partial routing of the signal "a_i[37]". Without this partial route, timing analysis to/from this port will not be accurate, and no routing information for this port can be exported.
WARNING: [Route 35-198] Port "a_i[38]" does not have an associated HD.PARTPIN_LOCS, which will prevent the partial routing of the signal "a_i[38]". Without this partial route, timing analysis to/from this port will not be accurate, and no routing information for this port can be exported.
WARNING: [Route 35-198] Port "a_i[36]" does not have an associated HD.PARTPIN_LOCS, which will prevent the partial routing of the signal "a_i[36]". Without this partial route, timing analysis to/from this port will not be accurate, and no routing information for this port can be exported.
WARNING: [Route 35-198] Port "a_i[32]" does not have an associated HD.PARTPIN_LOCS, which will prevent the partial routing of the signal "a_i[32]". Without this partial route, timing analysis to/from this port will not be accurate, and no routing information for this port can be exported.
WARNING: [Route 35-198] Port "a_i[31]" does not have an associated HD.PARTPIN_LOCS, which will prevent the partial routing of the signal "a_i[31]". Without this partial route, timing analysis to/from this port will not be accurate, and no routing information for this port can be exported.
WARNING: [Route 35-198] Port "a_i[30]" does not have an associated HD.PARTPIN_LOCS, which will prevent the partial routing of the signal "a_i[30]". Without this partial route, timing analysis to/from this port will not be accurate, and no routing information for this port can be exported.
WARNING: [Route 35-198] Port "a_i[29]" does not have an associated HD.PARTPIN_LOCS, which will prevent the partial routing of the signal "a_i[29]". Without this partial route, timing analysis to/from this port will not be accurate, and no routing information for this port can be exported.
WARNING: [Route 35-198] Port "a_i[34]" does not have an associated HD.PARTPIN_LOCS, which will prevent the partial routing of the signal "a_i[34]". Without this partial route, timing analysis to/from this port will not be accurate, and no routing information for this port can be exported.
WARNING: [Route 35-198] Port "a_i[33]" does not have an associated HD.PARTPIN_LOCS, which will prevent the partial routing of the signal "a_i[33]". Without this partial route, timing analysis to/from this port will not be accurate, and no routing information for this port can be exported.
WARNING: [Route 35-198] Port "b_i[34]" does not have an associated HD.PARTPIN_LOCS, which will prevent the partial routing of the signal "b_i[34]". Without this partial route, timing analysis to/from this port will not be accurate, and no routing information for this port can be exported.
WARNING: [Route 35-198] Port "b_i[33]" does not have an associated HD.PARTPIN_LOCS, which will prevent the partial routing of the signal "b_i[33]". Without this partial route, timing analysis to/from this port will not be accurate, and no routing information for this port can be exported.
WARNING: [Route 35-198] Port "a_i[27]" does not have an associated HD.PARTPIN_LOCS, which will prevent the partial routing of the signal "a_i[27]". Without this partial route, timing analysis to/from this port will not be accurate, and no routing information for this port can be exported.
WARNING: [Route 35-198] Port "b_i[27]" does not have an associated HD.PARTPIN_LOCS, which will prevent the partial routing of the signal "b_i[27]". Without this partial route, timing analysis to/from this port will not be accurate, and no routing information for this port can be exported.
WARNING: [Route 35-198] Port "b_i[16]" does not have an associated HD.PARTPIN_LOCS, which will prevent the partial routing of the signal "b_i[16]". Without this partial route, timing analysis to/from this port will not be accurate, and no routing information for this port can be exported.
WARNING: [Route 35-198] Port "a_i[28]" does not have an associated HD.PARTPIN_LOCS, which will prevent the partial routing of the signal "a_i[28]". Without this partial route, timing analysis to/from this port will not be accurate, and no routing information for this port can be exported.
WARNING: [Route 35-198] Port "a_i[22]" does not have an associated HD.PARTPIN_LOCS, which will prevent the partial routing of the signal "a_i[22]". Without this partial route, timing analysis to/from this port will not be accurate, and no routing information for this port can be exported.
WARNING: [Route 35-198] Port "a_i[21]" does not have an associated HD.PARTPIN_LOCS, which will prevent the partial routing of the signal "a_i[21]". Without this partial route, timing analysis to/from this port will not be accurate, and no routing information for this port can be exported.
WARNING: [Route 35-198] Port "a_i[0]" does not have an associated HD.PARTPIN_LOCS, which will prevent the partial routing of the signal "a_i[0]". Without this partial route, timing analysis to/from this port will not be accurate, and no routing information for this port can be exported.
WARNING: [Route 35-198] Port "a_i[26]" does not have an associated HD.PARTPIN_LOCS, which will prevent the partial routing of the signal "a_i[26]". Without this partial route, timing analysis to/from this port will not be accurate, and no routing information for this port can be exported.
WARNING: [Route 35-198] Port "a_i[25]" does not have an associated HD.PARTPIN_LOCS, which will prevent the partial routing of the signal "a_i[25]". Without this partial route, timing analysis to/from this port will not be accurate, and no routing information for this port can be exported.
WARNING: [Route 35-198] Port "a_i[24]" does not have an associated HD.PARTPIN_LOCS, which will prevent the partial routing of the signal "a_i[24]". Without this partial route, timing analysis to/from this port will not be accurate, and no routing information for this port can be exported.
WARNING: [Route 35-198] Port "a_i[23]" does not have an associated HD.PARTPIN_LOCS, which will prevent the partial routing of the signal "a_i[23]". Without this partial route, timing analysis to/from this port will not be accurate, and no routing information for this port can be exported.
WARNING: [Route 35-198] Port "a_i[18]" does not have an associated HD.PARTPIN_LOCS, which will prevent the partial routing of the signal "a_i[18]". Without this partial route, timing analysis to/from this port will not be accurate, and no routing information for this port can be exported.
WARNING: [Route 35-198] Port "b_i[15]" does not have an associated HD.PARTPIN_LOCS, which will prevent the partial routing of the signal "b_i[15]". Without this partial route, timing analysis to/from this port will not be accurate, and no routing information for this port can be exported.
WARNING: [Route 35-198] Port "b_i[14]" does not have an associated HD.PARTPIN_LOCS, which will prevent the partial routing of the signal "b_i[14]". Without this partial route, timing analysis to/from this port will not be accurate, and no routing information for this port can be exported.
WARNING: [Route 35-198] Port "b_i[13]" does not have an associated HD.PARTPIN_LOCS, which will prevent the partial routing of the signal "b_i[13]". Without this partial route, timing analysis to/from this port will not be accurate, and no routing information for this port can be exported.
WARNING: [Route 35-198] Port "b_i[25]" does not have an associated HD.PARTPIN_LOCS, which will prevent the partial routing of the signal "b_i[25]". Without this partial route, timing analysis to/from this port will not be accurate, and no routing information for this port can be exported.
WARNING: [Route 35-198] Port "b_i[23]" does not have an associated HD.PARTPIN_LOCS, which will prevent the partial routing of the signal "b_i[23]". Without this partial route, timing analysis to/from this port will not be accurate, and no routing information for this port can be exported.
WARNING: [Route 35-198] Port "b_i[21]" does not have an associated HD.PARTPIN_LOCS, which will prevent the partial routing of the signal "b_i[21]". Without this partial route, timing analysis to/from this port will not be accurate, and no routing information for this port can be exported.
WARNING: [Route 35-198] Port "b_i[9]" does not have an associated HD.PARTPIN_LOCS, which will prevent the partial routing of the signal "b_i[9]". Without this partial route, timing analysis to/from this port will not be accurate, and no routing information for this port can be exported.
WARNING: [Route 35-198] Port "b_i[29]" does not have an associated HD.PARTPIN_LOCS, which will prevent the partial routing of the signal "b_i[29]". Without this partial route, timing analysis to/from this port will not be accurate, and no routing information for this port can be exported.
WARNING: [Route 35-198] Port "b_i[12]" does not have an associated HD.PARTPIN_LOCS, which will prevent the partial routing of the signal "b_i[12]". Without this partial route, timing analysis to/from this port will not be accurate, and no routing information for this port can be exported.
WARNING: [Route 35-198] Port "b_i[11]" does not have an associated HD.PARTPIN_LOCS, which will prevent the partial routing of the signal "b_i[11]". Without this partial route, timing analysis to/from this port will not be accurate, and no routing information for this port can be exported.
WARNING: [Route 35-198] Port "b_i[10]" does not have an associated HD.PARTPIN_LOCS, which will prevent the partial routing of the signal "b_i[10]". Without this partial route, timing analysis to/from this port will not be accurate, and no routing information for this port can be exported.
WARNING: [Route 35-198] Port "b_i[8]" does not have an associated HD.PARTPIN_LOCS, which will prevent the partial routing of the signal "b_i[8]". Without this partial route, timing analysis to/from this port will not be accurate, and no routing information for this port can be exported.
WARNING: [Route 35-198] Port "b_i[7]" does not have an associated HD.PARTPIN_LOCS, which will prevent the partial routing of the signal "b_i[7]". Without this partial route, timing analysis to/from this port will not be accurate, and no routing information for this port can be exported.
WARNING: [Route 35-198] Port "b_i[5]" does not have an associated HD.PARTPIN_LOCS, which will prevent the partial routing of the signal "b_i[5]". Without this partial route, timing analysis to/from this port will not be accurate, and no routing information for this port can be exported.
WARNING: [Route 35-198] Port "a_i[17]" does not have an associated HD.PARTPIN_LOCS, which will prevent the partial routing of the signal "a_i[17]". Without this partial route, timing analysis to/from this port will not be accurate, and no routing information for this port can be exported.
WARNING: [Route 35-198] Port "b_i[32]" does not have an associated HD.PARTPIN_LOCS, which will prevent the partial routing of the signal "b_i[32]". Without this partial route, timing analysis to/from this port will not be accurate, and no routing information for this port can be exported.
WARNING: [Route 35-198] Port "b_i[31]" does not have an associated HD.PARTPIN_LOCS, which will prevent the partial routing of the signal "b_i[31]". Without this partial route, timing analysis to/from this port will not be accurate, and no routing information for this port can be exported.
WARNING: [Route 35-198] Port "b_i[30]" does not have an associated HD.PARTPIN_LOCS, which will prevent the partial routing of the signal "b_i[30]". Without this partial route, timing analysis to/from this port will not be accurate, and no routing information for this port can be exported.
WARNING: [Route 35-198] Port "b_i[4]" does not have an associated HD.PARTPIN_LOCS, which will prevent the partial routing of the signal "b_i[4]". Without this partial route, timing analysis to/from this port will not be accurate, and no routing information for this port can be exported.
WARNING: [Route 35-198] Port "b_i[3]" does not have an associated HD.PARTPIN_LOCS, which will prevent the partial routing of the signal "b_i[3]". Without this partial route, timing analysis to/from this port will not be accurate, and no routing information for this port can be exported.
WARNING: [Route 35-198] Port "b_i[2]" does not have an associated HD.PARTPIN_LOCS, which will prevent the partial routing of the signal "b_i[2]". Without this partial route, timing analysis to/from this port will not be accurate, and no routing information for this port can be exported.
WARNING: [Route 35-198] Port "b_i[20]" does not have an associated HD.PARTPIN_LOCS, which will prevent the partial routing of the signal "b_i[20]". Without this partial route, timing analysis to/from this port will not be accurate, and no routing information for this port can be exported.
WARNING: [Route 35-198] Port "a_i[20]" does not have an associated HD.PARTPIN_LOCS, which will prevent the partial routing of the signal "a_i[20]". Without this partial route, timing analysis to/from this port will not be accurate, and no routing information for this port can be exported.
WARNING: [Route 35-198] Port "a_i[19]" does not have an associated HD.PARTPIN_LOCS, which will prevent the partial routing of the signal "a_i[19]". Without this partial route, timing analysis to/from this port will not be accurate, and no routing information for this port can be exported.
WARNING: [Route 35-198] Port "b_i[28]" does not have an associated HD.PARTPIN_LOCS, which will prevent the partial routing of the signal "b_i[28]". Without this partial route, timing analysis to/from this port will not be accurate, and no routing information for this port can be exported.
WARNING: [Route 35-198] Port "b_i[26]" does not have an associated HD.PARTPIN_LOCS, which will prevent the partial routing of the signal "b_i[26]". Without this partial route, timing analysis to/from this port will not be accurate, and no routing information for this port can be exported.
WARNING: [Route 35-198] Port "b_i[24]" does not have an associated HD.PARTPIN_LOCS, which will prevent the partial routing of the signal "b_i[24]". Without this partial route, timing analysis to/from this port will not be accurate, and no routing information for this port can be exported.
WARNING: [Route 35-198] Port "b_i[22]" does not have an associated HD.PARTPIN_LOCS, which will prevent the partial routing of the signal "b_i[22]". Without this partial route, timing analysis to/from this port will not be accurate, and no routing information for this port can be exported.
WARNING: [Route 35-198] Port "a_i[16]" does not have an associated HD.PARTPIN_LOCS, which will prevent the partial routing of the signal "a_i[16]". Without this partial route, timing analysis to/from this port will not be accurate, and no routing information for this port can be exported.
WARNING: [Route 35-198] Port "a_i[15]" does not have an associated HD.PARTPIN_LOCS, which will prevent the partial routing of the signal "a_i[15]". Without this partial route, timing analysis to/from this port will not be accurate, and no routing information for this port can be exported.
WARNING: [Route 35-198] Port "a_i[14]" does not have an associated HD.PARTPIN_LOCS, which will prevent the partial routing of the signal "a_i[14]". Without this partial route, timing analysis to/from this port will not be accurate, and no routing information for this port can be exported.
WARNING: [Route 35-198] Port "a_i[13]" does not have an associated HD.PARTPIN_LOCS, which will prevent the partial routing of the signal "a_i[13]". Without this partial route, timing analysis to/from this port will not be accurate, and no routing information for this port can be exported.
WARNING: [Route 35-198] Port "a_i[12]" does not have an associated HD.PARTPIN_LOCS, which will prevent the partial routing of the signal "a_i[12]". Without this partial route, timing analysis to/from this port will not be accurate, and no routing information for this port can be exported.
WARNING: [Route 35-198] Port "b_i[17]" does not have an associated HD.PARTPIN_LOCS, which will prevent the partial routing of the signal "b_i[17]". Without this partial route, timing analysis to/from this port will not be accurate, and no routing information for this port can be exported.
WARNING: [Route 35-198] Port "b_i[6]" does not have an associated HD.PARTPIN_LOCS, which will prevent the partial routing of the signal "b_i[6]". Without this partial route, timing analysis to/from this port will not be accurate, and no routing information for this port can be exported.
WARNING: [Route 35-198] Port "a_i[9]" does not have an associated HD.PARTPIN_LOCS, which will prevent the partial routing of the signal "a_i[9]". Without this partial route, timing analysis to/from this port will not be accurate, and no routing information for this port can be exported.
WARNING: [Route 35-198] Port "a_i[8]" does not have an associated HD.PARTPIN_LOCS, which will prevent the partial routing of the signal "a_i[8]". Without this partial route, timing analysis to/from this port will not be accurate, and no routing information for this port can be exported.
WARNING: [Route 35-198] Port "a_i[7]" does not have an associated HD.PARTPIN_LOCS, which will prevent the partial routing of the signal "a_i[7]". Without this partial route, timing analysis to/from this port will not be accurate, and no routing information for this port can be exported.
WARNING: [Route 35-198] Port "a_i[6]" does not have an associated HD.PARTPIN_LOCS, which will prevent the partial routing of the signal "a_i[6]". Without this partial route, timing analysis to/from this port will not be accurate, and no routing information for this port can be exported.
WARNING: [Route 35-198] Port "a_i[11]" does not have an associated HD.PARTPIN_LOCS, which will prevent the partial routing of the signal "a_i[11]". Without this partial route, timing analysis to/from this port will not be accurate, and no routing information for this port can be exported.
WARNING: [Route 35-198] Port "a_i[10]" does not have an associated HD.PARTPIN_LOCS, which will prevent the partial routing of the signal "a_i[10]". Without this partial route, timing analysis to/from this port will not be accurate, and no routing information for this port can be exported.
WARNING: [Route 35-198] Port "a_i[5]" does not have an associated HD.PARTPIN_LOCS, which will prevent the partial routing of the signal "a_i[5]". Without this partial route, timing analysis to/from this port will not be accurate, and no routing information for this port can be exported.
WARNING: [Route 35-198] Port "b_i[19]" does not have an associated HD.PARTPIN_LOCS, which will prevent the partial routing of the signal "b_i[19]". Without this partial route, timing analysis to/from this port will not be accurate, and no routing information for this port can be exported.
WARNING: [Route 35-198] Port "a_i[3]" does not have an associated HD.PARTPIN_LOCS, which will prevent the partial routing of the signal "a_i[3]". Without this partial route, timing analysis to/from this port will not be accurate, and no routing information for this port can be exported.
WARNING: [Route 35-198] Port "a_i[2]" does not have an associated HD.PARTPIN_LOCS, which will prevent the partial routing of the signal "a_i[2]". Without this partial route, timing analysis to/from this port will not be accurate, and no routing information for this port can be exported.
WARNING: [Route 35-198] Port "a_i[1]" does not have an associated HD.PARTPIN_LOCS, which will prevent the partial routing of the signal "a_i[1]". Without this partial route, timing analysis to/from this port will not be accurate, and no routing information for this port can be exported.
WARNING: [Route 35-198] Port "a_i[4]" does not have an associated HD.PARTPIN_LOCS, which will prevent the partial routing of the signal "a_i[4]". Without this partial route, timing analysis to/from this port will not be accurate, and no routing information for this port can be exported.
WARNING: [Route 35-198] Port "b_i[18]" does not have an associated HD.PARTPIN_LOCS, which will prevent the partial routing of the signal "b_i[18]". Without this partial route, timing analysis to/from this port will not be accurate, and no routing information for this port can be exported.
WARNING: [Route 35-198] Port "b_i[1]" does not have an associated HD.PARTPIN_LOCS, which will prevent the partial routing of the signal "b_i[1]". Without this partial route, timing analysis to/from this port will not be accurate, and no routing information for this port can be exported.
WARNING: [Route 35-198] Port "b_i[0]" does not have an associated HD.PARTPIN_LOCS, which will prevent the partial routing of the signal "b_i[0]". Without this partial route, timing analysis to/from this port will not be accurate, and no routing information for this port can be exported.
WARNING: [Constraints 18-8777] Unable to split tiles. All required files are not available.
Post Restoration Checksum: NetGraph: 461e4a1e | NumContArr: 3329ced6 | Constraints: c2a8fa9d | Timing: c2a8fa9d
Phase 1 Build RT Design | Checksum: 1fe9a0e2e

Time (s): cpu = 00:00:18 ; elapsed = 00:00:18 . Memory (MB): peak = 2708.117 ; gain = 0.000 ; free physical = 8321 ; free virtual = 19318

Phase 2 Router Initialization

Phase 2.1 Fix Topology Constraints
Phase 2.1 Fix Topology Constraints | Checksum: 1fe9a0e2e

Time (s): cpu = 00:00:18 ; elapsed = 00:00:18 . Memory (MB): peak = 2708.117 ; gain = 0.000 ; free physical = 8321 ; free virtual = 19318

Phase 2.2 Pre Route Cleanup
Phase 2.2 Pre Route Cleanup | Checksum: 1fe9a0e2e

Time (s): cpu = 00:00:18 ; elapsed = 00:00:18 . Memory (MB): peak = 2708.117 ; gain = 0.000 ; free physical = 8321 ; free virtual = 19318
 Number of Nodes with overlaps = 0

Phase 2.3 Update Timing
Phase 2.3 Update Timing | Checksum: 1e6699932

Time (s): cpu = 00:00:18 ; elapsed = 00:00:18 . Memory (MB): peak = 2708.117 ; gain = 0.000 ; free physical = 8320 ; free virtual = 19318
INFO: [Route 35-416] Intermediate Timing Summary | WNS=-2.539 | TNS=-111.247| WHS=0.113  | THS=0.000  |


Phase 2.4 Soft Constraint Pins - Fast Budgeting
Phase 2.4 Soft Constraint Pins - Fast Budgeting | Checksum: 182358ee6

Time (s): cpu = 00:00:18 ; elapsed = 00:00:19 . Memory (MB): peak = 2708.117 ; gain = 0.000 ; free physical = 8320 ; free virtual = 19318

Router Utilization Summary
  Global Vertical Routing Utilization    = 0 %
  Global Horizontal Routing Utilization  = 0 %
  Routable Net Status*
  *Does not include unroutable nets such as driverless and loadless.
  Run report_route_status for detailed report.
  Number of Failed Nets               = 753
    (Failed Nets is the sum of unrouted and partially routed nets)
  Number of Unrouted Nets             = 753
  Number of Partially Routed Nets     = 0
  Number of Node Overlaps             = 0

Phase 2 Router Initialization | Checksum: 182358ee6

Time (s): cpu = 00:00:19 ; elapsed = 00:00:19 . Memory (MB): peak = 2708.117 ; gain = 0.000 ; free physical = 8320 ; free virtual = 19318

Phase 3 Global Routing
Phase 3 Global Routing | Checksum: 182358ee6

Time (s): cpu = 00:00:19 ; elapsed = 00:00:19 . Memory (MB): peak = 2708.117 ; gain = 0.000 ; free physical = 8320 ; free virtual = 19318

Phase 4 Initial Routing

Phase 4.1 Initial Net Routing Pass
Phase 4.1 Initial Net Routing Pass | Checksum: 234a62062

Time (s): cpu = 00:00:19 ; elapsed = 00:00:19 . Memory (MB): peak = 2708.117 ; gain = 0.000 ; free physical = 8320 ; free virtual = 19318
Phase 4 Initial Routing | Checksum: 234a62062

Time (s): cpu = 00:00:19 ; elapsed = 00:00:19 . Memory (MB): peak = 2708.117 ; gain = 0.000 ; free physical = 8324 ; free virtual = 19321

Phase 5 Rip-up And Reroute

Phase 5.1 Global Iteration 0
 Number of Nodes with overlaps = 142
 Number of Nodes with overlaps = 72
 Number of Nodes with overlaps = 19
 Number of Nodes with overlaps = 15
 Number of Nodes with overlaps = 11
 Number of Nodes with overlaps = 10
 Number of Nodes with overlaps = 1
 Number of Nodes with overlaps = 1
 Number of Nodes with overlaps = 0
INFO: [Route 35-416] Intermediate Timing Summary | WNS=-3.732 | TNS=-156.147| WHS=N/A    | THS=N/A    |

Phase 5.1 Global Iteration 0 | Checksum: 2780c00cf

Time (s): cpu = 00:00:20 ; elapsed = 00:00:20 . Memory (MB): peak = 2708.117 ; gain = 0.000 ; free physical = 8341 ; free virtual = 19338

Phase 5.2 Global Iteration 1
 Number of Nodes with overlaps = 46
 Number of Nodes with overlaps = 19
 Number of Nodes with overlaps = 9
 Number of Nodes with overlaps = 4
 Number of Nodes with overlaps = 2
 Number of Nodes with overlaps = 1
 Number of Nodes with overlaps = 1
 Number of Nodes with overlaps = 0
INFO: [Route 35-416] Intermediate Timing Summary | WNS=-3.487 | TNS=-151.403| WHS=N/A    | THS=N/A    |

Phase 5.2 Global Iteration 1 | Checksum: 1fac2acdc

Time (s): cpu = 00:00:21 ; elapsed = 00:00:21 . Memory (MB): peak = 2708.117 ; gain = 0.000 ; free physical = 8341 ; free virtual = 19339

Phase 5.3 Global Iteration 2
 Number of Nodes with overlaps = 36
 Number of Nodes with overlaps = 15
 Number of Nodes with overlaps = 8
 Number of Nodes with overlaps = 7
 Number of Nodes with overlaps = 1
 Number of Nodes with overlaps = 1
 Number of Nodes with overlaps = 1
 Number of Nodes with overlaps = 2
 Number of Nodes with overlaps = 2
 Number of Nodes with overlaps = 1
 Number of Nodes with overlaps = 2
 Number of Nodes with overlaps = 1
 Number of Nodes with overlaps = 3
 Number of Nodes with overlaps = 4
 Number of Nodes with overlaps = 3
 Number of Nodes with overlaps = 1
 Number of Nodes with overlaps = 0
INFO: [Route 35-416] Intermediate Timing Summary | WNS=-3.817 | TNS=-161.761| WHS=N/A    | THS=N/A    |

Phase 5.3 Global Iteration 2 | Checksum: 2a5495a98

Time (s): cpu = 00:00:21 ; elapsed = 00:00:22 . Memory (MB): peak = 2708.117 ; gain = 0.000 ; free physical = 8342 ; free virtual = 19340
Phase 5 Rip-up And Reroute | Checksum: 2a5495a98

Time (s): cpu = 00:00:21 ; elapsed = 00:00:22 . Memory (MB): peak = 2708.117 ; gain = 0.000 ; free physical = 8342 ; free virtual = 19340

Phase 6 Delay and Skew Optimization

Phase 6.1 Delay CleanUp

Phase 6.1.1 Update Timing
Phase 6.1.1 Update Timing | Checksum: 2a5495a98

Time (s): cpu = 00:00:21 ; elapsed = 00:00:22 . Memory (MB): peak = 2708.117 ; gain = 0.000 ; free physical = 8342 ; free virtual = 19340
INFO: [Route 35-416] Intermediate Timing Summary | WNS=-3.487 | TNS=-151.403| WHS=N/A    | THS=N/A    |

 Number of Nodes with overlaps = 0
Phase 6.1 Delay CleanUp | Checksum: 2108b1233

Time (s): cpu = 00:00:21 ; elapsed = 00:00:22 . Memory (MB): peak = 2708.117 ; gain = 0.000 ; free physical = 8342 ; free virtual = 19340

Phase 6.2 Clock Skew Optimization
Phase 6.2 Clock Skew Optimization | Checksum: 2108b1233

Time (s): cpu = 00:00:21 ; elapsed = 00:00:22 . Memory (MB): peak = 2708.117 ; gain = 0.000 ; free physical = 8342 ; free virtual = 19340
Phase 6 Delay and Skew Optimization | Checksum: 2108b1233

Time (s): cpu = 00:00:21 ; elapsed = 00:00:22 . Memory (MB): peak = 2708.117 ; gain = 0.000 ; free physical = 8342 ; free virtual = 19340

Phase 7 Post Hold Fix

Phase 7.1 Hold Fix Iter
INFO: [Route 35-416] Intermediate Timing Summary | WNS=-3.479 | TNS=-150.565| WHS=0.113  | THS=0.000  |

Phase 7.1 Hold Fix Iter | Checksum: 1aa49c2e0

Time (s): cpu = 00:00:21 ; elapsed = 00:00:22 . Memory (MB): peak = 2708.117 ; gain = 0.000 ; free physical = 8342 ; free virtual = 19340
Phase 7 Post Hold Fix | Checksum: 1aa49c2e0

Time (s): cpu = 00:00:21 ; elapsed = 00:00:22 . Memory (MB): peak = 2708.117 ; gain = 0.000 ; free physical = 8342 ; free virtual = 19340

Phase 8 Route finalize

Router Utilization Summary
  Global Vertical Routing Utilization    = 0.171091 %
  Global Horizontal Routing Utilization  = 0.152004 %
  Routable Net Status*
  *Does not include unroutable nets such as driverless and loadless.
  Run report_route_status for detailed report.
  Number of Failed Nets               = 0
    (Failed Nets is the sum of unrouted and partially routed nets)
  Number of Unrouted Nets             = 0
  Number of Partially Routed Nets     = 0
  Number of Node Overlaps             = 0


--GLOBAL Congestion:
Utilization threshold used for congestion level computation: 0.85
Congestion Report
North Dir 1x1 Area, Max Cong = 28.8288%, No Congested Regions.
South Dir 1x1 Area, Max Cong = 39.6396%, No Congested Regions.
East Dir 1x1 Area, Max Cong = 33.8235%, No Congested Regions.
West Dir 1x1 Area, Max Cong = 35.2941%, No Congested Regions.

------------------------------
Reporting congestion hotspots
------------------------------
Direction: North
----------------
Congested clusters found at Level 0
Effective congestion level: 0 Aspect Ratio: 1 Sparse Ratio: 0
Direction: South
----------------
Congested clusters found at Level 0
Effective congestion level: 0 Aspect Ratio: 1 Sparse Ratio: 0
Direction: East
----------------
Congested clusters found at Level 0
Effective congestion level: 0 Aspect Ratio: 1 Sparse Ratio: 0
Direction: West
----------------
Congested clusters found at Level 0
Effective congestion level: 0 Aspect Ratio: 1 Sparse Ratio: 0

Phase 8 Route finalize | Checksum: 1aa49c2e0

Time (s): cpu = 00:00:22 ; elapsed = 00:00:22 . Memory (MB): peak = 2708.117 ; gain = 0.000 ; free physical = 8342 ; free virtual = 19340

Phase 9 Verifying routed nets

 Verification completed successfully
Phase 9 Verifying routed nets | Checksum: 1aa49c2e0

Time (s): cpu = 00:00:22 ; elapsed = 00:00:22 . Memory (MB): peak = 2708.117 ; gain = 0.000 ; free physical = 8342 ; free virtual = 19340

Phase 10 Depositing Routes
Phase 10 Depositing Routes | Checksum: 238b53a6f

Time (s): cpu = 00:00:22 ; elapsed = 00:00:22 . Memory (MB): peak = 2708.117 ; gain = 0.000 ; free physical = 8342 ; free virtual = 19340

Phase 11 Post Process Routing
Phase 11 Post Process Routing | Checksum: 238b53a6f

Time (s): cpu = 00:00:22 ; elapsed = 00:00:22 . Memory (MB): peak = 2708.117 ; gain = 0.000 ; free physical = 8342 ; free virtual = 19340

Phase 12 Post Router Timing
INFO: [Route 35-57] Estimated Timing Summary | WNS=-3.479 | TNS=-150.565| WHS=0.113  | THS=0.000  |

WARNING: [Route 35-328] Router estimated timing not met.
Resolution: For a complete and accurate timing signoff, report_timing_summary must be run after route_design. Alternatively, route_design can be run with the -timing_summary option to enable a complete timing signoff at the end of route_design.
Phase 12 Post Router Timing | Checksum: 238b53a6f

Time (s): cpu = 00:00:22 ; elapsed = 00:00:22 . Memory (MB): peak = 2708.117 ; gain = 0.000 ; free physical = 8342 ; free virtual = 19340
Total Elapsed time in route_design: 21.9 secs

Phase 13 Post-Route Event Processing
Phase 13 Post-Route Event Processing | Checksum: 142b6db1f

Time (s): cpu = 00:00:22 ; elapsed = 00:00:22 . Memory (MB): peak = 2708.117 ; gain = 0.000 ; free physical = 8345 ; free virtual = 19343
INFO: [Route 35-16] Router Completed Successfully
Ending Routing Task | Checksum: 142b6db1f

Time (s): cpu = 00:00:22 ; elapsed = 00:00:22 . Memory (MB): peak = 2708.117 ; gain = 0.000 ; free physical = 8345 ; free virtual = 19343

Routing Is Done.
INFO: [Common 17-83] Releasing license: Implementation
85 Infos, 189 Warnings, 0 Critical Warnings and 0 Errors encountered.
route_design completed successfully
route_design: Time (s): cpu = 00:00:22 ; elapsed = 00:00:22 . Memory (MB): peak = 2708.117 ; gain = 0.000 ; free physical = 8345 ; free virtual = 19343
INFO: [Timing 38-91] UpdateTimingParams: Speed grade: -1, Delay Type: min_max.
WARNING: [Timing 38-242] The property HD.CLK_SRC of clock port "clk" is not set. In out-of-context mode, this prevents timing estimation for clock delay/skew
Resolution: Set the HD.CLK_SRC property of the out-of-context port to the location of the clock buffer instance in the top-level design
WARNING: [Vivado 12-180] No cells matched 'get_cells -hier -filter {REF_NAME =~ RAMB*}'.
INFO: [Timing 38-480] Writing timing data to binary archive.
Write ShapeDB Complete: Time (s): cpu = 00:00:00 ; elapsed = 00:00:00 . Memory (MB): peak = 2708.117 ; gain = 0.000 ; free physical = 8334 ; free virtual = 19333
Wrote PlaceDB: Time (s): cpu = 00:00:00.01 ; elapsed = 00:00:00 . Memory (MB): peak = 2708.117 ; gain = 0.000 ; free physical = 8334 ; free virtual = 19333
Wrote PulsedLatchDB: Time (s): cpu = 00:00:00 ; elapsed = 00:00:00 . Memory (MB): peak = 2708.117 ; gain = 0.000 ; free physical = 8334 ; free virtual = 19333
Writing XDEF routing.
Writing XDEF routing logical nets.
Writing XDEF routing special nets.
Wrote RouteStorage: Time (s): cpu = 00:00:00.01 ; elapsed = 00:00:00.01 . Memory (MB): peak = 2708.117 ; gain = 0.000 ; free physical = 8334 ; free virtual = 19333
Wrote PlaceStorage: Time (s): cpu = 00:00:00.02 ; elapsed = 00:00:00.02 . Memory (MB): peak = 2708.117 ; gain = 0.000 ; free physical = 8334 ; free virtual = 19333
Wrote Netlist Cache: Time (s): cpu = 00:00:00 ; elapsed = 00:00:00.01 . Memory (MB): peak = 2708.117 ; gain = 0.000 ; free physical = 8334 ; free virtual = 19333
Wrote Device Cache: Time (s): cpu = 00:00:00 ; elapsed = 00:00:00 . Memory (MB): peak = 2708.117 ; gain = 0.000 ; free physical = 8334 ; free virtual = 19334
Write Physdb Complete: Time (s): cpu = 00:00:00.04 ; elapsed = 00:00:00.04 . Memory (MB): peak = 2708.117 ; gain = 0.000 ; free physical = 8334 ; free virtual = 19334
INFO: [Common 17-1381] The checkpoint '/mnt/storage/test/zkf-vs-flopoco/artifacts/targets/spartan7-vivado/rows/tommath_mul_e8_m35_round_even_p2/post_route.dcp' has been generated.
INFO: [Common 17-206] Exiting Vivado at Sun May 24 15:05:55 2026...
$ /mnt/storage/xilinx/2025.2.1/Vivado/bin/vivado -mode batch -nojournal -nolog -notrace -source /mnt/storage/test/zkf-vs-flopoco/artifacts/targets/spartan7-vivado/rows/tommath_mul_e8_m35_round_even_p2/vivado.tcl


[exit code 0]
