
Lattice Mapping Report File for Design Module
     'top_flopoco_div_we8_wf35_zynq7000_native_srt_87_f300'


Design Information
------------------

Command line:   /usr/local/diamond/3.14/ispfpga/bin/lin64/map -a ECP5U -p
     LFE5U-12F -t CABGA381 -s 6 -oc Commercial /mnt/storage/test/zkf-vs-flopoco/
     artifacts/targets/ecp5-diamond/rows/flopoco_div_we8_wf35_zynq7000_native_sr
     t_87_f300/top_flopoco_div_we8_wf35_zynq7000_native_srt_87_f300.ngd -o /mnt/
     storage/test/zkf-vs-flopoco/artifacts/targets/ecp5-diamond/rows/flopoco_div
     _we8_wf35_zynq7000_native_srt_87_f300/top_flopoco_div_we8_wf35_zynq7000_nat
     ive_srt_87_f300_map.ncd -pr /mnt/storage/test/zkf-vs-flopoco/artifacts/targ
     ets/ecp5-diamond/rows/flopoco_div_we8_wf35_zynq7000_native_srt_87_f300/top_
     flopoco_div_we8_wf35_zynq7000_native_srt_87_f300.prf -mp /mnt/storage/test/
     zkf-vs-flopoco/artifacts/targets/ecp5-diamond/rows/flopoco_div_we8_wf35_zyn
     q7000_native_srt_87_f300/top_flopoco_div_we8_wf35_zynq7000_native_srt_87_f3
     00.mrp -lpf /mnt/storage/test/zkf-vs-flopoco/artifacts/targets/ecp5-diamond
     /rows/flopoco_div_we8_wf35_zynq7000_native_srt_87_f300/constraints.lpf 
Target Vendor:  LATTICE
Target Device:  LFE5U-12FCABGA381
Target Performance:   6
Mapper:  sa5p00,  version:  Diamond (64-bit) 3.14.0.75.2
Mapped on:  05/23/26  22:37:23

Design Summary
--------------

   Number of registers:   3637 out of 12687 (29%)
      PFU registers:         3637 out of 12096 (30%)
      PIO registers:            0 out of   591 (0%)
   Number of SLICEs:      3051 out of  6048 (50%)
      SLICEs as Logic/ROM:   2985 out of  6048 (49%)
      SLICEs as RAM:           66 out of  4536 (1%)
      SLICEs as Carry:        716 out of  6048 (12%)
   Number of LUT4s:        3434 out of 12096 (28%)
      Number used as logic LUTs:        1870
      Number used as distributed RAM:   132
      Number used as ripple logic:      1432
      Number used as shift registers:     0
   Number of PIO sites used: 139 out of 197 (71%)
   Number of block RAMs:  6 out of 32 (19%)
   Number of GSRs:  0 out of 1 (0%)
   JTAG used :      No
   Readback used :  No
   Oscillator used :  No
   Startup used :   No
   DTR used :   No
   Number of Dynamic Bank Controller (BCINRD):  0 out of 4 (0%)
   Number of Dynamic Bank Controller (BCLVDSOB):  0 out of 4 (0%)
   Number of DCC:  0 out of 60 (0%)
   Number of DCS:  0 out of 2 (0%)
   Number of DDRDLLs:  0 out of 4 (0%)
   Number of CLKDIV:  0 out of 4 (0%)
   Number of ECLKSYNC:  0 out of 10 (0%)
   Number of ECLKBRIDGECS:  0 out of 2 (0%)
   Notes:-
      1. Total number of LUT4s = (Number of logic LUT4s) + 2*(Number of
     distributed RAMs) + 2*(Number of ripple logic)
      2. Number of logic LUT4s does not include count of distributed RAM and

                                    Page 1




Design:  top_flopoco_div_we8_wf35_zynq7000_native_srt_87_f300Date:  05/23/26  22:37:23

Design Summary (cont)
---------------------
     ripple logic.

        Number Of Mapped DSP Components:
   --------------------------------
   MULT18X18D          0
   MULT9X9D            0
   ALU54B              0
   ALU24B              0
   PRADD18A            0
   PRADD9A             0
   --------------------------------
   Number of Used DSP MULT Sites:  0 out of 56 (0 %)
   Number of Used DSP ALU Sites:  0 out of 28 (0 %)
   Number of Used DSP PRADD Sites:  0 out of 56 (0 %)
   Number of clocks:  1
     Net clk_c: 1930 loads, 1930 rising, 0 falling (Driver: PIO clk )
   Number of Clock Enables:  0
   Number of LSRs:  30
     Net X_r_0: 1 loads, 1 LSLICEs
     Net prescaledfY_d11_0: 1 loads, 1 LSLICEs
     Net prescaledfY_d25_0: 1 loads, 1 LSLICEs
     Net prescaledfY_d18_0: 1 loads, 1 LSLICEs
     Net n7678: 1 loads, 1 LSLICEs
     Net Y_r_34: 1 loads, 1 LSLICEs
     Net n17551: 1 loads, 1 LSLICEs
     Net u_dut/prescaledfY_d1_0: 1 loads, 1 LSLICEs
     Net u_dut/prescaledfY_d3_0: 1 loads, 1 LSLICEs
     Net u_dut/prescaledfY_d6_0: 1 loads, 1 LSLICEs
     Net u_dut/prescaledfY_d8_0: 1 loads, 1 LSLICEs
     Net u_dut/prescaledfY_d13_0: 1 loads, 1 LSLICEs
     Net u_dut/prescaledfY_d15_0: 1 loads, 1 LSLICEs
     Net u_dut/prescaledfY_d20_0: 1 loads, 1 LSLICEs
     Net u_dut/prescaledfY_d22_0: 1 loads, 1 LSLICEs
     Net u_dut/prescaledfY_d27_0: 1 loads, 1 LSLICEs
     Net u_dut/prescaledfY_d29_0: 1 loads, 1 LSLICEs
     Net u_dut/q13_d1_0: 1 loads, 1 LSLICEs
     Net u_dut/n22888: 2 loads, 2 LSLICEs
     Net u_dut/n21478: 1 loads, 1 LSLICEs
     Net u_dut/n22905: 2 loads, 2 LSLICEs
     Net u_dut/n22904: 2 loads, 2 LSLICEs
     Net u_dut/n22903: 2 loads, 2 LSLICEs
     Net u_dut/n22900: 2 loads, 2 LSLICEs
     Net u_dut/n22895: 2 loads, 2 LSLICEs
     Net u_dut/n22924: 2 loads, 2 LSLICEs
     Net u_dut/n22923: 2 loads, 2 LSLICEs
     Net n17517: 3 loads, 3 LSLICEs
     Net u_dut/n22918: 2 loads, 2 LSLICEs
     Net u_dut/n22913: 2 loads, 2 LSLICEs
   Number of nets driven by tri-state buffers:  0
   Top 10 highest fanout non-clock nets:
     Net q3_d1_1: 83 loads
     Net q6_d1_1: 82 loads
     Net q9_d1_1: 82 loads
     Net q1_d1_1: 81 loads
     Net q2_d1_1: 81 loads
     Net q4_d1_1: 81 loads

                                    Page 2




Design:  top_flopoco_div_we8_wf35_zynq7000_native_srt_87_f300Date:  05/23/26  22:37:23

Design Summary (cont)
---------------------
     Net q10_d1_1: 80 loads
     Net q12_d1_1: 80 loads
     Net q5_d1_1: 80 loads
     Net q7_d1_1: 80 loads




   Number of warnings:  0
   Number of errors:    0
     

Design Errors/Warnings
----------------------

   No errors or warnings present.

IO (PIO) Attributes
-------------------

+---------------------+-----------+-----------+------------+
| IO Name             | Direction | Levelmode | IO         |
|                     |           |  IO_TYPE  | Register   |
+---------------------+-----------+-----------+------------+
| Y_i[45]             | INPUT     | LVCMOS25  |            |
+---------------------+-----------+-----------+------------+
| X_i[0]              | INPUT     | LVCMOS25  |            |
+---------------------+-----------+-----------+------------+
| X_i[1]              | INPUT     | LVCMOS25  |            |
+---------------------+-----------+-----------+------------+
| X_i[2]              | INPUT     | LVCMOS25  |            |
+---------------------+-----------+-----------+------------+
| X_i[15]             | INPUT     | LVCMOS25  |            |
+---------------------+-----------+-----------+------------+
| R_o[34]             | OUTPUT    | LVCMOS25  |            |
+---------------------+-----------+-----------+------------+
| R_o[37]             | OUTPUT    | LVCMOS25  |            |
+---------------------+-----------+-----------+------------+
| R_o[38]             | OUTPUT    | LVCMOS25  |            |
+---------------------+-----------+-----------+------------+
| R_o[39]             | OUTPUT    | LVCMOS25  |            |
+---------------------+-----------+-----------+------------+
| R_o[40]             | OUTPUT    | LVCMOS25  |            |
+---------------------+-----------+-----------+------------+
| Y_i[0]              | INPUT     | LVCMOS25  |            |
+---------------------+-----------+-----------+------------+
| Y_i[10]             | INPUT     | LVCMOS25  |            |
+---------------------+-----------+-----------+------------+
| Y_i[9]              | INPUT     | LVCMOS25  |            |
+---------------------+-----------+-----------+------------+
| Y_i[8]              | INPUT     | LVCMOS25  |            |
+---------------------+-----------+-----------+------------+
| Y_i[15]             | INPUT     | LVCMOS25  |            |
+---------------------+-----------+-----------+------------+
| Y_i[14]             | INPUT     | LVCMOS25  |            |
+---------------------+-----------+-----------+------------+

                                    Page 3




Design:  top_flopoco_div_we8_wf35_zynq7000_native_srt_87_f300Date:  05/23/26  22:37:23

IO (PIO) Attributes (cont)
--------------------------
| Y_i[6]              | INPUT     | LVCMOS25  |            |
+---------------------+-----------+-----------+------------+
| Y_i[7]              | INPUT     | LVCMOS25  |            |
+---------------------+-----------+-----------+------------+
| Y_i[13]             | INPUT     | LVCMOS25  |            |
+---------------------+-----------+-----------+------------+
| Y_i[12]             | INPUT     | LVCMOS25  |            |
+---------------------+-----------+-----------+------------+
| Y_i[11]             | INPUT     | LVCMOS25  |            |
+---------------------+-----------+-----------+------------+
| R_o[43]             | OUTPUT    | LVCMOS25  |            |
+---------------------+-----------+-----------+------------+
| Y_i[23]             | INPUT     | LVCMOS25  |            |
+---------------------+-----------+-----------+------------+
| Y_i[16]             | INPUT     | LVCMOS25  |            |
+---------------------+-----------+-----------+------------+
| Y_i[21]             | INPUT     | LVCMOS25  |            |
+---------------------+-----------+-----------+------------+
| Y_i[20]             | INPUT     | LVCMOS25  |            |
+---------------------+-----------+-----------+------------+
| Y_i[31]             | INPUT     | LVCMOS25  |            |
+---------------------+-----------+-----------+------------+
| Y_i[24]             | INPUT     | LVCMOS25  |            |
+---------------------+-----------+-----------+------------+
| Y_i[25]             | INPUT     | LVCMOS25  |            |
+---------------------+-----------+-----------+------------+
| Y_i[30]             | INPUT     | LVCMOS25  |            |
+---------------------+-----------+-----------+------------+
| Y_i[29]             | INPUT     | LVCMOS25  |            |
+---------------------+-----------+-----------+------------+
| Y_i[28]             | INPUT     | LVCMOS25  |            |
+---------------------+-----------+-----------+------------+
| Y_i[32]             | INPUT     | LVCMOS25  |            |
+---------------------+-----------+-----------+------------+
| R_o[44]             | OUTPUT    | LVCMOS25  |            |
+---------------------+-----------+-----------+------------+
| R_o[45]             | OUTPUT    | LVCMOS25  |            |
+---------------------+-----------+-----------+------------+
| Y_i[36]             | INPUT     | LVCMOS25  |            |
+---------------------+-----------+-----------+------------+
| Y_i[37]             | INPUT     | LVCMOS25  |            |
+---------------------+-----------+-----------+------------+
| X_i[41]             | INPUT     | LVCMOS25  |            |
+---------------------+-----------+-----------+------------+
| X_i[40]             | INPUT     | LVCMOS25  |            |
+---------------------+-----------+-----------+------------+
| X_i[39]             | INPUT     | LVCMOS25  |            |
+---------------------+-----------+-----------+------------+
| Y_i[42]             | INPUT     | LVCMOS25  |            |
+---------------------+-----------+-----------+------------+
| Y_i[43]             | INPUT     | LVCMOS25  |            |
+---------------------+-----------+-----------+------------+
| X_i[36]             | INPUT     | LVCMOS25  |            |
+---------------------+-----------+-----------+------------+
| Y_i[44]             | INPUT     | LVCMOS25  |            |
+---------------------+-----------+-----------+------------+

                                    Page 4




Design:  top_flopoco_div_we8_wf35_zynq7000_native_srt_87_f300Date:  05/23/26  22:37:23

IO (PIO) Attributes (cont)
--------------------------
| X_i[21]             | INPUT     | LVCMOS25  |            |
+---------------------+-----------+-----------+------------+
| X_i[7]              | INPUT     | LVCMOS25  |            |
+---------------------+-----------+-----------+------------+
| X_i[6]              | INPUT     | LVCMOS25  |            |
+---------------------+-----------+-----------+------------+
| X_i[4]              | INPUT     | LVCMOS25  |            |
+---------------------+-----------+-----------+------------+
| X_i[3]              | INPUT     | LVCMOS25  |            |
+---------------------+-----------+-----------+------------+
| X_i[14]             | INPUT     | LVCMOS25  |            |
+---------------------+-----------+-----------+------------+
| X_i[5]              | INPUT     | LVCMOS25  |            |
+---------------------+-----------+-----------+------------+
| X_i[9]              | INPUT     | LVCMOS25  |            |
+---------------------+-----------+-----------+------------+
| X_i[8]              | INPUT     | LVCMOS25  |            |
+---------------------+-----------+-----------+------------+
| X_i[11]             | INPUT     | LVCMOS25  |            |
+---------------------+-----------+-----------+------------+
| X_i[10]             | INPUT     | LVCMOS25  |            |
+---------------------+-----------+-----------+------------+
| X_i[13]             | INPUT     | LVCMOS25  |            |
+---------------------+-----------+-----------+------------+
| X_i[12]             | INPUT     | LVCMOS25  |            |
+---------------------+-----------+-----------+------------+
| Y_i[1]              | INPUT     | LVCMOS25  |            |
+---------------------+-----------+-----------+------------+
| Y_i[2]              | INPUT     | LVCMOS25  |            |
+---------------------+-----------+-----------+------------+
| Y_i[3]              | INPUT     | LVCMOS25  |            |
+---------------------+-----------+-----------+------------+
| Y_i[4]              | INPUT     | LVCMOS25  |            |
+---------------------+-----------+-----------+------------+
| Y_i[5]              | INPUT     | LVCMOS25  |            |
+---------------------+-----------+-----------+------------+
| Y_i[22]             | INPUT     | LVCMOS25  |            |
+---------------------+-----------+-----------+------------+
| Y_i[17]             | INPUT     | LVCMOS25  |            |
+---------------------+-----------+-----------+------------+
| Y_i[18]             | INPUT     | LVCMOS25  |            |
+---------------------+-----------+-----------+------------+
| Y_i[19]             | INPUT     | LVCMOS25  |            |
+---------------------+-----------+-----------+------------+
| Y_i[26]             | INPUT     | LVCMOS25  |            |
+---------------------+-----------+-----------+------------+
| Y_i[27]             | INPUT     | LVCMOS25  |            |
+---------------------+-----------+-----------+------------+
| Y_i[33]             | INPUT     | LVCMOS25  |            |
+---------------------+-----------+-----------+------------+
| Y_i[34]             | INPUT     | LVCMOS25  |            |
+---------------------+-----------+-----------+------------+
| Y_i[35]             | INPUT     | LVCMOS25  |            |
+---------------------+-----------+-----------+------------+
| Y_i[38]             | INPUT     | LVCMOS25  |            |
+---------------------+-----------+-----------+------------+

                                    Page 5




Design:  top_flopoco_div_we8_wf35_zynq7000_native_srt_87_f300Date:  05/23/26  22:37:23

IO (PIO) Attributes (cont)
--------------------------
| Y_i[39]             | INPUT     | LVCMOS25  |            |
+---------------------+-----------+-----------+------------+
| Y_i[40]             | INPUT     | LVCMOS25  |            |
+---------------------+-----------+-----------+------------+
| Y_i[41]             | INPUT     | LVCMOS25  |            |
+---------------------+-----------+-----------+------------+
| X_i[18]             | INPUT     | LVCMOS25  |            |
+---------------------+-----------+-----------+------------+
| X_i[17]             | INPUT     | LVCMOS25  |            |
+---------------------+-----------+-----------+------------+
| X_i[16]             | INPUT     | LVCMOS25  |            |
+---------------------+-----------+-----------+------------+
| X_i[28]             | INPUT     | LVCMOS25  |            |
+---------------------+-----------+-----------+------------+
| X_i[27]             | INPUT     | LVCMOS25  |            |
+---------------------+-----------+-----------+------------+
| X_i[19]             | INPUT     | LVCMOS25  |            |
+---------------------+-----------+-----------+------------+
| X_i[20]             | INPUT     | LVCMOS25  |            |
+---------------------+-----------+-----------+------------+
| X_i[24]             | INPUT     | LVCMOS25  |            |
+---------------------+-----------+-----------+------------+
| X_i[23]             | INPUT     | LVCMOS25  |            |
+---------------------+-----------+-----------+------------+
| X_i[22]             | INPUT     | LVCMOS25  |            |
+---------------------+-----------+-----------+------------+
| X_i[35]             | INPUT     | LVCMOS25  |            |
+---------------------+-----------+-----------+------------+
| X_i[34]             | INPUT     | LVCMOS25  |            |
+---------------------+-----------+-----------+------------+
| X_i[25]             | INPUT     | LVCMOS25  |            |
+---------------------+-----------+-----------+------------+
| X_i[26]             | INPUT     | LVCMOS25  |            |
+---------------------+-----------+-----------+------------+
| X_i[31]             | INPUT     | LVCMOS25  |            |
+---------------------+-----------+-----------+------------+
| X_i[30]             | INPUT     | LVCMOS25  |            |
+---------------------+-----------+-----------+------------+
| X_i[29]             | INPUT     | LVCMOS25  |            |
+---------------------+-----------+-----------+------------+
| R_o[7]              | OUTPUT    | LVCMOS25  |            |
+---------------------+-----------+-----------+------------+
| R_o[6]              | OUTPUT    | LVCMOS25  |            |
+---------------------+-----------+-----------+------------+
| X_i[32]             | INPUT     | LVCMOS25  |            |
+---------------------+-----------+-----------+------------+
| X_i[33]             | INPUT     | LVCMOS25  |            |
+---------------------+-----------+-----------+------------+
| R_o[5]              | OUTPUT    | LVCMOS25  |            |
+---------------------+-----------+-----------+------------+
| R_o[2]              | OUTPUT    | LVCMOS25  |            |
+---------------------+-----------+-----------+------------+
| R_o[1]              | OUTPUT    | LVCMOS25  |            |
+---------------------+-----------+-----------+------------+
| R_o[0]              | OUTPUT    | LVCMOS25  |            |
+---------------------+-----------+-----------+------------+

                                    Page 6




Design:  top_flopoco_div_we8_wf35_zynq7000_native_srt_87_f300Date:  05/23/26  22:37:23

IO (PIO) Attributes (cont)
--------------------------
| X_i[37]             | INPUT     | LVCMOS25  |            |
+---------------------+-----------+-----------+------------+
| X_i[38]             | INPUT     | LVCMOS25  |            |
+---------------------+-----------+-----------+------------+
| X_i[44]             | INPUT     | LVCMOS25  |            |
+---------------------+-----------+-----------+------------+
| X_i[43]             | INPUT     | LVCMOS25  |            |
+---------------------+-----------+-----------+------------+
| X_i[42]             | INPUT     | LVCMOS25  |            |
+---------------------+-----------+-----------+------------+
| R_o[20]             | OUTPUT    | LVCMOS25  |            |
+---------------------+-----------+-----------+------------+
| R_o[19]             | OUTPUT    | LVCMOS25  |            |
+---------------------+-----------+-----------+------------+
| X_i[45]             | INPUT     | LVCMOS25  |            |
+---------------------+-----------+-----------+------------+
| clk                 | INPUT     | LVCMOS25  |            |
+---------------------+-----------+-----------+------------+
| R_o[18]             | OUTPUT    | LVCMOS25  |            |
+---------------------+-----------+-----------+------------+
| R_o[15]             | OUTPUT    | LVCMOS25  |            |
+---------------------+-----------+-----------+------------+
| R_o[14]             | OUTPUT    | LVCMOS25  |            |
+---------------------+-----------+-----------+------------+
| R_o[13]             | OUTPUT    | LVCMOS25  |            |
+---------------------+-----------+-----------+------------+
| R_o[3]              | OUTPUT    | LVCMOS25  |            |
+---------------------+-----------+-----------+------------+
| R_o[4]              | OUTPUT    | LVCMOS25  |            |
+---------------------+-----------+-----------+------------+
| R_o[10]             | OUTPUT    | LVCMOS25  |            |
+---------------------+-----------+-----------+------------+
| R_o[9]              | OUTPUT    | LVCMOS25  |            |
+---------------------+-----------+-----------+------------+
| R_o[8]              | OUTPUT    | LVCMOS25  |            |
+---------------------+-----------+-----------+------------+
| R_o[33]             | OUTPUT    | LVCMOS25  |            |
+---------------------+-----------+-----------+------------+
| R_o[32]             | OUTPUT    | LVCMOS25  |            |
+---------------------+-----------+-----------+------------+
| R_o[11]             | OUTPUT    | LVCMOS25  |            |
+---------------------+-----------+-----------+------------+
| R_o[12]             | OUTPUT    | LVCMOS25  |            |
+---------------------+-----------+-----------+------------+
| R_o[31]             | OUTPUT    | LVCMOS25  |            |
+---------------------+-----------+-----------+------------+
| R_o[28]             | OUTPUT    | LVCMOS25  |            |
+---------------------+-----------+-----------+------------+
| R_o[27]             | OUTPUT    | LVCMOS25  |            |
+---------------------+-----------+-----------+------------+
| R_o[26]             | OUTPUT    | LVCMOS25  |            |
+---------------------+-----------+-----------+------------+
| R_o[16]             | OUTPUT    | LVCMOS25  |            |
+---------------------+-----------+-----------+------------+
| R_o[17]             | OUTPUT    | LVCMOS25  |            |
+---------------------+-----------+-----------+------------+

                                    Page 7




Design:  top_flopoco_div_we8_wf35_zynq7000_native_srt_87_f300Date:  05/23/26  22:37:23

IO (PIO) Attributes (cont)
--------------------------
| R_o[23]             | OUTPUT    | LVCMOS25  |            |
+---------------------+-----------+-----------+------------+
| R_o[22]             | OUTPUT    | LVCMOS25  |            |
+---------------------+-----------+-----------+------------+
| R_o[21]             | OUTPUT    | LVCMOS25  |            |
+---------------------+-----------+-----------+------------+
| R_o[24]             | OUTPUT    | LVCMOS25  |            |
+---------------------+-----------+-----------+------------+
| R_o[25]             | OUTPUT    | LVCMOS25  |            |
+---------------------+-----------+-----------+------------+
| R_o[29]             | OUTPUT    | LVCMOS25  |            |
+---------------------+-----------+-----------+------------+
| R_o[30]             | OUTPUT    | LVCMOS25  |            |
+---------------------+-----------+-----------+------------+
| R_o[35]             | OUTPUT    | LVCMOS25  |            |
+---------------------+-----------+-----------+------------+
| R_o[36]             | OUTPUT    | LVCMOS25  |            |
+---------------------+-----------+-----------+------------+
| R_o[41]             | OUTPUT    | LVCMOS25  |            |
+---------------------+-----------+-----------+------------+
| R_o[42]             | OUTPUT    | LVCMOS25  |            |
+---------------------+-----------+-----------+------------+

Removed logic
-------------

Block GSR_INST undriven or does not drive anything - clipped.
Block qP13_d1__28_sft00000/RAM1 undriven or does not drive anything - clipped.
Block qP13_d1__28_sft00001/RAM1 undriven or does not drive anything - clipped.
Block sR_d1_821_sft00011/RAM1 undriven or does not drive anything - clipped.
Block sR_d1_821_sft00013/RAM1 undriven or does not drive anything - clipped.
Signal n19127 was merged into signal n17551
Signal n19150 was merged into signal X_r_0
Signal u_dut/n19147 was merged into signal prescaledfY_d25_0
Signal u_dut/n19128 was merged into signal u_dut/q13_d1_0
Signal u_dut/n19129 was merged into signal u_dut/prescaledfY_d1_0
Signal u_dut/n19139 was merged into signal u_dut/prescaledfY_d15_0
Signal u_dut/n19149 was merged into signal u_dut/prescaledfY_d27_0
Signal u_dut/n19152 was merged into signal u_dut/prescaledfY_d29_0
Signal u_dut/n19141 was merged into signal prescaledfY_d18_0
Signal u_dut/n22930 was merged into signal n15324
Signal u_dut/n22927 was merged into signal n15366
Signal u_dut/n19131 was merged into signal u_dut/prescaledfY_d3_0
Signal u_dut/n19145 was merged into signal u_dut/prescaledfY_d22_0
Signal u_dut/n19137 was merged into signal u_dut/prescaledfY_d13_0
Signal u_dut/n19134 was merged into signal u_dut/prescaledfY_d8_0
Signal u_dut/n19132 was merged into signal u_dut/prescaledfY_d6_0
Signal u_dut/n19143 was merged into signal u_dut/prescaledfY_d20_0
Signal u_dut/n19136 was merged into signal prescaledfY_d11_0
Signal n5_adj_3436 was merged into signal n15208
Signal n5 was merged into signal n15229
Signal n5_adj_3434 was merged into signal n15272
Signal n5_adj_3437 was merged into signal n15323
Signal n5_adj_3435 was merged into signal n15365
Signal n15498 was merged into signal n15499
Signal VCC_net undriven or does not drive anything - clipped.

                                    Page 8




Design:  top_flopoco_div_we8_wf35_zynq7000_native_srt_87_f300Date:  05/23/26  22:37:23

Removed logic (cont)
--------------------
Signal add_4835_39/S1 undriven or does not drive anything - clipped.
Signal add_4835_39/CO undriven or does not drive anything - clipped.
Signal add_4835_1/S1 undriven or does not drive anything - clipped.
Signal add_4835_1/S0 undriven or does not drive anything - clipped.
Signal add_4835_1/CI undriven or does not drive anything - clipped.
Signal add_4833_39/S1 undriven or does not drive anything - clipped.
Signal add_4833_39/CO undriven or does not drive anything - clipped.
Signal add_4833_1/S1 undriven or does not drive anything - clipped.
Signal add_4833_1/S0 undriven or does not drive anything - clipped.
Signal add_4833_1/CI undriven or does not drive anything - clipped.
Signal add_4831_39/S1 undriven or does not drive anything - clipped.
Signal add_4831_39/CO undriven or does not drive anything - clipped.
Signal add_4831_1/S1 undriven or does not drive anything - clipped.
Signal add_4831_1/S0 undriven or does not drive anything - clipped.
Signal add_4831_1/CI undriven or does not drive anything - clipped.
Signal add_4832_39/S1 undriven or does not drive anything - clipped.
Signal add_4832_39/CO undriven or does not drive anything - clipped.
Signal add_4832_1/S1 undriven or does not drive anything - clipped.
Signal add_4832_1/S0 undriven or does not drive anything - clipped.
Signal add_4832_1/CI undriven or does not drive anything - clipped.
Signal add_4828_41/S1 undriven or does not drive anything - clipped.
Signal add_4828_41/CO undriven or does not drive anything - clipped.
Signal add_4828_1/S1 undriven or does not drive anything - clipped.
Signal add_4828_1/S0 undriven or does not drive anything - clipped.
Signal add_4828_1/CI undriven or does not drive anything - clipped.
Signal add_4829_41/S1 undriven or does not drive anything - clipped.
Signal add_4829_41/CO undriven or does not drive anything - clipped.
Signal _add_1_2159_add_4_37/S1 undriven or does not drive anything - clipped.
Signal _add_1_2159_add_4_37/CO undriven or does not drive anything - clipped.
Signal _add_1_2102_add_4_2/S0 undriven or does not drive anything - clipped.
Signal _add_1_2102_add_4_2/CI undriven or does not drive anything - clipped.
Signal _add_1_2102_add_4_40/S1 undriven or does not drive anything - clipped.
Signal _add_1_2102_add_4_40/CO undriven or does not drive anything - clipped.
Signal _add_1_2156_add_4_2/S0 undriven or does not drive anything - clipped.
Signal _add_1_2156_add_4_2/CI undriven or does not drive anything - clipped.
Signal _add_1_2156_add_4_38/S1 undriven or does not drive anything - clipped.
Signal _add_1_2156_add_4_38/CO undriven or does not drive anything - clipped.
Signal _add_1_2147_add_4_1/S0 undriven or does not drive anything - clipped.
Signal _add_1_2147_add_4_1/CI undriven or does not drive anything - clipped.
Signal u_dut/equal_5633_0/S1 undriven or does not drive anything - clipped.
Signal u_dut/equal_5633_0/S0 undriven or does not drive anything - clipped.
Signal u_dut/equal_5633_0/CI undriven or does not drive anything - clipped.
Signal u_dut/equal_5633_28/S1 undriven or does not drive anything - clipped.
Signal u_dut/equal_5633_28/S0 undriven or does not drive anything - clipped.
Signal u_dut/equal_5633_30/S1 undriven or does not drive anything - clipped.
Signal u_dut/equal_5633_30/S0 undriven or does not drive anything - clipped.
Signal u_dut/equal_5633_32/S1 undriven or does not drive anything - clipped.
Signal u_dut/equal_5633_32/S0 undriven or does not drive anything - clipped.
Signal u_dut/equal_5633_34_5636/S1 undriven or does not drive anything -
     clipped.
Signal u_dut/equal_5633_34_5636/S0 undriven or does not drive anything -
     clipped.
Signal u_dut/equal_5633_34/S1 undriven or does not drive anything - clipped.
Signal u_dut/equal_5633_34/CO undriven or does not drive anything - clipped.
Signal _add_1_2159_add_4_1/S0 undriven or does not drive anything - clipped.
Signal _add_1_2159_add_4_1/CI undriven or does not drive anything - clipped.

                                    Page 9




Design:  top_flopoco_div_we8_wf35_zynq7000_native_srt_87_f300Date:  05/23/26  22:37:23

Removed logic (cont)
--------------------
Signal _add_1_2147_add_4_39/CO undriven or does not drive anything - clipped.
Signal _add_1_2174_add_4_1/S0 undriven or does not drive anything - clipped.
Signal _add_1_2174_add_4_1/CI undriven or does not drive anything - clipped.
Signal _add_1_2174_add_4_39/CO undriven or does not drive anything - clipped.
Signal _add_1_2153_add_4_1/S0 undriven or does not drive anything - clipped.
Signal _add_1_2153_add_4_1/CI undriven or does not drive anything - clipped.
Signal _add_1_2153_add_4_37/CO undriven or does not drive anything - clipped.
Signal _add_1_2144_add_4_1/S0 undriven or does not drive anything - clipped.
Signal _add_1_2144_add_4_1/CI undriven or does not drive anything - clipped.
Signal _add_1_2144_add_4_39/CO undriven or does not drive anything - clipped.
Signal _add_1_2171_add_4_1/S0 undriven or does not drive anything - clipped.
Signal _add_1_2171_add_4_1/CI undriven or does not drive anything - clipped.
Signal _add_1_2189_add_4_1/S0 undriven or does not drive anything - clipped.
Signal _add_1_2189_add_4_1/CI undriven or does not drive anything - clipped.
Signal _add_1_2195_add_4_39/CO undriven or does not drive anything - clipped.
Signal _add_1_2171_add_4_39/CO undriven or does not drive anything - clipped.
Signal _add_1_2192_add_4_1/S0 undriven or does not drive anything - clipped.
Signal _add_1_2192_add_4_1/CI undriven or does not drive anything - clipped.
Signal _add_1_2189_add_4_39/CO undriven or does not drive anything - clipped.
Signal _add_1_2186_add_4_1/S0 undriven or does not drive anything - clipped.
Signal _add_1_2186_add_4_1/CI undriven or does not drive anything - clipped.
Signal _add_1_2186_add_4_39/CO undriven or does not drive anything - clipped.
Signal _add_1_2183_add_4_1/S0 undriven or does not drive anything - clipped.
Signal _add_1_2183_add_4_1/CI undriven or does not drive anything - clipped.
Signal _add_1_2183_add_4_39/CO undriven or does not drive anything - clipped.
Signal _add_1_2180_add_4_2/S0 undriven or does not drive anything - clipped.
Signal _add_1_2180_add_4_2/CI undriven or does not drive anything - clipped.
Signal _add_1_2180_add_4_38/CO undriven or does not drive anything - clipped.
Signal _add_1_2177_add_4_1/S0 undriven or does not drive anything - clipped.
Signal _add_1_2177_add_4_1/CI undriven or does not drive anything - clipped.
Signal _add_1_2177_add_4_39/CO undriven or does not drive anything - clipped.
Signal _add_1_2168_add_4_1/S0 undriven or does not drive anything - clipped.
Signal _add_1_2168_add_4_1/CI undriven or does not drive anything - clipped.
Signal _add_1_2168_add_4_39/CO undriven or does not drive anything - clipped.
Signal _add_1_2165_add_4_2/S0 undriven or does not drive anything - clipped.
Signal _add_1_2165_add_4_2/CI undriven or does not drive anything - clipped.
Signal _add_1_2165_add_4_46/S1 undriven or does not drive anything - clipped.
Signal _add_1_2165_add_4_46/CO undriven or does not drive anything - clipped.
Signal _add_1_2117_add_4_2/S0 undriven or does not drive anything - clipped.
Signal _add_1_2117_add_4_2/CI undriven or does not drive anything - clipped.
Signal _add_1_2117_add_4_12/S1 undriven or does not drive anything - clipped.
Signal _add_1_2117_add_4_12/CO undriven or does not drive anything - clipped.
Signal _add_1_2150_add_4_1/S0 undriven or does not drive anything - clipped.
Signal _add_1_2150_add_4_1/CI undriven or does not drive anything - clipped.
Signal _add_1_2150_add_4_39/CO undriven or does not drive anything - clipped.
Signal _add_1_2105_add_4_2/S0 undriven or does not drive anything - clipped.
Signal _add_1_2105_add_4_2/CI undriven or does not drive anything - clipped.
Signal _add_1_2105_add_4_38/CO undriven or does not drive anything - clipped.
Signal _add_1_2162_add_4_2/S0 undriven or does not drive anything - clipped.
Signal _add_1_2162_add_4_2/CI undriven or does not drive anything - clipped.
Signal _add_1_2162_add_4_10/CO undriven or does not drive anything - clipped.
Signal add_4826_1/S1 undriven or does not drive anything - clipped.
Signal add_4826_1/S0 undriven or does not drive anything - clipped.
Signal add_4826_1/CI undriven or does not drive anything - clipped.
Signal add_4826_39/S1 undriven or does not drive anything - clipped.
Signal add_4826_39/CO undriven or does not drive anything - clipped.

                                   Page 10




Design:  top_flopoco_div_we8_wf35_zynq7000_native_srt_87_f300Date:  05/23/26  22:37:23

Removed logic (cont)
--------------------
Signal add_4834_1/S1 undriven or does not drive anything - clipped.
Signal add_4834_1/S0 undriven or does not drive anything - clipped.
Signal add_4834_1/CI undriven or does not drive anything - clipped.
Signal add_4834_39/S1 undriven or does not drive anything - clipped.
Signal add_4834_39/CO undriven or does not drive anything - clipped.
Signal add_4837_1/S1 undriven or does not drive anything - clipped.
Signal add_4837_1/S0 undriven or does not drive anything - clipped.
Signal add_4837_1/CI undriven or does not drive anything - clipped.
Signal add_4837_39/S1 undriven or does not drive anything - clipped.
Signal add_4837_39/CO undriven or does not drive anything - clipped.
Signal add_4836_1/S1 undriven or does not drive anything - clipped.
Signal add_4836_1/S0 undriven or does not drive anything - clipped.
Signal add_4836_1/CI undriven or does not drive anything - clipped.
Signal add_4836_39/S1 undriven or does not drive anything - clipped.
Signal add_4836_39/CO undriven or does not drive anything - clipped.
Signal add_4825_1/S1 undriven or does not drive anything - clipped.
Signal add_4825_1/S0 undriven or does not drive anything - clipped.
Signal add_4825_1/CI undriven or does not drive anything - clipped.
Signal add_4825_39/S1 undriven or does not drive anything - clipped.
Signal add_4825_39/CO undriven or does not drive anything - clipped.
Signal add_4824_1/S1 undriven or does not drive anything - clipped.
Signal add_4824_1/S0 undriven or does not drive anything - clipped.
Signal add_4824_1/CI undriven or does not drive anything - clipped.
Signal add_4824_39/S1 undriven or does not drive anything - clipped.
Signal add_4824_39/CO undriven or does not drive anything - clipped.
Signal add_4830_1/S1 undriven or does not drive anything - clipped.
Signal add_4830_1/S0 undriven or does not drive anything - clipped.
Signal add_4830_1/CI undriven or does not drive anything - clipped.
Signal add_4830_39/S1 undriven or does not drive anything - clipped.
Signal add_4830_39/CO undriven or does not drive anything - clipped.
Signal add_4827_1/S1 undriven or does not drive anything - clipped.
Signal add_4827_1/S0 undriven or does not drive anything - clipped.
Signal add_4827_1/CI undriven or does not drive anything - clipped.
Signal _add_1_2192_add_4_39/CO undriven or does not drive anything - clipped.
Signal _add_1_add_4_2/S0 undriven or does not drive anything - clipped.
Signal _add_1_add_4_2/CI undriven or does not drive anything - clipped.
Signal add_4827_39/S1 undriven or does not drive anything - clipped.
Signal add_4827_39/CO undriven or does not drive anything - clipped.
Signal add_4829_1/S1 undriven or does not drive anything - clipped.
Signal add_4829_1/S0 undriven or does not drive anything - clipped.
Signal add_4829_1/CI undriven or does not drive anything - clipped.
Signal _add_1_add_4_38/CO undriven or does not drive anything - clipped.
Signal _add_1_2198_add_4_1/S0 undriven or does not drive anything - clipped.
Signal _add_1_2198_add_4_1/CI undriven or does not drive anything - clipped.
Signal qP9_d1_sft00000/DO3 undriven or does not drive anything - clipped.
Signal qP9_d1_sft00001/DO3 undriven or does not drive anything - clipped.
Signal qP10_d1_sft00000/DO3 undriven or does not drive anything - clipped.
Signal qP10_d1_sft00001/DO3 undriven or does not drive anything - clipped.
Signal qP5_d1/DO3 undriven or does not drive anything - clipped.
Signal qP11_d1_sft00000/DO3 undriven or does not drive anything - clipped.
Signal qP11_d1_sft00001/DO3 undriven or does not drive anything - clipped.
Signal qP6_d1/DO3 undriven or does not drive anything - clipped.
Signal qP7_d1/DO3 undriven or does not drive anything - clipped.
Signal qP12_d1_sft00000/DO3 undriven or does not drive anything - clipped.
Signal qP12_d1_sft00001/DO3 undriven or does not drive anything - clipped.
Signal qP8_d1/DO3 undriven or does not drive anything - clipped.

                                   Page 11




Design:  top_flopoco_div_we8_wf35_zynq7000_native_srt_87_f300Date:  05/23/26  22:37:23

Removed logic (cont)
--------------------
Signal qP13_d1__28_sft00000/DO2 undriven or does not drive anything - clipped.
Signal qP13_d1__28_sft00000/DO3 undriven or does not drive anything - clipped.
Signal qP13_d1__28_sft00001/DO2 undriven or does not drive anything - clipped.
Signal qP13_d1__28_sft00001/DO3 undriven or does not drive anything - clipped.
Signal sR_d1_821_sft00011/DO2 undriven or does not drive anything - clipped.
Signal sR_d1_821_sft00011/DO3 undriven or does not drive anything - clipped.
Signal sR_d1_821_sft00011/DO1 undriven or does not drive anything - clipped.
Signal sR_d1_821_sft00013/DO2 undriven or does not drive anything - clipped.
Signal sR_d1_821_sft00013/DO3 undriven or does not drive anything - clipped.
Signal sR_d1_821_sft00013/DO1 undriven or does not drive anything - clipped.
Signal _add_1_2198_add_4_39/CO undriven or does not drive anything - clipped.
Signal _add_1_2195_add_4_1/S0 undriven or does not drive anything - clipped.
Signal _add_1_2195_add_4_1/CI undriven or does not drive anything - clipped.
Block i3766_1_lut was optimized away.
Block i3789_1_lut was optimized away.
Block u_dut/i3786_1_lut was optimized away.
Block u_dut/i3767_1_lut was optimized away.
Block u_dut/i3768_1_lut was optimized away.
Block u_dut/i3778_1_lut was optimized away.
Block u_dut/i3788_1_lut was optimized away.
Block u_dut/i3791_1_lut was optimized away.
Block u_dut/i3780_1_lut was optimized away.
Block u_dut/i4197_3_lut_4_lut_else_4_lut was optimized away.
Block u_dut/i4193_3_lut_4_lut_else_4_lut was optimized away.
Block u_dut/i3770_1_lut was optimized away.
Block u_dut/i3784_1_lut was optimized away.
Block u_dut/i3776_1_lut was optimized away.
Block u_dut/i3773_1_lut was optimized away.
Block u_dut/i3771_1_lut was optimized away.
Block u_dut/i3782_1_lut was optimized away.
Block u_dut/i3775_1_lut was optimized away.
Block u_dut/i2019_1_lut was optimized away.
Block u_dut/i2034_1_lut was optimized away.
Block u_dut/i2037_1_lut was optimized away.
Block u_dut/i2043_1_lut was optimized away.
Block u_dut/i2046_1_lut was optimized away.
Block i1787_1_lut was optimized away.
Block sub_73_i2 was optimized away.

Memory Usage
------------

/:
    EBRs: 0
    RAM SLICEs: 8
    Logic SLICEs: 853
    PFU Registers: 667
/qP10_d1_sft00000:
    EBRs: 0
    RAM SLICEs: 3
    Logic SLICEs: 0
    PFU Registers: 0
/qP10_d1_sft00001:
    EBRs: 0
    RAM SLICEs: 3
    Logic SLICEs: 0

                                   Page 12




Design:  top_flopoco_div_we8_wf35_zynq7000_native_srt_87_f300Date:  05/23/26  22:37:23

Memory Usage (cont)
-------------------
    PFU Registers: 0
/qP11_d1_sft00000:
    EBRs: 0
    RAM SLICEs: 3
    Logic SLICEs: 0
    PFU Registers: 0
/qP11_d1_sft00001:
    EBRs: 0
    RAM SLICEs: 3
    Logic SLICEs: 0
    PFU Registers: 0
/qP12_d1_sft00000:
    EBRs: 0
    RAM SLICEs: 3
    Logic SLICEs: 0
    PFU Registers: 0
/qP12_d1_sft00001:
    EBRs: 0
    RAM SLICEs: 3
    Logic SLICEs: 0
    PFU Registers: 0
/qP13_d1__28_sft00000:
    EBRs: 0
    RAM SLICEs: 2
    Logic SLICEs: 0
    PFU Registers: 0
/qP13_d1__28_sft00000/RAMW:
    EBRs: 0
    RAM SLICEs: 1
    Logic SLICEs: 0
    PFU Registers: 0
/qP13_d1__28_sft00001:
    EBRs: 0
    RAM SLICEs: 2
    Logic SLICEs: 0
    PFU Registers: 0
/qP13_d1__28_sft00001/RAMW:
    EBRs: 0
    RAM SLICEs: 1
    Logic SLICEs: 0
    PFU Registers: 0
/qP5_d1:
    EBRs: 0
    RAM SLICEs: 1
    Logic SLICEs: 0
    PFU Registers: 0
/qP6_d1:
    EBRs: 0
    RAM SLICEs: 1
    Logic SLICEs: 0
    PFU Registers: 0
/qP7_d1:
    EBRs: 0
    RAM SLICEs: 1
    Logic SLICEs: 0
    PFU Registers: 0

                                   Page 13




Design:  top_flopoco_div_we8_wf35_zynq7000_native_srt_87_f300Date:  05/23/26  22:37:23

Memory Usage (cont)
-------------------
/qP8_d1:
    EBRs: 0
    RAM SLICEs: 1
    Logic SLICEs: 0
    PFU Registers: 0
/qP9_d1_sft00000:
    EBRs: 0
    RAM SLICEs: 3
    Logic SLICEs: 0
    PFU Registers: 0
/qP9_d1_sft00001:
    EBRs: 0
    RAM SLICEs: 3
    Logic SLICEs: 0
    PFU Registers: 0
/sR_d1_821_sft00002:
    EBRs: 0
    RAM SLICEs: 3
    Logic SLICEs: 0
    PFU Registers: 0
/sR_d1_821_sft00004:
    EBRs: 0
    RAM SLICEs: 3
    Logic SLICEs: 0
    PFU Registers: 0
/sR_d1_821_sft00006:
    EBRs: 0
    RAM SLICEs: 3
    Logic SLICEs: 0
    PFU Registers: 0
/sR_d1_821_sft00008:
    EBRs: 0
    RAM SLICEs: 3
    Logic SLICEs: 0
    PFU Registers: 0
/sR_d1_821_sft00010:
    EBRs: 0
    RAM SLICEs: 3
    Logic SLICEs: 0
    PFU Registers: 0
/sR_d1_821_sft00011:
    EBRs: 0
    RAM SLICEs: 2
    Logic SLICEs: 0
    PFU Registers: 0
/sR_d1_821_sft00011/RAMW:
    EBRs: 0
    RAM SLICEs: 1
    Logic SLICEs: 0
    PFU Registers: 0
/sR_d1_821_sft00012:
    EBRs: 0
    RAM SLICEs: 3
    Logic SLICEs: 0
    PFU Registers: 0
/sR_d1_821_sft00013:

                                   Page 14




Design:  top_flopoco_div_we8_wf35_zynq7000_native_srt_87_f300Date:  05/23/26  22:37:23

Memory Usage (cont)
-------------------
    EBRs: 0
    RAM SLICEs: 2
    Logic SLICEs: 0
    PFU Registers: 0
/sR_d1_821_sft00013/RAMW:
    EBRs: 0
    RAM SLICEs: 1
    Logic SLICEs: 0
    PFU Registers: 0
/u_dut/SelFunctionTable10:
    EBRs: 1
    RAM SLICEs: 0
    Logic SLICEs: 0
    PFU Registers: 0
    -Contains EBR X_6__I_0:  TYPE= PDPW16KD,  Width= 4,  Depth_R= 128,  REGMODE=
         NOREG,  RESETMODE= ASYNC,  ASYNC_RESET_RELEASE= SYNC,  GSR= DISABLED
/u_dut/SelFunctionTable13:
    EBRs: 1
    RAM SLICEs: 0
    Logic SLICEs: 0
    PFU Registers: 0
    -Contains EBR X_6__I_0:  TYPE= PDPW16KD,  Width= 4,  Depth_R= 32,  REGMODE=
         NOREG,  RESETMODE= ASYNC,  ASYNC_RESET_RELEASE= SYNC,  GSR= DISABLED
/u_dut/SelFunctionTable2:
    EBRs: 1
    RAM SLICEs: 0
    Logic SLICEs: 0
    PFU Registers: 0
    -Contains EBR X_6__I_0:  TYPE= PDPW16KD,  Width= 4,  Depth_R= 128,  REGMODE=
         NOREG,  RESETMODE= ASYNC,  ASYNC_RESET_RELEASE= SYNC,  GSR= DISABLED
/u_dut/SelFunctionTable5:
    EBRs: 1
    RAM SLICEs: 0
    Logic SLICEs: 0
    PFU Registers: 0
    -Contains EBR X_6__I_0:  TYPE= PDPW16KD,  Width= 4,  Depth_R= 128,  REGMODE=
         NOREG,  RESETMODE= ASYNC,  ASYNC_RESET_RELEASE= SYNC,  GSR= DISABLED
/u_dut/SelFunctionTable7:
    EBRs: 1
    RAM SLICEs: 0
    Logic SLICEs: 0
    PFU Registers: 0
    -Contains EBR X_6__I_0:  TYPE= PDPW16KD,  Width= 4,  Depth_R= 128,  REGMODE=
         NOREG,  RESETMODE= ASYNC,  ASYNC_RESET_RELEASE= SYNC,  GSR= DISABLED
/u_dut/SelFunctionTable8:
    EBRs: 1
    RAM SLICEs: 0
    Logic SLICEs: 0
    PFU Registers: 0
    -Contains EBR X_6__I_0:  TYPE= PDPW16KD,  Width= 4,  Depth_R= 128,  REGMODE=
         NOREG,  RESETMODE= ASYNC,  ASYNC_RESET_RELEASE= SYNC,  GSR= DISABLED

     




                                   Page 15




Design:  top_flopoco_div_we8_wf35_zynq7000_native_srt_87_f300Date:  05/23/26  22:37:23

ASIC Components
---------------

Instance Name: u_dut/SelFunctionTable8/X_6__I_0
         Type: PDPW16KD
Instance Name: u_dut/SelFunctionTable7/X_6__I_0
         Type: PDPW16KD
Instance Name: u_dut/SelFunctionTable5/X_6__I_0
         Type: PDPW16KD
Instance Name: u_dut/SelFunctionTable2/X_6__I_0
         Type: PDPW16KD
Instance Name: u_dut/SelFunctionTable13/X_6__I_0
         Type: PDPW16KD
Instance Name: u_dut/SelFunctionTable10/X_6__I_0
         Type: PDPW16KD

Run Time and Memory Usage
-------------------------

   Total CPU Time: 1 secs  
   Total REAL Time: 0 secs  
   Peak Memory Usage: 231 MB
        




































                                   Page 16


Copyright (c) 1991-1994 by NeoCAD Inc. All rights reserved.
     Copyright (c) 1995 AT&T Corp.   All rights reserved.
     Copyright (c) 1995-2001 Lucent Technologies Inc.  All rights reserved.
     Copyright (c) 2001 Agere Systems   All rights reserved.
     Copyright (c) 2002-2024 Lattice Semiconductor Corporation,  All rights
     reserved.
