map:  version Diamond (64-bit) 3.14.0.75.2

Copyright (c) 1991-1994 by NeoCAD Inc. All rights reserved.
Copyright (c) 1995 AT&T Corp.   All rights reserved.
Copyright (c) 1995-2001 Lucent Technologies Inc.  All rights reserved.
Copyright (c) 2001 Agere Systems   All rights reserved.
Copyright (c) 2002-2024 Lattice Semiconductor Corporation,  All rights reserved.
   Process the file: /mnt/storage/test/zkf-vs-flopoco/artifacts/targets/ecp5-diamond/rows/flopoco_add_we8_wf17_zynq7000_native_single_f200/top_flopoco_add_we8_wf17_zynq7000_native_single_f200.ngd
   Picdevice="LFE5U-12F"

   Pictype="CABGA381"

   Picspeed=6

   Remove unused logic

   Do not produce over sized NCDs.

Part used: LFE5U-12FCABGA381, Performance used: 6.

Loading device for application map from file 'sa5p25.nph' in environment: /usr/local/diamond/3.14/ispfpga.
Package Status:                     Final          Version 1.44.

Running general design DRC...

Removing unused logic...

Optimizing...

157 CCU2 constant inputs absorbed.




Design Summary:
   Number of registers:    272 out of 12687 (2%)
      PFU registers:          272 out of 12096 (2%)
      PIO registers:            0 out of   591 (0%)
   Number of SLICEs:       281 out of  6048 (5%)
      SLICEs as Logic/ROM:    281 out of  6048 (5%)
      SLICEs as RAM:            0 out of  4536 (0%)
      SLICEs as Carry:         51 out of  6048 (1%)
   Number of LUT4s:        399 out of 12096 (3%)
      Number used as logic LUTs:        297
      Number used as distributed RAM:     0
      Number used as ripple logic:      102
      Number used as shift registers:     0
   Number of PIO sites used: 85 out of 197 (43%)
   Number of block RAMs:  1 out of 32 (3%)
   Number of GSRs:  0 out of 1 (0%)
   JTAG used :      No
   Readback used :  No
   Oscillator used :  No
   Startup used :   No
   DTR used :   No
   Number of Dynamic Bank Controller (BCINRD):  0 out of 4 (0%)
   Number of Dynamic Bank Controller (BCLVDSOB):  0 out of 4 (0%)
   Number of DCC:  0 out of 60 (0%)
   Number of DCS:  0 out of 2 (0%)
   Number of DDRDLLs:  0 out of 4 (0%)
   Number of CLKDIV:  0 out of 4 (0%)
   Number of ECLKSYNC:  0 out of 10 (0%)
   Number of ECLKBRIDGECS:  0 out of 2 (0%)
   Notes:-
      1. Total number of LUT4s = (Number of logic LUT4s) + 2*(Number of distributed RAMs) + 2*(Number of ripple logic)
      2. Number of logic LUT4s does not include count of distributed RAM and ripple logic.

   Number Of Mapped DSP Components:
   --------------------------------
   MULT18X18D          0
   MULT9X9D            0
   ALU54B              0
   ALU24B              0
   PRADD18A            0
   PRADD9A             0
   --------------------------------
   Number of Used DSP MULT Sites:  0 out of 56 (0 %)
   Number of Used DSP ALU Sites:  0 out of 28 (0 %)
   Number of Used DSP PRADD Sites:  0 out of 56 (0 %)
   Number of clocks:  1
     Net clk_c: 163 loads, 163 rising, 0 falling (Driver: PIO clk )
   Number of Clock Enables:  0
   Number of LSRs:  13
     Net R_27__N_1: 1 loads, 1 LSLICEs
     Net fracYpadXorOp_20: 1 loads, 1 LSLICEs
     Net count4: 4 loads, 4 LSLICEs
     Net u_dut/excRt_d4_0: 1 loads, 1 LSLICEs
     Net u_dut/signR_d3: 1 loads, 1 LSLICEs
     Net u_dut/n6: 1 loads, 1 LSLICEs
     Net u_dut/n2984: 1 loads, 1 LSLICEs
     Net u_dut/RightShifterComponent/n992: 2 loads, 2 LSLICEs
     Net u_dut/RightShifterComponent/n2435: 1 loads, 1 LSLICEs
     Net u_dut/RightShifterComponent/shiftedOut: 2 loads, 2 LSLICEs
     Net u_dut/RightShifterComponent/n990: 4 loads, 4 LSLICEs
     Net u_dut/RightShifterComponent/n991: 2 loads, 2 LSLICEs
     Net u_dut/LZCAndShifter/n988: 6 loads, 6 LSLICEs
   Number of nets driven by tri-state buffers:  0
   Top 10 highest fanout non-clock nets:
     Net swap_N_6: 62 loads
     Net nZerosNew_2: 28 loads
     Net u_dut/n2986: 26 loads
     Net fracYpadXorOp_20: 23 loads
     Net u_dut/ps_d1_1: 23 loads
     Net level2_20: 22 loads
     Net u_dut/level1_21: 21 loads
     Net u_dut/ps_d1_0: 21 loads
     Net n3002: 20 loads
     Net u_dut/shiftVal_2: 19 loads
 

   Number of warnings:  0
   Number of errors:    0



Total CPU Time: 0 secs  
Total REAL Time: 0 secs  
Peak Memory Usage: 187 MB

Dumping design to file /mnt/storage/test/zkf-vs-flopoco/artifacts/targets/ecp5-diamond/rows/flopoco_add_we8_wf17_zynq7000_native_single_f200/top_flopoco_add_we8_wf17_zynq7000_native_single_f200_map.ncd.
$ /usr/local/diamond/3.14/ispfpga/bin/lin64/map -a ECP5U -p LFE5U-12F -t CABGA381 -s 6 -oc Commercial /mnt/storage/test/zkf-vs-flopoco/artifacts/targets/ecp5-diamond/rows/flopoco_add_we8_wf17_zynq7000_native_single_f200/top_flopoco_add_we8_wf17_zynq7000_native_single_f200.ngd -o /mnt/storage/test/zkf-vs-flopoco/artifacts/targets/ecp5-diamond/rows/flopoco_add_we8_wf17_zynq7000_native_single_f200/top_flopoco_add_we8_wf17_zynq7000_native_single_f200_map.ncd -pr /mnt/storage/test/zkf-vs-flopoco/artifacts/targets/ecp5-diamond/rows/flopoco_add_we8_wf17_zynq7000_native_single_f200/top_flopoco_add_we8_wf17_zynq7000_native_single_f200.prf -mp /mnt/storage/test/zkf-vs-flopoco/artifacts/targets/ecp5-diamond/rows/flopoco_add_we8_wf17_zynq7000_native_single_f200/top_flopoco_add_we8_wf17_zynq7000_native_single_f200.mrp -lpf /mnt/storage/test/zkf-vs-flopoco/artifacts/targets/ecp5-diamond/rows/flopoco_add_we8_wf17_zynq7000_native_single_f200/constraints.lpf


[exit code 0]
