
Lattice Place and Route Report for Design "/mnt/storage/test/zkf-vs-flopoco/artifacts/targets/ecp5-diamond/rows/flopoco_add_we8_wf17_zynq7000_native_single_f200/top_flopoco_add_we8_wf17_zynq7000_native_single_f200_map.ncd"
Sat May 23 22:34:53 2026

PAR: Place And Route Diamond (64-bit) 3.14.0.75.2.
Command Line: /usr/local/diamond/3.14/ispfpga/bin/lin64/par -w -l 5 -i 6 -t 1 -c 0 -e 0 -exp
parUseNBR=1:parCDP=auto:parCDR=1:parPathBased=OFF
/mnt/storage/test/zkf-vs-flopoco/artifacts/targets/ecp5-diamond/rows/flopoco_add_we8_wf17_zynq7000_native_single_f200/top_flopoco_add_we8_wf17_zynq7000_native_single_f200_map.ncd
/mnt/storage/test/zkf-vs-flopoco/artifacts/targets/ecp5-diamond/rows/flopoco_add_we8_wf17_zynq7000_native_single_f200/top_flopoco_add_we8_wf17_zynq7000_native_single_f200.ncd
/mnt/storage/test/zkf-vs-flopoco/artifacts/targets/ecp5-diamond/rows/flopoco_add_we8_wf17_zynq7000_native_single_f200/top_flopoco_add_we8_wf17_zynq7000_native_single_f200.prf

Preference file: /mnt/storage/test/zkf-vs-flopoco/artifacts/targets/ecp5-diamond/rows/flopoco_add_we8_wf17_zynq7000_native_single_f200/top_flopoco_add_we8_wf17_zynq7000_native_single_f200.prf.
Placement level-cost: 5-1.
Routing Iterations: 6

Loading design for application par from file /mnt/storage/test/zkf-vs-flopoco/artifacts/targets/ecp5-diamond/rows/flopoco_add_we8_wf17_zynq7000_native_single_f200/top_flopoco_add_we8_wf17_zynq7000_native_single_f200_map.ncd.
Design name: top_flopoco_add_we8_wf17_zynq7000_native_single_f200
NCD version: 3.3
Vendor:      LATTICE
Device:      LFE5U-12F
Package:     CABGA381
Performance: 6
Loading device for application par from file 'sa5p25.nph' in environment: /usr/local/diamond/3.14/ispfpga.
Package Status:                     Final          Version 1.44.
Performance Hardware Data Status:   Final          Version 55.1.
License checked out.


Ignore Preference Error(s):  True
Device utilization summary:

   PIO (prelim)      85/197          43% used
                     85/197          43% bonded

   SLICE            281/6048          4% used

   EBR                1/32            3% used


Number of Signals: 735
Number of Connections: 1705

Pin Constraint Summary:
   0 out of 85 pins locked (0% locked).

The following 1 signal is selected to use the primary clock routing resources:
    clk_c (driver: clk, clk/ce/sr load #: 163/0/0)


No signal is selected as Global Set/Reset.
.
Starting Placer Phase 0.
...............
Finished Placer Phase 0.  REAL time: 5 secs 

Starting Placer Phase 1.
...................
Placer score = 265934.
Finished Placer Phase 1.  REAL time: 14 secs 

Starting Placer Phase 2.
.
Placer score =  264470
Finished Placer Phase 2.  REAL time: 14 secs 


------------------ Clock Report ------------------

Global Clock Resources:
  CLK_PIN    : 1 out of 12 (8%)
  GR_PCLK    : 0 out of 12 (0%)
  PLL        : 0 out of 2 (0%)
  DCS        : 0 out of 2 (0%)
  DCC        : 0 out of 60 (0%)
  CLKDIV     : 0 out of 4 (0%)

Quadrant TL Clocks:
  PRIMARY "clk_c" from comp "clk" on CLK_PIN site "B11 (PT29A)", CLK/CE/SR load = 1

  PRIMARY  : 1 out of 16 (6%)

Quadrant TR Clocks:
  PRIMARY "clk_c" from comp "clk" on CLK_PIN site "B11 (PT29A)", CLK/CE/SR load = 158

  PRIMARY  : 1 out of 16 (6%)

Quadrant BL Clocks:

  PRIMARY  : 0 out of 16 (0%)

Quadrant BR Clocks:
  PRIMARY "clk_c" from comp "clk" on CLK_PIN site "B11 (PT29A)", CLK/CE/SR load = 4

  PRIMARY  : 1 out of 16 (6%)

Edge Clocks:

  No edge clock selected.


--------------- End of Clock Report ---------------


+
I/O Usage Summary (final):
   85 out of 197 (43.1%) PIO sites used.
   85 out of 197 (43.1%) bonded PIO sites used.
   Number of PIO comps: 85; differential: 0.
   Number of Vref pins used: 0.

I/O Bank Usage Summary:
+----------+----------------+------------+------------+------------+
| I/O Bank | Usage          | Bank Vccio | Bank Vref1 | Bank Vref2 |
+----------+----------------+------------+------------+------------+
| 0        | 17 / 24 ( 70%) | 2.5V       | -          | -          |
| 1        | 23 / 32 ( 71%) | 2.5V       | -          | -          |
| 2        | 15 / 32 ( 46%) | 2.5V       | -          | -          |
| 3        | 11 / 32 ( 34%) | 2.5V       | -          | -          |
| 6        | 0 / 32 (  0%)  | -          | -          | -          |
| 7        | 19 / 32 ( 59%) | 2.5V       | -          | -          |
| 8        | 0 / 13 (  0%)  | -          | -          | -          |
+----------+----------------+------------+------------+------------+

Total placer CPU time: 14 secs 

Dumping design to file /mnt/storage/test/zkf-vs-flopoco/artifacts/targets/ecp5-diamond/rows/flopoco_add_we8_wf17_zynq7000_native_single_f200/top_flopoco_add_we8_wf17_zynq7000_native_single_f200.ncd.

0 connections routed; 1705 unrouted.
Starting router resource preassignment

Completed router resource preassignment. Real time: 18 secs 

Start NBR router at Sat May 23 22:35:11 EEST 2026

*****************************************************************
Info: NBR allows conflicts(one node used by more than one signal)
      in the earlier iterations. In each iteration, it tries to  
      solve the conflicts while keeping the critical connections 
      routed as short as possible. The routing process is said to
      be completed when no conflicts exist and all connections   
      are routed.                                                
Note: NBR uses a different method to calculate timing slacks. The
      worst slack and total negative slack may not be the same as
      that in TRCE report. You should always run TRCE to verify  
      your design.                                               
*****************************************************************

Start NBR special constraint process at Sat May 23 22:35:11 EEST 2026

Start NBR section for initial routing at Sat May 23 22:35:11 EEST 2026
Level 1, iteration 1
18(0.00%) conflicts; 1264(74.13%) untouched conns; 15814 (nbr) score; 
Estimated worst slack/total negative slack<setup>: -0.375ns/-15.815ns; real time: 19 secs 
Level 2, iteration 1
71(0.01%) conflicts; 1009(59.18%) untouched conns; 0 (nbr) score; 
Estimated worst slack/total negative slack<setup>: 0.501ns/0.000ns; real time: 19 secs 
Level 3, iteration 1
35(0.00%) conflicts; 722(42.35%) untouched conns; 0 (nbr) score; 
Estimated worst slack/total negative slack<setup>: 0.417ns/0.000ns; real time: 20 secs 
Level 4, iteration 1
52(0.00%) conflicts; 0(0.00%) untouched conn; 0 (nbr) score; 
Estimated worst slack/total negative slack<setup>: 0.402ns/0.000ns; real time: 20 secs 

Info: Initial congestion level at 75% usage is 0
Info: Initial congestion area  at 75% usage is 0 (0.00%)

Start NBR section for normal routing at Sat May 23 22:35:13 EEST 2026
Level 1, iteration 1
25(0.00%) conflicts; 42(2.46%) untouched conns; 0 (nbr) score; 
Estimated worst slack/total negative slack<setup>: 0.607ns/0.000ns; real time: 20 secs 
Level 1, iteration 2
19(0.00%) conflicts; 48(2.82%) untouched conns; 0 (nbr) score; 
Estimated worst slack/total negative slack<setup>: 0.607ns/0.000ns; real time: 20 secs 
Level 2, iteration 1
19(0.00%) conflicts; 44(2.58%) untouched conns; 0 (nbr) score; 
Estimated worst slack/total negative slack<setup>: 0.607ns/0.000ns; real time: 21 secs 
Level 2, iteration 2
16(0.00%) conflicts; 46(2.70%) untouched conns; 0 (nbr) score; 
Estimated worst slack/total negative slack<setup>: 0.607ns/0.000ns; real time: 21 secs 
Level 3, iteration 1
13(0.00%) conflicts; 43(2.52%) untouched conns; 0 (nbr) score; 
Estimated worst slack/total negative slack<setup>: 0.607ns/0.000ns; real time: 21 secs 
Level 4, iteration 1
29(0.00%) conflicts; 0(0.00%) untouched conn; 0 (nbr) score; 
Estimated worst slack/total negative slack<setup>: 0.536ns/0.000ns; real time: 21 secs 
Level 4, iteration 2
16(0.00%) conflicts; 0(0.00%) untouched conn; 0 (nbr) score; 
Estimated worst slack/total negative slack<setup>: 0.406ns/0.000ns; real time: 21 secs 
Level 4, iteration 3
8(0.00%) conflicts; 0(0.00%) untouched conn; 0 (nbr) score; 
Estimated worst slack/total negative slack<setup>: 0.406ns/0.000ns; real time: 21 secs 
Level 4, iteration 4
9(0.00%) conflicts; 0(0.00%) untouched conn; 0 (nbr) score; 
Estimated worst slack/total negative slack<setup>: 0.406ns/0.000ns; real time: 21 secs 
Level 4, iteration 5
7(0.00%) conflicts; 0(0.00%) untouched conn; 0 (nbr) score; 
Estimated worst slack/total negative slack<setup>: 0.406ns/0.000ns; real time: 22 secs 
Level 4, iteration 6
6(0.00%) conflicts; 0(0.00%) untouched conn; 0 (nbr) score; 
Estimated worst slack/total negative slack<setup>: 0.406ns/0.000ns; real time: 22 secs 
Level 4, iteration 7
7(0.00%) conflicts; 0(0.00%) untouched conn; 0 (nbr) score; 
Estimated worst slack/total negative slack<setup>: 0.406ns/0.000ns; real time: 22 secs 
Level 4, iteration 8
3(0.00%) conflicts; 0(0.00%) untouched conn; 0 (nbr) score; 
Estimated worst slack/total negative slack<setup>: 0.406ns/0.000ns; real time: 22 secs 
Level 4, iteration 9
3(0.00%) conflicts; 0(0.00%) untouched conn; 0 (nbr) score; 
Estimated worst slack/total negative slack<setup>: 0.367ns/0.000ns; real time: 22 secs 
Level 4, iteration 10
3(0.00%) conflicts; 0(0.00%) untouched conn; 0 (nbr) score; 
Estimated worst slack/total negative slack<setup>: 0.367ns/0.000ns; real time: 22 secs 
Level 4, iteration 11
2(0.00%) conflicts; 0(0.00%) untouched conn; 0 (nbr) score; 
Estimated worst slack/total negative slack<setup>: 0.406ns/0.000ns; real time: 22 secs 
Level 4, iteration 12
2(0.00%) conflicts; 0(0.00%) untouched conn; 0 (nbr) score; 
Estimated worst slack/total negative slack<setup>: 0.406ns/0.000ns; real time: 22 secs 
Level 4, iteration 13
3(0.00%) conflicts; 0(0.00%) untouched conn; 0 (nbr) score; 
Estimated worst slack/total negative slack<setup>: 0.406ns/0.000ns; real time: 22 secs 
Level 4, iteration 14
1(0.00%) conflict; 0(0.00%) untouched conn; 0 (nbr) score; 
Estimated worst slack/total negative slack<setup>: 0.406ns/0.000ns; real time: 22 secs 
Level 4, iteration 15
1(0.00%) conflict; 0(0.00%) untouched conn; 0 (nbr) score; 
Estimated worst slack/total negative slack<setup>: 0.406ns/0.000ns; real time: 22 secs 
Level 4, iteration 16
2(0.00%) conflicts; 0(0.00%) untouched conn; 0 (nbr) score; 
Estimated worst slack/total negative slack<setup>: 0.406ns/0.000ns; real time: 23 secs 
Level 4, iteration 17
1(0.00%) conflict; 0(0.00%) untouched conn; 0 (nbr) score; 
Estimated worst slack/total negative slack<setup>: 0.406ns/0.000ns; real time: 23 secs 
Level 4, iteration 18
1(0.00%) conflict; 0(0.00%) untouched conn; 0 (nbr) score; 
Estimated worst slack/total negative slack<setup>: 0.406ns/0.000ns; real time: 23 secs 
Level 4, iteration 19
1(0.00%) conflict; 0(0.00%) untouched conn; 0 (nbr) score; 
Estimated worst slack/total negative slack<setup>: 0.406ns/0.000ns; real time: 23 secs 
Level 4, iteration 20
2(0.00%) conflicts; 0(0.00%) untouched conn; 0 (nbr) score; 
Estimated worst slack/total negative slack<setup>: 0.406ns/0.000ns; real time: 23 secs 
Level 4, iteration 21
1(0.00%) conflict; 0(0.00%) untouched conn; 0 (nbr) score; 
Estimated worst slack/total negative slack<setup>: 0.406ns/0.000ns; real time: 23 secs 
Level 4, iteration 22
0(0.00%) conflict; 0(0.00%) untouched conn; 0 (nbr) score; 
Estimated worst slack/total negative slack<setup>: 0.406ns/0.000ns; real time: 23 secs 

Start NBR section for setup/hold timing optimization with effort level 3 at Sat May 23 22:35:16 EEST 2026

Start NBR section for re-routing at Sat May 23 22:35:17 EEST 2026
Level 4, iteration 1
0(0.00%) conflict; 0(0.00%) untouched conn; 0 (nbr) score; 
Estimated worst slack/total negative slack<setup>: 0.234ns/0.000ns; real time: 24 secs 

Start NBR section for post-routing at Sat May 23 22:35:17 EEST 2026

End NBR router with 0 unrouted connection

NBR Summary
-----------
  Number of unrouted connections : 0 (0.00%)
  Number of connections with timing violations : 0 (0.00%)
  Estimated worst slack<setup> : 0.234ns
  Timing score<setup> : 0
-----------
Notes: The timing info is calculated for SETUP only and all PAR_ADJs are ignored.



Total CPU time 24 secs 
Total REAL time: 24 secs 
Completely routed.
End of route.  1705 routed (100.00%); 0 unrouted.

Hold time timing score: 0, hold timing errors: 0

Timing score: 0 

Dumping design to file /mnt/storage/test/zkf-vs-flopoco/artifacts/targets/ecp5-diamond/rows/flopoco_add_we8_wf17_zynq7000_native_single_f200/top_flopoco_add_we8_wf17_zynq7000_native_single_f200.ncd.


PAR_SUMMARY::Run status = Completed
PAR_SUMMARY::Number of unrouted conns = 0
PAR_SUMMARY::Worst  slack<setup/<ns>> = 0.234
PAR_SUMMARY::Timing score<setup/<ns>> = 0.000
PAR_SUMMARY::Worst  slack<hold /<ns>> = 0.174
PAR_SUMMARY::Timing score<hold /<ns>> = 0.000
PAR_SUMMARY::Number of errors = 0

Total CPU  time to completion: 24 secs 
Total REAL time to completion: 25 secs 

par done!

Note: user must run 'Trace' for timing closure signoff.

Copyright (c) 1991-1994 by NeoCAD Inc. All rights reserved.
Copyright (c) 1995 AT&T Corp.   All rights reserved.
Copyright (c) 1995-2001 Lucent Technologies Inc.  All rights reserved.
Copyright (c) 2001 Agere Systems   All rights reserved.
Copyright (c) 2002-2024 Lattice Semiconductor Corporation,  All rights reserved.
$ /usr/local/diamond/3.14/ispfpga/bin/lin64/par -w -l 5 -i 6 -t 1 -c 0 -e 0 -exp parUseNBR=1:parCDP=auto:parCDR=1:parPathBased=OFF /mnt/storage/test/zkf-vs-flopoco/artifacts/targets/ecp5-diamond/rows/flopoco_add_we8_wf17_zynq7000_native_single_f200/top_flopoco_add_we8_wf17_zynq7000_native_single_f200_map.ncd /mnt/storage/test/zkf-vs-flopoco/artifacts/targets/ecp5-diamond/rows/flopoco_add_we8_wf17_zynq7000_native_single_f200/top_flopoco_add_we8_wf17_zynq7000_native_single_f200.ncd /mnt/storage/test/zkf-vs-flopoco/artifacts/targets/ecp5-diamond/rows/flopoco_add_we8_wf17_zynq7000_native_single_f200/top_flopoco_add_we8_wf17_zynq7000_native_single_f200.prf


[exit code 0]
