
Lattice Mapping Report File for Design Module
     'top_flopoco_add_we8_wf17_zynq7000_native_single_f200'


Design Information
------------------

Command line:   /usr/local/diamond/3.14/ispfpga/bin/lin64/map -a ECP5U -p
     LFE5U-12F -t CABGA381 -s 6 -oc Commercial /mnt/storage/test/zkf-vs-flopoco/
     artifacts/targets/ecp5-diamond/rows/flopoco_add_we8_wf17_zynq7000_native_si
     ngle_f200/top_flopoco_add_we8_wf17_zynq7000_native_single_f200.ngd -o /mnt/
     storage/test/zkf-vs-flopoco/artifacts/targets/ecp5-diamond/rows/flopoco_add
     _we8_wf17_zynq7000_native_single_f200/top_flopoco_add_we8_wf17_zynq7000_nat
     ive_single_f200_map.ncd -pr /mnt/storage/test/zkf-vs-flopoco/artifacts/targ
     ets/ecp5-diamond/rows/flopoco_add_we8_wf17_zynq7000_native_single_f200/top_
     flopoco_add_we8_wf17_zynq7000_native_single_f200.prf -mp /mnt/storage/test/
     zkf-vs-flopoco/artifacts/targets/ecp5-diamond/rows/flopoco_add_we8_wf17_zyn
     q7000_native_single_f200/top_flopoco_add_we8_wf17_zynq7000_native_single_f2
     00.mrp -lpf /mnt/storage/test/zkf-vs-flopoco/artifacts/targets/ecp5-diamond
     /rows/flopoco_add_we8_wf17_zynq7000_native_single_f200/constraints.lpf 
Target Vendor:  LATTICE
Target Device:  LFE5U-12FCABGA381
Target Performance:   6
Mapper:  sa5p00,  version:  Diamond (64-bit) 3.14.0.75.2
Mapped on:  05/23/26  22:34:52

Design Summary
--------------

   Number of registers:    272 out of 12687 (2%)
      PFU registers:          272 out of 12096 (2%)
      PIO registers:            0 out of   591 (0%)
   Number of SLICEs:       281 out of  6048 (5%)
      SLICEs as Logic/ROM:    281 out of  6048 (5%)
      SLICEs as RAM:            0 out of  4536 (0%)
      SLICEs as Carry:         51 out of  6048 (1%)
   Number of LUT4s:        399 out of 12096 (3%)
      Number used as logic LUTs:        297
      Number used as distributed RAM:     0
      Number used as ripple logic:      102
      Number used as shift registers:     0
   Number of PIO sites used: 85 out of 197 (43%)
   Number of block RAMs:  1 out of 32 (3%)
   Number of GSRs:  0 out of 1 (0%)
   JTAG used :      No
   Readback used :  No
   Oscillator used :  No
   Startup used :   No
   DTR used :   No
   Number of Dynamic Bank Controller (BCINRD):  0 out of 4 (0%)
   Number of Dynamic Bank Controller (BCLVDSOB):  0 out of 4 (0%)
   Number of DCC:  0 out of 60 (0%)
   Number of DCS:  0 out of 2 (0%)
   Number of DDRDLLs:  0 out of 4 (0%)
   Number of CLKDIV:  0 out of 4 (0%)
   Number of ECLKSYNC:  0 out of 10 (0%)
   Number of ECLKBRIDGECS:  0 out of 2 (0%)
   Notes:-
      1. Total number of LUT4s = (Number of logic LUT4s) + 2*(Number of
     distributed RAMs) + 2*(Number of ripple logic)
      2. Number of logic LUT4s does not include count of distributed RAM and

                                    Page 1




Design:  top_flopoco_add_we8_wf17_zynq7000_native_single_f200Date:  05/23/26  22:34:52

Design Summary (cont)
---------------------
     ripple logic.

        Number Of Mapped DSP Components:
   --------------------------------
   MULT18X18D          0
   MULT9X9D            0
   ALU54B              0
   ALU24B              0
   PRADD18A            0
   PRADD9A             0
   --------------------------------
   Number of Used DSP MULT Sites:  0 out of 56 (0 %)
   Number of Used DSP ALU Sites:  0 out of 28 (0 %)
   Number of Used DSP PRADD Sites:  0 out of 56 (0 %)
   Number of clocks:  1
     Net clk_c: 163 loads, 163 rising, 0 falling (Driver: PIO clk )
   Number of Clock Enables:  0
   Number of LSRs:  13
     Net R_27__N_1: 1 loads, 1 LSLICEs
     Net fracYpadXorOp_20: 1 loads, 1 LSLICEs
     Net count4: 4 loads, 4 LSLICEs
     Net u_dut/excRt_d4_0: 1 loads, 1 LSLICEs
     Net u_dut/signR_d3: 1 loads, 1 LSLICEs
     Net u_dut/n6: 1 loads, 1 LSLICEs
     Net u_dut/n2984: 1 loads, 1 LSLICEs
     Net u_dut/RightShifterComponent/n992: 2 loads, 2 LSLICEs
     Net u_dut/RightShifterComponent/n2435: 1 loads, 1 LSLICEs
     Net u_dut/RightShifterComponent/shiftedOut: 2 loads, 2 LSLICEs
     Net u_dut/RightShifterComponent/n990: 4 loads, 4 LSLICEs
     Net u_dut/RightShifterComponent/n991: 2 loads, 2 LSLICEs
     Net u_dut/LZCAndShifter/n988: 6 loads, 6 LSLICEs
   Number of nets driven by tri-state buffers:  0
   Top 10 highest fanout non-clock nets:
     Net swap_N_6: 62 loads
     Net nZerosNew_2: 28 loads
     Net u_dut/n2986: 26 loads
     Net fracYpadXorOp_20: 23 loads
     Net u_dut/ps_d1_1: 23 loads
     Net level2_20: 22 loads
     Net u_dut/level1_21: 21 loads
     Net u_dut/ps_d1_0: 21 loads
     Net n3002: 20 loads
     Net u_dut/shiftVal_2: 19 loads




   Number of warnings:  0
   Number of errors:    0
     

Design Errors/Warnings
----------------------

   No errors or warnings present.


                                    Page 2




Design:  top_flopoco_add_we8_wf17_zynq7000_native_single_f200Date:  05/23/26  22:34:52

IO (PIO) Attributes
-------------------

+---------------------+-----------+-----------+------------+
| IO Name             | Direction | Levelmode | IO         |
|                     |           |  IO_TYPE  | Register   |
+---------------------+-----------+-----------+------------+
| R_o[25]             | OUTPUT    | LVCMOS25  |            |
+---------------------+-----------+-----------+------------+
| R_o[26]             | OUTPUT    | LVCMOS25  |            |
+---------------------+-----------+-----------+------------+
| R_o[27]             | OUTPUT    | LVCMOS25  |            |
+---------------------+-----------+-----------+------------+
| R_o[24]             | OUTPUT    | LVCMOS25  |            |
+---------------------+-----------+-----------+------------+
| R_o[23]             | OUTPUT    | LVCMOS25  |            |
+---------------------+-----------+-----------+------------+
| R_o[22]             | OUTPUT    | LVCMOS25  |            |
+---------------------+-----------+-----------+------------+
| R_o[21]             | OUTPUT    | LVCMOS25  |            |
+---------------------+-----------+-----------+------------+
| R_o[20]             | OUTPUT    | LVCMOS25  |            |
+---------------------+-----------+-----------+------------+
| R_o[19]             | OUTPUT    | LVCMOS25  |            |
+---------------------+-----------+-----------+------------+
| R_o[18]             | OUTPUT    | LVCMOS25  |            |
+---------------------+-----------+-----------+------------+
| R_o[17]             | OUTPUT    | LVCMOS25  |            |
+---------------------+-----------+-----------+------------+
| R_o[16]             | OUTPUT    | LVCMOS25  |            |
+---------------------+-----------+-----------+------------+
| R_o[15]             | OUTPUT    | LVCMOS25  |            |
+---------------------+-----------+-----------+------------+
| R_o[14]             | OUTPUT    | LVCMOS25  |            |
+---------------------+-----------+-----------+------------+
| R_o[13]             | OUTPUT    | LVCMOS25  |            |
+---------------------+-----------+-----------+------------+
| R_o[12]             | OUTPUT    | LVCMOS25  |            |
+---------------------+-----------+-----------+------------+
| R_o[11]             | OUTPUT    | LVCMOS25  |            |
+---------------------+-----------+-----------+------------+
| R_o[10]             | OUTPUT    | LVCMOS25  |            |
+---------------------+-----------+-----------+------------+
| R_o[9]              | OUTPUT    | LVCMOS25  |            |
+---------------------+-----------+-----------+------------+
| R_o[8]              | OUTPUT    | LVCMOS25  |            |
+---------------------+-----------+-----------+------------+
| R_o[7]              | OUTPUT    | LVCMOS25  |            |
+---------------------+-----------+-----------+------------+
| R_o[6]              | OUTPUT    | LVCMOS25  |            |
+---------------------+-----------+-----------+------------+
| R_o[5]              | OUTPUT    | LVCMOS25  |            |
+---------------------+-----------+-----------+------------+
| R_o[4]              | OUTPUT    | LVCMOS25  |            |
+---------------------+-----------+-----------+------------+
| R_o[3]              | OUTPUT    | LVCMOS25  |            |
+---------------------+-----------+-----------+------------+
| R_o[2]              | OUTPUT    | LVCMOS25  |            |

                                    Page 3




Design:  top_flopoco_add_we8_wf17_zynq7000_native_single_f200Date:  05/23/26  22:34:52

IO (PIO) Attributes (cont)
--------------------------
+---------------------+-----------+-----------+------------+
| R_o[1]              | OUTPUT    | LVCMOS25  |            |
+---------------------+-----------+-----------+------------+
| R_o[0]              | OUTPUT    | LVCMOS25  |            |
+---------------------+-----------+-----------+------------+
| clk                 | INPUT     | LVCMOS25  |            |
+---------------------+-----------+-----------+------------+
| X_i[27]             | INPUT     | LVCMOS25  |            |
+---------------------+-----------+-----------+------------+
| X_i[26]             | INPUT     | LVCMOS25  |            |
+---------------------+-----------+-----------+------------+
| X_i[25]             | INPUT     | LVCMOS25  |            |
+---------------------+-----------+-----------+------------+
| X_i[24]             | INPUT     | LVCMOS25  |            |
+---------------------+-----------+-----------+------------+
| X_i[23]             | INPUT     | LVCMOS25  |            |
+---------------------+-----------+-----------+------------+
| X_i[22]             | INPUT     | LVCMOS25  |            |
+---------------------+-----------+-----------+------------+
| X_i[21]             | INPUT     | LVCMOS25  |            |
+---------------------+-----------+-----------+------------+
| X_i[20]             | INPUT     | LVCMOS25  |            |
+---------------------+-----------+-----------+------------+
| X_i[19]             | INPUT     | LVCMOS25  |            |
+---------------------+-----------+-----------+------------+
| X_i[18]             | INPUT     | LVCMOS25  |            |
+---------------------+-----------+-----------+------------+
| X_i[17]             | INPUT     | LVCMOS25  |            |
+---------------------+-----------+-----------+------------+
| X_i[16]             | INPUT     | LVCMOS25  |            |
+---------------------+-----------+-----------+------------+
| X_i[15]             | INPUT     | LVCMOS25  |            |
+---------------------+-----------+-----------+------------+
| X_i[14]             | INPUT     | LVCMOS25  |            |
+---------------------+-----------+-----------+------------+
| X_i[13]             | INPUT     | LVCMOS25  |            |
+---------------------+-----------+-----------+------------+
| X_i[12]             | INPUT     | LVCMOS25  |            |
+---------------------+-----------+-----------+------------+
| X_i[11]             | INPUT     | LVCMOS25  |            |
+---------------------+-----------+-----------+------------+
| X_i[10]             | INPUT     | LVCMOS25  |            |
+---------------------+-----------+-----------+------------+
| X_i[9]              | INPUT     | LVCMOS25  |            |
+---------------------+-----------+-----------+------------+
| X_i[8]              | INPUT     | LVCMOS25  |            |
+---------------------+-----------+-----------+------------+
| X_i[7]              | INPUT     | LVCMOS25  |            |
+---------------------+-----------+-----------+------------+
| X_i[6]              | INPUT     | LVCMOS25  |            |
+---------------------+-----------+-----------+------------+
| X_i[5]              | INPUT     | LVCMOS25  |            |
+---------------------+-----------+-----------+------------+
| X_i[4]              | INPUT     | LVCMOS25  |            |
+---------------------+-----------+-----------+------------+
| X_i[3]              | INPUT     | LVCMOS25  |            |

                                    Page 4




Design:  top_flopoco_add_we8_wf17_zynq7000_native_single_f200Date:  05/23/26  22:34:52

IO (PIO) Attributes (cont)
--------------------------
+---------------------+-----------+-----------+------------+
| X_i[2]              | INPUT     | LVCMOS25  |            |
+---------------------+-----------+-----------+------------+
| X_i[1]              | INPUT     | LVCMOS25  |            |
+---------------------+-----------+-----------+------------+
| X_i[0]              | INPUT     | LVCMOS25  |            |
+---------------------+-----------+-----------+------------+
| Y_i[27]             | INPUT     | LVCMOS25  |            |
+---------------------+-----------+-----------+------------+
| Y_i[26]             | INPUT     | LVCMOS25  |            |
+---------------------+-----------+-----------+------------+
| Y_i[25]             | INPUT     | LVCMOS25  |            |
+---------------------+-----------+-----------+------------+
| Y_i[24]             | INPUT     | LVCMOS25  |            |
+---------------------+-----------+-----------+------------+
| Y_i[23]             | INPUT     | LVCMOS25  |            |
+---------------------+-----------+-----------+------------+
| Y_i[22]             | INPUT     | LVCMOS25  |            |
+---------------------+-----------+-----------+------------+
| Y_i[21]             | INPUT     | LVCMOS25  |            |
+---------------------+-----------+-----------+------------+
| Y_i[20]             | INPUT     | LVCMOS25  |            |
+---------------------+-----------+-----------+------------+
| Y_i[19]             | INPUT     | LVCMOS25  |            |
+---------------------+-----------+-----------+------------+
| Y_i[18]             | INPUT     | LVCMOS25  |            |
+---------------------+-----------+-----------+------------+
| Y_i[17]             | INPUT     | LVCMOS25  |            |
+---------------------+-----------+-----------+------------+
| Y_i[16]             | INPUT     | LVCMOS25  |            |
+---------------------+-----------+-----------+------------+
| Y_i[15]             | INPUT     | LVCMOS25  |            |
+---------------------+-----------+-----------+------------+
| Y_i[14]             | INPUT     | LVCMOS25  |            |
+---------------------+-----------+-----------+------------+
| Y_i[13]             | INPUT     | LVCMOS25  |            |
+---------------------+-----------+-----------+------------+
| Y_i[12]             | INPUT     | LVCMOS25  |            |
+---------------------+-----------+-----------+------------+
| Y_i[11]             | INPUT     | LVCMOS25  |            |
+---------------------+-----------+-----------+------------+
| Y_i[10]             | INPUT     | LVCMOS25  |            |
+---------------------+-----------+-----------+------------+
| Y_i[9]              | INPUT     | LVCMOS25  |            |
+---------------------+-----------+-----------+------------+
| Y_i[8]              | INPUT     | LVCMOS25  |            |
+---------------------+-----------+-----------+------------+
| Y_i[7]              | INPUT     | LVCMOS25  |            |
+---------------------+-----------+-----------+------------+
| Y_i[6]              | INPUT     | LVCMOS25  |            |
+---------------------+-----------+-----------+------------+
| Y_i[5]              | INPUT     | LVCMOS25  |            |
+---------------------+-----------+-----------+------------+
| Y_i[4]              | INPUT     | LVCMOS25  |            |
+---------------------+-----------+-----------+------------+
| Y_i[3]              | INPUT     | LVCMOS25  |            |

                                    Page 5




Design:  top_flopoco_add_we8_wf17_zynq7000_native_single_f200Date:  05/23/26  22:34:52

IO (PIO) Attributes (cont)
--------------------------
+---------------------+-----------+-----------+------------+
| Y_i[2]              | INPUT     | LVCMOS25  |            |
+---------------------+-----------+-----------+------------+
| Y_i[1]              | INPUT     | LVCMOS25  |            |
+---------------------+-----------+-----------+------------+
| Y_i[0]              | INPUT     | LVCMOS25  |            |
+---------------------+-----------+-----------+------------+

Removed logic
-------------

Block GSR_INST undriven or does not drive anything - clipped.
Signal n989 was merged into signal fracYpadXorOp_20
Signal u_dut/n987 was merged into signal u_dut/signR_d3
Signal n1 was merged into signal u_dut/excRt_d4_0
Signal VCC_net undriven or does not drive anything - clipped.
Signal _add_1_164_add_4_22/S1 undriven or does not drive anything - clipped.
Signal _add_1_164_add_4_22/S0 undriven or does not drive anything - clipped.
Signal _add_1_164_add_4_24/S1 undriven or does not drive anything - clipped.
Signal _add_1_164_add_4_24/S0 undriven or does not drive anything - clipped.
Signal _add_1_164_add_4_26/S1 undriven or does not drive anything - clipped.
Signal _add_1_164_add_4_26/S0 undriven or does not drive anything - clipped.
Signal _add_1_164_add_4_28/S1 undriven or does not drive anything - clipped.
Signal _add_1_164_add_4_28/S0 undriven or does not drive anything - clipped.
Signal _add_1_164_add_4_cout/S1 undriven or does not drive anything - clipped.
Signal _add_1_164_add_4_cout/CO undriven or does not drive anything - clipped.
Signal _add_1_161_add_4_2/S0 undriven or does not drive anything - clipped.
Signal _add_1_161_add_4_2/CI undriven or does not drive anything - clipped.
Signal _add_1_add_4_12/S1 undriven or does not drive anything - clipped.
Signal _add_1_add_4_12/CO undriven or does not drive anything - clipped.
Signal _add_1_164_add_4_6/S1 undriven or does not drive anything - clipped.
Signal _add_1_164_add_4_6/S0 undriven or does not drive anything - clipped.
Signal _add_1_161_add_4_10/S1 undriven or does not drive anything - clipped.
Signal _add_1_161_add_4_10/CO undriven or does not drive anything - clipped.
Signal _add_1_158_add_4_2/S0 undriven or does not drive anything - clipped.
Signal _add_1_158_add_4_2/CI undriven or does not drive anything - clipped.
Signal _add_1_155_add_4_2/S0 undriven or does not drive anything - clipped.
Signal _add_1_155_add_4_2/CI undriven or does not drive anything - clipped.
Signal _add_1_164_add_4_2/S1 undriven or does not drive anything - clipped.
Signal _add_1_164_add_4_2/S0 undriven or does not drive anything - clipped.
Signal _add_1_164_add_4_2/CI undriven or does not drive anything - clipped.
Signal _add_1_164_add_4_4/S1 undriven or does not drive anything - clipped.
Signal _add_1_164_add_4_4/S0 undriven or does not drive anything - clipped.
Signal _add_1_164_add_4_12/S1 undriven or does not drive anything - clipped.
Signal _add_1_164_add_4_12/S0 undriven or does not drive anything - clipped.
Signal _add_1_158_add_4_22/S1 undriven or does not drive anything - clipped.
Signal _add_1_158_add_4_22/CO undriven or does not drive anything - clipped.
Signal _add_1_164_add_4_10/S1 undriven or does not drive anything - clipped.
Signal _add_1_164_add_4_10/S0 undriven or does not drive anything - clipped.
Signal _add_1_164_add_4_8/S1 undriven or does not drive anything - clipped.
Signal _add_1_164_add_4_8/S0 undriven or does not drive anything - clipped.
Signal _add_1_164_add_4_16/S1 undriven or does not drive anything - clipped.
Signal _add_1_164_add_4_16/S0 undriven or does not drive anything - clipped.
Signal _add_1_164_add_4_14/S1 undriven or does not drive anything - clipped.
Signal _add_1_164_add_4_14/S0 undriven or does not drive anything - clipped.
Signal _add_1_164_add_4_18/S1 undriven or does not drive anything - clipped.

                                    Page 6




Design:  top_flopoco_add_we8_wf17_zynq7000_native_single_f200Date:  05/23/26  22:34:52

Removed logic (cont)
--------------------
Signal _add_1_164_add_4_18/S0 undriven or does not drive anything - clipped.
Signal _add_1_155_add_4_28/CO undriven or does not drive anything - clipped.
Signal _add_1_add_4_2/S0 undriven or does not drive anything - clipped.
Signal _add_1_add_4_2/CI undriven or does not drive anything - clipped.
Signal _add_1_164_add_4_20/S1 undriven or does not drive anything - clipped.
Signal _add_1_164_add_4_20/S0 undriven or does not drive anything - clipped.
Block u_dut/i386_1_lut was optimized away.
Block u_dut/i384_1_lut was optimized away.
Block u_dut/i148_1_lut was optimized away.
Block i14 was optimized away.

Memory Usage
------------

/u_dut:
    EBRs: 1
    RAM SLICEs: 0
    Logic SLICEs: 93
    PFU Registers: 89
    -Contains EBR newX_25__I_0_82:  TYPE= PDPW16KD,  Width= 2,  Depth_R= 64,
         REGMODE= OUTREG,  RESETMODE= ASYNC,  ASYNC_RESET_RELEASE= SYNC,  GSR=
         DISABLED

     

ASIC Components
---------------

Instance Name: u_dut/newX_25__I_0_82
         Type: PDPW16KD

Run Time and Memory Usage
-------------------------

   Total CPU Time: 0 secs  
   Total REAL Time: 0 secs  
   Peak Memory Usage: 187 MB
        



















                                    Page 7


Copyright (c) 1991-1994 by NeoCAD Inc. All rights reserved.
     Copyright (c) 1995 AT&T Corp.   All rights reserved.
     Copyright (c) 1995-2001 Lucent Technologies Inc.  All rights reserved.
     Copyright (c) 2001 Agere Systems   All rights reserved.
     Copyright (c) 2002-2024 Lattice Semiconductor Corporation,  All rights
     reserved.
