--------------------------------------------------------------------------------
Lattice Synthesis Timing Report, Version  
Sat May 23 22:34:51 2026

Copyright (c) 1991-1994 by NeoCAD Inc. All rights reserved.
Copyright (c) 1995 AT&T Corp.   All rights reserved.
Copyright (c) 1995-2001 Lucent Technologies Inc.  All rights reserved.
Copyright (c) 2001 Agere Systems   All rights reserved.
Copyright (c) 2002-2024 Lattice Semiconductor Corporation,  All rights reserved.

Report Information
------------------
Design:     top_flopoco_add_we8_wf17_zynq7000_native_single_f200
Constraint file: top_flopoco_add_we8_wf17_zynq7000_native_single_f200_temp_lse.sdc 
Report level:    verbose report, limited to 10 items per constraint
--------------------------------------------------------------------------------



================================================================================
Constraint: create_clock -period 10.000000 -waveform { 0.000000 5.000000 } -name clk [ get_ports { clk } ]
            4096 items scored, 4096 timing errors detected.
--------------------------------------------------------------------------------


Error:  The following path violates requirements by 5.072ns

 Logical Details:  Cell type  Pin type       Cell name  (clock net +/-)

   Source:         FD1S3IX    CK             No_Name_i1  (from clk +)
   Destination:    FD1S3AX    D              \u_dut/LZCAndShifter/count2_d1_26  (to clk +)

   Delay:                  15.247ns  (18.4% logic, 81.6% route), 20 logic levels.

 Constraint Details:

     15.247ns data_path No_Name_i1 to \u_dut/LZCAndShifter/count2_d1_26 violates
     10.000ns delay constraint less
     -0.175ns L_S requirement (totaling 10.175ns) by 5.072ns

 Path Details: No_Name_i1 to \u_dut/LZCAndShifter/count2_d1_26

   Name    Fanout   Delay (ns)          Pins               Resource(Cell.Net)
L_CO        ---     0.365             CK to Q              No_Name_i1 (from clk)
Route         4   e 1.397                                  Cin_1_d1
A1_TO_FCO   ---     0.329           B[2] to COUT           _add_1_158_add_4_2
Route         1   e 0.020                                  n1943
FCI_TO_FCO  ---     0.051            CIN to COUT           _add_1_158_add_4_4
Route         1   e 0.020                                  n1944
FCI_TO_FCO  ---     0.051            CIN to COUT           _add_1_158_add_4_6
Route         1   e 0.020                                  n1945
FCI_TO_FCO  ---     0.051            CIN to COUT           _add_1_158_add_4_8
Route         1   e 0.020                                  n1946
FCI_TO_FCO  ---     0.051            CIN to COUT           _add_1_158_add_4_10
Route         1   e 0.020                                  n1947
FCI_TO_FCO  ---     0.051            CIN to COUT           _add_1_158_add_4_12
Route         1   e 0.020                                  n1948
FCI_TO_FCO  ---     0.051            CIN to COUT           _add_1_158_add_4_14
Route         1   e 0.020                                  n1949
FCI_TO_FCO  ---     0.051            CIN to COUT           _add_1_158_add_4_16
Route         1   e 0.020                                  n1950
FCI_TO_FCO  ---     0.051            CIN to COUT           _add_1_158_add_4_18
Route         1   e 0.020                                  n1951
FCI_TO_FCO  ---     0.051            CIN to COUT           _add_1_158_add_4_20
Route         1   e 0.020                                  n1952
FCI_TO_F    ---     0.322            CIN to S[2]           _add_1_158_add_4_22
Route         2   e 1.258                                  fracAddResult[20]
LUT4        ---     0.166              B to Z              \u_dut/LZCAndShifter/i8_4_lut
Route         1   e 1.020                                  \u_dut/LZCAndShifter/n21
LUT4        ---     0.166              A to Z              \u_dut/LZCAndShifter/i11_4_lut
Route         1   e 1.020                                  \u_dut/LZCAndShifter/n24
LUT4        ---     0.166              B to Z              \u_dut/LZCAndShifter/i2169_4_lut
Route        20   e 1.619                                  count4
LUT4        ---     0.166              C to Z              \u_dut/LZCAndShifter/X_5__I_0_i22_3_lut
Route         2   e 1.158                                  \u_dut/LZCAndShifter/level4[21]
LUT4        ---     0.166              C to Z              \u_dut/LZCAndShifter/i1_3_lut
Route         1   e 1.020                                  \u_dut/LZCAndShifter/n2746
LUT4        ---     0.166              B to Z              \u_dut/LZCAndShifter/i2152_4_lut
Route        16   e 1.574                                  count3
LUT4        ---     0.166              C to Z              \u_dut/LZCAndShifter/level4_13__I_0_i19_3_lut
Route         2   e 1.158                                  \u_dut/LZCAndShifter/level3[18]
LUT4        ---     0.166              C to Z              \u_dut/LZCAndShifter/i2155_4_lut
Route         1   e 1.020                                  \u_dut/LZCAndShifter/count2
                  --------
                   15.247  (18.4% logic, 81.6% route), 20 logic levels.


Error:  The following path violates requirements by 5.072ns

 Logical Details:  Cell type  Pin type       Cell name  (clock net +/-)

   Source:         FD1S3IX    CK             No_Name_i1  (from clk +)
   Destination:    FD1S3AX    D              \u_dut/LZCAndShifter/count2_d1_26  (to clk +)

   Delay:                  15.247ns  (18.4% logic, 81.6% route), 20 logic levels.

 Constraint Details:

     15.247ns data_path No_Name_i1 to \u_dut/LZCAndShifter/count2_d1_26 violates
     10.000ns delay constraint less
     -0.175ns L_S requirement (totaling 10.175ns) by 5.072ns

 Path Details: No_Name_i1 to \u_dut/LZCAndShifter/count2_d1_26

   Name    Fanout   Delay (ns)          Pins               Resource(Cell.Net)
L_CO        ---     0.365             CK to Q              No_Name_i1 (from clk)
Route         4   e 1.397                                  Cin_1_d1
A1_TO_FCO   ---     0.329           B[2] to COUT           _add_1_158_add_4_2
Route         1   e 0.020                                  n1943
FCI_TO_FCO  ---     0.051            CIN to COUT           _add_1_158_add_4_4
Route         1   e 0.020                                  n1944
FCI_TO_FCO  ---     0.051            CIN to COUT           _add_1_158_add_4_6
Route         1   e 0.020                                  n1945
FCI_TO_FCO  ---     0.051            CIN to COUT           _add_1_158_add_4_8
Route         1   e 0.020                                  n1946
FCI_TO_FCO  ---     0.051            CIN to COUT           _add_1_158_add_4_10
Route         1   e 0.020                                  n1947
FCI_TO_FCO  ---     0.051            CIN to COUT           _add_1_158_add_4_12
Route         1   e 0.020                                  n1948
FCI_TO_FCO  ---     0.051            CIN to COUT           _add_1_158_add_4_14
Route         1   e 0.020                                  n1949
FCI_TO_FCO  ---     0.051            CIN to COUT           _add_1_158_add_4_16
Route         1   e 0.020                                  n1950
FCI_TO_FCO  ---     0.051            CIN to COUT           _add_1_158_add_4_18
Route         1   e 0.020                                  n1951
FCI_TO_FCO  ---     0.051            CIN to COUT           _add_1_158_add_4_20
Route         1   e 0.020                                  n1952
FCI_TO_F    ---     0.322            CIN to S[2]           _add_1_158_add_4_22
Route         2   e 1.258                                  fracAddResult[20]
LUT4        ---     0.166              B to Z              \u_dut/LZCAndShifter/i8_4_lut
Route         1   e 1.020                                  \u_dut/LZCAndShifter/n21
LUT4        ---     0.166              A to Z              \u_dut/LZCAndShifter/i11_4_lut
Route         1   e 1.020                                  \u_dut/LZCAndShifter/n24
LUT4        ---     0.166              B to Z              \u_dut/LZCAndShifter/i2169_4_lut
Route        20   e 1.619                                  count4
LUT4        ---     0.166              C to Z              \u_dut/LZCAndShifter/X_5__I_0_i21_3_lut
Route         2   e 1.158                                  \u_dut/LZCAndShifter/level4[20]
LUT4        ---     0.166              A to Z              \u_dut/LZCAndShifter/i1_4_lut
Route         1   e 1.020                                  \u_dut/LZCAndShifter/n2740
LUT4        ---     0.166              A to Z              \u_dut/LZCAndShifter/i2152_4_lut
Route        16   e 1.574                                  count3
LUT4        ---     0.166              C to Z              \u_dut/LZCAndShifter/level4_13__I_0_i19_3_lut
Route         2   e 1.158                                  \u_dut/LZCAndShifter/level3[18]
LUT4        ---     0.166              C to Z              \u_dut/LZCAndShifter/i2155_4_lut
Route         1   e 1.020                                  \u_dut/LZCAndShifter/count2
                  --------
                   15.247  (18.4% logic, 81.6% route), 20 logic levels.


Error:  The following path violates requirements by 5.072ns

 Logical Details:  Cell type  Pin type       Cell name  (clock net +/-)

   Source:         FD1S3IX    CK             No_Name_i1  (from clk +)
   Destination:    FD1S3AX    D              \u_dut/LZCAndShifter/count2_d1_26  (to clk +)

   Delay:                  15.247ns  (18.4% logic, 81.6% route), 20 logic levels.

 Constraint Details:

     15.247ns data_path No_Name_i1 to \u_dut/LZCAndShifter/count2_d1_26 violates
     10.000ns delay constraint less
     -0.175ns L_S requirement (totaling 10.175ns) by 5.072ns

 Path Details: No_Name_i1 to \u_dut/LZCAndShifter/count2_d1_26

   Name    Fanout   Delay (ns)          Pins               Resource(Cell.Net)
L_CO        ---     0.365             CK to Q              No_Name_i1 (from clk)
Route         4   e 1.397                                  Cin_1_d1
A1_TO_FCO   ---     0.329           B[2] to COUT           _add_1_158_add_4_2
Route         1   e 0.020                                  n1943
FCI_TO_FCO  ---     0.051            CIN to COUT           _add_1_158_add_4_4
Route         1   e 0.020                                  n1944
FCI_TO_FCO  ---     0.051            CIN to COUT           _add_1_158_add_4_6
Route         1   e 0.020                                  n1945
FCI_TO_FCO  ---     0.051            CIN to COUT           _add_1_158_add_4_8
Route         1   e 0.020                                  n1946
FCI_TO_FCO  ---     0.051            CIN to COUT           _add_1_158_add_4_10
Route         1   e 0.020                                  n1947
FCI_TO_FCO  ---     0.051            CIN to COUT           _add_1_158_add_4_12
Route         1   e 0.020                                  n1948
FCI_TO_FCO  ---     0.051            CIN to COUT           _add_1_158_add_4_14
Route         1   e 0.020                                  n1949
FCI_TO_FCO  ---     0.051            CIN to COUT           _add_1_158_add_4_16
Route         1   e 0.020                                  n1950
FCI_TO_FCO  ---     0.051            CIN to COUT           _add_1_158_add_4_18
Route         1   e 0.020                                  n1951
FCI_TO_FCO  ---     0.051            CIN to COUT           _add_1_158_add_4_20
Route         1   e 0.020                                  n1952
FCI_TO_F    ---     0.322            CIN to S[2]           _add_1_158_add_4_22
Route         2   e 1.258                                  fracAddResult[20]
LUT4        ---     0.166              B to Z              \u_dut/LZCAndShifter/i8_4_lut
Route         1   e 1.020                                  \u_dut/LZCAndShifter/n21
LUT4        ---     0.166              A to Z              \u_dut/LZCAndShifter/i11_4_lut
Route         1   e 1.020                                  \u_dut/LZCAndShifter/n24
LUT4        ---     0.166              B to Z              \u_dut/LZCAndShifter/i2169_4_lut
Route        20   e 1.619                                  count4
LUT4        ---     0.166              C to Z              \u_dut/LZCAndShifter/X_5__I_0_i22_3_lut
Route         2   e 1.158                                  \u_dut/LZCAndShifter/level4[21]
LUT4        ---     0.166              C to Z              \u_dut/LZCAndShifter/i1_3_lut
Route         1   e 1.020                                  \u_dut/LZCAndShifter/n2746
LUT4        ---     0.166              B to Z              \u_dut/LZCAndShifter/i2152_4_lut
Route        16   e 1.574                                  count3
LUT4        ---     0.166              C to Z              \u_dut/LZCAndShifter/level4_13__I_0_i21_3_lut
Route         2   e 1.158                                  \u_dut/LZCAndShifter/level3[20]
LUT4        ---     0.166              D to Z              \u_dut/LZCAndShifter/i2155_4_lut
Route         1   e 1.020                                  \u_dut/LZCAndShifter/count2
                  --------
                   15.247  (18.4% logic, 81.6% route), 20 logic levels.


Error:  The following path violates requirements by 5.072ns

 Logical Details:  Cell type  Pin type       Cell name  (clock net +/-)

   Source:         FD1S3IX    CK             No_Name_i1  (from clk +)
   Destination:    FD1S3AX    D              \u_dut/LZCAndShifter/count2_d1_26  (to clk +)

   Delay:                  15.247ns  (18.4% logic, 81.6% route), 20 logic levels.

 Constraint Details:

     15.247ns data_path No_Name_i1 to \u_dut/LZCAndShifter/count2_d1_26 violates
     10.000ns delay constraint less
     -0.175ns L_S requirement (totaling 10.175ns) by 5.072ns

 Path Details: No_Name_i1 to \u_dut/LZCAndShifter/count2_d1_26

   Name    Fanout   Delay (ns)          Pins               Resource(Cell.Net)
L_CO        ---     0.365             CK to Q              No_Name_i1 (from clk)
Route         4   e 1.397                                  Cin_1_d1
A1_TO_FCO   ---     0.329           B[2] to COUT           _add_1_158_add_4_2
Route         1   e 0.020                                  n1943
FCI_TO_FCO  ---     0.051            CIN to COUT           _add_1_158_add_4_4
Route         1   e 0.020                                  n1944
FCI_TO_FCO  ---     0.051            CIN to COUT           _add_1_158_add_4_6
Route         1   e 0.020                                  n1945
FCI_TO_FCO  ---     0.051            CIN to COUT           _add_1_158_add_4_8
Route         1   e 0.020                                  n1946
FCI_TO_FCO  ---     0.051            CIN to COUT           _add_1_158_add_4_10
Route         1   e 0.020                                  n1947
FCI_TO_FCO  ---     0.051            CIN to COUT           _add_1_158_add_4_12
Route         1   e 0.020                                  n1948
FCI_TO_FCO  ---     0.051            CIN to COUT           _add_1_158_add_4_14
Route         1   e 0.020                                  n1949
FCI_TO_FCO  ---     0.051            CIN to COUT           _add_1_158_add_4_16
Route         1   e 0.020                                  n1950
FCI_TO_FCO  ---     0.051            CIN to COUT           _add_1_158_add_4_18
Route         1   e 0.020                                  n1951
FCI_TO_FCO  ---     0.051            CIN to COUT           _add_1_158_add_4_20
Route         1   e 0.020                                  n1952
FCI_TO_F    ---     0.322            CIN to S[2]           _add_1_158_add_4_22
Route         2   e 1.258                                  fracAddResult[20]
LUT4        ---     0.166              B to Z              \u_dut/LZCAndShifter/i8_4_lut
Route         1   e 1.020                                  \u_dut/LZCAndShifter/n21
LUT4        ---     0.166              A to Z              \u_dut/LZCAndShifter/i11_4_lut
Route         1   e 1.020                                  \u_dut/LZCAndShifter/n24
LUT4        ---     0.166              B to Z              \u_dut/LZCAndShifter/i2169_4_lut
Route        20   e 1.619                                  count4
LUT4        ---     0.166              C to Z              \u_dut/LZCAndShifter/X_5__I_0_i17_3_lut
Route         2   e 1.158                                  \u_dut/LZCAndShifter/level4[16]
LUT4        ---     0.166              A to Z              \u_dut/LZCAndShifter/i1_3_lut
Route         1   e 1.020                                  \u_dut/LZCAndShifter/n2746
LUT4        ---     0.166              B to Z              \u_dut/LZCAndShifter/i2152_4_lut
Route        16   e 1.574                                  count3
LUT4        ---     0.166              C to Z              \u_dut/LZCAndShifter/level4_13__I_0_i22_4_lut
Route         2   e 1.158                                  \u_dut/LZCAndShifter/level3[21]
LUT4        ---     0.166              A to Z              \u_dut/LZCAndShifter/i2155_4_lut
Route         1   e 1.020                                  \u_dut/LZCAndShifter/count2
                  --------
                   15.247  (18.4% logic, 81.6% route), 20 logic levels.


Error:  The following path violates requirements by 5.072ns

 Logical Details:  Cell type  Pin type       Cell name  (clock net +/-)

   Source:         FD1S3IX    CK             No_Name_i1  (from clk +)
   Destination:    FD1S3AX    D              \u_dut/LZCAndShifter/count2_d1_26  (to clk +)

   Delay:                  15.247ns  (18.4% logic, 81.6% route), 20 logic levels.

 Constraint Details:

     15.247ns data_path No_Name_i1 to \u_dut/LZCAndShifter/count2_d1_26 violates
     10.000ns delay constraint less
     -0.175ns L_S requirement (totaling 10.175ns) by 5.072ns

 Path Details: No_Name_i1 to \u_dut/LZCAndShifter/count2_d1_26

   Name    Fanout   Delay (ns)          Pins               Resource(Cell.Net)
L_CO        ---     0.365             CK to Q              No_Name_i1 (from clk)
Route         4   e 1.397                                  Cin_1_d1
A1_TO_FCO   ---     0.329           B[2] to COUT           _add_1_158_add_4_2
Route         1   e 0.020                                  n1943
FCI_TO_FCO  ---     0.051            CIN to COUT           _add_1_158_add_4_4
Route         1   e 0.020                                  n1944
FCI_TO_FCO  ---     0.051            CIN to COUT           _add_1_158_add_4_6
Route         1   e 0.020                                  n1945
FCI_TO_FCO  ---     0.051            CIN to COUT           _add_1_158_add_4_8
Route         1   e 0.020                                  n1946
FCI_TO_FCO  ---     0.051            CIN to COUT           _add_1_158_add_4_10
Route         1   e 0.020                                  n1947
FCI_TO_FCO  ---     0.051            CIN to COUT           _add_1_158_add_4_12
Route         1   e 0.020                                  n1948
FCI_TO_FCO  ---     0.051            CIN to COUT           _add_1_158_add_4_14
Route         1   e 0.020                                  n1949
FCI_TO_FCO  ---     0.051            CIN to COUT           _add_1_158_add_4_16
Route         1   e 0.020                                  n1950
FCI_TO_FCO  ---     0.051            CIN to COUT           _add_1_158_add_4_18
Route         1   e 0.020                                  n1951
FCI_TO_FCO  ---     0.051            CIN to COUT           _add_1_158_add_4_20
Route         1   e 0.020                                  n1952
FCI_TO_F    ---     0.322            CIN to S[2]           _add_1_158_add_4_22
Route         2   e 1.258                                  fracAddResult[20]
LUT4        ---     0.166              B to Z              \u_dut/LZCAndShifter/i8_4_lut
Route         1   e 1.020                                  \u_dut/LZCAndShifter/n21
LUT4        ---     0.166              A to Z              \u_dut/LZCAndShifter/i11_4_lut
Route         1   e 1.020                                  \u_dut/LZCAndShifter/n24
LUT4        ---     0.166              B to Z              \u_dut/LZCAndShifter/i2169_4_lut
Route        20   e 1.619                                  count4
LUT4        ---     0.166              C to Z              \u_dut/LZCAndShifter/X_5__I_0_i20_3_lut
Route         2   e 1.158                                  \u_dut/LZCAndShifter/level4[19]
LUT4        ---     0.166              B to Z              \u_dut/LZCAndShifter/i1_3_lut
Route         1   e 1.020                                  \u_dut/LZCAndShifter/n2746
LUT4        ---     0.166              B to Z              \u_dut/LZCAndShifter/i2152_4_lut
Route        16   e 1.574                                  count3
LUT4        ---     0.166              C to Z              \u_dut/LZCAndShifter/level4_13__I_0_i21_3_lut
Route         2   e 1.158                                  \u_dut/LZCAndShifter/level3[20]
LUT4        ---     0.166              D to Z              \u_dut/LZCAndShifter/i2155_4_lut
Route         1   e 1.020                                  \u_dut/LZCAndShifter/count2
                  --------
                   15.247  (18.4% logic, 81.6% route), 20 logic levels.


Error:  The following path violates requirements by 5.072ns

 Logical Details:  Cell type  Pin type       Cell name  (clock net +/-)

   Source:         FD1S3IX    CK             No_Name_i1  (from clk +)
   Destination:    FD1S3AX    D              \u_dut/LZCAndShifter/count2_d1_26  (to clk +)

   Delay:                  15.247ns  (18.4% logic, 81.6% route), 20 logic levels.

 Constraint Details:

     15.247ns data_path No_Name_i1 to \u_dut/LZCAndShifter/count2_d1_26 violates
     10.000ns delay constraint less
     -0.175ns L_S requirement (totaling 10.175ns) by 5.072ns

 Path Details: No_Name_i1 to \u_dut/LZCAndShifter/count2_d1_26

   Name    Fanout   Delay (ns)          Pins               Resource(Cell.Net)
L_CO        ---     0.365             CK to Q              No_Name_i1 (from clk)
Route         4   e 1.397                                  Cin_1_d1
A1_TO_FCO   ---     0.329           B[2] to COUT           _add_1_158_add_4_2
Route         1   e 0.020                                  n1943
FCI_TO_FCO  ---     0.051            CIN to COUT           _add_1_158_add_4_4
Route         1   e 0.020                                  n1944
FCI_TO_FCO  ---     0.051            CIN to COUT           _add_1_158_add_4_6
Route         1   e 0.020                                  n1945
FCI_TO_FCO  ---     0.051            CIN to COUT           _add_1_158_add_4_8
Route         1   e 0.020                                  n1946
FCI_TO_FCO  ---     0.051            CIN to COUT           _add_1_158_add_4_10
Route         1   e 0.020                                  n1947
FCI_TO_FCO  ---     0.051            CIN to COUT           _add_1_158_add_4_12
Route         1   e 0.020                                  n1948
FCI_TO_FCO  ---     0.051            CIN to COUT           _add_1_158_add_4_14
Route         1   e 0.020                                  n1949
FCI_TO_FCO  ---     0.051            CIN to COUT           _add_1_158_add_4_16
Route         1   e 0.020                                  n1950
FCI_TO_FCO  ---     0.051            CIN to COUT           _add_1_158_add_4_18
Route         1   e 0.020                                  n1951
FCI_TO_FCO  ---     0.051            CIN to COUT           _add_1_158_add_4_20
Route         1   e 0.020                                  n1952
FCI_TO_F    ---     0.322            CIN to S[2]           _add_1_158_add_4_22
Route         2   e 1.258                                  fracAddResult[20]
LUT4        ---     0.166              B to Z              \u_dut/LZCAndShifter/i8_4_lut
Route         1   e 1.020                                  \u_dut/LZCAndShifter/n21
LUT4        ---     0.166              A to Z              \u_dut/LZCAndShifter/i11_4_lut
Route         1   e 1.020                                  \u_dut/LZCAndShifter/n24
LUT4        ---     0.166              B to Z              \u_dut/LZCAndShifter/i2169_4_lut
Route        20   e 1.619                                  count4
LUT4        ---     0.166              C to Z              \u_dut/LZCAndShifter/X_5__I_0_i20_3_lut
Route         2   e 1.158                                  \u_dut/LZCAndShifter/level4[19]
LUT4        ---     0.166              B to Z              \u_dut/LZCAndShifter/i1_3_lut
Route         1   e 1.020                                  \u_dut/LZCAndShifter/n2746
LUT4        ---     0.166              B to Z              \u_dut/LZCAndShifter/i2152_4_lut
Route        16   e 1.574                                  count3
LUT4        ---     0.166              C to Z              \u_dut/LZCAndShifter/level4_13__I_0_i22_4_lut
Route         2   e 1.158                                  \u_dut/LZCAndShifter/level3[21]
LUT4        ---     0.166              A to Z              \u_dut/LZCAndShifter/i2155_4_lut
Route         1   e 1.020                                  \u_dut/LZCAndShifter/count2
                  --------
                   15.247  (18.4% logic, 81.6% route), 20 logic levels.


Error:  The following path violates requirements by 5.072ns

 Logical Details:  Cell type  Pin type       Cell name  (clock net +/-)

   Source:         FD1S3IX    CK             No_Name_i1  (from clk +)
   Destination:    FD1S3AX    D              \u_dut/LZCAndShifter/count2_d1_26  (to clk +)

   Delay:                  15.247ns  (18.4% logic, 81.6% route), 20 logic levels.

 Constraint Details:

     15.247ns data_path No_Name_i1 to \u_dut/LZCAndShifter/count2_d1_26 violates
     10.000ns delay constraint less
     -0.175ns L_S requirement (totaling 10.175ns) by 5.072ns

 Path Details: No_Name_i1 to \u_dut/LZCAndShifter/count2_d1_26

   Name    Fanout   Delay (ns)          Pins               Resource(Cell.Net)
L_CO        ---     0.365             CK to Q              No_Name_i1 (from clk)
Route         4   e 1.397                                  Cin_1_d1
A1_TO_FCO   ---     0.329           B[2] to COUT           _add_1_158_add_4_2
Route         1   e 0.020                                  n1943
FCI_TO_FCO  ---     0.051            CIN to COUT           _add_1_158_add_4_4
Route         1   e 0.020                                  n1944
FCI_TO_FCO  ---     0.051            CIN to COUT           _add_1_158_add_4_6
Route         1   e 0.020                                  n1945
FCI_TO_FCO  ---     0.051            CIN to COUT           _add_1_158_add_4_8
Route         1   e 0.020                                  n1946
FCI_TO_FCO  ---     0.051            CIN to COUT           _add_1_158_add_4_10
Route         1   e 0.020                                  n1947
FCI_TO_FCO  ---     0.051            CIN to COUT           _add_1_158_add_4_12
Route         1   e 0.020                                  n1948
FCI_TO_FCO  ---     0.051            CIN to COUT           _add_1_158_add_4_14
Route         1   e 0.020                                  n1949
FCI_TO_FCO  ---     0.051            CIN to COUT           _add_1_158_add_4_16
Route         1   e 0.020                                  n1950
FCI_TO_FCO  ---     0.051            CIN to COUT           _add_1_158_add_4_18
Route         1   e 0.020                                  n1951
FCI_TO_FCO  ---     0.051            CIN to COUT           _add_1_158_add_4_20
Route         1   e 0.020                                  n1952
FCI_TO_F    ---     0.322            CIN to S[2]           _add_1_158_add_4_22
Route         2   e 1.258                                  fracAddResult[20]
LUT4        ---     0.166              B to Z              \u_dut/LZCAndShifter/i8_4_lut
Route         1   e 1.020                                  \u_dut/LZCAndShifter/n21
LUT4        ---     0.166              A to Z              \u_dut/LZCAndShifter/i11_4_lut
Route         1   e 1.020                                  \u_dut/LZCAndShifter/n24
LUT4        ---     0.166              B to Z              \u_dut/LZCAndShifter/i2169_4_lut
Route        20   e 1.619                                  count4
LUT4        ---     0.166              C to Z              \u_dut/LZCAndShifter/X_5__I_0_i20_3_lut
Route         2   e 1.158                                  \u_dut/LZCAndShifter/level4[19]
LUT4        ---     0.166              B to Z              \u_dut/LZCAndShifter/i1_3_lut
Route         1   e 1.020                                  \u_dut/LZCAndShifter/n2746
LUT4        ---     0.166              B to Z              \u_dut/LZCAndShifter/i2152_4_lut
Route        16   e 1.574                                  count3
LUT4        ---     0.166              C to Z              \u_dut/LZCAndShifter/level4_13__I_0_i19_3_lut
Route         2   e 1.158                                  \u_dut/LZCAndShifter/level3[18]
LUT4        ---     0.166              C to Z              \u_dut/LZCAndShifter/i2155_4_lut
Route         1   e 1.020                                  \u_dut/LZCAndShifter/count2
                  --------
                   15.247  (18.4% logic, 81.6% route), 20 logic levels.


Error:  The following path violates requirements by 5.072ns

 Logical Details:  Cell type  Pin type       Cell name  (clock net +/-)

   Source:         FD1S3IX    CK             No_Name_i1  (from clk +)
   Destination:    FD1S3AX    D              \u_dut/LZCAndShifter/count2_d1_26  (to clk +)

   Delay:                  15.247ns  (18.4% logic, 81.6% route), 20 logic levels.

 Constraint Details:

     15.247ns data_path No_Name_i1 to \u_dut/LZCAndShifter/count2_d1_26 violates
     10.000ns delay constraint less
     -0.175ns L_S requirement (totaling 10.175ns) by 5.072ns

 Path Details: No_Name_i1 to \u_dut/LZCAndShifter/count2_d1_26

   Name    Fanout   Delay (ns)          Pins               Resource(Cell.Net)
L_CO        ---     0.365             CK to Q              No_Name_i1 (from clk)
Route         4   e 1.397                                  Cin_1_d1
A1_TO_FCO   ---     0.329           B[2] to COUT           _add_1_158_add_4_2
Route         1   e 0.020                                  n1943
FCI_TO_FCO  ---     0.051            CIN to COUT           _add_1_158_add_4_4
Route         1   e 0.020                                  n1944
FCI_TO_FCO  ---     0.051            CIN to COUT           _add_1_158_add_4_6
Route         1   e 0.020                                  n1945
FCI_TO_FCO  ---     0.051            CIN to COUT           _add_1_158_add_4_8
Route         1   e 0.020                                  n1946
FCI_TO_FCO  ---     0.051            CIN to COUT           _add_1_158_add_4_10
Route         1   e 0.020                                  n1947
FCI_TO_FCO  ---     0.051            CIN to COUT           _add_1_158_add_4_12
Route         1   e 0.020                                  n1948
FCI_TO_FCO  ---     0.051            CIN to COUT           _add_1_158_add_4_14
Route         1   e 0.020                                  n1949
FCI_TO_FCO  ---     0.051            CIN to COUT           _add_1_158_add_4_16
Route         1   e 0.020                                  n1950
FCI_TO_FCO  ---     0.051            CIN to COUT           _add_1_158_add_4_18
Route         1   e 0.020                                  n1951
FCI_TO_FCO  ---     0.051            CIN to COUT           _add_1_158_add_4_20
Route         1   e 0.020                                  n1952
FCI_TO_F    ---     0.322            CIN to S[2]           _add_1_158_add_4_22
Route         2   e 1.258                                  fracAddResult[20]
LUT4        ---     0.166              B to Z              \u_dut/LZCAndShifter/i8_4_lut
Route         1   e 1.020                                  \u_dut/LZCAndShifter/n21
LUT4        ---     0.166              A to Z              \u_dut/LZCAndShifter/i11_4_lut
Route         1   e 1.020                                  \u_dut/LZCAndShifter/n24
LUT4        ---     0.166              B to Z              \u_dut/LZCAndShifter/i2169_4_lut
Route        20   e 1.619                                  count4
LUT4        ---     0.166              C to Z              \u_dut/LZCAndShifter/X_5__I_0_i21_3_lut
Route         2   e 1.158                                  \u_dut/LZCAndShifter/level4[20]
LUT4        ---     0.166              A to Z              \u_dut/LZCAndShifter/i1_4_lut
Route         1   e 1.020                                  \u_dut/LZCAndShifter/n2740
LUT4        ---     0.166              A to Z              \u_dut/LZCAndShifter/i2152_4_lut
Route        16   e 1.574                                  count3
LUT4        ---     0.166              C to Z              \u_dut/LZCAndShifter/level4_13__I_0_i22_4_lut
Route         2   e 1.158                                  \u_dut/LZCAndShifter/level3[21]
LUT4        ---     0.166              A to Z              \u_dut/LZCAndShifter/i2155_4_lut
Route         1   e 1.020                                  \u_dut/LZCAndShifter/count2
                  --------
                   15.247  (18.4% logic, 81.6% route), 20 logic levels.


Error:  The following path violates requirements by 5.072ns

 Logical Details:  Cell type  Pin type       Cell name  (clock net +/-)

   Source:         FD1S3IX    CK             No_Name_i1  (from clk +)
   Destination:    FD1S3AX    D              \u_dut/LZCAndShifter/count2_d1_26  (to clk +)

   Delay:                  15.247ns  (18.4% logic, 81.6% route), 20 logic levels.

 Constraint Details:

     15.247ns data_path No_Name_i1 to \u_dut/LZCAndShifter/count2_d1_26 violates
     10.000ns delay constraint less
     -0.175ns L_S requirement (totaling 10.175ns) by 5.072ns

 Path Details: No_Name_i1 to \u_dut/LZCAndShifter/count2_d1_26

   Name    Fanout   Delay (ns)          Pins               Resource(Cell.Net)
L_CO        ---     0.365             CK to Q              No_Name_i1 (from clk)
Route         4   e 1.397                                  Cin_1_d1
A1_TO_FCO   ---     0.329           B[2] to COUT           _add_1_158_add_4_2
Route         1   e 0.020                                  n1943
FCI_TO_FCO  ---     0.051            CIN to COUT           _add_1_158_add_4_4
Route         1   e 0.020                                  n1944
FCI_TO_FCO  ---     0.051            CIN to COUT           _add_1_158_add_4_6
Route         1   e 0.020                                  n1945
FCI_TO_FCO  ---     0.051            CIN to COUT           _add_1_158_add_4_8
Route         1   e 0.020                                  n1946
FCI_TO_FCO  ---     0.051            CIN to COUT           _add_1_158_add_4_10
Route         1   e 0.020                                  n1947
FCI_TO_FCO  ---     0.051            CIN to COUT           _add_1_158_add_4_12
Route         1   e 0.020                                  n1948
FCI_TO_FCO  ---     0.051            CIN to COUT           _add_1_158_add_4_14
Route         1   e 0.020                                  n1949
FCI_TO_FCO  ---     0.051            CIN to COUT           _add_1_158_add_4_16
Route         1   e 0.020                                  n1950
FCI_TO_FCO  ---     0.051            CIN to COUT           _add_1_158_add_4_18
Route         1   e 0.020                                  n1951
FCI_TO_FCO  ---     0.051            CIN to COUT           _add_1_158_add_4_20
Route         1   e 0.020                                  n1952
FCI_TO_F    ---     0.322            CIN to S[2]           _add_1_158_add_4_22
Route         2   e 1.258                                  fracAddResult[20]
LUT4        ---     0.166              B to Z              \u_dut/LZCAndShifter/i8_4_lut
Route         1   e 1.020                                  \u_dut/LZCAndShifter/n21
LUT4        ---     0.166              A to Z              \u_dut/LZCAndShifter/i11_4_lut
Route         1   e 1.020                                  \u_dut/LZCAndShifter/n24
LUT4        ---     0.166              B to Z              \u_dut/LZCAndShifter/i2169_4_lut
Route        20   e 1.619                                  count4
LUT4        ---     0.166              C to Z              \u_dut/LZCAndShifter/X_5__I_0_i22_3_lut
Route         2   e 1.158                                  \u_dut/LZCAndShifter/level4[21]
LUT4        ---     0.166              C to Z              \u_dut/LZCAndShifter/i1_3_lut
Route         1   e 1.020                                  \u_dut/LZCAndShifter/n2746
LUT4        ---     0.166              B to Z              \u_dut/LZCAndShifter/i2152_4_lut
Route        16   e 1.574                                  count3
LUT4        ---     0.166              C to Z              \u_dut/LZCAndShifter/level4_13__I_0_i22_4_lut
Route         2   e 1.158                                  \u_dut/LZCAndShifter/level3[21]
LUT4        ---     0.166              A to Z              \u_dut/LZCAndShifter/i2155_4_lut
Route         1   e 1.020                                  \u_dut/LZCAndShifter/count2
                  --------
                   15.247  (18.4% logic, 81.6% route), 20 logic levels.


Error:  The following path violates requirements by 5.072ns

 Logical Details:  Cell type  Pin type       Cell name  (clock net +/-)

   Source:         FD1S3IX    CK             No_Name_i1  (from clk +)
   Destination:    FD1S3AX    D              \u_dut/LZCAndShifter/count2_d1_26  (to clk +)

   Delay:                  15.247ns  (18.4% logic, 81.6% route), 20 logic levels.

 Constraint Details:

     15.247ns data_path No_Name_i1 to \u_dut/LZCAndShifter/count2_d1_26 violates
     10.000ns delay constraint less
     -0.175ns L_S requirement (totaling 10.175ns) by 5.072ns

 Path Details: No_Name_i1 to \u_dut/LZCAndShifter/count2_d1_26

   Name    Fanout   Delay (ns)          Pins               Resource(Cell.Net)
L_CO        ---     0.365             CK to Q              No_Name_i1 (from clk)
Route         4   e 1.397                                  Cin_1_d1
A1_TO_FCO   ---     0.329           B[2] to COUT           _add_1_158_add_4_2
Route         1   e 0.020                                  n1943
FCI_TO_FCO  ---     0.051            CIN to COUT           _add_1_158_add_4_4
Route         1   e 0.020                                  n1944
FCI_TO_FCO  ---     0.051            CIN to COUT           _add_1_158_add_4_6
Route         1   e 0.020                                  n1945
FCI_TO_FCO  ---     0.051            CIN to COUT           _add_1_158_add_4_8
Route         1   e 0.020                                  n1946
FCI_TO_FCO  ---     0.051            CIN to COUT           _add_1_158_add_4_10
Route         1   e 0.020                                  n1947
FCI_TO_FCO  ---     0.051            CIN to COUT           _add_1_158_add_4_12
Route         1   e 0.020                                  n1948
FCI_TO_FCO  ---     0.051            CIN to COUT           _add_1_158_add_4_14
Route         1   e 0.020                                  n1949
FCI_TO_FCO  ---     0.051            CIN to COUT           _add_1_158_add_4_16
Route         1   e 0.020                                  n1950
FCI_TO_FCO  ---     0.051            CIN to COUT           _add_1_158_add_4_18
Route         1   e 0.020                                  n1951
FCI_TO_FCO  ---     0.051            CIN to COUT           _add_1_158_add_4_20
Route         1   e 0.020                                  n1952
FCI_TO_F    ---     0.322            CIN to S[2]           _add_1_158_add_4_22
Route         2   e 1.258                                  fracAddResult[20]
LUT4        ---     0.166              B to Z              \u_dut/LZCAndShifter/i8_4_lut
Route         1   e 1.020                                  \u_dut/LZCAndShifter/n21
LUT4        ---     0.166              A to Z              \u_dut/LZCAndShifter/i11_4_lut
Route         1   e 1.020                                  \u_dut/LZCAndShifter/n24
LUT4        ---     0.166              B to Z              \u_dut/LZCAndShifter/i2169_4_lut
Route        20   e 1.619                                  count4
LUT4        ---     0.166              C to Z              \u_dut/LZCAndShifter/X_5__I_0_i17_3_lut
Route         2   e 1.158                                  \u_dut/LZCAndShifter/level4[16]
LUT4        ---     0.166              A to Z              \u_dut/LZCAndShifter/i1_3_lut
Route         1   e 1.020                                  \u_dut/LZCAndShifter/n2746
LUT4        ---     0.166              B to Z              \u_dut/LZCAndShifter/i2152_4_lut
Route        16   e 1.574                                  count3
LUT4        ---     0.166              C to Z              \u_dut/LZCAndShifter/level4_13__I_0_i21_3_lut
Route         2   e 1.158                                  \u_dut/LZCAndShifter/level3[20]
LUT4        ---     0.166              D to Z              \u_dut/LZCAndShifter/i2155_4_lut
Route         1   e 1.020                                  \u_dut/LZCAndShifter/count2
                  --------
                   15.247  (18.4% logic, 81.6% route), 20 logic levels.

Warning: 15.072 ns is the maximum delay for this constraint.


Timing Report Summary
--------------
--------------------------------------------------------------------------------
Constraint                              |   Constraint|       Actual|Levels
--------------------------------------------------------------------------------
                                        |             |             |
create_clock -period 10.000000          |             |             |
-waveform { 0.000000 5.000000 } -name   |             |             |
clk [ get_ports { clk } ]               |    10.000 ns|    15.072 ns|    20 *
                                        |             |             |
--------------------------------------------------------------------------------


1 constraints not met.

--------------------------------------------------------------------------------
Critical Nets                           |   Loads|  Errors| % of total
--------------------------------------------------------------------------------
count3                                  |      16|    4096|     99.00%
                                        |        |        |
count4                                  |      20|    4096|     99.00%
                                        |        |        |
\u_dut/LZCAndShifter/count2             |       1|    3792|     92.58%
                                        |        |        |
\u_dut/LZCAndShifter/n24                |       1|    3264|     79.69%
                                        |        |        |
\u_dut/LZCAndShifter/n2746              |       1|    3075|     75.07%
                                        |        |        |
n1949                                   |       1|    2464|     60.16%
                                        |        |        |
n1947                                   |       1|    2432|     59.38%
                                        |        |        |
\u_dut/LZCAndShifter/n21                |       1|    2336|     57.03%
                                        |        |        |
n1946                                   |       1|    2224|     54.30%
                                        |        |        |
n1950                                   |       1|    2224|     54.30%
                                        |        |        |
n1948                                   |       1|    2144|     52.34%
                                        |        |        |
n1945                                   |       1|    1888|     46.09%
                                        |        |        |
n1951                                   |       1|    1872|     45.70%
                                        |        |        |
n1944                                   |       1|    1424|     34.77%
                                        |        |        |
\u_dut/LZCAndShifter/level4[16]         |       2|    1028|     25.10%
                                        |        |        |
\u_dut/LZCAndShifter/level4[19]         |       2|    1026|     25.05%
                                        |        |        |
\u_dut/LZCAndShifter/level4[20]         |       2|    1021|     24.93%
                                        |        |        |
\u_dut/LZCAndShifter/level4[21]         |       2|    1021|     24.93%
                                        |        |        |
\u_dut/LZCAndShifter/n2740              |       1|    1021|     24.93%
                                        |        |        |
\u_dut/LZCAndShifter/level3[18]         |       2|     948|     23.14%
                                        |        |        |
\u_dut/LZCAndShifter/level3[19]         |       2|     948|     23.14%
                                        |        |        |
\u_dut/LZCAndShifter/level3[20]         |       2|     948|     23.14%
                                        |        |        |
\u_dut/LZCAndShifter/level3[21]         |       2|     948|     23.14%
                                        |        |        |
\u_dut/LZCAndShifter/n18                |       1|     928|     22.66%
                                        |        |        |
\u_dut/LZCAndShifter/n20                |       1|     832|     20.31%
                                        |        |        |
n1943                                   |       1|     784|     19.14%
                                        |        |        |
fracAddResult[20]                       |       2|     672|     16.41%
                                        |        |        |
n1952                                   |       1|     672|     16.41%
                                        |        |        |
fracAddResult[18]                       |       2|     624|     15.23%
                                        |        |        |
fracAddResult[19]                       |       2|     624|     15.23%
                                        |        |        |
\u_dut/LZCAndShifter/n2738              |       1|     544|     13.28%
                                        |        |        |
fracAddResult[16]                       |       2|     544|     13.28%
                                        |        |        |
fracAddResult[14]                       |       3|     496|     12.11%
                                        |        |        |
--------------------------------------------------------------------------------


Timing summary:
---------------

Timing errors: 4096  Score: 17700752

Constraints cover  192716 paths, 664 nets, and 1755 connections (95.4% coverage)


Peak memory: 271974400 bytes, TRCE: 6234112 bytes, DLYMAN: 0 bytes
CPU_TIME_REPORT: 0 secs 
