Copyright 1986-2022 Xilinx, Inc. All Rights Reserved. Copyright 2022-2026 Advanced Micro Devices, Inc. All Rights Reserved.
---------------------------------------------------------------------------------------------------------------------------------------------------------------------------------------------
| Tool Version : Vivado v.2025.2.1 (lin64) Build 6403652 Thu Mar 19 13:47:00 MDT 2026
| Date         : Sun May 24 15:26:10 2026
| Host         : deep-thought running 64-bit Manjaro Linux
| Command      : report_timing_summary -file /mnt/storage/test/zkf-vs-flopoco/artifacts/targets/spartan7-vivado/rows/tommath_div_e8_m35_large_p3/timing_summary.rpt -max_paths 10 -nworst 10
| Design       : top_tommath_div_e8_m35_large_p3
| Device       : 7s50-csga324
| Speed File   : -1  PRODUCTION 1.23 2018-06-13
| Design State : Routed
---------------------------------------------------------------------------------------------------------------------------------------------------------------------------------------------

Timing Summary Report

------------------------------------------------------------------------------------------------
| Timer Settings
| --------------
------------------------------------------------------------------------------------------------

  Enable Multi Corner Analysis               :  Yes
  Enable Pessimism Removal                   :  Yes
  Pessimism Removal Resolution               :  Nearest Common Node
  Enable Input Delay Default Clock           :  No
  Enable Preset / Clear Arcs                 :  No
  Disable Flight Delays                      :  No
  Ignore I/O Paths                           :  No
  Timing Early Launch at Borrowing Latches   :  No
  Borrow Time for Max Delay Exceptions       :  Yes
  Merge Timing Exceptions                    :  Yes
  Inter-SLR Compensation                     :  Conservative

  Corner  Analyze    Analyze    
  Name    Max Paths  Min Paths  
  ------  ---------  ---------  
  Slow    Yes        Yes        
  Fast    Yes        Yes        


------------------------------------------------------------------------------------------------
| Report Methodology
| ------------------
------------------------------------------------------------------------------------------------

No report available as report_methodology has not been run prior. Run report_methodology on the current design for the summary of methodology violations.



check_timing report

Table of Contents
-----------------
1. checking no_clock (0)
2. checking constant_clock (0)
3. checking pulse_width_clock (0)
4. checking unconstrained_internal_endpoints (0)
5. checking no_input_delay (90)
6. checking no_output_delay (45)
7. checking multiple_clock (0)
8. checking generated_clocks (0)
9. checking loops (0)
10. checking partial_input_delay (0)
11. checking partial_output_delay (0)
12. checking latch_loops (0)

1. checking no_clock (0)
------------------------
 There are 0 register/latch pins with no clock.


2. checking constant_clock (0)
------------------------------
 There are 0 register/latch pins with constant_clock.


3. checking pulse_width_clock (0)
---------------------------------
 There are 0 register/latch pins which need pulse_width check


4. checking unconstrained_internal_endpoints (0)
------------------------------------------------
 There are 0 pins that are not constrained for maximum delay.

 There are 0 pins that are not constrained for maximum delay due to constant clock.


5. checking no_input_delay (90)
-------------------------------
 There are 90 input ports with no input delay specified. (HIGH)

 There are 0 input ports with no input delay but user has a false path constraint.


6. checking no_output_delay (45)
--------------------------------
 There are 45 ports with no output delay specified. (HIGH)

 There are 0 ports with no output delay but user has a false path constraint

 There are 0 ports with no output delay but with a timing clock defined on it or propagating through it


7. checking multiple_clock (0)
------------------------------
 There are 0 register/latch pins with multiple clocks.


8. checking generated_clocks (0)
--------------------------------
 There are 0 generated clocks that are not connected to a clock source.


9. checking loops (0)
---------------------
 There are 0 combinational loops in the design.


10. checking partial_input_delay (0)
------------------------------------
 There are 0 input ports with partial input delay specified.


11. checking partial_output_delay (0)
-------------------------------------
 There are 0 ports with partial output delay specified.


12. checking latch_loops (0)
----------------------------
 There are 0 combinational latch loops in the design through latch input



------------------------------------------------------------------------------------------------
| Design Timing Summary
| ---------------------
------------------------------------------------------------------------------------------------

    WNS(ns)      TNS(ns)  TNS Failing Endpoints  TNS Total Endpoints      WHS(ns)      THS(ns)  THS Failing Endpoints  THS Total Endpoints     WPWS(ns)     TPWS(ns)  TPWS Failing Endpoints  TPWS Total Endpoints  
    -------      -------  ---------------------  -------------------      -------      -------  ---------------------  -------------------     --------     --------  ----------------------  --------------------  
      0.164        0.000                      0                  922        0.132        0.000                      0                  922        2.783        0.000                       0                   381  


All user specified timing constraints are met.


------------------------------------------------------------------------------------------------
| Clock Summary
| -------------
------------------------------------------------------------------------------------------------

Clock  Waveform(ns)         Period(ns)      Frequency(MHz)
-----  ------------         ----------      --------------
clk    {0.000 3.333}        6.667           149.993         


------------------------------------------------------------------------------------------------
| Intra Clock Table
| -----------------
------------------------------------------------------------------------------------------------

Clock             WNS(ns)      TNS(ns)  TNS Failing Endpoints  TNS Total Endpoints      WHS(ns)      THS(ns)  THS Failing Endpoints  THS Total Endpoints     WPWS(ns)     TPWS(ns)  TPWS Failing Endpoints  TPWS Total Endpoints  
-----             -------      -------  ---------------------  -------------------      -------      -------  ---------------------  -------------------     --------     --------  ----------------------  --------------------  
clk                 0.164        0.000                      0                  922        0.132        0.000                      0                  922        2.783        0.000                       0                   381  


------------------------------------------------------------------------------------------------
| Inter Clock Table
| -----------------
------------------------------------------------------------------------------------------------

From Clock    To Clock          WNS(ns)      TNS(ns)  TNS Failing Endpoints  TNS Total Endpoints      WHS(ns)      THS(ns)  THS Failing Endpoints  THS Total Endpoints  
----------    --------          -------      -------  ---------------------  -------------------      -------      -------  ---------------------  -------------------  


------------------------------------------------------------------------------------------------
| Other Path Groups Table
| -----------------------
------------------------------------------------------------------------------------------------

Path Group    From Clock    To Clock          WNS(ns)      TNS(ns)  TNS Failing Endpoints  TNS Total Endpoints      WHS(ns)      THS(ns)  THS Failing Endpoints  THS Total Endpoints  
----------    ----------    --------          -------      -------  ---------------------  -------------------      -------      -------  ---------------------  -------------------  


------------------------------------------------------------------------------------------------
| Timing Details
| --------------
------------------------------------------------------------------------------------------------


---------------------------------------------------------------------------------------------------
From Clock:  clk
  To Clock:  clk

Setup :            0  Failing Endpoints,  Worst Slack        0.164ns,  Total Violation        0.000ns
Hold  :            0  Failing Endpoints,  Worst Slack        0.132ns,  Total Violation        0.000ns
PW    :            0  Failing Endpoints,  Worst Slack        2.783ns,  Total Violation        0.000ns
---------------------------------------------------------------------------------------------------


Max Delay Paths
--------------------------------------------------------------------------------------
Slack (MET) :             0.164ns  (required time - arrival time)
  Source:                 u_dut/mant_a_p2_reg[32]/C
                            (rising edge-triggered cell FDRE clocked by clk  {rise@0.000ns fall@3.333ns period=6.667ns})
  Destination:            u_dut/x_mul_yhyl_p3_reg/PCIN[0]
                            (rising edge-triggered cell DSP48E1 clocked by clk  {rise@0.000ns fall@3.333ns period=6.667ns})
  Path Group:             clk
  Path Type:              Setup (Max at Slow Process Corner)
  Requirement:            6.667ns  (clk rise@6.667ns - clk rise@0.000ns)
  Data Path Delay:        5.019ns  (logic 4.492ns (89.497%)  route 0.527ns (10.503%))
  Logic Levels:           1  (DSP48E1=1)
  Clock Path Skew:        -0.049ns (DCD - SCD + CPR)
    Destination Clock Delay (DCD):    0.924ns = ( 7.591 - 6.667 ) 
    Source Clock Delay      (SCD):    0.973ns
    Clock Pessimism Removal (CPR):    0.000ns
  Clock Uncertainty:      0.035ns  ((TSJ^2 + TIJ^2)^1/2 + DJ) / 2 + PE
    Total System Jitter     (TSJ):    0.071ns
    Total Input Jitter      (TIJ):    0.000ns
    Discrete Jitter          (DJ):    0.000ns
    Phase Error              (PE):    0.000ns

    Location             Delay type                Incr(ns)  Path(ns)    Netlist Resource(s)
  -------------------------------------------------------------------    -------------------
                         (clock clk rise edge)        0.000     0.000 r  
                                                      0.000     0.000 r  clk (IN)
                         net (fo=380, unset)          0.973     0.973    u_dut/clk
    SLICE_X57Y58         FDRE                                         r  u_dut/mant_a_p2_reg[32]/C
  -------------------------------------------------------------------    -------------------
    SLICE_X57Y58         FDRE (Prop_fdre_C_Q)         0.456     1.429 r  u_dut/mant_a_p2_reg[32]/Q
                         net (fo=1, routed)           0.525     1.954    u_dut/mant_a_full_p2[32]
    DSP48_X1Y22          DSP48E1 (Prop_dsp48e1_A[15]_PCOUT[0])
                                                      4.036     5.990 r  u_dut/x_mul_yhyl_full_p2/PCOUT[0]
                         net (fo=1, routed)           0.002     5.992    u_dut/x_mul_yhyl_full_p2_n_153
    DSP48_X1Y23          DSP48E1                                      r  u_dut/x_mul_yhyl_p3_reg/PCIN[0]
  -------------------------------------------------------------------    -------------------

                         (clock clk rise edge)        6.667     6.667 r  
                                                      0.000     6.667 r  clk (IN)
                         net (fo=380, unset)          0.924     7.591    u_dut/clk
    DSP48_X1Y23          DSP48E1                                      r  u_dut/x_mul_yhyl_p3_reg/CLK
                         clock pessimism              0.000     7.591    
                         clock uncertainty           -0.035     7.556    
    DSP48_X1Y23          DSP48E1 (Setup_dsp48e1_CLK_PCIN[0])
                                                     -1.400     6.156    u_dut/x_mul_yhyl_p3_reg
  -------------------------------------------------------------------
                         required time                          6.156    
                         arrival time                          -5.992    
  -------------------------------------------------------------------
                         slack                                  0.164    

Slack (MET) :             0.164ns  (required time - arrival time)
  Source:                 u_dut/mant_a_p2_reg[32]/C
                            (rising edge-triggered cell FDRE clocked by clk  {rise@0.000ns fall@3.333ns period=6.667ns})
  Destination:            u_dut/x_mul_yhyl_p3_reg/PCIN[0]
                            (rising edge-triggered cell DSP48E1 clocked by clk  {rise@0.000ns fall@3.333ns period=6.667ns})
  Path Group:             clk
  Path Type:              Setup (Max at Slow Process Corner)
  Requirement:            6.667ns  (clk rise@6.667ns - clk rise@0.000ns)
  Data Path Delay:        5.019ns  (logic 4.492ns (89.497%)  route 0.527ns (10.503%))
  Logic Levels:           1  (DSP48E1=1)
  Clock Path Skew:        -0.049ns (DCD - SCD + CPR)
    Destination Clock Delay (DCD):    0.924ns = ( 7.591 - 6.667 ) 
    Source Clock Delay      (SCD):    0.973ns
    Clock Pessimism Removal (CPR):    0.000ns
  Clock Uncertainty:      0.035ns  ((TSJ^2 + TIJ^2)^1/2 + DJ) / 2 + PE
    Total System Jitter     (TSJ):    0.071ns
    Total Input Jitter      (TIJ):    0.000ns
    Discrete Jitter          (DJ):    0.000ns
    Phase Error              (PE):    0.000ns

    Location             Delay type                Incr(ns)  Path(ns)    Netlist Resource(s)
  -------------------------------------------------------------------    -------------------
                         (clock clk rise edge)        0.000     0.000 r  
                                                      0.000     0.000 r  clk (IN)
                         net (fo=380, unset)          0.973     0.973    u_dut/clk
    SLICE_X57Y58         FDRE                                         r  u_dut/mant_a_p2_reg[32]/C
  -------------------------------------------------------------------    -------------------
    SLICE_X57Y58         FDRE (Prop_fdre_C_Q)         0.456     1.429 f  u_dut/mant_a_p2_reg[32]/Q
                         net (fo=1, routed)           0.525     1.954    u_dut/mant_a_full_p2[32]
    DSP48_X1Y22          DSP48E1 (Prop_dsp48e1_A[15]_PCOUT[0])
                                                      4.036     5.990 r  u_dut/x_mul_yhyl_full_p2/PCOUT[0]
                         net (fo=1, routed)           0.002     5.992    u_dut/x_mul_yhyl_full_p2_n_153
    DSP48_X1Y23          DSP48E1                                      r  u_dut/x_mul_yhyl_p3_reg/PCIN[0]
  -------------------------------------------------------------------    -------------------

                         (clock clk rise edge)        6.667     6.667 r  
                                                      0.000     6.667 r  clk (IN)
                         net (fo=380, unset)          0.924     7.591    u_dut/clk
    DSP48_X1Y23          DSP48E1                                      r  u_dut/x_mul_yhyl_p3_reg/CLK
                         clock pessimism              0.000     7.591    
                         clock uncertainty           -0.035     7.556    
    DSP48_X1Y23          DSP48E1 (Setup_dsp48e1_CLK_PCIN[0])
                                                     -1.400     6.156    u_dut/x_mul_yhyl_p3_reg
  -------------------------------------------------------------------
                         required time                          6.156    
                         arrival time                          -5.992    
  -------------------------------------------------------------------
                         slack                                  0.164    

Slack (MET) :             0.164ns  (required time - arrival time)
  Source:                 u_dut/mant_a_p2_reg[32]/C
                            (rising edge-triggered cell FDRE clocked by clk  {rise@0.000ns fall@3.333ns period=6.667ns})
  Destination:            u_dut/x_mul_yhyl_p3_reg/PCIN[0]
                            (rising edge-triggered cell DSP48E1 clocked by clk  {rise@0.000ns fall@3.333ns period=6.667ns})
  Path Group:             clk
  Path Type:              Setup (Max at Slow Process Corner)
  Requirement:            6.667ns  (clk rise@6.667ns - clk rise@0.000ns)
  Data Path Delay:        5.019ns  (logic 4.492ns (89.497%)  route 0.527ns (10.503%))
  Logic Levels:           1  (DSP48E1=1)
  Clock Path Skew:        -0.049ns (DCD - SCD + CPR)
    Destination Clock Delay (DCD):    0.924ns = ( 7.591 - 6.667 ) 
    Source Clock Delay      (SCD):    0.973ns
    Clock Pessimism Removal (CPR):    0.000ns
  Clock Uncertainty:      0.035ns  ((TSJ^2 + TIJ^2)^1/2 + DJ) / 2 + PE
    Total System Jitter     (TSJ):    0.071ns
    Total Input Jitter      (TIJ):    0.000ns
    Discrete Jitter          (DJ):    0.000ns
    Phase Error              (PE):    0.000ns

    Location             Delay type                Incr(ns)  Path(ns)    Netlist Resource(s)
  -------------------------------------------------------------------    -------------------
                         (clock clk rise edge)        0.000     0.000 r  
                                                      0.000     0.000 r  clk (IN)
                         net (fo=380, unset)          0.973     0.973    u_dut/clk
    SLICE_X57Y58         FDRE                                         r  u_dut/mant_a_p2_reg[32]/C
  -------------------------------------------------------------------    -------------------
    SLICE_X57Y58         FDRE (Prop_fdre_C_Q)         0.456     1.429 r  u_dut/mant_a_p2_reg[32]/Q
                         net (fo=1, routed)           0.525     1.954    u_dut/mant_a_full_p2[32]
    DSP48_X1Y22          DSP48E1 (Prop_dsp48e1_A[15]_PCOUT[0])
                                                      4.036     5.990 f  u_dut/x_mul_yhyl_full_p2/PCOUT[0]
                         net (fo=1, routed)           0.002     5.992    u_dut/x_mul_yhyl_full_p2_n_153
    DSP48_X1Y23          DSP48E1                                      f  u_dut/x_mul_yhyl_p3_reg/PCIN[0]
  -------------------------------------------------------------------    -------------------

                         (clock clk rise edge)        6.667     6.667 r  
                                                      0.000     6.667 r  clk (IN)
                         net (fo=380, unset)          0.924     7.591    u_dut/clk
    DSP48_X1Y23          DSP48E1                                      r  u_dut/x_mul_yhyl_p3_reg/CLK
                         clock pessimism              0.000     7.591    
                         clock uncertainty           -0.035     7.556    
    DSP48_X1Y23          DSP48E1 (Setup_dsp48e1_CLK_PCIN[0])
                                                     -1.400     6.156    u_dut/x_mul_yhyl_p3_reg
  -------------------------------------------------------------------
                         required time                          6.156    
                         arrival time                          -5.992    
  -------------------------------------------------------------------
                         slack                                  0.164    

Slack (MET) :             0.164ns  (required time - arrival time)
  Source:                 u_dut/mant_a_p2_reg[32]/C
                            (rising edge-triggered cell FDRE clocked by clk  {rise@0.000ns fall@3.333ns period=6.667ns})
  Destination:            u_dut/x_mul_yhyl_p3_reg/PCIN[0]
                            (rising edge-triggered cell DSP48E1 clocked by clk  {rise@0.000ns fall@3.333ns period=6.667ns})
  Path Group:             clk
  Path Type:              Setup (Max at Slow Process Corner)
  Requirement:            6.667ns  (clk rise@6.667ns - clk rise@0.000ns)
  Data Path Delay:        5.019ns  (logic 4.492ns (89.497%)  route 0.527ns (10.503%))
  Logic Levels:           1  (DSP48E1=1)
  Clock Path Skew:        -0.049ns (DCD - SCD + CPR)
    Destination Clock Delay (DCD):    0.924ns = ( 7.591 - 6.667 ) 
    Source Clock Delay      (SCD):    0.973ns
    Clock Pessimism Removal (CPR):    0.000ns
  Clock Uncertainty:      0.035ns  ((TSJ^2 + TIJ^2)^1/2 + DJ) / 2 + PE
    Total System Jitter     (TSJ):    0.071ns
    Total Input Jitter      (TIJ):    0.000ns
    Discrete Jitter          (DJ):    0.000ns
    Phase Error              (PE):    0.000ns

    Location             Delay type                Incr(ns)  Path(ns)    Netlist Resource(s)
  -------------------------------------------------------------------    -------------------
                         (clock clk rise edge)        0.000     0.000 r  
                                                      0.000     0.000 r  clk (IN)
                         net (fo=380, unset)          0.973     0.973    u_dut/clk
    SLICE_X57Y58         FDRE                                         r  u_dut/mant_a_p2_reg[32]/C
  -------------------------------------------------------------------    -------------------
    SLICE_X57Y58         FDRE (Prop_fdre_C_Q)         0.456     1.429 f  u_dut/mant_a_p2_reg[32]/Q
                         net (fo=1, routed)           0.525     1.954    u_dut/mant_a_full_p2[32]
    DSP48_X1Y22          DSP48E1 (Prop_dsp48e1_A[15]_PCOUT[0])
                                                      4.036     5.990 f  u_dut/x_mul_yhyl_full_p2/PCOUT[0]
                         net (fo=1, routed)           0.002     5.992    u_dut/x_mul_yhyl_full_p2_n_153
    DSP48_X1Y23          DSP48E1                                      f  u_dut/x_mul_yhyl_p3_reg/PCIN[0]
  -------------------------------------------------------------------    -------------------

                         (clock clk rise edge)        6.667     6.667 r  
                                                      0.000     6.667 r  clk (IN)
                         net (fo=380, unset)          0.924     7.591    u_dut/clk
    DSP48_X1Y23          DSP48E1                                      r  u_dut/x_mul_yhyl_p3_reg/CLK
                         clock pessimism              0.000     7.591    
                         clock uncertainty           -0.035     7.556    
    DSP48_X1Y23          DSP48E1 (Setup_dsp48e1_CLK_PCIN[0])
                                                     -1.400     6.156    u_dut/x_mul_yhyl_p3_reg
  -------------------------------------------------------------------
                         required time                          6.156    
                         arrival time                          -5.992    
  -------------------------------------------------------------------
                         slack                                  0.164    

Slack (MET) :             0.164ns  (required time - arrival time)
  Source:                 u_dut/mant_a_p2_reg[32]/C
                            (rising edge-triggered cell FDRE clocked by clk  {rise@0.000ns fall@3.333ns period=6.667ns})
  Destination:            u_dut/x_mul_yhyl_p3_reg/PCIN[10]
                            (rising edge-triggered cell DSP48E1 clocked by clk  {rise@0.000ns fall@3.333ns period=6.667ns})
  Path Group:             clk
  Path Type:              Setup (Max at Slow Process Corner)
  Requirement:            6.667ns  (clk rise@6.667ns - clk rise@0.000ns)
  Data Path Delay:        5.019ns  (logic 4.492ns (89.497%)  route 0.527ns (10.503%))
  Logic Levels:           1  (DSP48E1=1)
  Clock Path Skew:        -0.049ns (DCD - SCD + CPR)
    Destination Clock Delay (DCD):    0.924ns = ( 7.591 - 6.667 ) 
    Source Clock Delay      (SCD):    0.973ns
    Clock Pessimism Removal (CPR):    0.000ns
  Clock Uncertainty:      0.035ns  ((TSJ^2 + TIJ^2)^1/2 + DJ) / 2 + PE
    Total System Jitter     (TSJ):    0.071ns
    Total Input Jitter      (TIJ):    0.000ns
    Discrete Jitter          (DJ):    0.000ns
    Phase Error              (PE):    0.000ns

    Location             Delay type                Incr(ns)  Path(ns)    Netlist Resource(s)
  -------------------------------------------------------------------    -------------------
                         (clock clk rise edge)        0.000     0.000 r  
                                                      0.000     0.000 r  clk (IN)
                         net (fo=380, unset)          0.973     0.973    u_dut/clk
    SLICE_X57Y58         FDRE                                         r  u_dut/mant_a_p2_reg[32]/C
  -------------------------------------------------------------------    -------------------
    SLICE_X57Y58         FDRE (Prop_fdre_C_Q)         0.456     1.429 r  u_dut/mant_a_p2_reg[32]/Q
                         net (fo=1, routed)           0.525     1.954    u_dut/mant_a_full_p2[32]
    DSP48_X1Y22          DSP48E1 (Prop_dsp48e1_A[15]_PCOUT[10])
                                                      4.036     5.990 r  u_dut/x_mul_yhyl_full_p2/PCOUT[10]
                         net (fo=1, routed)           0.002     5.992    u_dut/x_mul_yhyl_full_p2_n_143
    DSP48_X1Y23          DSP48E1                                      r  u_dut/x_mul_yhyl_p3_reg/PCIN[10]
  -------------------------------------------------------------------    -------------------

                         (clock clk rise edge)        6.667     6.667 r  
                                                      0.000     6.667 r  clk (IN)
                         net (fo=380, unset)          0.924     7.591    u_dut/clk
    DSP48_X1Y23          DSP48E1                                      r  u_dut/x_mul_yhyl_p3_reg/CLK
                         clock pessimism              0.000     7.591    
                         clock uncertainty           -0.035     7.556    
    DSP48_X1Y23          DSP48E1 (Setup_dsp48e1_CLK_PCIN[10])
                                                     -1.400     6.156    u_dut/x_mul_yhyl_p3_reg
  -------------------------------------------------------------------
                         required time                          6.156    
                         arrival time                          -5.992    
  -------------------------------------------------------------------
                         slack                                  0.164    

Slack (MET) :             0.164ns  (required time - arrival time)
  Source:                 u_dut/mant_a_p2_reg[32]/C
                            (rising edge-triggered cell FDRE clocked by clk  {rise@0.000ns fall@3.333ns period=6.667ns})
  Destination:            u_dut/x_mul_yhyl_p3_reg/PCIN[10]
                            (rising edge-triggered cell DSP48E1 clocked by clk  {rise@0.000ns fall@3.333ns period=6.667ns})
  Path Group:             clk
  Path Type:              Setup (Max at Slow Process Corner)
  Requirement:            6.667ns  (clk rise@6.667ns - clk rise@0.000ns)
  Data Path Delay:        5.019ns  (logic 4.492ns (89.497%)  route 0.527ns (10.503%))
  Logic Levels:           1  (DSP48E1=1)
  Clock Path Skew:        -0.049ns (DCD - SCD + CPR)
    Destination Clock Delay (DCD):    0.924ns = ( 7.591 - 6.667 ) 
    Source Clock Delay      (SCD):    0.973ns
    Clock Pessimism Removal (CPR):    0.000ns
  Clock Uncertainty:      0.035ns  ((TSJ^2 + TIJ^2)^1/2 + DJ) / 2 + PE
    Total System Jitter     (TSJ):    0.071ns
    Total Input Jitter      (TIJ):    0.000ns
    Discrete Jitter          (DJ):    0.000ns
    Phase Error              (PE):    0.000ns

    Location             Delay type                Incr(ns)  Path(ns)    Netlist Resource(s)
  -------------------------------------------------------------------    -------------------
                         (clock clk rise edge)        0.000     0.000 r  
                                                      0.000     0.000 r  clk (IN)
                         net (fo=380, unset)          0.973     0.973    u_dut/clk
    SLICE_X57Y58         FDRE                                         r  u_dut/mant_a_p2_reg[32]/C
  -------------------------------------------------------------------    -------------------
    SLICE_X57Y58         FDRE (Prop_fdre_C_Q)         0.456     1.429 f  u_dut/mant_a_p2_reg[32]/Q
                         net (fo=1, routed)           0.525     1.954    u_dut/mant_a_full_p2[32]
    DSP48_X1Y22          DSP48E1 (Prop_dsp48e1_A[15]_PCOUT[10])
                                                      4.036     5.990 r  u_dut/x_mul_yhyl_full_p2/PCOUT[10]
                         net (fo=1, routed)           0.002     5.992    u_dut/x_mul_yhyl_full_p2_n_143
    DSP48_X1Y23          DSP48E1                                      r  u_dut/x_mul_yhyl_p3_reg/PCIN[10]
  -------------------------------------------------------------------    -------------------

                         (clock clk rise edge)        6.667     6.667 r  
                                                      0.000     6.667 r  clk (IN)
                         net (fo=380, unset)          0.924     7.591    u_dut/clk
    DSP48_X1Y23          DSP48E1                                      r  u_dut/x_mul_yhyl_p3_reg/CLK
                         clock pessimism              0.000     7.591    
                         clock uncertainty           -0.035     7.556    
    DSP48_X1Y23          DSP48E1 (Setup_dsp48e1_CLK_PCIN[10])
                                                     -1.400     6.156    u_dut/x_mul_yhyl_p3_reg
  -------------------------------------------------------------------
                         required time                          6.156    
                         arrival time                          -5.992    
  -------------------------------------------------------------------
                         slack                                  0.164    

Slack (MET) :             0.164ns  (required time - arrival time)
  Source:                 u_dut/mant_a_p2_reg[32]/C
                            (rising edge-triggered cell FDRE clocked by clk  {rise@0.000ns fall@3.333ns period=6.667ns})
  Destination:            u_dut/x_mul_yhyl_p3_reg/PCIN[10]
                            (rising edge-triggered cell DSP48E1 clocked by clk  {rise@0.000ns fall@3.333ns period=6.667ns})
  Path Group:             clk
  Path Type:              Setup (Max at Slow Process Corner)
  Requirement:            6.667ns  (clk rise@6.667ns - clk rise@0.000ns)
  Data Path Delay:        5.019ns  (logic 4.492ns (89.497%)  route 0.527ns (10.503%))
  Logic Levels:           1  (DSP48E1=1)
  Clock Path Skew:        -0.049ns (DCD - SCD + CPR)
    Destination Clock Delay (DCD):    0.924ns = ( 7.591 - 6.667 ) 
    Source Clock Delay      (SCD):    0.973ns
    Clock Pessimism Removal (CPR):    0.000ns
  Clock Uncertainty:      0.035ns  ((TSJ^2 + TIJ^2)^1/2 + DJ) / 2 + PE
    Total System Jitter     (TSJ):    0.071ns
    Total Input Jitter      (TIJ):    0.000ns
    Discrete Jitter          (DJ):    0.000ns
    Phase Error              (PE):    0.000ns

    Location             Delay type                Incr(ns)  Path(ns)    Netlist Resource(s)
  -------------------------------------------------------------------    -------------------
                         (clock clk rise edge)        0.000     0.000 r  
                                                      0.000     0.000 r  clk (IN)
                         net (fo=380, unset)          0.973     0.973    u_dut/clk
    SLICE_X57Y58         FDRE                                         r  u_dut/mant_a_p2_reg[32]/C
  -------------------------------------------------------------------    -------------------
    SLICE_X57Y58         FDRE (Prop_fdre_C_Q)         0.456     1.429 r  u_dut/mant_a_p2_reg[32]/Q
                         net (fo=1, routed)           0.525     1.954    u_dut/mant_a_full_p2[32]
    DSP48_X1Y22          DSP48E1 (Prop_dsp48e1_A[15]_PCOUT[10])
                                                      4.036     5.990 f  u_dut/x_mul_yhyl_full_p2/PCOUT[10]
                         net (fo=1, routed)           0.002     5.992    u_dut/x_mul_yhyl_full_p2_n_143
    DSP48_X1Y23          DSP48E1                                      f  u_dut/x_mul_yhyl_p3_reg/PCIN[10]
  -------------------------------------------------------------------    -------------------

                         (clock clk rise edge)        6.667     6.667 r  
                                                      0.000     6.667 r  clk (IN)
                         net (fo=380, unset)          0.924     7.591    u_dut/clk
    DSP48_X1Y23          DSP48E1                                      r  u_dut/x_mul_yhyl_p3_reg/CLK
                         clock pessimism              0.000     7.591    
                         clock uncertainty           -0.035     7.556    
    DSP48_X1Y23          DSP48E1 (Setup_dsp48e1_CLK_PCIN[10])
                                                     -1.400     6.156    u_dut/x_mul_yhyl_p3_reg
  -------------------------------------------------------------------
                         required time                          6.156    
                         arrival time                          -5.992    
  -------------------------------------------------------------------
                         slack                                  0.164    

Slack (MET) :             0.164ns  (required time - arrival time)
  Source:                 u_dut/mant_a_p2_reg[32]/C
                            (rising edge-triggered cell FDRE clocked by clk  {rise@0.000ns fall@3.333ns period=6.667ns})
  Destination:            u_dut/x_mul_yhyl_p3_reg/PCIN[10]
                            (rising edge-triggered cell DSP48E1 clocked by clk  {rise@0.000ns fall@3.333ns period=6.667ns})
  Path Group:             clk
  Path Type:              Setup (Max at Slow Process Corner)
  Requirement:            6.667ns  (clk rise@6.667ns - clk rise@0.000ns)
  Data Path Delay:        5.019ns  (logic 4.492ns (89.497%)  route 0.527ns (10.503%))
  Logic Levels:           1  (DSP48E1=1)
  Clock Path Skew:        -0.049ns (DCD - SCD + CPR)
    Destination Clock Delay (DCD):    0.924ns = ( 7.591 - 6.667 ) 
    Source Clock Delay      (SCD):    0.973ns
    Clock Pessimism Removal (CPR):    0.000ns
  Clock Uncertainty:      0.035ns  ((TSJ^2 + TIJ^2)^1/2 + DJ) / 2 + PE
    Total System Jitter     (TSJ):    0.071ns
    Total Input Jitter      (TIJ):    0.000ns
    Discrete Jitter          (DJ):    0.000ns
    Phase Error              (PE):    0.000ns

    Location             Delay type                Incr(ns)  Path(ns)    Netlist Resource(s)
  -------------------------------------------------------------------    -------------------
                         (clock clk rise edge)        0.000     0.000 r  
                                                      0.000     0.000 r  clk (IN)
                         net (fo=380, unset)          0.973     0.973    u_dut/clk
    SLICE_X57Y58         FDRE                                         r  u_dut/mant_a_p2_reg[32]/C
  -------------------------------------------------------------------    -------------------
    SLICE_X57Y58         FDRE (Prop_fdre_C_Q)         0.456     1.429 f  u_dut/mant_a_p2_reg[32]/Q
                         net (fo=1, routed)           0.525     1.954    u_dut/mant_a_full_p2[32]
    DSP48_X1Y22          DSP48E1 (Prop_dsp48e1_A[15]_PCOUT[10])
                                                      4.036     5.990 f  u_dut/x_mul_yhyl_full_p2/PCOUT[10]
                         net (fo=1, routed)           0.002     5.992    u_dut/x_mul_yhyl_full_p2_n_143
    DSP48_X1Y23          DSP48E1                                      f  u_dut/x_mul_yhyl_p3_reg/PCIN[10]
  -------------------------------------------------------------------    -------------------

                         (clock clk rise edge)        6.667     6.667 r  
                                                      0.000     6.667 r  clk (IN)
                         net (fo=380, unset)          0.924     7.591    u_dut/clk
    DSP48_X1Y23          DSP48E1                                      r  u_dut/x_mul_yhyl_p3_reg/CLK
                         clock pessimism              0.000     7.591    
                         clock uncertainty           -0.035     7.556    
    DSP48_X1Y23          DSP48E1 (Setup_dsp48e1_CLK_PCIN[10])
                                                     -1.400     6.156    u_dut/x_mul_yhyl_p3_reg
  -------------------------------------------------------------------
                         required time                          6.156    
                         arrival time                          -5.992    
  -------------------------------------------------------------------
                         slack                                  0.164    

Slack (MET) :             0.164ns  (required time - arrival time)
  Source:                 u_dut/mant_a_p2_reg[32]/C
                            (rising edge-triggered cell FDRE clocked by clk  {rise@0.000ns fall@3.333ns period=6.667ns})
  Destination:            u_dut/x_mul_yhyl_p3_reg/PCIN[11]
                            (rising edge-triggered cell DSP48E1 clocked by clk  {rise@0.000ns fall@3.333ns period=6.667ns})
  Path Group:             clk
  Path Type:              Setup (Max at Slow Process Corner)
  Requirement:            6.667ns  (clk rise@6.667ns - clk rise@0.000ns)
  Data Path Delay:        5.019ns  (logic 4.492ns (89.497%)  route 0.527ns (10.503%))
  Logic Levels:           1  (DSP48E1=1)
  Clock Path Skew:        -0.049ns (DCD - SCD + CPR)
    Destination Clock Delay (DCD):    0.924ns = ( 7.591 - 6.667 ) 
    Source Clock Delay      (SCD):    0.973ns
    Clock Pessimism Removal (CPR):    0.000ns
  Clock Uncertainty:      0.035ns  ((TSJ^2 + TIJ^2)^1/2 + DJ) / 2 + PE
    Total System Jitter     (TSJ):    0.071ns
    Total Input Jitter      (TIJ):    0.000ns
    Discrete Jitter          (DJ):    0.000ns
    Phase Error              (PE):    0.000ns

    Location             Delay type                Incr(ns)  Path(ns)    Netlist Resource(s)
  -------------------------------------------------------------------    -------------------
                         (clock clk rise edge)        0.000     0.000 r  
                                                      0.000     0.000 r  clk (IN)
                         net (fo=380, unset)          0.973     0.973    u_dut/clk
    SLICE_X57Y58         FDRE                                         r  u_dut/mant_a_p2_reg[32]/C
  -------------------------------------------------------------------    -------------------
    SLICE_X57Y58         FDRE (Prop_fdre_C_Q)         0.456     1.429 r  u_dut/mant_a_p2_reg[32]/Q
                         net (fo=1, routed)           0.525     1.954    u_dut/mant_a_full_p2[32]
    DSP48_X1Y22          DSP48E1 (Prop_dsp48e1_A[15]_PCOUT[11])
                                                      4.036     5.990 r  u_dut/x_mul_yhyl_full_p2/PCOUT[11]
                         net (fo=1, routed)           0.002     5.992    u_dut/x_mul_yhyl_full_p2_n_142
    DSP48_X1Y23          DSP48E1                                      r  u_dut/x_mul_yhyl_p3_reg/PCIN[11]
  -------------------------------------------------------------------    -------------------

                         (clock clk rise edge)        6.667     6.667 r  
                                                      0.000     6.667 r  clk (IN)
                         net (fo=380, unset)          0.924     7.591    u_dut/clk
    DSP48_X1Y23          DSP48E1                                      r  u_dut/x_mul_yhyl_p3_reg/CLK
                         clock pessimism              0.000     7.591    
                         clock uncertainty           -0.035     7.556    
    DSP48_X1Y23          DSP48E1 (Setup_dsp48e1_CLK_PCIN[11])
                                                     -1.400     6.156    u_dut/x_mul_yhyl_p3_reg
  -------------------------------------------------------------------
                         required time                          6.156    
                         arrival time                          -5.992    
  -------------------------------------------------------------------
                         slack                                  0.164    

Slack (MET) :             0.164ns  (required time - arrival time)
  Source:                 u_dut/mant_a_p2_reg[32]/C
                            (rising edge-triggered cell FDRE clocked by clk  {rise@0.000ns fall@3.333ns period=6.667ns})
  Destination:            u_dut/x_mul_yhyl_p3_reg/PCIN[11]
                            (rising edge-triggered cell DSP48E1 clocked by clk  {rise@0.000ns fall@3.333ns period=6.667ns})
  Path Group:             clk
  Path Type:              Setup (Max at Slow Process Corner)
  Requirement:            6.667ns  (clk rise@6.667ns - clk rise@0.000ns)
  Data Path Delay:        5.019ns  (logic 4.492ns (89.497%)  route 0.527ns (10.503%))
  Logic Levels:           1  (DSP48E1=1)
  Clock Path Skew:        -0.049ns (DCD - SCD + CPR)
    Destination Clock Delay (DCD):    0.924ns = ( 7.591 - 6.667 ) 
    Source Clock Delay      (SCD):    0.973ns
    Clock Pessimism Removal (CPR):    0.000ns
  Clock Uncertainty:      0.035ns  ((TSJ^2 + TIJ^2)^1/2 + DJ) / 2 + PE
    Total System Jitter     (TSJ):    0.071ns
    Total Input Jitter      (TIJ):    0.000ns
    Discrete Jitter          (DJ):    0.000ns
    Phase Error              (PE):    0.000ns

    Location             Delay type                Incr(ns)  Path(ns)    Netlist Resource(s)
  -------------------------------------------------------------------    -------------------
                         (clock clk rise edge)        0.000     0.000 r  
                                                      0.000     0.000 r  clk (IN)
                         net (fo=380, unset)          0.973     0.973    u_dut/clk
    SLICE_X57Y58         FDRE                                         r  u_dut/mant_a_p2_reg[32]/C
  -------------------------------------------------------------------    -------------------
    SLICE_X57Y58         FDRE (Prop_fdre_C_Q)         0.456     1.429 f  u_dut/mant_a_p2_reg[32]/Q
                         net (fo=1, routed)           0.525     1.954    u_dut/mant_a_full_p2[32]
    DSP48_X1Y22          DSP48E1 (Prop_dsp48e1_A[15]_PCOUT[11])
                                                      4.036     5.990 r  u_dut/x_mul_yhyl_full_p2/PCOUT[11]
                         net (fo=1, routed)           0.002     5.992    u_dut/x_mul_yhyl_full_p2_n_142
    DSP48_X1Y23          DSP48E1                                      r  u_dut/x_mul_yhyl_p3_reg/PCIN[11]
  -------------------------------------------------------------------    -------------------

                         (clock clk rise edge)        6.667     6.667 r  
                                                      0.000     6.667 r  clk (IN)
                         net (fo=380, unset)          0.924     7.591    u_dut/clk
    DSP48_X1Y23          DSP48E1                                      r  u_dut/x_mul_yhyl_p3_reg/CLK
                         clock pessimism              0.000     7.591    
                         clock uncertainty           -0.035     7.556    
    DSP48_X1Y23          DSP48E1 (Setup_dsp48e1_CLK_PCIN[11])
                                                     -1.400     6.156    u_dut/x_mul_yhyl_p3_reg
  -------------------------------------------------------------------
                         required time                          6.156    
                         arrival time                          -5.992    
  -------------------------------------------------------------------
                         slack                                  0.164    





Min Delay Paths
--------------------------------------------------------------------------------------
Slack (MET) :             0.132ns  (arrival time - required time)
  Source:                 u_dut/div_adj_p6_reg[11]/C
                            (rising edge-triggered cell FDRE clocked by clk  {rise@0.000ns fall@3.333ns period=6.667ns})
  Destination:            y_r_reg[11]/D
                            (rising edge-triggered cell FDRE clocked by clk  {rise@0.000ns fall@3.333ns period=6.667ns})
  Path Group:             clk
  Path Type:              Hold (Min at Fast Process Corner)
  Requirement:            0.000ns  (clk rise@0.000ns - clk rise@0.000ns)
  Data Path Delay:        0.273ns  (logic 0.186ns (68.106%)  route 0.087ns (31.894%))
  Logic Levels:           1  (LUT5=1)
  Clock Path Skew:        0.022ns (DCD - SCD - CPR)
    Destination Clock Delay (DCD):    0.432ns
    Source Clock Delay      (SCD):    0.410ns
    Clock Pessimism Removal (CPR):    -0.000ns

    Location             Delay type                Incr(ns)  Path(ns)    Netlist Resource(s)
  -------------------------------------------------------------------    -------------------
                         (clock clk rise edge)        0.000     0.000 r  
                                                      0.000     0.000 r  clk (IN)
                         net (fo=380, unset)          0.410     0.410    u_dut/clk
    SLICE_X51Y61         FDRE                                         r  u_dut/div_adj_p6_reg[11]/C
  -------------------------------------------------------------------    -------------------
    SLICE_X51Y61         FDRE (Prop_fdre_C_Q)         0.141     0.551 r  u_dut/div_adj_p6_reg[11]/Q
                         net (fo=1, routed)           0.087     0.638    u_dut/div_adj_p6[11]
    SLICE_X50Y61         LUT5 (Prop_lut5_I3_O)        0.045     0.683 r  u_dut/io_result_mant[11]_INST_0/O
                         net (fo=1, routed)           0.000     0.683    dut_y[11]
    SLICE_X50Y61         FDRE                                         r  y_r_reg[11]/D
  -------------------------------------------------------------------    -------------------

                         (clock clk rise edge)        0.000     0.000 r  
                                                      0.000     0.000 r  clk (IN)
                         net (fo=380, unset)          0.432     0.432    clk
    SLICE_X50Y61         FDRE                                         r  y_r_reg[11]/C
                         clock pessimism              0.000     0.432    
    SLICE_X50Y61         FDRE (Hold_fdre_C_D)         0.120     0.552    y_r_reg[11]
  -------------------------------------------------------------------
                         required time                         -0.552    
                         arrival time                           0.683    
  -------------------------------------------------------------------
                         slack                                  0.132    

Slack (MET) :             0.132ns  (arrival time - required time)
  Source:                 u_dut/div_adj_p6_reg[11]/C
                            (rising edge-triggered cell FDRE clocked by clk  {rise@0.000ns fall@3.333ns period=6.667ns})
  Destination:            y_r_reg[11]/D
                            (rising edge-triggered cell FDRE clocked by clk  {rise@0.000ns fall@3.333ns period=6.667ns})
  Path Group:             clk
  Path Type:              Hold (Min at Fast Process Corner)
  Requirement:            0.000ns  (clk rise@0.000ns - clk rise@0.000ns)
  Data Path Delay:        0.273ns  (logic 0.186ns (68.106%)  route 0.087ns (31.894%))
  Logic Levels:           1  (LUT5=1)
  Clock Path Skew:        0.022ns (DCD - SCD - CPR)
    Destination Clock Delay (DCD):    0.432ns
    Source Clock Delay      (SCD):    0.410ns
    Clock Pessimism Removal (CPR):    -0.000ns

    Location             Delay type                Incr(ns)  Path(ns)    Netlist Resource(s)
  -------------------------------------------------------------------    -------------------
                         (clock clk rise edge)        0.000     0.000 r  
                                                      0.000     0.000 r  clk (IN)
                         net (fo=380, unset)          0.410     0.410    u_dut/clk
    SLICE_X51Y61         FDRE                                         r  u_dut/div_adj_p6_reg[11]/C
  -------------------------------------------------------------------    -------------------
    SLICE_X51Y61         FDRE (Prop_fdre_C_Q)         0.141     0.551 f  u_dut/div_adj_p6_reg[11]/Q
                         net (fo=1, routed)           0.087     0.638    u_dut/div_adj_p6[11]
    SLICE_X50Y61         LUT5 (Prop_lut5_I3_O)        0.045     0.683 f  u_dut/io_result_mant[11]_INST_0/O
                         net (fo=1, routed)           0.000     0.683    dut_y[11]
    SLICE_X50Y61         FDRE                                         f  y_r_reg[11]/D
  -------------------------------------------------------------------    -------------------

                         (clock clk rise edge)        0.000     0.000 r  
                                                      0.000     0.000 r  clk (IN)
                         net (fo=380, unset)          0.432     0.432    clk
    SLICE_X50Y61         FDRE                                         r  y_r_reg[11]/C
                         clock pessimism              0.000     0.432    
    SLICE_X50Y61         FDRE (Hold_fdre_C_D)         0.120     0.552    y_r_reg[11]
  -------------------------------------------------------------------
                         required time                         -0.552    
                         arrival time                           0.683    
  -------------------------------------------------------------------
                         slack                                  0.132    

Slack (MET) :             0.132ns  (arrival time - required time)
  Source:                 u_dut/div_adj_p6_reg[12]/C
                            (rising edge-triggered cell FDRE clocked by clk  {rise@0.000ns fall@3.333ns period=6.667ns})
  Destination:            y_r_reg[12]/D
                            (rising edge-triggered cell FDRE clocked by clk  {rise@0.000ns fall@3.333ns period=6.667ns})
  Path Group:             clk
  Path Type:              Hold (Min at Fast Process Corner)
  Requirement:            0.000ns  (clk rise@0.000ns - clk rise@0.000ns)
  Data Path Delay:        0.273ns  (logic 0.186ns (68.106%)  route 0.087ns (31.894%))
  Logic Levels:           1  (LUT5=1)
  Clock Path Skew:        0.022ns (DCD - SCD - CPR)
    Destination Clock Delay (DCD):    0.432ns
    Source Clock Delay      (SCD):    0.410ns
    Clock Pessimism Removal (CPR):    -0.000ns

    Location             Delay type                Incr(ns)  Path(ns)    Netlist Resource(s)
  -------------------------------------------------------------------    -------------------
                         (clock clk rise edge)        0.000     0.000 r  
                                                      0.000     0.000 r  clk (IN)
                         net (fo=380, unset)          0.410     0.410    u_dut/clk
    SLICE_X51Y60         FDRE                                         r  u_dut/div_adj_p6_reg[12]/C
  -------------------------------------------------------------------    -------------------
    SLICE_X51Y60         FDRE (Prop_fdre_C_Q)         0.141     0.551 r  u_dut/div_adj_p6_reg[12]/Q
                         net (fo=1, routed)           0.087     0.638    u_dut/div_adj_p6[12]
    SLICE_X50Y60         LUT5 (Prop_lut5_I3_O)        0.045     0.683 r  u_dut/io_result_mant[12]_INST_0/O
                         net (fo=1, routed)           0.000     0.683    dut_y[12]
    SLICE_X50Y60         FDRE                                         r  y_r_reg[12]/D
  -------------------------------------------------------------------    -------------------

                         (clock clk rise edge)        0.000     0.000 r  
                                                      0.000     0.000 r  clk (IN)
                         net (fo=380, unset)          0.432     0.432    clk
    SLICE_X50Y60         FDRE                                         r  y_r_reg[12]/C
                         clock pessimism              0.000     0.432    
    SLICE_X50Y60         FDRE (Hold_fdre_C_D)         0.120     0.552    y_r_reg[12]
  -------------------------------------------------------------------
                         required time                         -0.552    
                         arrival time                           0.683    
  -------------------------------------------------------------------
                         slack                                  0.132    

Slack (MET) :             0.132ns  (arrival time - required time)
  Source:                 u_dut/div_adj_p6_reg[12]/C
                            (rising edge-triggered cell FDRE clocked by clk  {rise@0.000ns fall@3.333ns period=6.667ns})
  Destination:            y_r_reg[12]/D
                            (rising edge-triggered cell FDRE clocked by clk  {rise@0.000ns fall@3.333ns period=6.667ns})
  Path Group:             clk
  Path Type:              Hold (Min at Fast Process Corner)
  Requirement:            0.000ns  (clk rise@0.000ns - clk rise@0.000ns)
  Data Path Delay:        0.273ns  (logic 0.186ns (68.106%)  route 0.087ns (31.894%))
  Logic Levels:           1  (LUT5=1)
  Clock Path Skew:        0.022ns (DCD - SCD - CPR)
    Destination Clock Delay (DCD):    0.432ns
    Source Clock Delay      (SCD):    0.410ns
    Clock Pessimism Removal (CPR):    -0.000ns

    Location             Delay type                Incr(ns)  Path(ns)    Netlist Resource(s)
  -------------------------------------------------------------------    -------------------
                         (clock clk rise edge)        0.000     0.000 r  
                                                      0.000     0.000 r  clk (IN)
                         net (fo=380, unset)          0.410     0.410    u_dut/clk
    SLICE_X51Y60         FDRE                                         r  u_dut/div_adj_p6_reg[12]/C
  -------------------------------------------------------------------    -------------------
    SLICE_X51Y60         FDRE (Prop_fdre_C_Q)         0.141     0.551 f  u_dut/div_adj_p6_reg[12]/Q
                         net (fo=1, routed)           0.087     0.638    u_dut/div_adj_p6[12]
    SLICE_X50Y60         LUT5 (Prop_lut5_I3_O)        0.045     0.683 f  u_dut/io_result_mant[12]_INST_0/O
                         net (fo=1, routed)           0.000     0.683    dut_y[12]
    SLICE_X50Y60         FDRE                                         f  y_r_reg[12]/D
  -------------------------------------------------------------------    -------------------

                         (clock clk rise edge)        0.000     0.000 r  
                                                      0.000     0.000 r  clk (IN)
                         net (fo=380, unset)          0.432     0.432    clk
    SLICE_X50Y60         FDRE                                         r  y_r_reg[12]/C
                         clock pessimism              0.000     0.432    
    SLICE_X50Y60         FDRE (Hold_fdre_C_D)         0.120     0.552    y_r_reg[12]
  -------------------------------------------------------------------
                         required time                         -0.552    
                         arrival time                           0.683    
  -------------------------------------------------------------------
                         slack                                  0.132    

Slack (MET) :             0.146ns  (arrival time - required time)
  Source:                 u_dut/div_adj_p6_reg[31]/C
                            (rising edge-triggered cell FDRE clocked by clk  {rise@0.000ns fall@3.333ns period=6.667ns})
  Destination:            y_r_reg[31]/D
                            (rising edge-triggered cell FDRE clocked by clk  {rise@0.000ns fall@3.333ns period=6.667ns})
  Path Group:             clk
  Path Type:              Hold (Min at Fast Process Corner)
  Requirement:            0.000ns  (clk rise@0.000ns - clk rise@0.000ns)
  Data Path Delay:        0.259ns  (logic 0.209ns (80.663%)  route 0.050ns (19.337%))
  Logic Levels:           1  (LUT5=1)
  Clock Path Skew:        0.022ns (DCD - SCD - CPR)
    Destination Clock Delay (DCD):    0.432ns
    Source Clock Delay      (SCD):    0.410ns
    Clock Pessimism Removal (CPR):    -0.000ns

    Location             Delay type                Incr(ns)  Path(ns)    Netlist Resource(s)
  -------------------------------------------------------------------    -------------------
                         (clock clk rise edge)        0.000     0.000 r  
                                                      0.000     0.000 r  clk (IN)
                         net (fo=380, unset)          0.410     0.410    u_dut/clk
    SLICE_X54Y64         FDRE                                         r  u_dut/div_adj_p6_reg[31]/C
  -------------------------------------------------------------------    -------------------
    SLICE_X54Y64         FDRE (Prop_fdre_C_Q)         0.164     0.574 r  u_dut/div_adj_p6_reg[31]/Q
                         net (fo=1, routed)           0.050     0.624    u_dut/div_adj_p6[31]
    SLICE_X55Y64         LUT5 (Prop_lut5_I3_O)        0.045     0.669 r  u_dut/io_result_mant[31]_INST_0/O
                         net (fo=1, routed)           0.000     0.669    dut_y[31]
    SLICE_X55Y64         FDRE                                         r  y_r_reg[31]/D
  -------------------------------------------------------------------    -------------------

                         (clock clk rise edge)        0.000     0.000 r  
                                                      0.000     0.000 r  clk (IN)
                         net (fo=380, unset)          0.432     0.432    clk
    SLICE_X55Y64         FDRE                                         r  y_r_reg[31]/C
                         clock pessimism              0.000     0.432    
    SLICE_X55Y64         FDRE (Hold_fdre_C_D)         0.092     0.524    y_r_reg[31]
  -------------------------------------------------------------------
                         required time                         -0.524    
                         arrival time                           0.669    
  -------------------------------------------------------------------
                         slack                                  0.146    

Slack (MET) :             0.146ns  (arrival time - required time)
  Source:                 u_dut/div_adj_p6_reg[31]/C
                            (rising edge-triggered cell FDRE clocked by clk  {rise@0.000ns fall@3.333ns period=6.667ns})
  Destination:            y_r_reg[31]/D
                            (rising edge-triggered cell FDRE clocked by clk  {rise@0.000ns fall@3.333ns period=6.667ns})
  Path Group:             clk
  Path Type:              Hold (Min at Fast Process Corner)
  Requirement:            0.000ns  (clk rise@0.000ns - clk rise@0.000ns)
  Data Path Delay:        0.259ns  (logic 0.209ns (80.663%)  route 0.050ns (19.337%))
  Logic Levels:           1  (LUT5=1)
  Clock Path Skew:        0.022ns (DCD - SCD - CPR)
    Destination Clock Delay (DCD):    0.432ns
    Source Clock Delay      (SCD):    0.410ns
    Clock Pessimism Removal (CPR):    -0.000ns

    Location             Delay type                Incr(ns)  Path(ns)    Netlist Resource(s)
  -------------------------------------------------------------------    -------------------
                         (clock clk rise edge)        0.000     0.000 r  
                                                      0.000     0.000 r  clk (IN)
                         net (fo=380, unset)          0.410     0.410    u_dut/clk
    SLICE_X54Y64         FDRE                                         r  u_dut/div_adj_p6_reg[31]/C
  -------------------------------------------------------------------    -------------------
    SLICE_X54Y64         FDRE (Prop_fdre_C_Q)         0.164     0.574 f  u_dut/div_adj_p6_reg[31]/Q
                         net (fo=1, routed)           0.050     0.624    u_dut/div_adj_p6[31]
    SLICE_X55Y64         LUT5 (Prop_lut5_I3_O)        0.045     0.669 f  u_dut/io_result_mant[31]_INST_0/O
                         net (fo=1, routed)           0.000     0.669    dut_y[31]
    SLICE_X55Y64         FDRE                                         f  y_r_reg[31]/D
  -------------------------------------------------------------------    -------------------

                         (clock clk rise edge)        0.000     0.000 r  
                                                      0.000     0.000 r  clk (IN)
                         net (fo=380, unset)          0.432     0.432    clk
    SLICE_X55Y64         FDRE                                         r  y_r_reg[31]/C
                         clock pessimism              0.000     0.432    
    SLICE_X55Y64         FDRE (Hold_fdre_C_D)         0.092     0.524    y_r_reg[31]
  -------------------------------------------------------------------
                         required time                         -0.524    
                         arrival time                           0.669    
  -------------------------------------------------------------------
                         slack                                  0.146    

Slack (MET) :             0.147ns  (arrival time - required time)
  Source:                 u_dut/div_adj_p6_reg[10]/C
                            (rising edge-triggered cell FDRE clocked by clk  {rise@0.000ns fall@3.333ns period=6.667ns})
  Destination:            y_r_reg[10]/D
                            (rising edge-triggered cell FDRE clocked by clk  {rise@0.000ns fall@3.333ns period=6.667ns})
  Path Group:             clk
  Path Type:              Hold (Min at Fast Process Corner)
  Requirement:            0.000ns  (clk rise@0.000ns - clk rise@0.000ns)
  Data Path Delay:        0.288ns  (logic 0.186ns (64.545%)  route 0.102ns (35.455%))
  Logic Levels:           1  (LUT5=1)
  Clock Path Skew:        0.022ns (DCD - SCD - CPR)
    Destination Clock Delay (DCD):    0.432ns
    Source Clock Delay      (SCD):    0.410ns
    Clock Pessimism Removal (CPR):    -0.000ns

    Location             Delay type                Incr(ns)  Path(ns)    Netlist Resource(s)
  -------------------------------------------------------------------    -------------------
                         (clock clk rise edge)        0.000     0.000 r  
                                                      0.000     0.000 r  clk (IN)
                         net (fo=380, unset)          0.410     0.410    u_dut/clk
    SLICE_X51Y63         FDRE                                         r  u_dut/div_adj_p6_reg[10]/C
  -------------------------------------------------------------------    -------------------
    SLICE_X51Y63         FDRE (Prop_fdre_C_Q)         0.141     0.551 r  u_dut/div_adj_p6_reg[10]/Q
                         net (fo=1, routed)           0.102     0.653    u_dut/div_adj_p6[10]
    SLICE_X52Y63         LUT5 (Prop_lut5_I3_O)        0.045     0.698 r  u_dut/io_result_mant[10]_INST_0/O
                         net (fo=1, routed)           0.000     0.698    dut_y[10]
    SLICE_X52Y63         FDRE                                         r  y_r_reg[10]/D
  -------------------------------------------------------------------    -------------------

                         (clock clk rise edge)        0.000     0.000 r  
                                                      0.000     0.000 r  clk (IN)
                         net (fo=380, unset)          0.432     0.432    clk
    SLICE_X52Y63         FDRE                                         r  y_r_reg[10]/C
                         clock pessimism              0.000     0.432    
    SLICE_X52Y63         FDRE (Hold_fdre_C_D)         0.120     0.552    y_r_reg[10]
  -------------------------------------------------------------------
                         required time                         -0.552    
                         arrival time                           0.698    
  -------------------------------------------------------------------
                         slack                                  0.147    

Slack (MET) :             0.147ns  (arrival time - required time)
  Source:                 u_dut/div_adj_p6_reg[10]/C
                            (rising edge-triggered cell FDRE clocked by clk  {rise@0.000ns fall@3.333ns period=6.667ns})
  Destination:            y_r_reg[10]/D
                            (rising edge-triggered cell FDRE clocked by clk  {rise@0.000ns fall@3.333ns period=6.667ns})
  Path Group:             clk
  Path Type:              Hold (Min at Fast Process Corner)
  Requirement:            0.000ns  (clk rise@0.000ns - clk rise@0.000ns)
  Data Path Delay:        0.288ns  (logic 0.186ns (64.545%)  route 0.102ns (35.455%))
  Logic Levels:           1  (LUT5=1)
  Clock Path Skew:        0.022ns (DCD - SCD - CPR)
    Destination Clock Delay (DCD):    0.432ns
    Source Clock Delay      (SCD):    0.410ns
    Clock Pessimism Removal (CPR):    -0.000ns

    Location             Delay type                Incr(ns)  Path(ns)    Netlist Resource(s)
  -------------------------------------------------------------------    -------------------
                         (clock clk rise edge)        0.000     0.000 r  
                                                      0.000     0.000 r  clk (IN)
                         net (fo=380, unset)          0.410     0.410    u_dut/clk
    SLICE_X51Y63         FDRE                                         r  u_dut/div_adj_p6_reg[10]/C
  -------------------------------------------------------------------    -------------------
    SLICE_X51Y63         FDRE (Prop_fdre_C_Q)         0.141     0.551 f  u_dut/div_adj_p6_reg[10]/Q
                         net (fo=1, routed)           0.102     0.653    u_dut/div_adj_p6[10]
    SLICE_X52Y63         LUT5 (Prop_lut5_I3_O)        0.045     0.698 f  u_dut/io_result_mant[10]_INST_0/O
                         net (fo=1, routed)           0.000     0.698    dut_y[10]
    SLICE_X52Y63         FDRE                                         f  y_r_reg[10]/D
  -------------------------------------------------------------------    -------------------

                         (clock clk rise edge)        0.000     0.000 r  
                                                      0.000     0.000 r  clk (IN)
                         net (fo=380, unset)          0.432     0.432    clk
    SLICE_X52Y63         FDRE                                         r  y_r_reg[10]/C
                         clock pessimism              0.000     0.432    
    SLICE_X52Y63         FDRE (Hold_fdre_C_D)         0.120     0.552    y_r_reg[10]
  -------------------------------------------------------------------
                         required time                         -0.552    
                         arrival time                           0.698    
  -------------------------------------------------------------------
                         slack                                  0.147    

Slack (MET) :             0.149ns  (arrival time - required time)
  Source:                 u_dut/exp_full_p3_reg[3]/C
                            (rising edge-triggered cell FDRE clocked by clk  {rise@0.000ns fall@3.333ns period=6.667ns})
  Destination:            u_dut/exp_full_p4_reg[3]/D
                            (rising edge-triggered cell FDRE clocked by clk  {rise@0.000ns fall@3.333ns period=6.667ns})
  Path Group:             clk
  Path Type:              Hold (Min at Fast Process Corner)
  Requirement:            0.000ns  (clk rise@0.000ns - clk rise@0.000ns)
  Data Path Delay:        0.240ns  (logic 0.141ns (58.691%)  route 0.099ns (41.309%))
  Logic Levels:           0  
  Clock Path Skew:        0.022ns (DCD - SCD - CPR)
    Destination Clock Delay (DCD):    0.432ns
    Source Clock Delay      (SCD):    0.410ns
    Clock Pessimism Removal (CPR):    -0.000ns

    Location             Delay type                Incr(ns)  Path(ns)    Netlist Resource(s)
  -------------------------------------------------------------------    -------------------
                         (clock clk rise edge)        0.000     0.000 r  
                                                      0.000     0.000 r  clk (IN)
                         net (fo=380, unset)          0.410     0.410    u_dut/clk
    SLICE_X45Y61         FDRE                                         r  u_dut/exp_full_p3_reg[3]/C
  -------------------------------------------------------------------    -------------------
    SLICE_X45Y61         FDRE (Prop_fdre_C_Q)         0.141     0.551 r  u_dut/exp_full_p3_reg[3]/Q
                         net (fo=1, routed)           0.099     0.650    u_dut/exp_full_p3[3]
    SLICE_X47Y62         FDRE                                         r  u_dut/exp_full_p4_reg[3]/D
  -------------------------------------------------------------------    -------------------

                         (clock clk rise edge)        0.000     0.000 r  
                                                      0.000     0.000 r  clk (IN)
                         net (fo=380, unset)          0.432     0.432    u_dut/clk
    SLICE_X47Y62         FDRE                                         r  u_dut/exp_full_p4_reg[3]/C
                         clock pessimism              0.000     0.432    
    SLICE_X47Y62         FDRE (Hold_fdre_C_D)         0.070     0.502    u_dut/exp_full_p4_reg[3]
  -------------------------------------------------------------------
                         required time                         -0.502    
                         arrival time                           0.650    
  -------------------------------------------------------------------
                         slack                                  0.149    

Slack (MET) :             0.149ns  (arrival time - required time)
  Source:                 u_dut/exp_full_p3_reg[3]/C
                            (rising edge-triggered cell FDRE clocked by clk  {rise@0.000ns fall@3.333ns period=6.667ns})
  Destination:            u_dut/exp_full_p4_reg[3]/D
                            (rising edge-triggered cell FDRE clocked by clk  {rise@0.000ns fall@3.333ns period=6.667ns})
  Path Group:             clk
  Path Type:              Hold (Min at Fast Process Corner)
  Requirement:            0.000ns  (clk rise@0.000ns - clk rise@0.000ns)
  Data Path Delay:        0.240ns  (logic 0.141ns (58.691%)  route 0.099ns (41.309%))
  Logic Levels:           0  
  Clock Path Skew:        0.022ns (DCD - SCD - CPR)
    Destination Clock Delay (DCD):    0.432ns
    Source Clock Delay      (SCD):    0.410ns
    Clock Pessimism Removal (CPR):    -0.000ns

    Location             Delay type                Incr(ns)  Path(ns)    Netlist Resource(s)
  -------------------------------------------------------------------    -------------------
                         (clock clk rise edge)        0.000     0.000 r  
                                                      0.000     0.000 r  clk (IN)
                         net (fo=380, unset)          0.410     0.410    u_dut/clk
    SLICE_X45Y61         FDRE                                         r  u_dut/exp_full_p3_reg[3]/C
  -------------------------------------------------------------------    -------------------
    SLICE_X45Y61         FDRE (Prop_fdre_C_Q)         0.141     0.551 f  u_dut/exp_full_p3_reg[3]/Q
                         net (fo=1, routed)           0.099     0.650    u_dut/exp_full_p3[3]
    SLICE_X47Y62         FDRE                                         f  u_dut/exp_full_p4_reg[3]/D
  -------------------------------------------------------------------    -------------------

                         (clock clk rise edge)        0.000     0.000 r  
                                                      0.000     0.000 r  clk (IN)
                         net (fo=380, unset)          0.432     0.432    u_dut/clk
    SLICE_X47Y62         FDRE                                         r  u_dut/exp_full_p4_reg[3]/C
                         clock pessimism              0.000     0.432    
    SLICE_X47Y62         FDRE (Hold_fdre_C_D)         0.070     0.502    u_dut/exp_full_p4_reg[3]
  -------------------------------------------------------------------
                         required time                         -0.502    
                         arrival time                           0.650    
  -------------------------------------------------------------------
                         slack                                  0.149    





Pulse Width Checks
--------------------------------------------------------------------------------------
Clock Name:         clk
Waveform(ns):       { 0.000 3.333 }
Period(ns):         6.667
Sources:            { clk }

Check Type        Corner  Lib Pin             Reference Pin  Required(ns)  Actual(ns)  Slack(ns)  Location      Pin
Min Period        n/a     DSP48E1/CLK         n/a            3.884         6.667       2.783      DSP48_X1Y24   u_dut/div_p5_reg/CLK
Min Period        n/a     DSP48E1/CLK         n/a            3.884         6.667       2.783      DSP48_X1Y26   u_dut/div_p5_reg__0/CLK
Min Period        n/a     DSP48E1/CLK         n/a            3.884         6.667       2.783      DSP48_X1Y23   u_dut/x_mul_yhyl_p3_reg/CLK
Min Period        n/a     DSP48E1/CLK         n/a            3.884         6.667       2.783      DSP48_X1Y21   u_dut/x_mul_yhyl_p3_reg__0/CLK
Min Period        n/a     RAMB36E1/CLKARDCLK  n/a            2.576         6.667       4.091      RAMB36_X1Y12  u_dut/_zz_div_table_port0_reg/CLKARDCLK
Min Period        n/a     DSP48E1/CLK         n/a            2.154         6.667       4.513      DSP48_X1Y25   u_dut/div_full_p4/CLK
Min Period        n/a     DSP48E1/CLK         n/a            2.154         6.667       4.513      DSP48_X1Y22   u_dut/x_mul_yhyl_full_p2/CLK
Min Period        n/a     DSP48E1/CLK         n/a            2.154         6.667       4.513      DSP48_X1Y20   u_dut/x_mul_yhyl_full_p2__0/CLK
Min Period        n/a     FDRE/C              n/a            1.000         6.667       5.667      SLICE_X54Y50  a_r_reg[0]/C
Min Period        n/a     FDRE/C              n/a            1.000         6.667       5.667      SLICE_X54Y52  a_r_reg[10]/C
Low Pulse Width   Slow    FDRE/C              n/a            0.500         3.333       2.833      SLICE_X54Y50  a_r_reg[0]/C
Low Pulse Width   Fast    FDRE/C              n/a            0.500         3.334       2.834      SLICE_X54Y50  a_r_reg[0]/C
Low Pulse Width   Slow    FDRE/C              n/a            0.500         3.333       2.833      SLICE_X54Y52  a_r_reg[10]/C
Low Pulse Width   Fast    FDRE/C              n/a            0.500         3.334       2.834      SLICE_X54Y52  a_r_reg[10]/C
Low Pulse Width   Slow    FDRE/C              n/a            0.500         3.333       2.833      SLICE_X54Y52  a_r_reg[11]/C
Low Pulse Width   Fast    FDRE/C              n/a            0.500         3.334       2.834      SLICE_X54Y52  a_r_reg[11]/C
Low Pulse Width   Slow    FDRE/C              n/a            0.500         3.333       2.833      SLICE_X54Y53  a_r_reg[12]/C
Low Pulse Width   Fast    FDRE/C              n/a            0.500         3.334       2.834      SLICE_X54Y53  a_r_reg[12]/C
Low Pulse Width   Slow    FDRE/C              n/a            0.500         3.333       2.833      SLICE_X54Y53  a_r_reg[13]/C
Low Pulse Width   Fast    FDRE/C              n/a            0.500         3.334       2.834      SLICE_X54Y53  a_r_reg[13]/C
High Pulse Width  Slow    FDRE/C              n/a            0.500         3.334       2.834      SLICE_X54Y50  a_r_reg[0]/C
High Pulse Width  Fast    FDRE/C              n/a            0.500         3.333       2.833      SLICE_X54Y50  a_r_reg[0]/C
High Pulse Width  Slow    FDRE/C              n/a            0.500         3.334       2.834      SLICE_X54Y52  a_r_reg[10]/C
High Pulse Width  Fast    FDRE/C              n/a            0.500         3.333       2.833      SLICE_X54Y52  a_r_reg[10]/C
High Pulse Width  Slow    FDRE/C              n/a            0.500         3.334       2.834      SLICE_X54Y52  a_r_reg[11]/C
High Pulse Width  Fast    FDRE/C              n/a            0.500         3.333       2.833      SLICE_X54Y52  a_r_reg[11]/C
High Pulse Width  Slow    FDRE/C              n/a            0.500         3.334       2.834      SLICE_X54Y53  a_r_reg[12]/C
High Pulse Width  Fast    FDRE/C              n/a            0.500         3.333       2.833      SLICE_X54Y53  a_r_reg[12]/C
High Pulse Width  Slow    FDRE/C              n/a            0.500         3.334       2.834      SLICE_X54Y53  a_r_reg[13]/C
High Pulse Width  Fast    FDRE/C              n/a            0.500         3.333       2.833      SLICE_X54Y53  a_r_reg[13]/C



