

Info: Logic utilisation before packing:
Info:     Total LUT4s:      1246/24288     5%
Info:         logic LUTs:   1092/24288     4%
Info:         carry LUTs:    154/24288     0%
Info:           RAM LUTs:      0/ 3036     0%
Info:          RAMW LUTs:      0/ 6072     0%

Info:      Total DFFs:       557/24288     2%

Info: Packing IOs..
Info: Packing constants..
Info: Packing carries...
Info: Packing LUTs...
Info: Packing LUT5-7s...
Info: Packing FFs...
Info:     290 FFs paired with LUTs.
Info: Generating derived timing constraints...
Info: Promoting globals...
Info:     promoting clock net clk$TRELLIS_IO_IN to global network
Info: Checksum: 0x7b013808

Info: Device utilisation:
Info: 	          TRELLIS_IO:     136/    197    69%
Info: 	                DCCA:       1/     56     1%
Info: 	              DP16KD:       0/     56     0%
Info: 	          MULT18X18D:       0/     28     0%
Info: 	              ALU54B:       0/     14     0%
Info: 	             EHXPLLL:       0/      2     0%
Info: 	             EXTREFB:       0/      1     0%
Info: 	                DCUA:       0/      1     0%
Info: 	           PCSCLKDIV:       0/      2     0%
Info: 	             IOLOGIC:       0/    128     0%
Info: 	            SIOLOGIC:       0/     69     0%
Info: 	                 GSR:       0/      1     0%
Info: 	               JTAGG:       0/      1     0%
Info: 	                OSCG:       0/      1     0%
Info: 	               SEDGA:       0/      1     0%
Info: 	                 DTR:       0/      1     0%
Info: 	             USRMCLK:       0/      1     0%
Info: 	             CLKDIVF:       0/      4     0%
Info: 	           ECLKSYNCB:       0/     10     0%
Info: 	             DLLDELD:       0/      8     0%
Info: 	              DDRDLL:       0/      4     0%
Info: 	             DQSBUFM:       0/      8     0%
Info: 	     TRELLIS_ECLKBUF:       0/      8     0%
Info: 	        ECLKBRIDGECS:       0/      2     0%
Info: 	                DCSC:       0/      2     0%
Info: 	          TRELLIS_FF:     557/  24288     2%
Info: 	        TRELLIS_COMB:    1272/  24288     5%
Info: 	        TRELLIS_RAMW:       0/   3036     0%

Info: Placed 0 cells based on constraints.
Info: Creating initial analytic placement for 1024 cells, random placement wirelen = 66793.
Info:     at initial placer iter 0, wirelen = 7068
Info:     at initial placer iter 1, wirelen = 6568
Info:     at initial placer iter 2, wirelen = 6500
Info:     at initial placer iter 3, wirelen = 6481
Info: Running main analytical placer, max placement attempts per cell = 483144.
Info:     at iteration #1, type ALL: wirelen solved = 6503, spread = 12214, legal = 12408; time = 0.14s
Info:     at iteration #2, type ALL: wirelen solved = 6649, spread = 12248, legal = 12426; time = 0.17s
Info:     at iteration #3, type ALL: wirelen solved = 6871, spread = 11550, legal = 11767; time = 0.11s
Info:     at iteration #4, type ALL: wirelen solved = 7233, spread = 11127, legal = 11342; time = 0.09s
Info:     at iteration #5, type ALL: wirelen solved = 7293, spread = 11158, legal = 11320; time = 0.10s
Info:     at iteration #6, type ALL: wirelen solved = 7615, spread = 11169, legal = 11296; time = 0.09s
Info:     at iteration #7, type ALL: wirelen solved = 7861, spread = 11379, legal = 11504; time = 0.13s
Info:     at iteration #8, type ALL: wirelen solved = 8078, spread = 10871, legal = 11000; time = 0.14s
Info:     at iteration #9, type ALL: wirelen solved = 8089, spread = 10609, legal = 10795; time = 0.09s
Info:     at iteration #10, type ALL: wirelen solved = 8368, spread = 10330, legal = 10621; time = 0.07s
Info:     at iteration #11, type ALL: wirelen solved = 8307, spread = 10196, legal = 10503; time = 0.10s
Info:     at iteration #12, type ALL: wirelen solved = 8403, spread = 10091, legal = 10286; time = 0.09s
Info: HeAP Placer Time: 2.10s
Info:   of which solving equations: 1.19s
Info:   of which spreading cells: 0.20s
Info:   of which strict legalisation: 0.11s

Info: Running simulated annealing placer for refinement.
Info:   at iteration #1: temp = 0.000000, timing cost = 452, wirelen = 10286
Info:   at iteration #3: temp = 0.000000, timing cost = 382, wirelen = 9689 
Info: SA placement time 1.55s

Info: Max frequency for clock '$glbnet$clk$TRELLIS_IO_IN': 91.58 MHz (FAIL at 100.00 MHz)

Info: Max delay <async>                           -> posedge $glbnet$clk$TRELLIS_IO_IN: 9.20 ns
Info: Max delay posedge $glbnet$clk$TRELLIS_IO_IN -> <async>                          : 7.97 ns

Info: Slack histogram:
Info:  legend: * represents 1 endpoint(s)
Info:          + represents [1,1) endpoint(s)
Info: [  -919,   -423) |*+
Info: [  -423,     73) |***********+
Info: [    73,    569) |********************************+
Info: [   569,   1065) |*********************+
Info: [  1065,   1561) |******************************************+
Info: [  1561,   2057) |**************************************** 
Info: [  2057,   2553) |******************************************+
Info: [  2553,   3049) |**************************+
Info: [  3049,   3545) |********************+
Info: [  3545,   4041) |**********************+
Info: [  4041,   4537) |********+
Info: [  4537,   5033) |*********+
Info: [  5033,   5529) |************+
Info: [  5529,   6025) |***************+
Info: [  6025,   6521) |***************+
Info: [  6521,   7017) |*************+
Info: [  7017,   7513) |**************************************+
Info: [  7513,   8009) |************************************************************ 
Info: [  8009,   8505) |*******************************************+
Info: [  8505,   9001) |*************************************************+
Info: Checksum: 0xc3d1c628
Info: Routing globals...
Info:     routing clock net $glbnet$clk$TRELLIS_IO_IN using global 0

Info: Routing..
Info: Setting up routing queue.
Info: Routing 4630 arcs.
Info:            |   (re-)routed arcs  |   delta    | remaining|       time spent     |
Info:    IterCnt |  w/ripup   wo/ripup |  w/r  wo/r |      arcs| batch(sec) total(sec)|
Info:       1000 |      278        721 |  278   721 |      3926|       0.86       0.86|
Info:       2000 |      655       1344 |  377   623 |      3341|       0.70       1.56|
Info:       3000 |     1046       1953 |  391   609 |      2788|       0.85       2.41|
Info:       4000 |     1425       2572 |  379   619 |      2263|       0.91       3.32|
Info:       5000 |     1709       3189 |  284   617 |      1621|       0.80       4.12|
Info:       6000 |     1976       3801 |  267   612 |       926|       0.90       5.02|
Info:       7000 |     2142       4558 |  166   757 |       144|       1.34       6.36|
Info:       7143 |     2142       4656 |    0    98 |         0|       0.64       7.00|
Info: Routing complete.
Info: Router1 time 7.00s
Info: Checksum: 0x836b17da

Info: Critical path report for clock '$glbnet$clk$TRELLIS_IO_IN' (posedge -> posedge):
Info:       type curr  total name
Info:   clk-to-q  0.52  0.52 Source u_dut.s2_raw_result_LUT4_D_Z_PFUMX_C0_Z_TRELLIS_FF_DI_Q_TRELLIS_FF_Q.Q
Info:    routing  0.79  1.32 Net u_dut.s2_raw_result_LUT4_D_Z_PFUMX_C0_Z_TRELLIS_FF_DI_Q[0] (16,7) -> (17,7)
Info:                          Sink u_dut.s3_sub_shift_ext_LUT4_Z_1.D
Info:                          Defined in:
Info:                               /mnt/storage/synth_eval/oss-cad-suite/lib/../share/yosys/lattice/cells_map_trellis.v:108.23-108.24
Info:      logic  0.24  1.55 Source u_dut.s3_sub_shift_ext_LUT4_Z_1.F
Info:    routing  0.67  2.22 Net u_dut.s3_add_significand_LUT4_B_C_LUT4_Z_D[2] (17,7) -> (18,8)
Info:                          Sink u_dut.s3_pack_significand_LUT4_Z_32_D_PFUMX_Z_C0_LUT4_B_Z_LUT4_Z.B
Info:                          Defined in:
Info:                               /mnt/storage/zubax/kulibin2/float/hdl/_zkf_normshift.v:54.21-54.28
Info:      logic  0.24  2.46 Source u_dut.s3_pack_significand_LUT4_Z_32_D_PFUMX_Z_C0_LUT4_B_Z_LUT4_Z.F
Info:    routing  1.27  3.73 Net u_dut.s3_add_significand_LUT4_B_C_LUT4_Z_D_LUT4_Z_C[3] (18,8) -> (13,9)
Info:                          Sink u_dut.u_pack.significand_LUT4_Z_D_LUT4_Z_1.D
Info:                          Defined in:
Info:                               /mnt/storage/synth_eval/oss-cad-suite/lib/../share/yosys/lattice/cells_map_trellis.v:108.23-108.24
Info:      logic  0.24  3.97 Source u_dut.u_pack.significand_LUT4_Z_D_LUT4_Z_1.F
Info:    routing  0.41  4.38 Net u_dut.u_pack.significand_LUT4_Z_D[2] (13,9) -> (13,9)
Info:                          Sink u_dut.u_pack.significand_LUT4_Z.C
Info:                          Defined in:
Info:                               /mnt/storage/synth_eval/oss-cad-suite/lib/../share/yosys/lattice/cells_map_trellis.v:108.23-108.24
Info:      logic  0.24  4.61 Source u_dut.u_pack.significand_LUT4_Z.F
Info:    routing  0.45  5.07 Net u_dut.s3_pack_significand[0] (13,9) -> (14,9)
Info:                          Sink u_dut.u_pack.round_increment_PFUMX_Z_BLUT_LUT4_Z.M
Info:                          Defined in:
Info:                               /mnt/storage/zubax/kulibin2/float/hdl/_zkf_pack.v:36.44-36.55
Info:      logic  0.26  5.32 Source u_dut.u_pack.round_increment_PFUMX_Z_BLUT_LUT4_Z.OFX
Info:    routing  1.00  6.32 Net u_dut.u_pack.round_increment (14,9) -> (15,10)
Info:                          Sink u_dut.u_pack.expsig_rounded_CCU2C_S1_15$CCU2_COMB0.A
Info:                          Defined in:
Info:                               /mnt/storage/zubax/kulibin2/float/hdl/_zkf_pack.v:90.24-90.39
Info:      logic  0.45  6.77 Source u_dut.u_pack.expsig_rounded_CCU2C_S1_15$CCU2_COMB0.FCO
Info:    routing  0.00  6.77 Net u_dut.u_pack.expsig_rounded_CCU2C_S1_15$CCU2_FCI_INT (15,10) -> (15,10)
Info:                          Sink u_dut.u_pack.expsig_rounded_CCU2C_S1_15$CCU2_COMB1.FCI
Info:      logic  0.00  6.77 Source u_dut.u_pack.expsig_rounded_CCU2C_S1_15$CCU2_COMB1.FCO
Info:    routing  0.00  6.77 Net u_dut.u_pack.expsig_rounded_CCU2C_S1_10_COUT[1] (15,10) -> (15,10)
Info:                          Sink u_dut.u_pack.expsig_rounded_CCU2C_S1_2$CCU2_COMB0.FCI
Info:                          Defined in:
Info:                               /mnt/storage/zubax/kulibin2/float/hdl/_zkf_pack.v:92.42-92.89
Info:                               /mnt/storage/synth_eval/oss-cad-suite/lib/../share/yosys/lattice/arith_map_ccu2c.v:63.22-63.23
Info:      logic  0.07  6.84 Source u_dut.u_pack.expsig_rounded_CCU2C_S1_2$CCU2_COMB0.FCO
Info:    routing  0.00  6.84 Net u_dut.u_pack.expsig_rounded_CCU2C_S1_2$CCU2_FCI_INT (15,10) -> (15,10)
Info:                          Sink u_dut.u_pack.expsig_rounded_CCU2C_S1_2$CCU2_COMB1.FCI
Info:      logic  0.00  6.84 Source u_dut.u_pack.expsig_rounded_CCU2C_S1_2$CCU2_COMB1.FCO
Info:    routing  0.00  6.84 Net u_dut.u_pack.expsig_rounded_CCU2C_S1_10_COUT[3] (15,10) -> (15,10)
Info:                          Sink u_dut.u_pack.expsig_rounded_CCU2C_S1_8$CCU2_COMB0.FCI
Info:                          Defined in:
Info:                               /mnt/storage/zubax/kulibin2/float/hdl/_zkf_pack.v:92.42-92.89
Info:                               /mnt/storage/synth_eval/oss-cad-suite/lib/../share/yosys/lattice/arith_map_ccu2c.v:63.22-63.23
Info:      logic  0.07  6.91 Source u_dut.u_pack.expsig_rounded_CCU2C_S1_8$CCU2_COMB0.FCO
Info:    routing  0.00  6.91 Net u_dut.u_pack.expsig_rounded_CCU2C_S1_8$CCU2_FCI_INT (15,10) -> (15,10)
Info:                          Sink u_dut.u_pack.expsig_rounded_CCU2C_S1_8$CCU2_COMB1.FCI
Info:      logic  0.00  6.91 Source u_dut.u_pack.expsig_rounded_CCU2C_S1_8$CCU2_COMB1.FCO
Info:    routing  0.00  6.91 Net u_dut.u_pack.expsig_rounded_CCU2C_S1_10_COUT[5] (15,10) -> (16,10)
Info:                          Sink u_dut.u_pack.expsig_rounded_CCU2C_S1_13$CCU2_COMB0.FCI
Info:                          Defined in:
Info:                               /mnt/storage/zubax/kulibin2/float/hdl/_zkf_pack.v:92.42-92.89
Info:                               /mnt/storage/synth_eval/oss-cad-suite/lib/../share/yosys/lattice/arith_map_ccu2c.v:63.22-63.23
Info:      logic  0.07  6.98 Source u_dut.u_pack.expsig_rounded_CCU2C_S1_13$CCU2_COMB0.FCO
Info:    routing  0.00  6.98 Net u_dut.u_pack.expsig_rounded_CCU2C_S1_13$CCU2_FCI_INT (16,10) -> (16,10)
Info:                          Sink u_dut.u_pack.expsig_rounded_CCU2C_S1_13$CCU2_COMB1.FCI
Info:      logic  0.00  6.98 Source u_dut.u_pack.expsig_rounded_CCU2C_S1_13$CCU2_COMB1.FCO
Info:    routing  0.00  6.98 Net u_dut.u_pack.expsig_rounded_CCU2C_S1_10_COUT[7] (16,10) -> (16,10)
Info:                          Sink u_dut.u_pack.expsig_rounded_CCU2C_S1_18$CCU2_COMB0.FCI
Info:                          Defined in:
Info:                               /mnt/storage/zubax/kulibin2/float/hdl/_zkf_pack.v:92.42-92.89
Info:                               /mnt/storage/synth_eval/oss-cad-suite/lib/../share/yosys/lattice/arith_map_ccu2c.v:63.22-63.23
Info:      logic  0.07  7.05 Source u_dut.u_pack.expsig_rounded_CCU2C_S1_18$CCU2_COMB0.FCO
Info:    routing  0.00  7.05 Net u_dut.u_pack.expsig_rounded_CCU2C_S1_18$CCU2_FCI_INT (16,10) -> (16,10)
Info:                          Sink u_dut.u_pack.expsig_rounded_CCU2C_S1_18$CCU2_COMB1.FCI
Info:      logic  0.00  7.05 Source u_dut.u_pack.expsig_rounded_CCU2C_S1_18$CCU2_COMB1.FCO
Info:    routing  0.00  7.05 Net u_dut.u_pack.expsig_rounded_CCU2C_S1_10_COUT[9] (16,10) -> (16,10)
Info:                          Sink u_dut.u_pack.expsig_rounded_CCU2C_S1_9$CCU2_COMB0.FCI
Info:                          Defined in:
Info:                               /mnt/storage/zubax/kulibin2/float/hdl/_zkf_pack.v:92.42-92.89
Info:                               /mnt/storage/synth_eval/oss-cad-suite/lib/../share/yosys/lattice/arith_map_ccu2c.v:63.22-63.23
Info:      logic  0.07  7.13 Source u_dut.u_pack.expsig_rounded_CCU2C_S1_9$CCU2_COMB0.FCO
Info:    routing  0.00  7.13 Net u_dut.u_pack.expsig_rounded_CCU2C_S1_9$CCU2_FCI_INT (16,10) -> (16,10)
Info:                          Sink u_dut.u_pack.expsig_rounded_CCU2C_S1_9$CCU2_COMB1.FCI
Info:      logic  0.00  7.13 Source u_dut.u_pack.expsig_rounded_CCU2C_S1_9$CCU2_COMB1.FCO
Info:    routing  0.00  7.13 Net u_dut.u_pack.expsig_rounded_CCU2C_S1_10_COUT[11] (16,10) -> (16,10)
Info:                          Sink u_dut.u_pack.expsig_rounded_CCU2C_S1_20$CCU2_COMB0.FCI
Info:                          Defined in:
Info:                               /mnt/storage/zubax/kulibin2/float/hdl/_zkf_pack.v:92.42-92.89
Info:                               /mnt/storage/synth_eval/oss-cad-suite/lib/../share/yosys/lattice/arith_map_ccu2c.v:63.22-63.23
Info:      logic  0.07  7.20 Source u_dut.u_pack.expsig_rounded_CCU2C_S1_20$CCU2_COMB0.FCO
Info:    routing  0.00  7.20 Net u_dut.u_pack.expsig_rounded_CCU2C_S1_20$CCU2_FCI_INT (16,10) -> (16,10)
Info:                          Sink u_dut.u_pack.expsig_rounded_CCU2C_S1_20$CCU2_COMB1.FCI
Info:      logic  0.00  7.20 Source u_dut.u_pack.expsig_rounded_CCU2C_S1_20$CCU2_COMB1.FCO
Info:    routing  0.00  7.20 Net u_dut.u_pack.expsig_rounded_CCU2C_S1_10_COUT[13] (16,10) -> (17,10)
Info:                          Sink u_dut.u_pack.expsig_rounded_CCU2C_S1_3$CCU2_COMB0.FCI
Info:                          Defined in:
Info:                               /mnt/storage/zubax/kulibin2/float/hdl/_zkf_pack.v:92.42-92.89
Info:                               /mnt/storage/synth_eval/oss-cad-suite/lib/../share/yosys/lattice/arith_map_ccu2c.v:63.22-63.23
Info:      logic  0.07  7.27 Source u_dut.u_pack.expsig_rounded_CCU2C_S1_3$CCU2_COMB0.FCO
Info:    routing  0.00  7.27 Net u_dut.u_pack.expsig_rounded_CCU2C_S1_3$CCU2_FCI_INT (17,10) -> (17,10)
Info:                          Sink u_dut.u_pack.expsig_rounded_CCU2C_S1_3$CCU2_COMB1.FCI
Info:      logic  0.00  7.27 Source u_dut.u_pack.expsig_rounded_CCU2C_S1_3$CCU2_COMB1.FCO
Info:    routing  0.00  7.27 Net u_dut.u_pack.expsig_rounded_CCU2C_S1_10_COUT[15] (17,10) -> (17,10)
Info:                          Sink u_dut.u_pack.expsig_rounded_CCU2C_S1_6$CCU2_COMB0.FCI
Info:                          Defined in:
Info:                               /mnt/storage/zubax/kulibin2/float/hdl/_zkf_pack.v:92.42-92.89
Info:                               /mnt/storage/synth_eval/oss-cad-suite/lib/../share/yosys/lattice/arith_map_ccu2c.v:63.22-63.23
Info:      logic  0.07  7.34 Source u_dut.u_pack.expsig_rounded_CCU2C_S1_6$CCU2_COMB0.FCO
Info:    routing  0.00  7.34 Net u_dut.u_pack.expsig_rounded_CCU2C_S1_6$CCU2_FCI_INT (17,10) -> (17,10)
Info:                          Sink u_dut.u_pack.expsig_rounded_CCU2C_S1_6$CCU2_COMB1.FCI
Info:      logic  0.00  7.34 Source u_dut.u_pack.expsig_rounded_CCU2C_S1_6$CCU2_COMB1.FCO
Info:    routing  0.00  7.34 Net u_dut.u_pack.expsig_rounded_CCU2C_S1_10_COUT[17] (17,10) -> (17,10)
Info:                          Sink u_dut.u_pack.expsig_rounded_CCU2C_S1_12$CCU2_COMB0.FCI
Info:                          Defined in:
Info:                               /mnt/storage/zubax/kulibin2/float/hdl/_zkf_pack.v:92.42-92.89
Info:                               /mnt/storage/synth_eval/oss-cad-suite/lib/../share/yosys/lattice/arith_map_ccu2c.v:63.22-63.23
Info:      logic  0.07  7.41 Source u_dut.u_pack.expsig_rounded_CCU2C_S1_12$CCU2_COMB0.FCO
Info:    routing  0.00  7.41 Net u_dut.u_pack.expsig_rounded_CCU2C_S1_12$CCU2_FCI_INT (17,10) -> (17,10)
Info:                          Sink u_dut.u_pack.expsig_rounded_CCU2C_S1_12$CCU2_COMB1.FCI
Info:      logic  0.00  7.41 Source u_dut.u_pack.expsig_rounded_CCU2C_S1_12$CCU2_COMB1.FCO
Info:    routing  0.00  7.41 Net u_dut.u_pack.expsig_rounded_CCU2C_S1_10_COUT[19] (17,10) -> (17,10)
Info:                          Sink u_dut.u_pack.expsig_rounded_CCU2C_S1_17$CCU2_COMB0.FCI
Info:                          Defined in:
Info:                               /mnt/storage/zubax/kulibin2/float/hdl/_zkf_pack.v:92.42-92.89
Info:                               /mnt/storage/synth_eval/oss-cad-suite/lib/../share/yosys/lattice/arith_map_ccu2c.v:63.22-63.23
Info:      logic  0.07  7.48 Source u_dut.u_pack.expsig_rounded_CCU2C_S1_17$CCU2_COMB0.FCO
Info:    routing  0.00  7.48 Net u_dut.u_pack.expsig_rounded_CCU2C_S1_17$CCU2_FCI_INT (17,10) -> (17,10)
Info:                          Sink u_dut.u_pack.expsig_rounded_CCU2C_S1_17$CCU2_COMB1.FCI
Info:      logic  0.00  7.48 Source u_dut.u_pack.expsig_rounded_CCU2C_S1_17$CCU2_COMB1.FCO
Info:    routing  0.00  7.48 Net u_dut.u_pack.expsig_rounded_CCU2C_S1_10_COUT[21] (17,10) -> (18,10)
Info:                          Sink u_dut.u_pack.expsig_rounded_CCU2C_S1$CCU2_COMB0.FCI
Info:                          Defined in:
Info:                               /mnt/storage/zubax/kulibin2/float/hdl/_zkf_pack.v:92.42-92.89
Info:                               /mnt/storage/synth_eval/oss-cad-suite/lib/../share/yosys/lattice/arith_map_ccu2c.v:63.22-63.23
Info:      logic  0.07  7.55 Source u_dut.u_pack.expsig_rounded_CCU2C_S1$CCU2_COMB0.FCO
Info:    routing  0.00  7.55 Net u_dut.u_pack.expsig_rounded_CCU2C_S1$CCU2_FCI_INT (18,10) -> (18,10)
Info:                          Sink u_dut.u_pack.expsig_rounded_CCU2C_S1$CCU2_COMB1.FCI
Info:      logic  0.00  7.55 Source u_dut.u_pack.expsig_rounded_CCU2C_S1$CCU2_COMB1.FCO
Info:    routing  0.00  7.55 Net u_dut.u_pack.expsig_rounded_CCU2C_S1_10_COUT[23] (18,10) -> (18,10)
Info:                          Sink u_dut.u_pack.expsig_rounded_CCU2C_S1_1$CCU2_COMB0.FCI
Info:                          Defined in:
Info:                               /mnt/storage/zubax/kulibin2/float/hdl/_zkf_pack.v:92.42-92.89
Info:                               /mnt/storage/synth_eval/oss-cad-suite/lib/../share/yosys/lattice/arith_map_ccu2c.v:63.22-63.23
Info:      logic  0.07  7.62 Source u_dut.u_pack.expsig_rounded_CCU2C_S1_1$CCU2_COMB0.FCO
Info:    routing  0.00  7.62 Net u_dut.u_pack.expsig_rounded_CCU2C_S1_1$CCU2_FCI_INT (18,10) -> (18,10)
Info:                          Sink u_dut.u_pack.expsig_rounded_CCU2C_S1_1$CCU2_COMB1.FCI
Info:      logic  0.00  7.62 Source u_dut.u_pack.expsig_rounded_CCU2C_S1_1$CCU2_COMB1.FCO
Info:    routing  0.00  7.62 Net u_dut.u_pack.expsig_rounded_CCU2C_S1_10_COUT[25] (18,10) -> (18,10)
Info:                          Sink u_dut.u_pack.expsig_rounded_CCU2C_S1_21$CCU2_COMB0.FCI
Info:                          Defined in:
Info:                               /mnt/storage/zubax/kulibin2/float/hdl/_zkf_pack.v:92.42-92.89
Info:                               /mnt/storage/synth_eval/oss-cad-suite/lib/../share/yosys/lattice/arith_map_ccu2c.v:63.22-63.23
Info:      logic  0.07  7.69 Source u_dut.u_pack.expsig_rounded_CCU2C_S1_21$CCU2_COMB0.FCO
Info:    routing  0.00  7.69 Net u_dut.u_pack.expsig_rounded_CCU2C_S1_21$CCU2_FCI_INT (18,10) -> (18,10)
Info:                          Sink u_dut.u_pack.expsig_rounded_CCU2C_S1_21$CCU2_COMB1.FCI
Info:      logic  0.00  7.69 Source u_dut.u_pack.expsig_rounded_CCU2C_S1_21$CCU2_COMB1.FCO
Info:    routing  0.00  7.69 Net u_dut.u_pack.expsig_rounded_CCU2C_S1_10_COUT[27] (18,10) -> (18,10)
Info:                          Sink u_dut.u_pack.expsig_rounded_CCU2C_S1_19$CCU2_COMB0.FCI
Info:                          Defined in:
Info:                               /mnt/storage/zubax/kulibin2/float/hdl/_zkf_pack.v:92.42-92.89
Info:                               /mnt/storage/synth_eval/oss-cad-suite/lib/../share/yosys/lattice/arith_map_ccu2c.v:63.22-63.23
Info:      logic  0.07  7.76 Source u_dut.u_pack.expsig_rounded_CCU2C_S1_19$CCU2_COMB0.FCO
Info:    routing  0.00  7.76 Net u_dut.u_pack.expsig_rounded_CCU2C_S1_19$CCU2_FCI_INT (18,10) -> (18,10)
Info:                          Sink u_dut.u_pack.expsig_rounded_CCU2C_S1_19$CCU2_COMB1.FCI
Info:      logic  0.00  7.76 Source u_dut.u_pack.expsig_rounded_CCU2C_S1_19$CCU2_COMB1.FCO
Info:    routing  0.00  7.76 Net u_dut.u_pack.expsig_rounded_CCU2C_S1_10_COUT[29] (18,10) -> (19,10)
Info:                          Sink u_dut.u_pack.expsig_rounded_CCU2C_S1_7$CCU2_COMB0.FCI
Info:                          Defined in:
Info:                               /mnt/storage/zubax/kulibin2/float/hdl/_zkf_pack.v:92.42-92.89
Info:                               /mnt/storage/synth_eval/oss-cad-suite/lib/../share/yosys/lattice/arith_map_ccu2c.v:63.22-63.23
Info:      logic  0.44  8.21 Source u_dut.u_pack.expsig_rounded_CCU2C_S1_7$CCU2_COMB0.F
Info:    routing  1.30  9.51 Net u_dut.u_pack.expsig_rounded[30] (19,10) -> (21,11)
Info:                          Sink u_dut.y_TRELLIS_FF_Q_31_DI_LUT4_Z.D
Info:                          Defined in:
Info:                               /mnt/storage/zubax/kulibin2/float/hdl/_zkf_pack.v:94.24-94.36
Info:      logic  0.24  9.74 Source u_dut.y_TRELLIS_FF_Q_31_DI_LUT4_Z.F
Info:    routing  0.13  9.87 Net u_dut.y_TRELLIS_FF_Q_31_DI (21,11) -> (21,11)
Info:                          Sink u_dut.y_TRELLIS_FF_Q_31.DI
Info:      setup  0.00  9.87 Source u_dut.y_TRELLIS_FF_Q_31.DI
Info: 3.85 ns logic, 6.03 ns routing

Info: Critical path report for cross-domain path '<async>' -> 'posedge $glbnet$clk$TRELLIS_IO_IN':
Info:       type curr  total name
Info:     source  0.00  0.00 Source a_i[13]$tr_io.O
Info:    routing  6.17  6.17 Net a_i[13]$TRELLIS_IO_IN (72,44) -> (6,11)
Info:                          Sink a_r_TRELLIS_FF_Q_14.M
Info:                          Defined in:
Info:                               /mnt/storage/test/zkf-vs-flopoco/artifacts/targets/ecp5-yosys/rows/zkf_add_w8_m36_stage_output/src/top_zkf_add_w8_m36_stage_output.v:8.24-8.27
Info:      setup  0.00  6.17 Source a_r_TRELLIS_FF_Q_14.M
Info: 0.00 ns logic, 6.17 ns routing

Info: Critical path report for cross-domain path 'posedge $glbnet$clk$TRELLIS_IO_IN' -> '<async>':
Info:       type curr  total name
Info:   clk-to-q  0.52  0.52 Source out_valid_o_TRELLIS_FF_Q.Q
Info:    routing  4.53  5.05 Net out_valid_o$TRELLIS_IO_OUT (65,29) -> (0,41)
Info:                          Sink out_valid_o$tr_io.I
Info:                          Defined in:
Info:                               /mnt/storage/test/zkf-vs-flopoco/artifacts/targets/ecp5-yosys/rows/zkf_add_w8_m36_stage_output/src/top_zkf_add_w8_m36_stage_output.v:32.108-32.119
Info: 0.52 ns logic, 4.53 ns routing

Info: Max frequency for clock '$glbnet$clk$TRELLIS_IO_IN': 101.31 MHz (PASS at 100.00 MHz)

Info: Max delay <async>                           -> posedge $glbnet$clk$TRELLIS_IO_IN: 6.17 ns
Info: Max delay posedge $glbnet$clk$TRELLIS_IO_IN -> <async>                          : 5.05 ns

Info: Slack histogram:
Info:  legend: * represents 1 endpoint(s)
Info:          + represents [1,1) endpoint(s)
Info: [   129,    576) |******+
Info: [   576,   1023) |**********************+
Info: [  1023,   1470) |******************************+
Info: [  1470,   1917) |****************+
Info: [  1917,   2364) |***************************************+
Info: [  2364,   2811) |*******************************************+
Info: [  2811,   3258) |***************************************+
Info: [  3258,   3705) |*******************+
Info: [  3705,   4152) |*******************+
Info: [  4152,   4599) |**************************+
Info: [  4599,   5046) |*******************+
Info: [  5046,   5493) |*******+
Info: [  5493,   5940) |***************+
Info: [  5940,   6387) |*********+
Info: [  6387,   6834) |*************+
Info: [  6834,   7281) |******************+
Info: [  7281,   7728) |***************************************+
Info: [  7728,   8175) |************************************************************ 
Info: [  8175,   8622) |***********************************************************+
Info: [  8622,   9069) |**************************************+

Info: Program finished normally.
$ nextpnr-ecp5 --json /mnt/storage/test/zkf-vs-flopoco/artifacts/targets/ecp5-yosys/rows/zkf_add_w8_m36_stage_output/netlist.json --write /mnt/storage/test/zkf-vs-flopoco/artifacts/targets/ecp5-yosys/rows/zkf_add_w8_m36_stage_output/nextpnr-routed.json --12k --package CABGA381 --speed 6 --freq 100 --timing-allow-fail --lpf-allow-unconstrained --report /mnt/storage/test/zkf-vs-flopoco/artifacts/targets/ecp5-yosys/rows/zkf_add_w8_m36_stage_output/nextpnr-report.json


[exit code 0]
