trce:  version Diamond (64-bit) 3.14.0.75.2

Copyright (c) 1991-1994 by NeoCAD Inc. All rights reserved.
Copyright (c) 1995 AT&T Corp.   All rights reserved.
Copyright (c) 1995-2001 Lucent Technologies Inc.  All rights reserved.
Copyright (c) 2001 Agere Systems   All rights reserved.
Copyright (c) 2002-2024 Lattice Semiconductor Corporation,  All rights reserved.

Loading design for application trce from file /mnt/storage/test/zkf-vs-flopoco/artifacts/targets/ecp5-diamond/rows/flopoco_mul_we8_wf35_dummyfpga_plain_f300/top_flopoco_mul_we8_wf35_dummyfpga_plain_f300.ncd.
Design name: top_flopoco_mul_we8_wf35_dummyfpga_plain_f300
NCD version: 3.3
Vendor:      LATTICE
Device:      LFE5U-12F
Package:     CABGA381
Performance: 6
Loading device for application trce from file 'sa5p25.nph' in environment: /usr/local/diamond/3.14/ispfpga.
Package Status:                     Final          Version 1.44.
Performance Hardware Data Status:   Final          Version 55.1.
Setup and Hold Report

--------------------------------------------------------------------------------
Lattice TRACE Report - Setup, Version Diamond (64-bit) 3.14.0.75.2
Sat May 23 22:34:44 2026

Copyright (c) 1991-1994 by NeoCAD Inc. All rights reserved.
Copyright (c) 1995 AT&T Corp.   All rights reserved.
Copyright (c) 1995-2001 Lucent Technologies Inc.  All rights reserved.
Copyright (c) 2001 Agere Systems   All rights reserved.
Copyright (c) 2002-2024 Lattice Semiconductor Corporation,  All rights reserved.

Report Information
------------------
Command line:    trce -v 10 -gt -sethld -sp 6 -sphld m -o /mnt/storage/test/zkf-vs-flopoco/artifacts/targets/ecp5-diamond/rows/flopoco_mul_we8_wf35_dummyfpga_plain_f300/top_flopoco_mul_we8_wf35_dummyfpga_plain_f300.twr /mnt/storage/test/zkf-vs-flopoco/artifacts/targets/ecp5-diamond/rows/flopoco_mul_we8_wf35_dummyfpga_plain_f300/top_flopoco_mul_we8_wf35_dummyfpga_plain_f300.ncd /mnt/storage/test/zkf-vs-flopoco/artifacts/targets/ecp5-diamond/rows/flopoco_mul_we8_wf35_dummyfpga_plain_f300/top_flopoco_mul_we8_wf35_dummyfpga_plain_f300.prf 
Design file:     top_flopoco_mul_we8_wf35_dummyfpga_plain_f300.ncd
Preference file: top_flopoco_mul_we8_wf35_dummyfpga_plain_f300.prf
Device,speed:    LFE5U-12F,6
Report level:    verbose report, limited to 10 items per preference
--------------------------------------------------------------------------------

BLOCK ASYNCPATHS
BLOCK RESETPATHS
--------------------------------------------------------------------------------



Timing summary (Setup):
---------------

Timing errors: 4096  Score: 10580346
Cumulative negative slack: 10580346

Constraints cover 5363473 paths, 1 nets, and 863 connections (86.21% coverage)

--------------------------------------------------------------------------------
Lattice TRACE Report - Hold, Version Diamond (64-bit) 3.14.0.75.2
Sat May 23 22:34:45 2026

Copyright (c) 1991-1994 by NeoCAD Inc. All rights reserved.
Copyright (c) 1995 AT&T Corp.   All rights reserved.
Copyright (c) 1995-2001 Lucent Technologies Inc.  All rights reserved.
Copyright (c) 2001 Agere Systems   All rights reserved.
Copyright (c) 2002-2024 Lattice Semiconductor Corporation,  All rights reserved.

Report Information
------------------
Command line:    trce -v 10 -gt -sethld -sp 6 -sphld m -o /mnt/storage/test/zkf-vs-flopoco/artifacts/targets/ecp5-diamond/rows/flopoco_mul_we8_wf35_dummyfpga_plain_f300/top_flopoco_mul_we8_wf35_dummyfpga_plain_f300.twr /mnt/storage/test/zkf-vs-flopoco/artifacts/targets/ecp5-diamond/rows/flopoco_mul_we8_wf35_dummyfpga_plain_f300/top_flopoco_mul_we8_wf35_dummyfpga_plain_f300.ncd /mnt/storage/test/zkf-vs-flopoco/artifacts/targets/ecp5-diamond/rows/flopoco_mul_we8_wf35_dummyfpga_plain_f300/top_flopoco_mul_we8_wf35_dummyfpga_plain_f300.prf 
Design file:     top_flopoco_mul_we8_wf35_dummyfpga_plain_f300.ncd
Preference file: top_flopoco_mul_we8_wf35_dummyfpga_plain_f300.prf
Device,speed:    LFE5U-12F,m
Report level:    verbose report, limited to 10 items per preference
--------------------------------------------------------------------------------

BLOCK ASYNCPATHS
BLOCK RESETPATHS
--------------------------------------------------------------------------------



Timing summary (Hold):
---------------

Timing errors: 0  Score: 0
Cumulative negative slack: 0

Constraints cover 5363473 paths, 1 nets, and 863 connections (86.21% coverage)



Timing summary (Setup and Hold):
---------------

Timing errors: 4096 (setup), 0 (hold)
Score: 10580346 (setup), 0 (hold)
Cumulative negative slack: 10580346 (10580346+0)
--------------------------------------------------------------------------------

--------------------------------------------------------------------------------

Total CPU Time: 3 secs 
Total REAL Time: 4 secs 
Peak Memory Usage: 278 MB

$ /usr/local/diamond/3.14/ispfpga/bin/lin64/trce -v 10 -gt -sethld -sp 6 -sphld m -o /mnt/storage/test/zkf-vs-flopoco/artifacts/targets/ecp5-diamond/rows/flopoco_mul_we8_wf35_dummyfpga_plain_f300/top_flopoco_mul_we8_wf35_dummyfpga_plain_f300.twr /mnt/storage/test/zkf-vs-flopoco/artifacts/targets/ecp5-diamond/rows/flopoco_mul_we8_wf35_dummyfpga_plain_f300/top_flopoco_mul_we8_wf35_dummyfpga_plain_f300.ncd /mnt/storage/test/zkf-vs-flopoco/artifacts/targets/ecp5-diamond/rows/flopoco_mul_we8_wf35_dummyfpga_plain_f300/top_flopoco_mul_we8_wf35_dummyfpga_plain_f300.prf


[exit code 0]
