
Lattice Mapping Report File for Design Module
     'top_tommath_add_e8_m17_round_even_sticky_p5'


Design Information
------------------

Command line:   /usr/local/diamond/3.14/ispfpga/bin/lin64/map -a ECP5U -p
     LFE5U-12F -t CABGA381 -s 6 -oc Commercial /mnt/storage/test/zkf-vs-flopoco/
     artifacts/targets/ecp5-diamond/rows/tommath_add_e8_m17_round_even_sticky_p5
     /top_tommath_add_e8_m17_round_even_sticky_p5.ngd -o /mnt/storage/test/zkf-v
     s-flopoco/artifacts/targets/ecp5-diamond/rows/tommath_add_e8_m17_round_even
     _sticky_p5/top_tommath_add_e8_m17_round_even_sticky_p5_map.ncd -pr /mnt/sto
     rage/test/zkf-vs-flopoco/artifacts/targets/ecp5-diamond/rows/tommath_add_e8
     _m17_round_even_sticky_p5/top_tommath_add_e8_m17_round_even_sticky_p5.prf
     -mp /mnt/storage/test/zkf-vs-flopoco/artifacts/targets/ecp5-diamond/rows/to
     mmath_add_e8_m17_round_even_sticky_p5/top_tommath_add_e8_m17_round_even_sti
     cky_p5.mrp -lpf /mnt/storage/test/zkf-vs-flopoco/artifacts/targets/ecp5-dia
     mond/rows/tommath_add_e8_m17_round_even_sticky_p5/constraints.lpf 
Target Vendor:  LATTICE
Target Device:  LFE5U-12FCABGA381
Target Performance:   6
Mapper:  sa5p00,  version:  Diamond (64-bit) 3.14.0.75.2
Mapped on:  05/24/26  13:49:09

Design Summary
--------------

   Number of registers:    287 out of 12687 (2%)
      PFU registers:          287 out of 12096 (2%)
      PIO registers:            0 out of   591 (0%)
   Number of SLICEs:       427 out of  6048 (7%)
      SLICEs as Logic/ROM:    421 out of  6048 (7%)
      SLICEs as RAM:            6 out of  4536 (0%)
      SLICEs as Carry:         69 out of  6048 (1%)
   Number of LUT4s:        655 out of 12096 (5%)
      Number used as logic LUTs:        505
      Number used as distributed RAM:    12
      Number used as ripple logic:      138
      Number used as shift registers:     0
   Number of PIO sites used: 82 out of 197 (42%)
   Number of block RAMs:  0 out of 32 (0%)
   Number of GSRs:  1 out of 1 (100%)
   JTAG used :      No
   Readback used :  No
   Oscillator used :  No
   Startup used :   No
   DTR used :   No
   Number of Dynamic Bank Controller (BCINRD):  0 out of 4 (0%)
   Number of Dynamic Bank Controller (BCLVDSOB):  0 out of 4 (0%)
   Number of DCC:  0 out of 60 (0%)
   Number of DCS:  0 out of 2 (0%)
   Number of DDRDLLs:  0 out of 4 (0%)
   Number of CLKDIV:  0 out of 4 (0%)
   Number of ECLKSYNC:  0 out of 10 (0%)
   Number of ECLKBRIDGECS:  0 out of 2 (0%)
   Notes:-
      1. Total number of LUT4s = (Number of logic LUT4s) + 2*(Number of
     distributed RAMs) + 2*(Number of ripple logic)
      2. Number of logic LUT4s does not include count of distributed RAM and
     ripple logic.

                                    Page 1




Design:  top_tommath_add_e8_m17_round_even_sticky_p5   Date:  05/24/26  13:49:09

Design Summary (cont)
---------------------

        Number Of Mapped DSP Components:
   --------------------------------
   MULT18X18D          0
   MULT9X9D            0
   ALU54B              0
   ALU24B              0
   PRADD18A            0
   PRADD9A             0
   --------------------------------
   Number of Used DSP MULT Sites:  0 out of 56 (0 %)
   Number of Used DSP ALU Sites:  0 out of 28 (0 %)
   Number of Used DSP PRADD Sites:  0 out of 56 (0 %)
   Number of clocks:  1
     Net clk_c: 176 loads, 176 rising, 0 falling (Driver: PIO clk )
   Number of Clock Enables:  0
   Number of local set/reset loads for net rst_c merged into GSR:  5
   Number of LSRs:  14
     Net rst_c: 2 loads, 2 LSLICEs
     Net _zz_zz_switch_Misc_l241_0: 1 loads, 1 LSLICEs
     Net n5_n0_is_nan: 2 loads, 2 LSLICEs
     Net n452: 4 loads, 4 LSLICEs
     Net n1864: 10 loads, 10 LSLICEs
     Net n1384: 2 loads, 2 LSLICEs
     Net _zz_zz_switch_Misc_l241_20: 1 loads, 1 LSLICEs
     Net u_dut/n446: 3 loads, 3 LSLICEs
     Net u_dut/n6180: 5 loads, 5 LSLICEs
     Net u_dut/n1_n0_exp_diff_ovfl: 4 loads, 4 LSLICEs
     Net u_dut/_zz_n1_mant_b_shift_4_20: 1 loads, 1 LSLICEs
     Net u_dut/n1690: 3 loads, 3 LSLICEs
     Net u_dut/n186: 1 loads, 1 LSLICEs
     Net u_dut/n6160: 1 loads, 1 LSLICEs
   Number of nets driven by tri-state buffers:  0
   Top 10 highest fanout non-clock nets:
     Net _zz_n5_exp_add_m_lz_3_2: 60 loads
     Net _zz_n5_exp_add_m_lz_3_4: 58 loads
     Net _zz_n5_exp_add_m_lz_3_1: 55 loads
     Net n0_exp_diff_a_b_8: 52 loads
     Net _zz_n5_exp_add_m_lz_3_3: 43 loads
     Net n2_mant_b_opt_inv_22_N_130_22: 42 loads
     Net u_dut/n2_n0_sign_a_swap: 42 loads
     Net u_dut/n2_n0_sign_b_swap: 42 loads
     Net _zz_zz_n1_mant_b_shift_1_1: 42 loads
     Net _zz_n1_mant_b_shift_0: 40 loads




   Number of warnings:  1
   Number of errors:    0
     

Design Errors/Warnings
----------------------

WARNING - map: Using local reset signal 'rst_c' to infer global GSR net.

                                    Page 2




Design:  top_tommath_add_e8_m17_round_even_sticky_p5   Date:  05/24/26  13:49:09


IO (PIO) Attributes
-------------------

+---------------------+-----------+-----------+------------+
| IO Name             | Direction | Levelmode | IO         |
|                     |           |  IO_TYPE  | Register   |
+---------------------+-----------+-----------+------------+
| out_valid_o         | OUTPUT    | LVCMOS25  |            |
+---------------------+-----------+-----------+------------+
| y_o[25]             | OUTPUT    | LVCMOS25  |            |
+---------------------+-----------+-----------+------------+
| y_o[24]             | OUTPUT    | LVCMOS25  |            |
+---------------------+-----------+-----------+------------+
| y_o[23]             | OUTPUT    | LVCMOS25  |            |
+---------------------+-----------+-----------+------------+
| y_o[22]             | OUTPUT    | LVCMOS25  |            |
+---------------------+-----------+-----------+------------+
| y_o[21]             | OUTPUT    | LVCMOS25  |            |
+---------------------+-----------+-----------+------------+
| y_o[20]             | OUTPUT    | LVCMOS25  |            |
+---------------------+-----------+-----------+------------+
| y_o[19]             | OUTPUT    | LVCMOS25  |            |
+---------------------+-----------+-----------+------------+
| y_o[18]             | OUTPUT    | LVCMOS25  |            |
+---------------------+-----------+-----------+------------+
| y_o[17]             | OUTPUT    | LVCMOS25  |            |
+---------------------+-----------+-----------+------------+
| y_o[16]             | OUTPUT    | LVCMOS25  |            |
+---------------------+-----------+-----------+------------+
| y_o[15]             | OUTPUT    | LVCMOS25  |            |
+---------------------+-----------+-----------+------------+
| y_o[14]             | OUTPUT    | LVCMOS25  |            |
+---------------------+-----------+-----------+------------+
| y_o[13]             | OUTPUT    | LVCMOS25  |            |
+---------------------+-----------+-----------+------------+
| y_o[12]             | OUTPUT    | LVCMOS25  |            |
+---------------------+-----------+-----------+------------+
| y_o[11]             | OUTPUT    | LVCMOS25  |            |
+---------------------+-----------+-----------+------------+
| y_o[10]             | OUTPUT    | LVCMOS25  |            |
+---------------------+-----------+-----------+------------+
| y_o[9]              | OUTPUT    | LVCMOS25  |            |
+---------------------+-----------+-----------+------------+
| y_o[8]              | OUTPUT    | LVCMOS25  |            |
+---------------------+-----------+-----------+------------+
| y_o[7]              | OUTPUT    | LVCMOS25  |            |
+---------------------+-----------+-----------+------------+
| y_o[6]              | OUTPUT    | LVCMOS25  |            |
+---------------------+-----------+-----------+------------+
| y_o[5]              | OUTPUT    | LVCMOS25  |            |
+---------------------+-----------+-----------+------------+
| y_o[4]              | OUTPUT    | LVCMOS25  |            |
+---------------------+-----------+-----------+------------+
| y_o[3]              | OUTPUT    | LVCMOS25  |            |
+---------------------+-----------+-----------+------------+
| y_o[2]              | OUTPUT    | LVCMOS25  |            |
+---------------------+-----------+-----------+------------+

                                    Page 3




Design:  top_tommath_add_e8_m17_round_even_sticky_p5   Date:  05/24/26  13:49:09

IO (PIO) Attributes (cont)
--------------------------
| y_o[1]              | OUTPUT    | LVCMOS25  |            |
+---------------------+-----------+-----------+------------+
| y_o[0]              | OUTPUT    | LVCMOS25  |            |
+---------------------+-----------+-----------+------------+
| clk                 | INPUT     | LVCMOS25  |            |
+---------------------+-----------+-----------+------------+
| rst                 | INPUT     | LVCMOS25  |            |
+---------------------+-----------+-----------+------------+
| in_valid_i          | INPUT     | LVCMOS25  |            |
+---------------------+-----------+-----------+------------+
| a_i[25]             | INPUT     | LVCMOS25  |            |
+---------------------+-----------+-----------+------------+
| a_i[24]             | INPUT     | LVCMOS25  |            |
+---------------------+-----------+-----------+------------+
| a_i[23]             | INPUT     | LVCMOS25  |            |
+---------------------+-----------+-----------+------------+
| a_i[22]             | INPUT     | LVCMOS25  |            |
+---------------------+-----------+-----------+------------+
| a_i[21]             | INPUT     | LVCMOS25  |            |
+---------------------+-----------+-----------+------------+
| a_i[20]             | INPUT     | LVCMOS25  |            |
+---------------------+-----------+-----------+------------+
| a_i[19]             | INPUT     | LVCMOS25  |            |
+---------------------+-----------+-----------+------------+
| a_i[18]             | INPUT     | LVCMOS25  |            |
+---------------------+-----------+-----------+------------+
| a_i[17]             | INPUT     | LVCMOS25  |            |
+---------------------+-----------+-----------+------------+
| a_i[16]             | INPUT     | LVCMOS25  |            |
+---------------------+-----------+-----------+------------+
| a_i[15]             | INPUT     | LVCMOS25  |            |
+---------------------+-----------+-----------+------------+
| a_i[14]             | INPUT     | LVCMOS25  |            |
+---------------------+-----------+-----------+------------+
| a_i[13]             | INPUT     | LVCMOS25  |            |
+---------------------+-----------+-----------+------------+
| a_i[12]             | INPUT     | LVCMOS25  |            |
+---------------------+-----------+-----------+------------+
| a_i[11]             | INPUT     | LVCMOS25  |            |
+---------------------+-----------+-----------+------------+
| a_i[10]             | INPUT     | LVCMOS25  |            |
+---------------------+-----------+-----------+------------+
| a_i[9]              | INPUT     | LVCMOS25  |            |
+---------------------+-----------+-----------+------------+
| a_i[8]              | INPUT     | LVCMOS25  |            |
+---------------------+-----------+-----------+------------+
| a_i[7]              | INPUT     | LVCMOS25  |            |
+---------------------+-----------+-----------+------------+
| a_i[6]              | INPUT     | LVCMOS25  |            |
+---------------------+-----------+-----------+------------+
| a_i[5]              | INPUT     | LVCMOS25  |            |
+---------------------+-----------+-----------+------------+
| a_i[4]              | INPUT     | LVCMOS25  |            |
+---------------------+-----------+-----------+------------+
| a_i[3]              | INPUT     | LVCMOS25  |            |
+---------------------+-----------+-----------+------------+

                                    Page 4




Design:  top_tommath_add_e8_m17_round_even_sticky_p5   Date:  05/24/26  13:49:09

IO (PIO) Attributes (cont)
--------------------------
| a_i[2]              | INPUT     | LVCMOS25  |            |
+---------------------+-----------+-----------+------------+
| a_i[1]              | INPUT     | LVCMOS25  |            |
+---------------------+-----------+-----------+------------+
| a_i[0]              | INPUT     | LVCMOS25  |            |
+---------------------+-----------+-----------+------------+
| b_i[25]             | INPUT     | LVCMOS25  |            |
+---------------------+-----------+-----------+------------+
| b_i[24]             | INPUT     | LVCMOS25  |            |
+---------------------+-----------+-----------+------------+
| b_i[23]             | INPUT     | LVCMOS25  |            |
+---------------------+-----------+-----------+------------+
| b_i[22]             | INPUT     | LVCMOS25  |            |
+---------------------+-----------+-----------+------------+
| b_i[21]             | INPUT     | LVCMOS25  |            |
+---------------------+-----------+-----------+------------+
| b_i[20]             | INPUT     | LVCMOS25  |            |
+---------------------+-----------+-----------+------------+
| b_i[19]             | INPUT     | LVCMOS25  |            |
+---------------------+-----------+-----------+------------+
| b_i[18]             | INPUT     | LVCMOS25  |            |
+---------------------+-----------+-----------+------------+
| b_i[17]             | INPUT     | LVCMOS25  |            |
+---------------------+-----------+-----------+------------+
| b_i[16]             | INPUT     | LVCMOS25  |            |
+---------------------+-----------+-----------+------------+
| b_i[15]             | INPUT     | LVCMOS25  |            |
+---------------------+-----------+-----------+------------+
| b_i[14]             | INPUT     | LVCMOS25  |            |
+---------------------+-----------+-----------+------------+
| b_i[13]             | INPUT     | LVCMOS25  |            |
+---------------------+-----------+-----------+------------+
| b_i[12]             | INPUT     | LVCMOS25  |            |
+---------------------+-----------+-----------+------------+
| b_i[11]             | INPUT     | LVCMOS25  |            |
+---------------------+-----------+-----------+------------+
| b_i[10]             | INPUT     | LVCMOS25  |            |
+---------------------+-----------+-----------+------------+
| b_i[9]              | INPUT     | LVCMOS25  |            |
+---------------------+-----------+-----------+------------+
| b_i[8]              | INPUT     | LVCMOS25  |            |
+---------------------+-----------+-----------+------------+
| b_i[7]              | INPUT     | LVCMOS25  |            |
+---------------------+-----------+-----------+------------+
| b_i[6]              | INPUT     | LVCMOS25  |            |
+---------------------+-----------+-----------+------------+
| b_i[5]              | INPUT     | LVCMOS25  |            |
+---------------------+-----------+-----------+------------+
| b_i[4]              | INPUT     | LVCMOS25  |            |
+---------------------+-----------+-----------+------------+
| b_i[3]              | INPUT     | LVCMOS25  |            |
+---------------------+-----------+-----------+------------+
| b_i[2]              | INPUT     | LVCMOS25  |            |
+---------------------+-----------+-----------+------------+
| b_i[1]              | INPUT     | LVCMOS25  |            |
+---------------------+-----------+-----------+------------+

                                    Page 5




Design:  top_tommath_add_e8_m17_round_even_sticky_p5   Date:  05/24/26  13:49:09

IO (PIO) Attributes (cont)
--------------------------
| b_i[0]              | INPUT     | LVCMOS25  |            |
+---------------------+-----------+-----------+------------+

Removed logic
-------------

Signal u_dut/n6181 was merged into signal _zz_zz_n1_mant_b_shift_1_4
Signal u_dut/n1866 was merged into signal u_dut/_zz_n1_mant_b_shift_4_20
Signal u_dut/n0_a_geq_b was merged into signal n0_exp_diff_a_b_8
Signal VCC_net undriven or does not drive anything - clipped.
Signal _add_1_426_add_4_2/S0 undriven or does not drive anything - clipped.
Signal _add_1_426_add_4_2/CI undriven or does not drive anything - clipped.
Signal _add_1_429_add_4_19/S1 undriven or does not drive anything - clipped.
Signal _add_1_429_add_4_19/CO undriven or does not drive anything - clipped.
Signal _add_1_add_4_2/S0 undriven or does not drive anything - clipped.
Signal _add_1_add_4_2/CI undriven or does not drive anything - clipped.
Signal _add_2_add_4_9/CO undriven or does not drive anything - clipped.
Signal add_3700_1/S1 undriven or does not drive anything - clipped.
Signal add_3700_1/S0 undriven or does not drive anything - clipped.
Signal add_3700_1/CI undriven or does not drive anything - clipped.
Signal _add_1_add_4_10/CO undriven or does not drive anything - clipped.
Signal add_3700_3/S1 undriven or does not drive anything - clipped.
Signal add_3700_3/S0 undriven or does not drive anything - clipped.
Signal add_3700_5/S1 undriven or does not drive anything - clipped.
Signal add_3700_5/S0 undriven or does not drive anything - clipped.
Signal add_3700_7/S1 undriven or does not drive anything - clipped.
Signal add_3700_7/S0 undriven or does not drive anything - clipped.
Signal add_3700_9/S1 undriven or does not drive anything - clipped.
Signal add_3700_9/S0 undriven or does not drive anything - clipped.
Signal add_3700_11/S1 undriven or does not drive anything - clipped.
Signal add_3700_11/S0 undriven or does not drive anything - clipped.
Signal add_3700_13/S1 undriven or does not drive anything - clipped.
Signal add_3700_13/S0 undriven or does not drive anything - clipped.
Signal add_3700_15/S1 undriven or does not drive anything - clipped.
Signal add_3700_15/S0 undriven or does not drive anything - clipped.
Signal add_3700_17/S1 undriven or does not drive anything - clipped.
Signal add_3700_17/S0 undriven or does not drive anything - clipped.
Signal add_3700_19/S1 undriven or does not drive anything - clipped.
Signal add_3700_19/S0 undriven or does not drive anything - clipped.
Signal _add_1_423_add_4_19/S0 undriven or does not drive anything - clipped.
Signal _add_1_423_add_4_19/CO undriven or does not drive anything - clipped.
Signal n4_n3_mant_add_res1_add_4_2/S0 undriven or does not drive anything -
     clipped.
Signal n4_n3_mant_add_res1_add_4_2/CI undriven or does not drive anything -
     clipped.
Signal add_3700_21/S1 undriven or does not drive anything - clipped.
Signal add_3700_21/S0 undriven or does not drive anything - clipped.
Signal add_3700_23/S0 undriven or does not drive anything - clipped.
Signal add_3700_23/CO undriven or does not drive anything - clipped.
Signal _add_1_429_add_4_1/S0 undriven or does not drive anything - clipped.
Signal _add_1_429_add_4_1/CI undriven or does not drive anything - clipped.
Signal _add_1_423_add_4_1/S0 undriven or does not drive anything - clipped.
Signal _add_1_423_add_4_1/CI undriven or does not drive anything - clipped.
Signal _add_1_414_add_4_19/S0 undriven or does not drive anything - clipped.
Signal _add_1_414_add_4_19/CO undriven or does not drive anything - clipped.
Signal _add_1_426_add_4_10/S1 undriven or does not drive anything - clipped.

                                    Page 6




Design:  top_tommath_add_e8_m17_round_even_sticky_p5   Date:  05/24/26  13:49:09

Removed logic (cont)
--------------------
Signal _add_1_426_add_4_10/CO undriven or does not drive anything - clipped.
Signal _add_2_add_4_1/S0 undriven or does not drive anything - clipped.
Signal _add_2_add_4_1/CI undriven or does not drive anything - clipped.
Signal n4_n3_mant_add_res1_add_4_24/S1 undriven or does not drive anything -
     clipped.
Signal n4_n3_mant_add_res1_add_4_24/CO undriven or does not drive anything -
     clipped.
Signal _add_1_414_add_4_1/S0 undriven or does not drive anything - clipped.
Signal _add_1_414_add_4_1/CI undriven or does not drive anything - clipped.
Block u_dut/i3197_1_lut_rep_310 was optimized away.
Block u_dut/i1009_1_lut was optimized away.
Block u_dut/i476_1_lut was optimized away.
Block i17 was optimized away.

Memory Usage
------------

/u_dut/n1_n0_exp_add_sft00000:
    EBRs: 0
    RAM SLICEs: 3
    Logic SLICEs: 0
    PFU Registers: 0
/u_dut/n1_n0_exp_add_sft00001:
    EBRs: 0
    RAM SLICEs: 3
    Logic SLICEs: 0
    PFU Registers: 0

     

GSR Usage
---------

GSR Component:
   The local reset signal 'rst_c' of the design has been inferred as Global Set
        Reset (GSR). The reset signal used for GSR control is 'rst_c'.
        

     GSR Property:
   The design components with GSR property set to ENABLED will respond to global
        set reset while the components with GSR property set to DISABLED will
        not.
        

     Components on inferred reset domain with GSR Property disabled
--------------------------------------------------------------

     These components have the GSR property set to DISABLED and are on the
     inferred reset domain. The components will respond to the reset signal
     'rst_c' via the local reset on the component and not the GSR component.

     Type and number of components of the type: 
   Register = 2 

     Type and instance name of component: 
   Register : in_valid_r_14

                                    Page 7




Design:  top_tommath_add_e8_m17_round_even_sticky_p5   Date:  05/24/26  13:49:09

GSR Usage (cont)
----------------
   Register : out_valid_r_15

Run Time and Memory Usage
-------------------------

   Total CPU Time: 0 secs  
   Total REAL Time: 0 secs  
   Peak Memory Usage: 189 MB
        
















































                                    Page 8


Copyright (c) 1991-1994 by NeoCAD Inc. All rights reserved.
     Copyright (c) 1995 AT&T Corp.   All rights reserved.
     Copyright (c) 1995-2001 Lucent Technologies Inc.  All rights reserved.
     Copyright (c) 2001 Agere Systems   All rights reserved.
     Copyright (c) 2002-2024 Lattice Semiconductor Corporation,  All rights
     reserved.
