
Lattice Place and Route Report for Design "/mnt/storage/test/zkf-vs-flopoco/artifacts/targets/ecp5-diamond/rows/tommath_mul_e8_m35_round_even_p2/top_tommath_mul_e8_m35_round_even_p2_map.ncd"
Sun May 24 14:02:24 2026

PAR: Place And Route Diamond (64-bit) 3.14.0.75.2.
Command Line: /usr/local/diamond/3.14/ispfpga/bin/lin64/par -w -l 5 -i 6 -t 1 -c 0 -e 0 -exp
parUseNBR=1:parCDP=auto:parCDR=1:parPathBased=OFF
/mnt/storage/test/zkf-vs-flopoco/artifacts/targets/ecp5-diamond/rows/tommath_mul_e8_m35_round_even_p2/top_tommath_mul_e8_m35_round_even_p2_map.ncd
/mnt/storage/test/zkf-vs-flopoco/artifacts/targets/ecp5-diamond/rows/tommath_mul_e8_m35_round_even_p2/top_tommath_mul_e8_m35_round_even_p2.ncd
/mnt/storage/test/zkf-vs-flopoco/artifacts/targets/ecp5-diamond/rows/tommath_mul_e8_m35_round_even_p2/top_tommath_mul_e8_m35_round_even_p2.prf

Preference file: /mnt/storage/test/zkf-vs-flopoco/artifacts/targets/ecp5-diamond/rows/tommath_mul_e8_m35_round_even_p2/top_tommath_mul_e8_m35_round_even_p2.prf.
Placement level-cost: 5-1.
Routing Iterations: 6

Loading design for application par from file /mnt/storage/test/zkf-vs-flopoco/artifacts/targets/ecp5-diamond/rows/tommath_mul_e8_m35_round_even_p2/top_tommath_mul_e8_m35_round_even_p2_map.ncd.
Design name: top_tommath_mul_e8_m35_round_even_p2
NCD version: 3.3
Vendor:      LATTICE
Device:      LFE5U-12F
Package:     CABGA381
Performance: 6
Loading device for application par from file 'sa5p25.nph' in environment: /usr/local/diamond/3.14/ispfpga.
Package Status:                     Final          Version 1.44.
Performance Hardware Data Status:   Final          Version 55.1.
License checked out.


Ignore Preference Error(s):  True
Device utilization summary:

   PIO (prelim)     136/197          69% used
                    136/197          69% bonded

   SLICE            255/6048          4% used

   GSR                1/1           100% used
   MULT18             4/28           14% used
   ALU54              2/14           14% used


Number of Signals: 860
Number of Connections: 1529

Pin Constraint Summary:
   0 out of 136 pins locked (0% locked).


The following 2 signals are selected to use the primary clock routing resources:
    clk_c (driver: clk, clk/ce/sr load #: 125/0/0)
    n2_n0_is_nan (driver: u_dut/SLICE_255, clk/ce/sr load #: 0/0/18)


Signal rst_c is selected as Global Set/Reset.
.
Starting Placer Phase 0.
............
Finished Placer Phase 0.  REAL time: 9 secs 


Starting Placer Phase 1.
................
Placer score = 990000.
Finished Placer Phase 1.  REAL time: 16 secs 

Starting Placer Phase 2.
.
Placer score =  983472
Finished Placer Phase 2.  REAL time: 16 secs 


------------------ Clock Report ------------------

Global Clock Resources:
  CLK_PIN    : 1 out of 12 (8%)
  GR_PCLK    : 0 out of 12 (0%)
  PLL        : 0 out of 2 (0%)
  DCS        : 0 out of 2 (0%)
  DCC        : 0 out of 60 (0%)
  CLKDIV     : 0 out of 4 (0%)

Quadrant TL Clocks:
  PRIMARY "clk_c" from comp "clk" on CLK_PIN site "B11 (PT29A)", CLK/CE/SR load = 91

  PRIMARY  : 1 out of 16 (6%)

Quadrant TR Clocks:
  PRIMARY "clk_c" from comp "clk" on CLK_PIN site "B11 (PT29A)", CLK/CE/SR load = 28
  PRIMARY "n2_n0_is_nan" from Q0 on comp "u_dut/SLICE_255" on site "R9C36A", CLK/CE/SR load = 18

  PRIMARY  : 2 out of 16 (12%)

Quadrant BL Clocks:
  PRIMARY "clk_c" from comp "clk" on CLK_PIN site "B11 (PT29A)", CLK/CE/SR load = 6

  PRIMARY  : 1 out of 16 (6%)

Quadrant BR Clocks:

  PRIMARY  : 0 out of 16 (0%)

Edge Clocks:

  No edge clock selected.


--------------- End of Clock Report ---------------


+
I/O Usage Summary (final):
   136 out of 197 (69.0%) PIO sites used.
   136 out of 197 (69.0%) bonded PIO sites used.
   Number of PIO comps: 136; differential: 0.
   Number of Vref pins used: 0.

I/O Bank Usage Summary:
+----------+----------------+------------+------------+------------+
| I/O Bank | Usage          | Bank Vccio | Bank Vref1 | Bank Vref2 |
+----------+----------------+------------+------------+------------+
| 0        | 24 / 24 (100%) | 2.5V       | -          | -          |
| 1        | 29 / 32 ( 90%) | 2.5V       | -          | -          |
| 2        | 18 / 32 ( 56%) | 2.5V       | -          | -          |
| 3        | 0 / 32 (  0%)  | -          | -          | -          |
| 6        | 22 / 32 ( 68%) | 2.5V       | -          | -          |
| 7        | 32 / 32 (100%) | 2.5V       | -          | -          |
| 8        | 11 / 13 ( 84%) | 2.5V       | -          | -          |
+----------+----------------+------------+------------+------------+

---------------------------------- DSP Report ----------------------------------

DSP Slice #:           1  2  3  4  5  6  7  8  9 10 11 12 13 14
# of MULT9                                                     
# of MULT18                        2  2                        
# of ALU24                                                     
# of ALU54                         1  1                        
# of PRADD9                                                    
# of PRADD18                                                   

DSP Slice  5         Component_Type       Physical_Type            Instance_Name         
 MULT18_R13C22         MULT18X18D             MULT18          u_dut/n2_n1_mant_mul_e3    
 MULT18_R13C23         MULT18X18D             MULT18             u_dut/lat_mult_0        
  ALU54_R13C25           ALU54B               ALU54               u_dut/lat_alu_3        

DSP Slice  6         Component_Type       Physical_Type            Instance_Name         
 MULT18_R13C26         MULT18X18D             MULT18             u_dut/lat_mult_1        
 MULT18_R13C27         MULT18X18D             MULT18             u_dut/lat_mult_2        
  ALU54_R13C29           ALU54B               ALU54               u_dut/lat_alu_4        

------------------------------ End of DSP Report -------------------------------
Total placer CPU time: 15 secs 

Dumping design to file /mnt/storage/test/zkf-vs-flopoco/artifacts/targets/ecp5-diamond/rows/tommath_mul_e8_m35_round_even_p2/top_tommath_mul_e8_m35_round_even_p2.ncd.

0 connections routed; 1529 unrouted.
Starting router resource preassignment
DSP info: No dsp pins have been swapped.

Completed router resource preassignment. Real time: 20 secs 

Start NBR router at Sun May 24 14:02:44 EEST 2026

*****************************************************************
Info: NBR allows conflicts(one node used by more than one signal)
      in the earlier iterations. In each iteration, it tries to  
      solve the conflicts while keeping the critical connections 
      routed as short as possible. The routing process is said to
      be completed when no conflicts exist and all connections   
      are routed.                                                
Note: NBR uses a different method to calculate timing slacks. The
      worst slack and total negative slack may not be the same as
      that in TRCE report. You should always run TRCE to verify  
      your design.                                               
*****************************************************************

Start NBR special constraint process at Sun May 24 14:02:45 EEST 2026

Start NBR section for initial routing at Sun May 24 14:02:45 EEST 2026
Level 1, iteration 1
11(0.00%) conflicts; 1050(68.67%) untouched conns; 791144 (nbr) score; 
Estimated worst slack/total negative slack<setup>: -3.288ns/-791.145ns; real time: 22 secs 
Level 2, iteration 1
116(0.01%) conflicts; 834(54.55%) untouched conns; 708530 (nbr) score; 
Estimated worst slack/total negative slack<setup>: -3.335ns/-708.530ns; real time: 22 secs 
Level 3, iteration 1
92(0.01%) conflicts; 427(27.93%) untouched conns; 724138 (nbr) score; 
Estimated worst slack/total negative slack<setup>: -3.319ns/-724.139ns; real time: 23 secs 
Level 4, iteration 1
77(0.01%) conflicts; 0(0.00%) untouched conn; 740218 (nbr) score; 
Estimated worst slack/total negative slack<setup>: -3.371ns/-740.219ns; real time: 23 secs 

Info: Initial congestion level at 75% usage is 0
Info: Initial congestion area  at 75% usage is 0 (0.00%)

Start NBR section for normal routing at Sun May 24 14:02:47 EEST 2026
Level 1, iteration 1
60(0.01%) conflicts; 32(2.09%) untouched conns; 725436 (nbr) score; 
Estimated worst slack/total negative slack<setup>: -3.327ns/-725.436ns; real time: 23 secs 
Level 4, iteration 1
66(0.01%) conflicts; 0(0.00%) untouched conn; 727444 (nbr) score; 
Estimated worst slack/total negative slack<setup>: -3.327ns/-727.444ns; real time: 23 secs 
Level 4, iteration 2
58(0.00%) conflicts; 0(0.00%) untouched conn; 729148 (nbr) score; 
Estimated worst slack/total negative slack<setup>: -3.327ns/-729.148ns; real time: 24 secs 
Level 4, iteration 3
52(0.00%) conflicts; 0(0.00%) untouched conn; 735961 (nbr) score; 
Estimated worst slack/total negative slack<setup>: -3.379ns/-735.961ns; real time: 24 secs 
Level 4, iteration 4
28(0.00%) conflicts; 0(0.00%) untouched conn; 735961 (nbr) score; 
Estimated worst slack/total negative slack<setup>: -3.379ns/-735.961ns; real time: 24 secs 
Level 4, iteration 5
23(0.00%) conflicts; 0(0.00%) untouched conn; 767789 (nbr) score; 
Estimated worst slack/total negative slack<setup>: -3.469ns/-767.789ns; real time: 25 secs 
Level 4, iteration 6
22(0.00%) conflicts; 0(0.00%) untouched conn; 767789 (nbr) score; 
Estimated worst slack/total negative slack<setup>: -3.469ns/-767.789ns; real time: 25 secs 
Level 4, iteration 7
6(0.00%) conflicts; 0(0.00%) untouched conn; 806803 (nbr) score; 
Estimated worst slack/total negative slack<setup>: -3.536ns/-806.804ns; real time: 25 secs 
Level 4, iteration 8
8(0.00%) conflicts; 0(0.00%) untouched conn; 806803 (nbr) score; 
Estimated worst slack/total negative slack<setup>: -3.536ns/-806.804ns; real time: 25 secs 
Level 4, iteration 9
6(0.00%) conflicts; 0(0.00%) untouched conn; 856443 (nbr) score; 
Estimated worst slack/total negative slack<setup>: -3.761ns/-856.444ns; real time: 25 secs 
Level 4, iteration 10
2(0.00%) conflicts; 0(0.00%) untouched conn; 856443 (nbr) score; 
Estimated worst slack/total negative slack<setup>: -3.761ns/-856.444ns; real time: 25 secs 
Level 4, iteration 11
2(0.00%) conflicts; 0(0.00%) untouched conn; 859135 (nbr) score; 
Estimated worst slack/total negative slack<setup>: -3.761ns/-859.136ns; real time: 26 secs 
Level 4, iteration 12
1(0.00%) conflict; 0(0.00%) untouched conn; 859135 (nbr) score; 
Estimated worst slack/total negative slack<setup>: -3.761ns/-859.136ns; real time: 26 secs 
Level 4, iteration 13
1(0.00%) conflict; 0(0.00%) untouched conn; 858948 (nbr) score; 
Estimated worst slack/total negative slack<setup>: -3.761ns/-858.949ns; real time: 26 secs 
Level 4, iteration 14
0(0.00%) conflict; 0(0.00%) untouched conn; 858948 (nbr) score; 
Estimated worst slack/total negative slack<setup>: -3.761ns/-858.949ns; real time: 26 secs 

Start NBR section for performance tuning (iteration 1) at Sun May 24 14:02:50 EEST 2026
Level 4, iteration 1
2(0.00%) conflicts; 0(0.00%) untouched conn; 859183 (nbr) score; 
Estimated worst slack/total negative slack<setup>: -3.799ns/-859.184ns; real time: 26 secs 

Start NBR section for re-routing at Sun May 24 14:02:50 EEST 2026
Level 4, iteration 1
0(0.00%) conflict; 0(0.00%) untouched conn; 901635 (nbr) score; 
Estimated worst slack/total negative slack<setup>: -3.939ns/-901.636ns; real time: 26 secs 

Start NBR section for post-routing at Sun May 24 14:02:50 EEST 2026

End NBR router with 0 unrouted connection

NBR Summary
-----------
  Number of unrouted connections : 0 (0.00%)
  Number of connections with timing violations : 424 (27.73%)
  Estimated worst slack<setup> : -3.939ns
  Timing score<setup> : 11032978
-----------
Notes: The timing info is calculated for SETUP only and all PAR_ADJs are ignored.



Total CPU time 30 secs 
Total REAL time: 31 secs 
Completely routed.
End of route.  1529 routed (100.00%); 0 unrouted.

Hold time timing score: 0, hold timing errors: 0

Timing score: 11032978 

Dumping design to file /mnt/storage/test/zkf-vs-flopoco/artifacts/targets/ecp5-diamond/rows/tommath_mul_e8_m35_round_even_p2/top_tommath_mul_e8_m35_round_even_p2.ncd.


PAR_SUMMARY::Run status = Completed
PAR_SUMMARY::Number of unrouted conns = 0
PAR_SUMMARY::Worst  slack<setup/<ns>> = -3.939
PAR_SUMMARY::Timing score<setup/<ns>> = 11032.978
PAR_SUMMARY::Worst  slack<hold /<ns>> = 0.174
PAR_SUMMARY::Timing score<hold /<ns>> = 0.000
PAR_SUMMARY::Number of errors = 0

Total CPU  time to completion: 31 secs 
Total REAL time to completion: 31 secs 

par done!

Note: user must run 'Trace' for timing closure signoff.

Copyright (c) 1991-1994 by NeoCAD Inc. All rights reserved.
Copyright (c) 1995 AT&T Corp.   All rights reserved.
Copyright (c) 1995-2001 Lucent Technologies Inc.  All rights reserved.
Copyright (c) 2001 Agere Systems   All rights reserved.
Copyright (c) 2002-2024 Lattice Semiconductor Corporation,  All rights reserved.
$ /usr/local/diamond/3.14/ispfpga/bin/lin64/par -w -l 5 -i 6 -t 1 -c 0 -e 0 -exp parUseNBR=1:parCDP=auto:parCDR=1:parPathBased=OFF /mnt/storage/test/zkf-vs-flopoco/artifacts/targets/ecp5-diamond/rows/tommath_mul_e8_m35_round_even_p2/top_tommath_mul_e8_m35_round_even_p2_map.ncd /mnt/storage/test/zkf-vs-flopoco/artifacts/targets/ecp5-diamond/rows/tommath_mul_e8_m35_round_even_p2/top_tommath_mul_e8_m35_round_even_p2.ncd /mnt/storage/test/zkf-vs-flopoco/artifacts/targets/ecp5-diamond/rows/tommath_mul_e8_m35_round_even_p2/top_tommath_mul_e8_m35_round_even_p2.prf


[exit code 0]
