Copyright 1986-2022 Xilinx, Inc. All Rights Reserved. Copyright 2022-2026 Advanced Micro Devices, Inc. All Rights Reserved.
------------------------------------------------------------------------------------------------------------------------------------------------------------------------------------------------------------------
| Tool Version : Vivado v.2025.2.1 (lin64) Build 6403652 Thu Mar 19 13:47:00 MDT 2026
| Date         : Sat May 23 23:32:04 2026
| Host         : deep-thought running 64-bit Manjaro Linux
| Command      : report_timing_summary -file /mnt/storage/test/zkf-vs-flopoco/artifacts/targets/spartan7-vivado/rows/flopoco_div_we8_wf17_zynq7000_native_srt_87_f300/timing_summary.rpt -max_paths 10 -nworst 10
| Design       : top_flopoco_div_we8_wf17_zynq7000_native_srt_87_f300
| Device       : 7s50-csga324
| Speed File   : -1  PRODUCTION 1.23 2018-06-13
| Design State : Routed
------------------------------------------------------------------------------------------------------------------------------------------------------------------------------------------------------------------

Timing Summary Report

------------------------------------------------------------------------------------------------
| Timer Settings
| --------------
------------------------------------------------------------------------------------------------

  Enable Multi Corner Analysis               :  Yes
  Enable Pessimism Removal                   :  Yes
  Pessimism Removal Resolution               :  Nearest Common Node
  Enable Input Delay Default Clock           :  No
  Enable Preset / Clear Arcs                 :  No
  Disable Flight Delays                      :  No
  Ignore I/O Paths                           :  No
  Timing Early Launch at Borrowing Latches   :  No
  Borrow Time for Max Delay Exceptions       :  Yes
  Merge Timing Exceptions                    :  Yes
  Inter-SLR Compensation                     :  Conservative

  Corner  Analyze    Analyze    
  Name    Max Paths  Min Paths  
  ------  ---------  ---------  
  Slow    Yes        Yes        
  Fast    Yes        Yes        


------------------------------------------------------------------------------------------------
| Report Methodology
| ------------------
------------------------------------------------------------------------------------------------

No report available as report_methodology has not been run prior. Run report_methodology on the current design for the summary of methodology violations.



check_timing report

Table of Contents
-----------------
1. checking no_clock (0)
2. checking constant_clock (0)
3. checking pulse_width_clock (0)
4. checking unconstrained_internal_endpoints (0)
5. checking no_input_delay (56)
6. checking no_output_delay (28)
7. checking multiple_clock (0)
8. checking generated_clocks (0)
9. checking loops (0)
10. checking partial_input_delay (0)
11. checking partial_output_delay (0)
12. checking latch_loops (0)

1. checking no_clock (0)
------------------------
 There are 0 register/latch pins with no clock.


2. checking constant_clock (0)
------------------------------
 There are 0 register/latch pins with constant_clock.


3. checking pulse_width_clock (0)
---------------------------------
 There are 0 register/latch pins which need pulse_width check


4. checking unconstrained_internal_endpoints (0)
------------------------------------------------
 There are 0 pins that are not constrained for maximum delay.

 There are 0 pins that are not constrained for maximum delay due to constant clock.


5. checking no_input_delay (56)
-------------------------------
 There are 56 input ports with no input delay specified. (HIGH)

 There are 0 input ports with no input delay but user has a false path constraint.


6. checking no_output_delay (28)
--------------------------------
 There are 28 ports with no output delay specified. (HIGH)

 There are 0 ports with no output delay but user has a false path constraint

 There are 0 ports with no output delay but with a timing clock defined on it or propagating through it


7. checking multiple_clock (0)
------------------------------
 There are 0 register/latch pins with multiple clocks.


8. checking generated_clocks (0)
--------------------------------
 There are 0 generated clocks that are not connected to a clock source.


9. checking loops (0)
---------------------
 There are 0 combinational loops in the design.


10. checking partial_input_delay (0)
------------------------------------
 There are 0 input ports with partial input delay specified.


11. checking partial_output_delay (0)
-------------------------------------
 There are 0 ports with partial output delay specified.


12. checking latch_loops (0)
----------------------------
 There are 0 combinational latch loops in the design through latch input



------------------------------------------------------------------------------------------------
| Design Timing Summary
| ---------------------
------------------------------------------------------------------------------------------------

    WNS(ns)      TNS(ns)  TNS Failing Endpoints  TNS Total Endpoints      WHS(ns)      THS(ns)  THS Failing Endpoints  THS Total Endpoints     WPWS(ns)     TPWS(ns)  TPWS Failing Endpoints  TPWS Total Endpoints  
    -------      -------  ---------------------  -------------------      -------      -------  ---------------------  -------------------     --------     --------  ----------------------  --------------------  
      0.482        0.000                      0                  862        0.037        0.000                      0                  862        2.353        0.000                       0                   918  


All user specified timing constraints are met.


------------------------------------------------------------------------------------------------
| Clock Summary
| -------------
------------------------------------------------------------------------------------------------

Clock  Waveform(ns)         Period(ns)      Frequency(MHz)
-----  ------------         ----------      --------------
clk    {0.000 3.333}        6.667           149.993         


------------------------------------------------------------------------------------------------
| Intra Clock Table
| -----------------
------------------------------------------------------------------------------------------------

Clock             WNS(ns)      TNS(ns)  TNS Failing Endpoints  TNS Total Endpoints      WHS(ns)      THS(ns)  THS Failing Endpoints  THS Total Endpoints     WPWS(ns)     TPWS(ns)  TPWS Failing Endpoints  TPWS Total Endpoints  
-----             -------      -------  ---------------------  -------------------      -------      -------  ---------------------  -------------------     --------     --------  ----------------------  --------------------  
clk                 0.482        0.000                      0                  862        0.037        0.000                      0                  862        2.353        0.000                       0                   918  


------------------------------------------------------------------------------------------------
| Inter Clock Table
| -----------------
------------------------------------------------------------------------------------------------

From Clock    To Clock          WNS(ns)      TNS(ns)  TNS Failing Endpoints  TNS Total Endpoints      WHS(ns)      THS(ns)  THS Failing Endpoints  THS Total Endpoints  
----------    --------          -------      -------  ---------------------  -------------------      -------      -------  ---------------------  -------------------  


------------------------------------------------------------------------------------------------
| Other Path Groups Table
| -----------------------
------------------------------------------------------------------------------------------------

Path Group    From Clock    To Clock          WNS(ns)      TNS(ns)  TNS Failing Endpoints  TNS Total Endpoints      WHS(ns)      THS(ns)  THS Failing Endpoints  THS Total Endpoints  
----------    ----------    --------          -------      -------  ---------------------  -------------------      -------      -------  ---------------------  -------------------  


------------------------------------------------------------------------------------------------
| Timing Details
| --------------
------------------------------------------------------------------------------------------------


---------------------------------------------------------------------------------------------------
From Clock:  clk
  To Clock:  clk

Setup :            0  Failing Endpoints,  Worst Slack        0.482ns,  Total Violation        0.000ns
Hold  :            0  Failing Endpoints,  Worst Slack        0.037ns,  Total Violation        0.000ns
PW    :            0  Failing Endpoints,  Worst Slack        2.353ns,  Total Violation        0.000ns
---------------------------------------------------------------------------------------------------


Max Delay Paths
--------------------------------------------------------------------------------------
Slack (MET) :             0.482ns  (required time - arrival time)
  Source:                 u_dut/qM3_d2_reg[2]/C
                            (rising edge-triggered cell FDRE clocked by clk  {rise@0.000ns fall@3.333ns period=6.667ns})
  Destination:            u_dut/qP2_d3_reg[2]_srl3/D
                            (rising edge-triggered cell SRL16E clocked by clk  {rise@0.000ns fall@3.333ns period=6.667ns})
  Path Group:             clk
  Path Type:              Setup (Max at Slow Process Corner)
  Requirement:            6.667ns  (clk rise@6.667ns - clk rise@0.000ns)
  Data Path Delay:        6.071ns  (logic 2.487ns (40.962%)  route 3.584ns (59.038%))
  Logic Levels:           8  (CARRY4=5 LUT1=1 LUT3=1 LUT5=1)
  Clock Path Skew:        -0.049ns (DCD - SCD + CPR)
    Destination Clock Delay (DCD):    0.924ns = ( 7.591 - 6.667 ) 
    Source Clock Delay      (SCD):    0.973ns
    Clock Pessimism Removal (CPR):    0.000ns
  Clock Uncertainty:      0.035ns  ((TSJ^2 + TIJ^2)^1/2 + DJ) / 2 + PE
    Total System Jitter     (TSJ):    0.071ns
    Total Input Jitter      (TIJ):    0.000ns
    Discrete Jitter          (DJ):    0.000ns
    Phase Error              (PE):    0.000ns

    Location             Delay type                Incr(ns)  Path(ns)    Netlist Resource(s)
  -------------------------------------------------------------------    -------------------
                         (clock clk rise edge)        0.000     0.000 r  
                                                      0.000     0.000 r  clk (IN)
                         net (fo=917, unset)          0.973     0.973    u_dut/clk
    SLICE_X8Y36          FDRE                                         r  u_dut/qM3_d2_reg[2]/C
  -------------------------------------------------------------------    -------------------
    SLICE_X8Y36          FDRE (Prop_fdre_C_Q)         0.478     1.451 f  u_dut/qM3_d2_reg[2]/Q
                         net (fo=23, routed)          0.740     2.191    u_dut/qM3_d2[2]
    SLICE_X8Y36          LUT1 (Prop_lut1_I0_O)        0.296     2.487 r  u_dut/w2pad_d1[6]_i_2/O
                         net (fo=1, routed)           0.620     3.106    u_dut/p_0_out__2[1]
    SLICE_X10Y34         CARRY4 (Prop_carry4_CYINIT_CO[3])
                                                      0.595     3.701 r  u_dut/w2pad_d1_reg[6]_i_1/CO[3]
                         net (fo=1, routed)           0.000     3.701    u_dut/w2pad_d1_reg[6]_i_1_n_0
    SLICE_X10Y35         CARRY4 (Prop_carry4_CI_CO[3])
                                                      0.117     3.818 r  u_dut/w2pad_d1_reg[10]_i_1/CO[3]
                         net (fo=1, routed)           0.000     3.818    u_dut/w2pad_d1_reg[10]_i_1_n_0
    SLICE_X10Y36         CARRY4 (Prop_carry4_CI_CO[3])
                                                      0.117     3.935 r  u_dut/w2pad_d1_reg[14]_i_1/CO[3]
                         net (fo=1, routed)           0.000     3.935    u_dut/w2pad_d1_reg[14]_i_1_n_0
    SLICE_X10Y37         CARRY4 (Prop_carry4_CI_CO[3])
                                                      0.117     4.052 r  u_dut/w2pad_d1_reg[18]_i_1/CO[3]
                         net (fo=1, routed)           0.000     4.052    u_dut/w2pad_d1_reg[18]_i_1_n_0
    SLICE_X10Y38         CARRY4 (Prop_carry4_CI_O[1])
                                                      0.337     4.389 r  u_dut/w2pad_d1_reg[20]_i_1/O[1]
                         net (fo=7, routed)           0.764     5.153    u_dut/w2pad[20]
    SLICE_X9Y36          LUT5 (Prop_lut5_I2_O)        0.306     5.459 r  u_dut/g1_b2__3/O
                         net (fo=2, routed)           0.651     6.110    u_dut/SelFunctionTable2/qP2_d4_reg[2]_0
    SLICE_X9Y35          LUT3 (Prop_lut3_I1_O)        0.124     6.234 r  u_dut/SelFunctionTable2/qP2_d3_reg[2]_srl3_i_1/O
                         net (fo=19, routed)          0.810     7.044    u_dut/SelFunctionTable2_n_2
    SLICE_X10Y40         SRL16E                                       r  u_dut/qP2_d3_reg[2]_srl3/D
  -------------------------------------------------------------------    -------------------

                         (clock clk rise edge)        6.667     6.667 r  
                                                      0.000     6.667 r  clk (IN)
                         net (fo=917, unset)          0.924     7.591    u_dut/clk
    SLICE_X10Y40         SRL16E                                       r  u_dut/qP2_d3_reg[2]_srl3/CLK
                         clock pessimism              0.000     7.591    
                         clock uncertainty           -0.035     7.556    
    SLICE_X10Y40         SRL16E (Setup_srl16e_CLK_D)
                                                     -0.030     7.526    u_dut/qP2_d3_reg[2]_srl3
  -------------------------------------------------------------------
                         required time                          7.526    
                         arrival time                          -7.044    
  -------------------------------------------------------------------
                         slack                                  0.482    

Slack (MET) :             0.482ns  (required time - arrival time)
  Source:                 u_dut/qM3_d2_reg[2]/C
                            (rising edge-triggered cell FDRE clocked by clk  {rise@0.000ns fall@3.333ns period=6.667ns})
  Destination:            u_dut/qP2_d3_reg[2]_srl3/D
                            (rising edge-triggered cell SRL16E clocked by clk  {rise@0.000ns fall@3.333ns period=6.667ns})
  Path Group:             clk
  Path Type:              Setup (Max at Slow Process Corner)
  Requirement:            6.667ns  (clk rise@6.667ns - clk rise@0.000ns)
  Data Path Delay:        6.071ns  (logic 2.487ns (40.962%)  route 3.584ns (59.038%))
  Logic Levels:           8  (CARRY4=5 LUT1=1 LUT3=1 LUT5=1)
  Clock Path Skew:        -0.049ns (DCD - SCD + CPR)
    Destination Clock Delay (DCD):    0.924ns = ( 7.591 - 6.667 ) 
    Source Clock Delay      (SCD):    0.973ns
    Clock Pessimism Removal (CPR):    0.000ns
  Clock Uncertainty:      0.035ns  ((TSJ^2 + TIJ^2)^1/2 + DJ) / 2 + PE
    Total System Jitter     (TSJ):    0.071ns
    Total Input Jitter      (TIJ):    0.000ns
    Discrete Jitter          (DJ):    0.000ns
    Phase Error              (PE):    0.000ns

    Location             Delay type                Incr(ns)  Path(ns)    Netlist Resource(s)
  -------------------------------------------------------------------    -------------------
                         (clock clk rise edge)        0.000     0.000 r  
                                                      0.000     0.000 r  clk (IN)
                         net (fo=917, unset)          0.973     0.973    u_dut/clk
    SLICE_X8Y36          FDRE                                         r  u_dut/qM3_d2_reg[2]/C
  -------------------------------------------------------------------    -------------------
    SLICE_X8Y36          FDRE (Prop_fdre_C_Q)         0.478     1.451 f  u_dut/qM3_d2_reg[2]/Q
                         net (fo=23, routed)          0.740     2.191    u_dut/qM3_d2[2]
    SLICE_X8Y36          LUT1 (Prop_lut1_I0_O)        0.296     2.487 r  u_dut/w2pad_d1[6]_i_2/O
                         net (fo=1, routed)           0.620     3.106    u_dut/p_0_out__2[1]
    SLICE_X10Y34         CARRY4 (Prop_carry4_CYINIT_CO[3])
                                                      0.595     3.701 f  u_dut/w2pad_d1_reg[6]_i_1/CO[3]
                         net (fo=1, routed)           0.000     3.701    u_dut/w2pad_d1_reg[6]_i_1_n_0
    SLICE_X10Y35         CARRY4 (Prop_carry4_CI_CO[3])
                                                      0.117     3.818 r  u_dut/w2pad_d1_reg[10]_i_1/CO[3]
                         net (fo=1, routed)           0.000     3.818    u_dut/w2pad_d1_reg[10]_i_1_n_0
    SLICE_X10Y36         CARRY4 (Prop_carry4_CI_CO[3])
                                                      0.117     3.935 r  u_dut/w2pad_d1_reg[14]_i_1/CO[3]
                         net (fo=1, routed)           0.000     3.935    u_dut/w2pad_d1_reg[14]_i_1_n_0
    SLICE_X10Y37         CARRY4 (Prop_carry4_CI_CO[3])
                                                      0.117     4.052 r  u_dut/w2pad_d1_reg[18]_i_1/CO[3]
                         net (fo=1, routed)           0.000     4.052    u_dut/w2pad_d1_reg[18]_i_1_n_0
    SLICE_X10Y38         CARRY4 (Prop_carry4_CI_O[1])
                                                      0.337     4.389 r  u_dut/w2pad_d1_reg[20]_i_1/O[1]
                         net (fo=7, routed)           0.764     5.153    u_dut/w2pad[20]
    SLICE_X9Y36          LUT5 (Prop_lut5_I2_O)        0.306     5.459 r  u_dut/g1_b2__3/O
                         net (fo=2, routed)           0.651     6.110    u_dut/SelFunctionTable2/qP2_d4_reg[2]_0
    SLICE_X9Y35          LUT3 (Prop_lut3_I1_O)        0.124     6.234 r  u_dut/SelFunctionTable2/qP2_d3_reg[2]_srl3_i_1/O
                         net (fo=19, routed)          0.810     7.044    u_dut/SelFunctionTable2_n_2
    SLICE_X10Y40         SRL16E                                       r  u_dut/qP2_d3_reg[2]_srl3/D
  -------------------------------------------------------------------    -------------------

                         (clock clk rise edge)        6.667     6.667 r  
                                                      0.000     6.667 r  clk (IN)
                         net (fo=917, unset)          0.924     7.591    u_dut/clk
    SLICE_X10Y40         SRL16E                                       r  u_dut/qP2_d3_reg[2]_srl3/CLK
                         clock pessimism              0.000     7.591    
                         clock uncertainty           -0.035     7.556    
    SLICE_X10Y40         SRL16E (Setup_srl16e_CLK_D)
                                                     -0.030     7.526    u_dut/qP2_d3_reg[2]_srl3
  -------------------------------------------------------------------
                         required time                          7.526    
                         arrival time                          -7.044    
  -------------------------------------------------------------------
                         slack                                  0.482    

Slack (MET) :             0.482ns  (required time - arrival time)
  Source:                 u_dut/qM3_d2_reg[2]/C
                            (rising edge-triggered cell FDRE clocked by clk  {rise@0.000ns fall@3.333ns period=6.667ns})
  Destination:            u_dut/qP2_d3_reg[2]_srl3/D
                            (rising edge-triggered cell SRL16E clocked by clk  {rise@0.000ns fall@3.333ns period=6.667ns})
  Path Group:             clk
  Path Type:              Setup (Max at Slow Process Corner)
  Requirement:            6.667ns  (clk rise@6.667ns - clk rise@0.000ns)
  Data Path Delay:        6.071ns  (logic 2.487ns (40.962%)  route 3.584ns (59.038%))
  Logic Levels:           8  (CARRY4=5 LUT1=1 LUT3=1 LUT5=1)
  Clock Path Skew:        -0.049ns (DCD - SCD + CPR)
    Destination Clock Delay (DCD):    0.924ns = ( 7.591 - 6.667 ) 
    Source Clock Delay      (SCD):    0.973ns
    Clock Pessimism Removal (CPR):    0.000ns
  Clock Uncertainty:      0.035ns  ((TSJ^2 + TIJ^2)^1/2 + DJ) / 2 + PE
    Total System Jitter     (TSJ):    0.071ns
    Total Input Jitter      (TIJ):    0.000ns
    Discrete Jitter          (DJ):    0.000ns
    Phase Error              (PE):    0.000ns

    Location             Delay type                Incr(ns)  Path(ns)    Netlist Resource(s)
  -------------------------------------------------------------------    -------------------
                         (clock clk rise edge)        0.000     0.000 r  
                                                      0.000     0.000 r  clk (IN)
                         net (fo=917, unset)          0.973     0.973    u_dut/clk
    SLICE_X8Y36          FDRE                                         r  u_dut/qM3_d2_reg[2]/C
  -------------------------------------------------------------------    -------------------
    SLICE_X8Y36          FDRE (Prop_fdre_C_Q)         0.478     1.451 f  u_dut/qM3_d2_reg[2]/Q
                         net (fo=23, routed)          0.740     2.191    u_dut/qM3_d2[2]
    SLICE_X8Y36          LUT1 (Prop_lut1_I0_O)        0.296     2.487 r  u_dut/w2pad_d1[6]_i_2/O
                         net (fo=1, routed)           0.620     3.106    u_dut/p_0_out__2[1]
    SLICE_X10Y34         CARRY4 (Prop_carry4_CYINIT_CO[3])
                                                      0.595     3.701 r  u_dut/w2pad_d1_reg[6]_i_1/CO[3]
                         net (fo=1, routed)           0.000     3.701    u_dut/w2pad_d1_reg[6]_i_1_n_0
    SLICE_X10Y35         CARRY4 (Prop_carry4_CI_CO[3])
                                                      0.117     3.818 f  u_dut/w2pad_d1_reg[10]_i_1/CO[3]
                         net (fo=1, routed)           0.000     3.818    u_dut/w2pad_d1_reg[10]_i_1_n_0
    SLICE_X10Y36         CARRY4 (Prop_carry4_CI_CO[3])
                                                      0.117     3.935 r  u_dut/w2pad_d1_reg[14]_i_1/CO[3]
                         net (fo=1, routed)           0.000     3.935    u_dut/w2pad_d1_reg[14]_i_1_n_0
    SLICE_X10Y37         CARRY4 (Prop_carry4_CI_CO[3])
                                                      0.117     4.052 r  u_dut/w2pad_d1_reg[18]_i_1/CO[3]
                         net (fo=1, routed)           0.000     4.052    u_dut/w2pad_d1_reg[18]_i_1_n_0
    SLICE_X10Y38         CARRY4 (Prop_carry4_CI_O[1])
                                                      0.337     4.389 r  u_dut/w2pad_d1_reg[20]_i_1/O[1]
                         net (fo=7, routed)           0.764     5.153    u_dut/w2pad[20]
    SLICE_X9Y36          LUT5 (Prop_lut5_I2_O)        0.306     5.459 r  u_dut/g1_b2__3/O
                         net (fo=2, routed)           0.651     6.110    u_dut/SelFunctionTable2/qP2_d4_reg[2]_0
    SLICE_X9Y35          LUT3 (Prop_lut3_I1_O)        0.124     6.234 r  u_dut/SelFunctionTable2/qP2_d3_reg[2]_srl3_i_1/O
                         net (fo=19, routed)          0.810     7.044    u_dut/SelFunctionTable2_n_2
    SLICE_X10Y40         SRL16E                                       r  u_dut/qP2_d3_reg[2]_srl3/D
  -------------------------------------------------------------------    -------------------

                         (clock clk rise edge)        6.667     6.667 r  
                                                      0.000     6.667 r  clk (IN)
                         net (fo=917, unset)          0.924     7.591    u_dut/clk
    SLICE_X10Y40         SRL16E                                       r  u_dut/qP2_d3_reg[2]_srl3/CLK
                         clock pessimism              0.000     7.591    
                         clock uncertainty           -0.035     7.556    
    SLICE_X10Y40         SRL16E (Setup_srl16e_CLK_D)
                                                     -0.030     7.526    u_dut/qP2_d3_reg[2]_srl3
  -------------------------------------------------------------------
                         required time                          7.526    
                         arrival time                          -7.044    
  -------------------------------------------------------------------
                         slack                                  0.482    

Slack (MET) :             0.482ns  (required time - arrival time)
  Source:                 u_dut/qM3_d2_reg[2]/C
                            (rising edge-triggered cell FDRE clocked by clk  {rise@0.000ns fall@3.333ns period=6.667ns})
  Destination:            u_dut/qP2_d3_reg[2]_srl3/D
                            (rising edge-triggered cell SRL16E clocked by clk  {rise@0.000ns fall@3.333ns period=6.667ns})
  Path Group:             clk
  Path Type:              Setup (Max at Slow Process Corner)
  Requirement:            6.667ns  (clk rise@6.667ns - clk rise@0.000ns)
  Data Path Delay:        6.071ns  (logic 2.487ns (40.962%)  route 3.584ns (59.038%))
  Logic Levels:           8  (CARRY4=5 LUT1=1 LUT3=1 LUT5=1)
  Clock Path Skew:        -0.049ns (DCD - SCD + CPR)
    Destination Clock Delay (DCD):    0.924ns = ( 7.591 - 6.667 ) 
    Source Clock Delay      (SCD):    0.973ns
    Clock Pessimism Removal (CPR):    0.000ns
  Clock Uncertainty:      0.035ns  ((TSJ^2 + TIJ^2)^1/2 + DJ) / 2 + PE
    Total System Jitter     (TSJ):    0.071ns
    Total Input Jitter      (TIJ):    0.000ns
    Discrete Jitter          (DJ):    0.000ns
    Phase Error              (PE):    0.000ns

    Location             Delay type                Incr(ns)  Path(ns)    Netlist Resource(s)
  -------------------------------------------------------------------    -------------------
                         (clock clk rise edge)        0.000     0.000 r  
                                                      0.000     0.000 r  clk (IN)
                         net (fo=917, unset)          0.973     0.973    u_dut/clk
    SLICE_X8Y36          FDRE                                         r  u_dut/qM3_d2_reg[2]/C
  -------------------------------------------------------------------    -------------------
    SLICE_X8Y36          FDRE (Prop_fdre_C_Q)         0.478     1.451 f  u_dut/qM3_d2_reg[2]/Q
                         net (fo=23, routed)          0.740     2.191    u_dut/qM3_d2[2]
    SLICE_X8Y36          LUT1 (Prop_lut1_I0_O)        0.296     2.487 r  u_dut/w2pad_d1[6]_i_2/O
                         net (fo=1, routed)           0.620     3.106    u_dut/p_0_out__2[1]
    SLICE_X10Y34         CARRY4 (Prop_carry4_CYINIT_CO[3])
                                                      0.595     3.701 f  u_dut/w2pad_d1_reg[6]_i_1/CO[3]
                         net (fo=1, routed)           0.000     3.701    u_dut/w2pad_d1_reg[6]_i_1_n_0
    SLICE_X10Y35         CARRY4 (Prop_carry4_CI_CO[3])
                                                      0.117     3.818 f  u_dut/w2pad_d1_reg[10]_i_1/CO[3]
                         net (fo=1, routed)           0.000     3.818    u_dut/w2pad_d1_reg[10]_i_1_n_0
    SLICE_X10Y36         CARRY4 (Prop_carry4_CI_CO[3])
                                                      0.117     3.935 r  u_dut/w2pad_d1_reg[14]_i_1/CO[3]
                         net (fo=1, routed)           0.000     3.935    u_dut/w2pad_d1_reg[14]_i_1_n_0
    SLICE_X10Y37         CARRY4 (Prop_carry4_CI_CO[3])
                                                      0.117     4.052 r  u_dut/w2pad_d1_reg[18]_i_1/CO[3]
                         net (fo=1, routed)           0.000     4.052    u_dut/w2pad_d1_reg[18]_i_1_n_0
    SLICE_X10Y38         CARRY4 (Prop_carry4_CI_O[1])
                                                      0.337     4.389 r  u_dut/w2pad_d1_reg[20]_i_1/O[1]
                         net (fo=7, routed)           0.764     5.153    u_dut/w2pad[20]
    SLICE_X9Y36          LUT5 (Prop_lut5_I2_O)        0.306     5.459 r  u_dut/g1_b2__3/O
                         net (fo=2, routed)           0.651     6.110    u_dut/SelFunctionTable2/qP2_d4_reg[2]_0
    SLICE_X9Y35          LUT3 (Prop_lut3_I1_O)        0.124     6.234 r  u_dut/SelFunctionTable2/qP2_d3_reg[2]_srl3_i_1/O
                         net (fo=19, routed)          0.810     7.044    u_dut/SelFunctionTable2_n_2
    SLICE_X10Y40         SRL16E                                       r  u_dut/qP2_d3_reg[2]_srl3/D
  -------------------------------------------------------------------    -------------------

                         (clock clk rise edge)        6.667     6.667 r  
                                                      0.000     6.667 r  clk (IN)
                         net (fo=917, unset)          0.924     7.591    u_dut/clk
    SLICE_X10Y40         SRL16E                                       r  u_dut/qP2_d3_reg[2]_srl3/CLK
                         clock pessimism              0.000     7.591    
                         clock uncertainty           -0.035     7.556    
    SLICE_X10Y40         SRL16E (Setup_srl16e_CLK_D)
                                                     -0.030     7.526    u_dut/qP2_d3_reg[2]_srl3
  -------------------------------------------------------------------
                         required time                          7.526    
                         arrival time                          -7.044    
  -------------------------------------------------------------------
                         slack                                  0.482    

Slack (MET) :             0.482ns  (required time - arrival time)
  Source:                 u_dut/qM3_d2_reg[2]/C
                            (rising edge-triggered cell FDRE clocked by clk  {rise@0.000ns fall@3.333ns period=6.667ns})
  Destination:            u_dut/qP2_d3_reg[2]_srl3/D
                            (rising edge-triggered cell SRL16E clocked by clk  {rise@0.000ns fall@3.333ns period=6.667ns})
  Path Group:             clk
  Path Type:              Setup (Max at Slow Process Corner)
  Requirement:            6.667ns  (clk rise@6.667ns - clk rise@0.000ns)
  Data Path Delay:        6.071ns  (logic 2.487ns (40.962%)  route 3.584ns (59.038%))
  Logic Levels:           8  (CARRY4=5 LUT1=1 LUT3=1 LUT5=1)
  Clock Path Skew:        -0.049ns (DCD - SCD + CPR)
    Destination Clock Delay (DCD):    0.924ns = ( 7.591 - 6.667 ) 
    Source Clock Delay      (SCD):    0.973ns
    Clock Pessimism Removal (CPR):    0.000ns
  Clock Uncertainty:      0.035ns  ((TSJ^2 + TIJ^2)^1/2 + DJ) / 2 + PE
    Total System Jitter     (TSJ):    0.071ns
    Total Input Jitter      (TIJ):    0.000ns
    Discrete Jitter          (DJ):    0.000ns
    Phase Error              (PE):    0.000ns

    Location             Delay type                Incr(ns)  Path(ns)    Netlist Resource(s)
  -------------------------------------------------------------------    -------------------
                         (clock clk rise edge)        0.000     0.000 r  
                                                      0.000     0.000 r  clk (IN)
                         net (fo=917, unset)          0.973     0.973    u_dut/clk
    SLICE_X8Y36          FDRE                                         r  u_dut/qM3_d2_reg[2]/C
  -------------------------------------------------------------------    -------------------
    SLICE_X8Y36          FDRE (Prop_fdre_C_Q)         0.478     1.451 f  u_dut/qM3_d2_reg[2]/Q
                         net (fo=23, routed)          0.740     2.191    u_dut/qM3_d2[2]
    SLICE_X8Y36          LUT1 (Prop_lut1_I0_O)        0.296     2.487 r  u_dut/w2pad_d1[6]_i_2/O
                         net (fo=1, routed)           0.620     3.106    u_dut/p_0_out__2[1]
    SLICE_X10Y34         CARRY4 (Prop_carry4_CYINIT_CO[3])
                                                      0.595     3.701 r  u_dut/w2pad_d1_reg[6]_i_1/CO[3]
                         net (fo=1, routed)           0.000     3.701    u_dut/w2pad_d1_reg[6]_i_1_n_0
    SLICE_X10Y35         CARRY4 (Prop_carry4_CI_CO[3])
                                                      0.117     3.818 r  u_dut/w2pad_d1_reg[10]_i_1/CO[3]
                         net (fo=1, routed)           0.000     3.818    u_dut/w2pad_d1_reg[10]_i_1_n_0
    SLICE_X10Y36         CARRY4 (Prop_carry4_CI_CO[3])
                                                      0.117     3.935 f  u_dut/w2pad_d1_reg[14]_i_1/CO[3]
                         net (fo=1, routed)           0.000     3.935    u_dut/w2pad_d1_reg[14]_i_1_n_0
    SLICE_X10Y37         CARRY4 (Prop_carry4_CI_CO[3])
                                                      0.117     4.052 r  u_dut/w2pad_d1_reg[18]_i_1/CO[3]
                         net (fo=1, routed)           0.000     4.052    u_dut/w2pad_d1_reg[18]_i_1_n_0
    SLICE_X10Y38         CARRY4 (Prop_carry4_CI_O[1])
                                                      0.337     4.389 r  u_dut/w2pad_d1_reg[20]_i_1/O[1]
                         net (fo=7, routed)           0.764     5.153    u_dut/w2pad[20]
    SLICE_X9Y36          LUT5 (Prop_lut5_I2_O)        0.306     5.459 r  u_dut/g1_b2__3/O
                         net (fo=2, routed)           0.651     6.110    u_dut/SelFunctionTable2/qP2_d4_reg[2]_0
    SLICE_X9Y35          LUT3 (Prop_lut3_I1_O)        0.124     6.234 r  u_dut/SelFunctionTable2/qP2_d3_reg[2]_srl3_i_1/O
                         net (fo=19, routed)          0.810     7.044    u_dut/SelFunctionTable2_n_2
    SLICE_X10Y40         SRL16E                                       r  u_dut/qP2_d3_reg[2]_srl3/D
  -------------------------------------------------------------------    -------------------

                         (clock clk rise edge)        6.667     6.667 r  
                                                      0.000     6.667 r  clk (IN)
                         net (fo=917, unset)          0.924     7.591    u_dut/clk
    SLICE_X10Y40         SRL16E                                       r  u_dut/qP2_d3_reg[2]_srl3/CLK
                         clock pessimism              0.000     7.591    
                         clock uncertainty           -0.035     7.556    
    SLICE_X10Y40         SRL16E (Setup_srl16e_CLK_D)
                                                     -0.030     7.526    u_dut/qP2_d3_reg[2]_srl3
  -------------------------------------------------------------------
                         required time                          7.526    
                         arrival time                          -7.044    
  -------------------------------------------------------------------
                         slack                                  0.482    

Slack (MET) :             0.482ns  (required time - arrival time)
  Source:                 u_dut/qM3_d2_reg[2]/C
                            (rising edge-triggered cell FDRE clocked by clk  {rise@0.000ns fall@3.333ns period=6.667ns})
  Destination:            u_dut/qP2_d3_reg[2]_srl3/D
                            (rising edge-triggered cell SRL16E clocked by clk  {rise@0.000ns fall@3.333ns period=6.667ns})
  Path Group:             clk
  Path Type:              Setup (Max at Slow Process Corner)
  Requirement:            6.667ns  (clk rise@6.667ns - clk rise@0.000ns)
  Data Path Delay:        6.071ns  (logic 2.487ns (40.962%)  route 3.584ns (59.038%))
  Logic Levels:           8  (CARRY4=5 LUT1=1 LUT3=1 LUT5=1)
  Clock Path Skew:        -0.049ns (DCD - SCD + CPR)
    Destination Clock Delay (DCD):    0.924ns = ( 7.591 - 6.667 ) 
    Source Clock Delay      (SCD):    0.973ns
    Clock Pessimism Removal (CPR):    0.000ns
  Clock Uncertainty:      0.035ns  ((TSJ^2 + TIJ^2)^1/2 + DJ) / 2 + PE
    Total System Jitter     (TSJ):    0.071ns
    Total Input Jitter      (TIJ):    0.000ns
    Discrete Jitter          (DJ):    0.000ns
    Phase Error              (PE):    0.000ns

    Location             Delay type                Incr(ns)  Path(ns)    Netlist Resource(s)
  -------------------------------------------------------------------    -------------------
                         (clock clk rise edge)        0.000     0.000 r  
                                                      0.000     0.000 r  clk (IN)
                         net (fo=917, unset)          0.973     0.973    u_dut/clk
    SLICE_X8Y36          FDRE                                         r  u_dut/qM3_d2_reg[2]/C
  -------------------------------------------------------------------    -------------------
    SLICE_X8Y36          FDRE (Prop_fdre_C_Q)         0.478     1.451 f  u_dut/qM3_d2_reg[2]/Q
                         net (fo=23, routed)          0.740     2.191    u_dut/qM3_d2[2]
    SLICE_X8Y36          LUT1 (Prop_lut1_I0_O)        0.296     2.487 r  u_dut/w2pad_d1[6]_i_2/O
                         net (fo=1, routed)           0.620     3.106    u_dut/p_0_out__2[1]
    SLICE_X10Y34         CARRY4 (Prop_carry4_CYINIT_CO[3])
                                                      0.595     3.701 f  u_dut/w2pad_d1_reg[6]_i_1/CO[3]
                         net (fo=1, routed)           0.000     3.701    u_dut/w2pad_d1_reg[6]_i_1_n_0
    SLICE_X10Y35         CARRY4 (Prop_carry4_CI_CO[3])
                                                      0.117     3.818 r  u_dut/w2pad_d1_reg[10]_i_1/CO[3]
                         net (fo=1, routed)           0.000     3.818    u_dut/w2pad_d1_reg[10]_i_1_n_0
    SLICE_X10Y36         CARRY4 (Prop_carry4_CI_CO[3])
                                                      0.117     3.935 f  u_dut/w2pad_d1_reg[14]_i_1/CO[3]
                         net (fo=1, routed)           0.000     3.935    u_dut/w2pad_d1_reg[14]_i_1_n_0
    SLICE_X10Y37         CARRY4 (Prop_carry4_CI_CO[3])
                                                      0.117     4.052 r  u_dut/w2pad_d1_reg[18]_i_1/CO[3]
                         net (fo=1, routed)           0.000     4.052    u_dut/w2pad_d1_reg[18]_i_1_n_0
    SLICE_X10Y38         CARRY4 (Prop_carry4_CI_O[1])
                                                      0.337     4.389 r  u_dut/w2pad_d1_reg[20]_i_1/O[1]
                         net (fo=7, routed)           0.764     5.153    u_dut/w2pad[20]
    SLICE_X9Y36          LUT5 (Prop_lut5_I2_O)        0.306     5.459 r  u_dut/g1_b2__3/O
                         net (fo=2, routed)           0.651     6.110    u_dut/SelFunctionTable2/qP2_d4_reg[2]_0
    SLICE_X9Y35          LUT3 (Prop_lut3_I1_O)        0.124     6.234 r  u_dut/SelFunctionTable2/qP2_d3_reg[2]_srl3_i_1/O
                         net (fo=19, routed)          0.810     7.044    u_dut/SelFunctionTable2_n_2
    SLICE_X10Y40         SRL16E                                       r  u_dut/qP2_d3_reg[2]_srl3/D
  -------------------------------------------------------------------    -------------------

                         (clock clk rise edge)        6.667     6.667 r  
                                                      0.000     6.667 r  clk (IN)
                         net (fo=917, unset)          0.924     7.591    u_dut/clk
    SLICE_X10Y40         SRL16E                                       r  u_dut/qP2_d3_reg[2]_srl3/CLK
                         clock pessimism              0.000     7.591    
                         clock uncertainty           -0.035     7.556    
    SLICE_X10Y40         SRL16E (Setup_srl16e_CLK_D)
                                                     -0.030     7.526    u_dut/qP2_d3_reg[2]_srl3
  -------------------------------------------------------------------
                         required time                          7.526    
                         arrival time                          -7.044    
  -------------------------------------------------------------------
                         slack                                  0.482    

Slack (MET) :             0.482ns  (required time - arrival time)
  Source:                 u_dut/qM3_d2_reg[2]/C
                            (rising edge-triggered cell FDRE clocked by clk  {rise@0.000ns fall@3.333ns period=6.667ns})
  Destination:            u_dut/qP2_d3_reg[2]_srl3/D
                            (rising edge-triggered cell SRL16E clocked by clk  {rise@0.000ns fall@3.333ns period=6.667ns})
  Path Group:             clk
  Path Type:              Setup (Max at Slow Process Corner)
  Requirement:            6.667ns  (clk rise@6.667ns - clk rise@0.000ns)
  Data Path Delay:        6.071ns  (logic 2.487ns (40.962%)  route 3.584ns (59.038%))
  Logic Levels:           8  (CARRY4=5 LUT1=1 LUT3=1 LUT5=1)
  Clock Path Skew:        -0.049ns (DCD - SCD + CPR)
    Destination Clock Delay (DCD):    0.924ns = ( 7.591 - 6.667 ) 
    Source Clock Delay      (SCD):    0.973ns
    Clock Pessimism Removal (CPR):    0.000ns
  Clock Uncertainty:      0.035ns  ((TSJ^2 + TIJ^2)^1/2 + DJ) / 2 + PE
    Total System Jitter     (TSJ):    0.071ns
    Total Input Jitter      (TIJ):    0.000ns
    Discrete Jitter          (DJ):    0.000ns
    Phase Error              (PE):    0.000ns

    Location             Delay type                Incr(ns)  Path(ns)    Netlist Resource(s)
  -------------------------------------------------------------------    -------------------
                         (clock clk rise edge)        0.000     0.000 r  
                                                      0.000     0.000 r  clk (IN)
                         net (fo=917, unset)          0.973     0.973    u_dut/clk
    SLICE_X8Y36          FDRE                                         r  u_dut/qM3_d2_reg[2]/C
  -------------------------------------------------------------------    -------------------
    SLICE_X8Y36          FDRE (Prop_fdre_C_Q)         0.478     1.451 f  u_dut/qM3_d2_reg[2]/Q
                         net (fo=23, routed)          0.740     2.191    u_dut/qM3_d2[2]
    SLICE_X8Y36          LUT1 (Prop_lut1_I0_O)        0.296     2.487 r  u_dut/w2pad_d1[6]_i_2/O
                         net (fo=1, routed)           0.620     3.106    u_dut/p_0_out__2[1]
    SLICE_X10Y34         CARRY4 (Prop_carry4_CYINIT_CO[3])
                                                      0.595     3.701 r  u_dut/w2pad_d1_reg[6]_i_1/CO[3]
                         net (fo=1, routed)           0.000     3.701    u_dut/w2pad_d1_reg[6]_i_1_n_0
    SLICE_X10Y35         CARRY4 (Prop_carry4_CI_CO[3])
                                                      0.117     3.818 f  u_dut/w2pad_d1_reg[10]_i_1/CO[3]
                         net (fo=1, routed)           0.000     3.818    u_dut/w2pad_d1_reg[10]_i_1_n_0
    SLICE_X10Y36         CARRY4 (Prop_carry4_CI_CO[3])
                                                      0.117     3.935 f  u_dut/w2pad_d1_reg[14]_i_1/CO[3]
                         net (fo=1, routed)           0.000     3.935    u_dut/w2pad_d1_reg[14]_i_1_n_0
    SLICE_X10Y37         CARRY4 (Prop_carry4_CI_CO[3])
                                                      0.117     4.052 r  u_dut/w2pad_d1_reg[18]_i_1/CO[3]
                         net (fo=1, routed)           0.000     4.052    u_dut/w2pad_d1_reg[18]_i_1_n_0
    SLICE_X10Y38         CARRY4 (Prop_carry4_CI_O[1])
                                                      0.337     4.389 r  u_dut/w2pad_d1_reg[20]_i_1/O[1]
                         net (fo=7, routed)           0.764     5.153    u_dut/w2pad[20]
    SLICE_X9Y36          LUT5 (Prop_lut5_I2_O)        0.306     5.459 r  u_dut/g1_b2__3/O
                         net (fo=2, routed)           0.651     6.110    u_dut/SelFunctionTable2/qP2_d4_reg[2]_0
    SLICE_X9Y35          LUT3 (Prop_lut3_I1_O)        0.124     6.234 r  u_dut/SelFunctionTable2/qP2_d3_reg[2]_srl3_i_1/O
                         net (fo=19, routed)          0.810     7.044    u_dut/SelFunctionTable2_n_2
    SLICE_X10Y40         SRL16E                                       r  u_dut/qP2_d3_reg[2]_srl3/D
  -------------------------------------------------------------------    -------------------

                         (clock clk rise edge)        6.667     6.667 r  
                                                      0.000     6.667 r  clk (IN)
                         net (fo=917, unset)          0.924     7.591    u_dut/clk
    SLICE_X10Y40         SRL16E                                       r  u_dut/qP2_d3_reg[2]_srl3/CLK
                         clock pessimism              0.000     7.591    
                         clock uncertainty           -0.035     7.556    
    SLICE_X10Y40         SRL16E (Setup_srl16e_CLK_D)
                                                     -0.030     7.526    u_dut/qP2_d3_reg[2]_srl3
  -------------------------------------------------------------------
                         required time                          7.526    
                         arrival time                          -7.044    
  -------------------------------------------------------------------
                         slack                                  0.482    

Slack (MET) :             0.482ns  (required time - arrival time)
  Source:                 u_dut/qM3_d2_reg[2]/C
                            (rising edge-triggered cell FDRE clocked by clk  {rise@0.000ns fall@3.333ns period=6.667ns})
  Destination:            u_dut/qP2_d3_reg[2]_srl3/D
                            (rising edge-triggered cell SRL16E clocked by clk  {rise@0.000ns fall@3.333ns period=6.667ns})
  Path Group:             clk
  Path Type:              Setup (Max at Slow Process Corner)
  Requirement:            6.667ns  (clk rise@6.667ns - clk rise@0.000ns)
  Data Path Delay:        6.071ns  (logic 2.487ns (40.962%)  route 3.584ns (59.038%))
  Logic Levels:           8  (CARRY4=5 LUT1=1 LUT3=1 LUT5=1)
  Clock Path Skew:        -0.049ns (DCD - SCD + CPR)
    Destination Clock Delay (DCD):    0.924ns = ( 7.591 - 6.667 ) 
    Source Clock Delay      (SCD):    0.973ns
    Clock Pessimism Removal (CPR):    0.000ns
  Clock Uncertainty:      0.035ns  ((TSJ^2 + TIJ^2)^1/2 + DJ) / 2 + PE
    Total System Jitter     (TSJ):    0.071ns
    Total Input Jitter      (TIJ):    0.000ns
    Discrete Jitter          (DJ):    0.000ns
    Phase Error              (PE):    0.000ns

    Location             Delay type                Incr(ns)  Path(ns)    Netlist Resource(s)
  -------------------------------------------------------------------    -------------------
                         (clock clk rise edge)        0.000     0.000 r  
                                                      0.000     0.000 r  clk (IN)
                         net (fo=917, unset)          0.973     0.973    u_dut/clk
    SLICE_X8Y36          FDRE                                         r  u_dut/qM3_d2_reg[2]/C
  -------------------------------------------------------------------    -------------------
    SLICE_X8Y36          FDRE (Prop_fdre_C_Q)         0.478     1.451 f  u_dut/qM3_d2_reg[2]/Q
                         net (fo=23, routed)          0.740     2.191    u_dut/qM3_d2[2]
    SLICE_X8Y36          LUT1 (Prop_lut1_I0_O)        0.296     2.487 r  u_dut/w2pad_d1[6]_i_2/O
                         net (fo=1, routed)           0.620     3.106    u_dut/p_0_out__2[1]
    SLICE_X10Y34         CARRY4 (Prop_carry4_CYINIT_CO[3])
                                                      0.595     3.701 f  u_dut/w2pad_d1_reg[6]_i_1/CO[3]
                         net (fo=1, routed)           0.000     3.701    u_dut/w2pad_d1_reg[6]_i_1_n_0
    SLICE_X10Y35         CARRY4 (Prop_carry4_CI_CO[3])
                                                      0.117     3.818 f  u_dut/w2pad_d1_reg[10]_i_1/CO[3]
                         net (fo=1, routed)           0.000     3.818    u_dut/w2pad_d1_reg[10]_i_1_n_0
    SLICE_X10Y36         CARRY4 (Prop_carry4_CI_CO[3])
                                                      0.117     3.935 f  u_dut/w2pad_d1_reg[14]_i_1/CO[3]
                         net (fo=1, routed)           0.000     3.935    u_dut/w2pad_d1_reg[14]_i_1_n_0
    SLICE_X10Y37         CARRY4 (Prop_carry4_CI_CO[3])
                                                      0.117     4.052 r  u_dut/w2pad_d1_reg[18]_i_1/CO[3]
                         net (fo=1, routed)           0.000     4.052    u_dut/w2pad_d1_reg[18]_i_1_n_0
    SLICE_X10Y38         CARRY4 (Prop_carry4_CI_O[1])
                                                      0.337     4.389 r  u_dut/w2pad_d1_reg[20]_i_1/O[1]
                         net (fo=7, routed)           0.764     5.153    u_dut/w2pad[20]
    SLICE_X9Y36          LUT5 (Prop_lut5_I2_O)        0.306     5.459 r  u_dut/g1_b2__3/O
                         net (fo=2, routed)           0.651     6.110    u_dut/SelFunctionTable2/qP2_d4_reg[2]_0
    SLICE_X9Y35          LUT3 (Prop_lut3_I1_O)        0.124     6.234 r  u_dut/SelFunctionTable2/qP2_d3_reg[2]_srl3_i_1/O
                         net (fo=19, routed)          0.810     7.044    u_dut/SelFunctionTable2_n_2
    SLICE_X10Y40         SRL16E                                       r  u_dut/qP2_d3_reg[2]_srl3/D
  -------------------------------------------------------------------    -------------------

                         (clock clk rise edge)        6.667     6.667 r  
                                                      0.000     6.667 r  clk (IN)
                         net (fo=917, unset)          0.924     7.591    u_dut/clk
    SLICE_X10Y40         SRL16E                                       r  u_dut/qP2_d3_reg[2]_srl3/CLK
                         clock pessimism              0.000     7.591    
                         clock uncertainty           -0.035     7.556    
    SLICE_X10Y40         SRL16E (Setup_srl16e_CLK_D)
                                                     -0.030     7.526    u_dut/qP2_d3_reg[2]_srl3
  -------------------------------------------------------------------
                         required time                          7.526    
                         arrival time                          -7.044    
  -------------------------------------------------------------------
                         slack                                  0.482    

Slack (MET) :             0.482ns  (required time - arrival time)
  Source:                 u_dut/qM3_d2_reg[2]/C
                            (rising edge-triggered cell FDRE clocked by clk  {rise@0.000ns fall@3.333ns period=6.667ns})
  Destination:            u_dut/qP2_d3_reg[2]_srl3/D
                            (rising edge-triggered cell SRL16E clocked by clk  {rise@0.000ns fall@3.333ns period=6.667ns})
  Path Group:             clk
  Path Type:              Setup (Max at Slow Process Corner)
  Requirement:            6.667ns  (clk rise@6.667ns - clk rise@0.000ns)
  Data Path Delay:        6.071ns  (logic 2.487ns (40.962%)  route 3.584ns (59.038%))
  Logic Levels:           8  (CARRY4=5 LUT1=1 LUT3=1 LUT5=1)
  Clock Path Skew:        -0.049ns (DCD - SCD + CPR)
    Destination Clock Delay (DCD):    0.924ns = ( 7.591 - 6.667 ) 
    Source Clock Delay      (SCD):    0.973ns
    Clock Pessimism Removal (CPR):    0.000ns
  Clock Uncertainty:      0.035ns  ((TSJ^2 + TIJ^2)^1/2 + DJ) / 2 + PE
    Total System Jitter     (TSJ):    0.071ns
    Total Input Jitter      (TIJ):    0.000ns
    Discrete Jitter          (DJ):    0.000ns
    Phase Error              (PE):    0.000ns

    Location             Delay type                Incr(ns)  Path(ns)    Netlist Resource(s)
  -------------------------------------------------------------------    -------------------
                         (clock clk rise edge)        0.000     0.000 r  
                                                      0.000     0.000 r  clk (IN)
                         net (fo=917, unset)          0.973     0.973    u_dut/clk
    SLICE_X8Y36          FDRE                                         r  u_dut/qM3_d2_reg[2]/C
  -------------------------------------------------------------------    -------------------
    SLICE_X8Y36          FDRE (Prop_fdre_C_Q)         0.478     1.451 f  u_dut/qM3_d2_reg[2]/Q
                         net (fo=23, routed)          0.740     2.191    u_dut/qM3_d2[2]
    SLICE_X8Y36          LUT1 (Prop_lut1_I0_O)        0.296     2.487 r  u_dut/w2pad_d1[6]_i_2/O
                         net (fo=1, routed)           0.620     3.106    u_dut/p_0_out__2[1]
    SLICE_X10Y34         CARRY4 (Prop_carry4_CYINIT_CO[3])
                                                      0.595     3.701 r  u_dut/w2pad_d1_reg[6]_i_1/CO[3]
                         net (fo=1, routed)           0.000     3.701    u_dut/w2pad_d1_reg[6]_i_1_n_0
    SLICE_X10Y35         CARRY4 (Prop_carry4_CI_CO[3])
                                                      0.117     3.818 r  u_dut/w2pad_d1_reg[10]_i_1/CO[3]
                         net (fo=1, routed)           0.000     3.818    u_dut/w2pad_d1_reg[10]_i_1_n_0
    SLICE_X10Y36         CARRY4 (Prop_carry4_CI_CO[3])
                                                      0.117     3.935 r  u_dut/w2pad_d1_reg[14]_i_1/CO[3]
                         net (fo=1, routed)           0.000     3.935    u_dut/w2pad_d1_reg[14]_i_1_n_0
    SLICE_X10Y37         CARRY4 (Prop_carry4_CI_CO[3])
                                                      0.117     4.052 f  u_dut/w2pad_d1_reg[18]_i_1/CO[3]
                         net (fo=1, routed)           0.000     4.052    u_dut/w2pad_d1_reg[18]_i_1_n_0
    SLICE_X10Y38         CARRY4 (Prop_carry4_CI_O[1])
                                                      0.337     4.389 r  u_dut/w2pad_d1_reg[20]_i_1/O[1]
                         net (fo=7, routed)           0.764     5.153    u_dut/w2pad[20]
    SLICE_X9Y36          LUT5 (Prop_lut5_I2_O)        0.306     5.459 r  u_dut/g1_b2__3/O
                         net (fo=2, routed)           0.651     6.110    u_dut/SelFunctionTable2/qP2_d4_reg[2]_0
    SLICE_X9Y35          LUT3 (Prop_lut3_I1_O)        0.124     6.234 r  u_dut/SelFunctionTable2/qP2_d3_reg[2]_srl3_i_1/O
                         net (fo=19, routed)          0.810     7.044    u_dut/SelFunctionTable2_n_2
    SLICE_X10Y40         SRL16E                                       r  u_dut/qP2_d3_reg[2]_srl3/D
  -------------------------------------------------------------------    -------------------

                         (clock clk rise edge)        6.667     6.667 r  
                                                      0.000     6.667 r  clk (IN)
                         net (fo=917, unset)          0.924     7.591    u_dut/clk
    SLICE_X10Y40         SRL16E                                       r  u_dut/qP2_d3_reg[2]_srl3/CLK
                         clock pessimism              0.000     7.591    
                         clock uncertainty           -0.035     7.556    
    SLICE_X10Y40         SRL16E (Setup_srl16e_CLK_D)
                                                     -0.030     7.526    u_dut/qP2_d3_reg[2]_srl3
  -------------------------------------------------------------------
                         required time                          7.526    
                         arrival time                          -7.044    
  -------------------------------------------------------------------
                         slack                                  0.482    

Slack (MET) :             0.482ns  (required time - arrival time)
  Source:                 u_dut/qM3_d2_reg[2]/C
                            (rising edge-triggered cell FDRE clocked by clk  {rise@0.000ns fall@3.333ns period=6.667ns})
  Destination:            u_dut/qP2_d3_reg[2]_srl3/D
                            (rising edge-triggered cell SRL16E clocked by clk  {rise@0.000ns fall@3.333ns period=6.667ns})
  Path Group:             clk
  Path Type:              Setup (Max at Slow Process Corner)
  Requirement:            6.667ns  (clk rise@6.667ns - clk rise@0.000ns)
  Data Path Delay:        6.071ns  (logic 2.487ns (40.962%)  route 3.584ns (59.038%))
  Logic Levels:           8  (CARRY4=5 LUT1=1 LUT3=1 LUT5=1)
  Clock Path Skew:        -0.049ns (DCD - SCD + CPR)
    Destination Clock Delay (DCD):    0.924ns = ( 7.591 - 6.667 ) 
    Source Clock Delay      (SCD):    0.973ns
    Clock Pessimism Removal (CPR):    0.000ns
  Clock Uncertainty:      0.035ns  ((TSJ^2 + TIJ^2)^1/2 + DJ) / 2 + PE
    Total System Jitter     (TSJ):    0.071ns
    Total Input Jitter      (TIJ):    0.000ns
    Discrete Jitter          (DJ):    0.000ns
    Phase Error              (PE):    0.000ns

    Location             Delay type                Incr(ns)  Path(ns)    Netlist Resource(s)
  -------------------------------------------------------------------    -------------------
                         (clock clk rise edge)        0.000     0.000 r  
                                                      0.000     0.000 r  clk (IN)
                         net (fo=917, unset)          0.973     0.973    u_dut/clk
    SLICE_X8Y36          FDRE                                         r  u_dut/qM3_d2_reg[2]/C
  -------------------------------------------------------------------    -------------------
    SLICE_X8Y36          FDRE (Prop_fdre_C_Q)         0.478     1.451 f  u_dut/qM3_d2_reg[2]/Q
                         net (fo=23, routed)          0.740     2.191    u_dut/qM3_d2[2]
    SLICE_X8Y36          LUT1 (Prop_lut1_I0_O)        0.296     2.487 r  u_dut/w2pad_d1[6]_i_2/O
                         net (fo=1, routed)           0.620     3.106    u_dut/p_0_out__2[1]
    SLICE_X10Y34         CARRY4 (Prop_carry4_CYINIT_CO[3])
                                                      0.595     3.701 f  u_dut/w2pad_d1_reg[6]_i_1/CO[3]
                         net (fo=1, routed)           0.000     3.701    u_dut/w2pad_d1_reg[6]_i_1_n_0
    SLICE_X10Y35         CARRY4 (Prop_carry4_CI_CO[3])
                                                      0.117     3.818 r  u_dut/w2pad_d1_reg[10]_i_1/CO[3]
                         net (fo=1, routed)           0.000     3.818    u_dut/w2pad_d1_reg[10]_i_1_n_0
    SLICE_X10Y36         CARRY4 (Prop_carry4_CI_CO[3])
                                                      0.117     3.935 r  u_dut/w2pad_d1_reg[14]_i_1/CO[3]
                         net (fo=1, routed)           0.000     3.935    u_dut/w2pad_d1_reg[14]_i_1_n_0
    SLICE_X10Y37         CARRY4 (Prop_carry4_CI_CO[3])
                                                      0.117     4.052 f  u_dut/w2pad_d1_reg[18]_i_1/CO[3]
                         net (fo=1, routed)           0.000     4.052    u_dut/w2pad_d1_reg[18]_i_1_n_0
    SLICE_X10Y38         CARRY4 (Prop_carry4_CI_O[1])
                                                      0.337     4.389 r  u_dut/w2pad_d1_reg[20]_i_1/O[1]
                         net (fo=7, routed)           0.764     5.153    u_dut/w2pad[20]
    SLICE_X9Y36          LUT5 (Prop_lut5_I2_O)        0.306     5.459 r  u_dut/g1_b2__3/O
                         net (fo=2, routed)           0.651     6.110    u_dut/SelFunctionTable2/qP2_d4_reg[2]_0
    SLICE_X9Y35          LUT3 (Prop_lut3_I1_O)        0.124     6.234 r  u_dut/SelFunctionTable2/qP2_d3_reg[2]_srl3_i_1/O
                         net (fo=19, routed)          0.810     7.044    u_dut/SelFunctionTable2_n_2
    SLICE_X10Y40         SRL16E                                       r  u_dut/qP2_d3_reg[2]_srl3/D
  -------------------------------------------------------------------    -------------------

                         (clock clk rise edge)        6.667     6.667 r  
                                                      0.000     6.667 r  clk (IN)
                         net (fo=917, unset)          0.924     7.591    u_dut/clk
    SLICE_X10Y40         SRL16E                                       r  u_dut/qP2_d3_reg[2]_srl3/CLK
                         clock pessimism              0.000     7.591    
                         clock uncertainty           -0.035     7.556    
    SLICE_X10Y40         SRL16E (Setup_srl16e_CLK_D)
                                                     -0.030     7.526    u_dut/qP2_d3_reg[2]_srl3
  -------------------------------------------------------------------
                         required time                          7.526    
                         arrival time                          -7.044    
  -------------------------------------------------------------------
                         slack                                  0.482    





Min Delay Paths
--------------------------------------------------------------------------------------
Slack (MET) :             0.037ns  (arrival time - required time)
  Source:                 u_dut/expR0_d1_reg[7]/C
                            (rising edge-triggered cell FDRE clocked by clk  {rise@0.000ns fall@3.333ns period=6.667ns})
  Destination:            u_dut/expR0_d14_reg[7]_srl13/D
                            (rising edge-triggered cell SRL16E clocked by clk  {rise@0.000ns fall@3.333ns period=6.667ns})
  Path Group:             clk
  Path Type:              Hold (Min at Fast Process Corner)
  Requirement:            0.000ns  (clk rise@0.000ns - clk rise@0.000ns)
  Data Path Delay:        0.241ns  (logic 0.141ns (58.447%)  route 0.100ns (41.553%))
  Logic Levels:           0  
  Clock Path Skew:        0.022ns (DCD - SCD - CPR)
    Destination Clock Delay (DCD):    0.432ns
    Source Clock Delay      (SCD):    0.410ns
    Clock Pessimism Removal (CPR):    -0.000ns

    Location             Delay type                Incr(ns)  Path(ns)    Netlist Resource(s)
  -------------------------------------------------------------------    -------------------
                         (clock clk rise edge)        0.000     0.000 r  
                                                      0.000     0.000 r  clk (IN)
                         net (fo=917, unset)          0.410     0.410    u_dut/clk
    SLICE_X5Y51          FDRE                                         r  u_dut/expR0_d1_reg[7]/C
  -------------------------------------------------------------------    -------------------
    SLICE_X5Y51          FDRE (Prop_fdre_C_Q)         0.141     0.551 r  u_dut/expR0_d1_reg[7]/Q
                         net (fo=1, routed)           0.100     0.651    u_dut/expR0_d1_reg_n_0_[7]
    SLICE_X6Y50          SRL16E                                       r  u_dut/expR0_d14_reg[7]_srl13/D
  -------------------------------------------------------------------    -------------------

                         (clock clk rise edge)        0.000     0.000 r  
                                                      0.000     0.000 r  clk (IN)
                         net (fo=917, unset)          0.432     0.432    u_dut/clk
    SLICE_X6Y50          SRL16E                                       r  u_dut/expR0_d14_reg[7]_srl13/CLK
                         clock pessimism              0.000     0.432    
    SLICE_X6Y50          SRL16E (Hold_srl16e_CLK_D)
                                                      0.183     0.615    u_dut/expR0_d14_reg[7]_srl13
  -------------------------------------------------------------------
                         required time                         -0.615    
                         arrival time                           0.651    
  -------------------------------------------------------------------
                         slack                                  0.037    

Slack (MET) :             0.037ns  (arrival time - required time)
  Source:                 u_dut/expR0_d1_reg[7]/C
                            (rising edge-triggered cell FDRE clocked by clk  {rise@0.000ns fall@3.333ns period=6.667ns})
  Destination:            u_dut/expR0_d14_reg[7]_srl13/D
                            (rising edge-triggered cell SRL16E clocked by clk  {rise@0.000ns fall@3.333ns period=6.667ns})
  Path Group:             clk
  Path Type:              Hold (Min at Fast Process Corner)
  Requirement:            0.000ns  (clk rise@0.000ns - clk rise@0.000ns)
  Data Path Delay:        0.241ns  (logic 0.141ns (58.447%)  route 0.100ns (41.553%))
  Logic Levels:           0  
  Clock Path Skew:        0.022ns (DCD - SCD - CPR)
    Destination Clock Delay (DCD):    0.432ns
    Source Clock Delay      (SCD):    0.410ns
    Clock Pessimism Removal (CPR):    -0.000ns

    Location             Delay type                Incr(ns)  Path(ns)    Netlist Resource(s)
  -------------------------------------------------------------------    -------------------
                         (clock clk rise edge)        0.000     0.000 r  
                                                      0.000     0.000 r  clk (IN)
                         net (fo=917, unset)          0.410     0.410    u_dut/clk
    SLICE_X5Y51          FDRE                                         r  u_dut/expR0_d1_reg[7]/C
  -------------------------------------------------------------------    -------------------
    SLICE_X5Y51          FDRE (Prop_fdre_C_Q)         0.141     0.551 f  u_dut/expR0_d1_reg[7]/Q
                         net (fo=1, routed)           0.100     0.651    u_dut/expR0_d1_reg_n_0_[7]
    SLICE_X6Y50          SRL16E                                       f  u_dut/expR0_d14_reg[7]_srl13/D
  -------------------------------------------------------------------    -------------------

                         (clock clk rise edge)        0.000     0.000 r  
                                                      0.000     0.000 r  clk (IN)
                         net (fo=917, unset)          0.432     0.432    u_dut/clk
    SLICE_X6Y50          SRL16E                                       r  u_dut/expR0_d14_reg[7]_srl13/CLK
                         clock pessimism              0.000     0.432    
    SLICE_X6Y50          SRL16E (Hold_srl16e_CLK_D)
                                                      0.183     0.615    u_dut/expR0_d14_reg[7]_srl13
  -------------------------------------------------------------------
                         required time                         -0.615    
                         arrival time                           0.651    
  -------------------------------------------------------------------
                         slack                                  0.037    

Slack (MET) :             0.100ns  (arrival time - required time)
  Source:                 u_dut/fYdec1_d1_reg[11]/C
                            (rising edge-triggered cell FDRE clocked by clk  {rise@0.000ns fall@3.333ns period=6.667ns})
  Destination:            u_dut/fYdec1_d2_reg[11]/D
                            (rising edge-triggered cell FDRE clocked by clk  {rise@0.000ns fall@3.333ns period=6.667ns})
  Path Group:             clk
  Path Type:              Hold (Min at Fast Process Corner)
  Requirement:            0.000ns  (clk rise@0.000ns - clk rise@0.000ns)
  Data Path Delay:        0.197ns  (logic 0.141ns (71.611%)  route 0.056ns (28.389%))
  Logic Levels:           0  
  Clock Path Skew:        0.022ns (DCD - SCD - CPR)
    Destination Clock Delay (DCD):    0.432ns
    Source Clock Delay      (SCD):    0.410ns
    Clock Pessimism Removal (CPR):    -0.000ns

    Location             Delay type                Incr(ns)  Path(ns)    Netlist Resource(s)
  -------------------------------------------------------------------    -------------------
                         (clock clk rise edge)        0.000     0.000 r  
                                                      0.000     0.000 r  clk (IN)
                         net (fo=917, unset)          0.410     0.410    u_dut/clk
    SLICE_X9Y32          FDRE                                         r  u_dut/fYdec1_d1_reg[11]/C
  -------------------------------------------------------------------    -------------------
    SLICE_X9Y32          FDRE (Prop_fdre_C_Q)         0.141     0.551 r  u_dut/fYdec1_d1_reg[11]/Q
                         net (fo=1, routed)           0.056     0.607    u_dut/fYdec1_d1[11]
    SLICE_X9Y32          FDRE                                         r  u_dut/fYdec1_d2_reg[11]/D
  -------------------------------------------------------------------    -------------------

                         (clock clk rise edge)        0.000     0.000 r  
                                                      0.000     0.000 r  clk (IN)
                         net (fo=917, unset)          0.432     0.432    u_dut/clk
    SLICE_X9Y32          FDRE                                         r  u_dut/fYdec1_d2_reg[11]/C
                         clock pessimism              0.000     0.432    
    SLICE_X9Y32          FDRE (Hold_fdre_C_D)         0.075     0.507    u_dut/fYdec1_d2_reg[11]
  -------------------------------------------------------------------
                         required time                         -0.507    
                         arrival time                           0.607    
  -------------------------------------------------------------------
                         slack                                  0.100    

Slack (MET) :             0.100ns  (arrival time - required time)
  Source:                 u_dut/fYdec1_d1_reg[11]/C
                            (rising edge-triggered cell FDRE clocked by clk  {rise@0.000ns fall@3.333ns period=6.667ns})
  Destination:            u_dut/fYdec1_d2_reg[11]/D
                            (rising edge-triggered cell FDRE clocked by clk  {rise@0.000ns fall@3.333ns period=6.667ns})
  Path Group:             clk
  Path Type:              Hold (Min at Fast Process Corner)
  Requirement:            0.000ns  (clk rise@0.000ns - clk rise@0.000ns)
  Data Path Delay:        0.197ns  (logic 0.141ns (71.611%)  route 0.056ns (28.389%))
  Logic Levels:           0  
  Clock Path Skew:        0.022ns (DCD - SCD - CPR)
    Destination Clock Delay (DCD):    0.432ns
    Source Clock Delay      (SCD):    0.410ns
    Clock Pessimism Removal (CPR):    -0.000ns

    Location             Delay type                Incr(ns)  Path(ns)    Netlist Resource(s)
  -------------------------------------------------------------------    -------------------
                         (clock clk rise edge)        0.000     0.000 r  
                                                      0.000     0.000 r  clk (IN)
                         net (fo=917, unset)          0.410     0.410    u_dut/clk
    SLICE_X9Y32          FDRE                                         r  u_dut/fYdec1_d1_reg[11]/C
  -------------------------------------------------------------------    -------------------
    SLICE_X9Y32          FDRE (Prop_fdre_C_Q)         0.141     0.551 f  u_dut/fYdec1_d1_reg[11]/Q
                         net (fo=1, routed)           0.056     0.607    u_dut/fYdec1_d1[11]
    SLICE_X9Y32          FDRE                                         f  u_dut/fYdec1_d2_reg[11]/D
  -------------------------------------------------------------------    -------------------

                         (clock clk rise edge)        0.000     0.000 r  
                                                      0.000     0.000 r  clk (IN)
                         net (fo=917, unset)          0.432     0.432    u_dut/clk
    SLICE_X9Y32          FDRE                                         r  u_dut/fYdec1_d2_reg[11]/C
                         clock pessimism              0.000     0.432    
    SLICE_X9Y32          FDRE (Hold_fdre_C_D)         0.075     0.507    u_dut/fYdec1_d2_reg[11]
  -------------------------------------------------------------------
                         required time                         -0.507    
                         arrival time                           0.607    
  -------------------------------------------------------------------
                         slack                                  0.100    

Slack (MET) :             0.100ns  (arrival time - required time)
  Source:                 u_dut/fYdec1_d1_reg[12]/C
                            (rising edge-triggered cell FDRE clocked by clk  {rise@0.000ns fall@3.333ns period=6.667ns})
  Destination:            u_dut/fYdec1_d2_reg[12]/D
                            (rising edge-triggered cell FDRE clocked by clk  {rise@0.000ns fall@3.333ns period=6.667ns})
  Path Group:             clk
  Path Type:              Hold (Min at Fast Process Corner)
  Requirement:            0.000ns  (clk rise@0.000ns - clk rise@0.000ns)
  Data Path Delay:        0.197ns  (logic 0.141ns (71.611%)  route 0.056ns (28.389%))
  Logic Levels:           0  
  Clock Path Skew:        0.022ns (DCD - SCD - CPR)
    Destination Clock Delay (DCD):    0.432ns
    Source Clock Delay      (SCD):    0.410ns
    Clock Pessimism Removal (CPR):    -0.000ns

    Location             Delay type                Incr(ns)  Path(ns)    Netlist Resource(s)
  -------------------------------------------------------------------    -------------------
                         (clock clk rise edge)        0.000     0.000 r  
                                                      0.000     0.000 r  clk (IN)
                         net (fo=917, unset)          0.410     0.410    u_dut/clk
    SLICE_X9Y34          FDRE                                         r  u_dut/fYdec1_d1_reg[12]/C
  -------------------------------------------------------------------    -------------------
    SLICE_X9Y34          FDRE (Prop_fdre_C_Q)         0.141     0.551 r  u_dut/fYdec1_d1_reg[12]/Q
                         net (fo=1, routed)           0.056     0.607    u_dut/fYdec1_d1[12]
    SLICE_X9Y34          FDRE                                         r  u_dut/fYdec1_d2_reg[12]/D
  -------------------------------------------------------------------    -------------------

                         (clock clk rise edge)        0.000     0.000 r  
                                                      0.000     0.000 r  clk (IN)
                         net (fo=917, unset)          0.432     0.432    u_dut/clk
    SLICE_X9Y34          FDRE                                         r  u_dut/fYdec1_d2_reg[12]/C
                         clock pessimism              0.000     0.432    
    SLICE_X9Y34          FDRE (Hold_fdre_C_D)         0.075     0.507    u_dut/fYdec1_d2_reg[12]
  -------------------------------------------------------------------
                         required time                         -0.507    
                         arrival time                           0.607    
  -------------------------------------------------------------------
                         slack                                  0.100    

Slack (MET) :             0.100ns  (arrival time - required time)
  Source:                 u_dut/fYdec1_d1_reg[12]/C
                            (rising edge-triggered cell FDRE clocked by clk  {rise@0.000ns fall@3.333ns period=6.667ns})
  Destination:            u_dut/fYdec1_d2_reg[12]/D
                            (rising edge-triggered cell FDRE clocked by clk  {rise@0.000ns fall@3.333ns period=6.667ns})
  Path Group:             clk
  Path Type:              Hold (Min at Fast Process Corner)
  Requirement:            0.000ns  (clk rise@0.000ns - clk rise@0.000ns)
  Data Path Delay:        0.197ns  (logic 0.141ns (71.611%)  route 0.056ns (28.389%))
  Logic Levels:           0  
  Clock Path Skew:        0.022ns (DCD - SCD - CPR)
    Destination Clock Delay (DCD):    0.432ns
    Source Clock Delay      (SCD):    0.410ns
    Clock Pessimism Removal (CPR):    -0.000ns

    Location             Delay type                Incr(ns)  Path(ns)    Netlist Resource(s)
  -------------------------------------------------------------------    -------------------
                         (clock clk rise edge)        0.000     0.000 r  
                                                      0.000     0.000 r  clk (IN)
                         net (fo=917, unset)          0.410     0.410    u_dut/clk
    SLICE_X9Y34          FDRE                                         r  u_dut/fYdec1_d1_reg[12]/C
  -------------------------------------------------------------------    -------------------
    SLICE_X9Y34          FDRE (Prop_fdre_C_Q)         0.141     0.551 f  u_dut/fYdec1_d1_reg[12]/Q
                         net (fo=1, routed)           0.056     0.607    u_dut/fYdec1_d1[12]
    SLICE_X9Y34          FDRE                                         f  u_dut/fYdec1_d2_reg[12]/D
  -------------------------------------------------------------------    -------------------

                         (clock clk rise edge)        0.000     0.000 r  
                                                      0.000     0.000 r  clk (IN)
                         net (fo=917, unset)          0.432     0.432    u_dut/clk
    SLICE_X9Y34          FDRE                                         r  u_dut/fYdec1_d2_reg[12]/C
                         clock pessimism              0.000     0.432    
    SLICE_X9Y34          FDRE (Hold_fdre_C_D)         0.075     0.507    u_dut/fYdec1_d2_reg[12]
  -------------------------------------------------------------------
                         required time                         -0.507    
                         arrival time                           0.607    
  -------------------------------------------------------------------
                         slack                                  0.100    

Slack (MET) :             0.100ns  (arrival time - required time)
  Source:                 u_dut/fYdec1_d1_reg[20]/C
                            (rising edge-triggered cell FDRE clocked by clk  {rise@0.000ns fall@3.333ns period=6.667ns})
  Destination:            u_dut/fYdec1_d2_reg[20]/D
                            (rising edge-triggered cell FDRE clocked by clk  {rise@0.000ns fall@3.333ns period=6.667ns})
  Path Group:             clk
  Path Type:              Hold (Min at Fast Process Corner)
  Requirement:            0.000ns  (clk rise@0.000ns - clk rise@0.000ns)
  Data Path Delay:        0.197ns  (logic 0.141ns (71.611%)  route 0.056ns (28.389%))
  Logic Levels:           0  
  Clock Path Skew:        0.022ns (DCD - SCD - CPR)
    Destination Clock Delay (DCD):    0.432ns
    Source Clock Delay      (SCD):    0.410ns
    Clock Pessimism Removal (CPR):    -0.000ns

    Location             Delay type                Incr(ns)  Path(ns)    Netlist Resource(s)
  -------------------------------------------------------------------    -------------------
                         (clock clk rise edge)        0.000     0.000 r  
                                                      0.000     0.000 r  clk (IN)
                         net (fo=917, unset)          0.410     0.410    u_dut/clk
    SLICE_X9Y35          FDRE                                         r  u_dut/fYdec1_d1_reg[20]/C
  -------------------------------------------------------------------    -------------------
    SLICE_X9Y35          FDRE (Prop_fdre_C_Q)         0.141     0.551 r  u_dut/fYdec1_d1_reg[20]/Q
                         net (fo=1, routed)           0.056     0.607    u_dut/fYdec1_d1[20]
    SLICE_X9Y35          FDRE                                         r  u_dut/fYdec1_d2_reg[20]/D
  -------------------------------------------------------------------    -------------------

                         (clock clk rise edge)        0.000     0.000 r  
                                                      0.000     0.000 r  clk (IN)
                         net (fo=917, unset)          0.432     0.432    u_dut/clk
    SLICE_X9Y35          FDRE                                         r  u_dut/fYdec1_d2_reg[20]/C
                         clock pessimism              0.000     0.432    
    SLICE_X9Y35          FDRE (Hold_fdre_C_D)         0.075     0.507    u_dut/fYdec1_d2_reg[20]
  -------------------------------------------------------------------
                         required time                         -0.507    
                         arrival time                           0.607    
  -------------------------------------------------------------------
                         slack                                  0.100    

Slack (MET) :             0.100ns  (arrival time - required time)
  Source:                 u_dut/fYdec1_d1_reg[20]/C
                            (rising edge-triggered cell FDRE clocked by clk  {rise@0.000ns fall@3.333ns period=6.667ns})
  Destination:            u_dut/fYdec1_d2_reg[20]/D
                            (rising edge-triggered cell FDRE clocked by clk  {rise@0.000ns fall@3.333ns period=6.667ns})
  Path Group:             clk
  Path Type:              Hold (Min at Fast Process Corner)
  Requirement:            0.000ns  (clk rise@0.000ns - clk rise@0.000ns)
  Data Path Delay:        0.197ns  (logic 0.141ns (71.611%)  route 0.056ns (28.389%))
  Logic Levels:           0  
  Clock Path Skew:        0.022ns (DCD - SCD - CPR)
    Destination Clock Delay (DCD):    0.432ns
    Source Clock Delay      (SCD):    0.410ns
    Clock Pessimism Removal (CPR):    -0.000ns

    Location             Delay type                Incr(ns)  Path(ns)    Netlist Resource(s)
  -------------------------------------------------------------------    -------------------
                         (clock clk rise edge)        0.000     0.000 r  
                                                      0.000     0.000 r  clk (IN)
                         net (fo=917, unset)          0.410     0.410    u_dut/clk
    SLICE_X9Y35          FDRE                                         r  u_dut/fYdec1_d1_reg[20]/C
  -------------------------------------------------------------------    -------------------
    SLICE_X9Y35          FDRE (Prop_fdre_C_Q)         0.141     0.551 f  u_dut/fYdec1_d1_reg[20]/Q
                         net (fo=1, routed)           0.056     0.607    u_dut/fYdec1_d1[20]
    SLICE_X9Y35          FDRE                                         f  u_dut/fYdec1_d2_reg[20]/D
  -------------------------------------------------------------------    -------------------

                         (clock clk rise edge)        0.000     0.000 r  
                                                      0.000     0.000 r  clk (IN)
                         net (fo=917, unset)          0.432     0.432    u_dut/clk
    SLICE_X9Y35          FDRE                                         r  u_dut/fYdec1_d2_reg[20]/C
                         clock pessimism              0.000     0.432    
    SLICE_X9Y35          FDRE (Hold_fdre_C_D)         0.075     0.507    u_dut/fYdec1_d2_reg[20]
  -------------------------------------------------------------------
                         required time                         -0.507    
                         arrival time                           0.607    
  -------------------------------------------------------------------
                         slack                                  0.100    

Slack (MET) :             0.100ns  (arrival time - required time)
  Source:                 u_dut/fYdec1_d1_reg[4]/C
                            (rising edge-triggered cell FDRE clocked by clk  {rise@0.000ns fall@3.333ns period=6.667ns})
  Destination:            u_dut/fYdec1_d2_reg[4]/D
                            (rising edge-triggered cell FDRE clocked by clk  {rise@0.000ns fall@3.333ns period=6.667ns})
  Path Group:             clk
  Path Type:              Hold (Min at Fast Process Corner)
  Requirement:            0.000ns  (clk rise@0.000ns - clk rise@0.000ns)
  Data Path Delay:        0.197ns  (logic 0.141ns (71.611%)  route 0.056ns (28.389%))
  Logic Levels:           0  
  Clock Path Skew:        0.022ns (DCD - SCD - CPR)
    Destination Clock Delay (DCD):    0.432ns
    Source Clock Delay      (SCD):    0.410ns
    Clock Pessimism Removal (CPR):    -0.000ns

    Location             Delay type                Incr(ns)  Path(ns)    Netlist Resource(s)
  -------------------------------------------------------------------    -------------------
                         (clock clk rise edge)        0.000     0.000 r  
                                                      0.000     0.000 r  clk (IN)
                         net (fo=917, unset)          0.410     0.410    u_dut/clk
    SLICE_X9Y31          FDRE                                         r  u_dut/fYdec1_d1_reg[4]/C
  -------------------------------------------------------------------    -------------------
    SLICE_X9Y31          FDRE (Prop_fdre_C_Q)         0.141     0.551 r  u_dut/fYdec1_d1_reg[4]/Q
                         net (fo=1, routed)           0.056     0.607    u_dut/fYdec1_d1[4]
    SLICE_X9Y31          FDRE                                         r  u_dut/fYdec1_d2_reg[4]/D
  -------------------------------------------------------------------    -------------------

                         (clock clk rise edge)        0.000     0.000 r  
                                                      0.000     0.000 r  clk (IN)
                         net (fo=917, unset)          0.432     0.432    u_dut/clk
    SLICE_X9Y31          FDRE                                         r  u_dut/fYdec1_d2_reg[4]/C
                         clock pessimism              0.000     0.432    
    SLICE_X9Y31          FDRE (Hold_fdre_C_D)         0.075     0.507    u_dut/fYdec1_d2_reg[4]
  -------------------------------------------------------------------
                         required time                         -0.507    
                         arrival time                           0.607    
  -------------------------------------------------------------------
                         slack                                  0.100    

Slack (MET) :             0.100ns  (arrival time - required time)
  Source:                 u_dut/fYdec1_d1_reg[4]/C
                            (rising edge-triggered cell FDRE clocked by clk  {rise@0.000ns fall@3.333ns period=6.667ns})
  Destination:            u_dut/fYdec1_d2_reg[4]/D
                            (rising edge-triggered cell FDRE clocked by clk  {rise@0.000ns fall@3.333ns period=6.667ns})
  Path Group:             clk
  Path Type:              Hold (Min at Fast Process Corner)
  Requirement:            0.000ns  (clk rise@0.000ns - clk rise@0.000ns)
  Data Path Delay:        0.197ns  (logic 0.141ns (71.611%)  route 0.056ns (28.389%))
  Logic Levels:           0  
  Clock Path Skew:        0.022ns (DCD - SCD - CPR)
    Destination Clock Delay (DCD):    0.432ns
    Source Clock Delay      (SCD):    0.410ns
    Clock Pessimism Removal (CPR):    -0.000ns

    Location             Delay type                Incr(ns)  Path(ns)    Netlist Resource(s)
  -------------------------------------------------------------------    -------------------
                         (clock clk rise edge)        0.000     0.000 r  
                                                      0.000     0.000 r  clk (IN)
                         net (fo=917, unset)          0.410     0.410    u_dut/clk
    SLICE_X9Y31          FDRE                                         r  u_dut/fYdec1_d1_reg[4]/C
  -------------------------------------------------------------------    -------------------
    SLICE_X9Y31          FDRE (Prop_fdre_C_Q)         0.141     0.551 f  u_dut/fYdec1_d1_reg[4]/Q
                         net (fo=1, routed)           0.056     0.607    u_dut/fYdec1_d1[4]
    SLICE_X9Y31          FDRE                                         f  u_dut/fYdec1_d2_reg[4]/D
  -------------------------------------------------------------------    -------------------

                         (clock clk rise edge)        0.000     0.000 r  
                                                      0.000     0.000 r  clk (IN)
                         net (fo=917, unset)          0.432     0.432    u_dut/clk
    SLICE_X9Y31          FDRE                                         r  u_dut/fYdec1_d2_reg[4]/C
                         clock pessimism              0.000     0.432    
    SLICE_X9Y31          FDRE (Hold_fdre_C_D)         0.075     0.507    u_dut/fYdec1_d2_reg[4]
  -------------------------------------------------------------------
                         required time                         -0.507    
                         arrival time                           0.607    
  -------------------------------------------------------------------
                         slack                                  0.100    





Pulse Width Checks
--------------------------------------------------------------------------------------
Clock Name:         clk
Waveform(ns):       { 0.000 3.333 }
Period(ns):         6.667
Sources:            { clk }

Check Type        Corner  Lib Pin     Reference Pin  Required(ns)  Actual(ns)  Slack(ns)  Location      Pin
Min Period        n/a     FDRE/C      n/a            1.000         6.667       5.667      SLICE_X10Y44  R_r_reg[0]/C
Min Period        n/a     FDRE/C      n/a            1.000         6.667       5.667      SLICE_X10Y46  R_r_reg[10]/C
Min Period        n/a     FDRE/C      n/a            1.000         6.667       5.667      SLICE_X10Y46  R_r_reg[11]/C
Min Period        n/a     FDRE/C      n/a            1.000         6.667       5.667      SLICE_X10Y47  R_r_reg[12]/C
Min Period        n/a     FDRE/C      n/a            1.000         6.667       5.667      SLICE_X10Y47  R_r_reg[13]/C
Min Period        n/a     FDRE/C      n/a            1.000         6.667       5.667      SLICE_X10Y47  R_r_reg[14]/C
Min Period        n/a     FDRE/C      n/a            1.000         6.667       5.667      SLICE_X10Y47  R_r_reg[15]/C
Min Period        n/a     FDRE/C      n/a            1.000         6.667       5.667      SLICE_X10Y48  R_r_reg[16]/C
Min Period        n/a     FDRE/C      n/a            1.000         6.667       5.667      SLICE_X10Y48  R_r_reg[17]/C
Min Period        n/a     FDRE/C      n/a            1.000         6.667       5.667      SLICE_X10Y48  R_r_reg[18]/C
Low Pulse Width   Slow    SRL16E/CLK  n/a            0.980         3.333       2.353      SLICE_X6Y51   u_dut/exnR0_d14_reg[0]_srl14/CLK
Low Pulse Width   Fast    SRL16E/CLK  n/a            0.980         3.334       2.354      SLICE_X6Y51   u_dut/exnR0_d14_reg[0]_srl14/CLK
Low Pulse Width   Slow    SRL16E/CLK  n/a            0.980         3.333       2.353      SLICE_X6Y51   u_dut/exnR0_d14_reg[1]_srl14/CLK
Low Pulse Width   Fast    SRL16E/CLK  n/a            0.980         3.334       2.354      SLICE_X6Y51   u_dut/exnR0_d14_reg[1]_srl14/CLK
Low Pulse Width   Slow    SRL16E/CLK  n/a            0.980         3.333       2.353      SLICE_X6Y50   u_dut/expR0_d14_reg[0]_srl13/CLK
Low Pulse Width   Fast    SRL16E/CLK  n/a            0.980         3.334       2.354      SLICE_X6Y50   u_dut/expR0_d14_reg[0]_srl13/CLK
Low Pulse Width   Slow    SRL16E/CLK  n/a            0.980         3.333       2.353      SLICE_X6Y50   u_dut/expR0_d14_reg[1]_srl13/CLK
Low Pulse Width   Fast    SRL16E/CLK  n/a            0.980         3.334       2.354      SLICE_X6Y50   u_dut/expR0_d14_reg[1]_srl13/CLK
Low Pulse Width   Slow    SRL16E/CLK  n/a            0.980         3.333       2.353      SLICE_X6Y50   u_dut/expR0_d14_reg[2]_srl13/CLK
Low Pulse Width   Fast    SRL16E/CLK  n/a            0.980         3.334       2.354      SLICE_X6Y50   u_dut/expR0_d14_reg[2]_srl13/CLK
High Pulse Width  Slow    SRL16E/CLK  n/a            0.980         3.334       2.354      SLICE_X6Y51   u_dut/exnR0_d14_reg[0]_srl14/CLK
High Pulse Width  Fast    SRL16E/CLK  n/a            0.980         3.333       2.353      SLICE_X6Y51   u_dut/exnR0_d14_reg[0]_srl14/CLK
High Pulse Width  Slow    SRL16E/CLK  n/a            0.980         3.334       2.354      SLICE_X6Y51   u_dut/exnR0_d14_reg[1]_srl14/CLK
High Pulse Width  Fast    SRL16E/CLK  n/a            0.980         3.333       2.353      SLICE_X6Y51   u_dut/exnR0_d14_reg[1]_srl14/CLK
High Pulse Width  Slow    SRL16E/CLK  n/a            0.980         3.334       2.354      SLICE_X6Y50   u_dut/expR0_d14_reg[0]_srl13/CLK
High Pulse Width  Fast    SRL16E/CLK  n/a            0.980         3.333       2.353      SLICE_X6Y50   u_dut/expR0_d14_reg[0]_srl13/CLK
High Pulse Width  Slow    SRL16E/CLK  n/a            0.980         3.334       2.354      SLICE_X6Y50   u_dut/expR0_d14_reg[1]_srl13/CLK
High Pulse Width  Fast    SRL16E/CLK  n/a            0.980         3.333       2.353      SLICE_X6Y50   u_dut/expR0_d14_reg[1]_srl13/CLK
High Pulse Width  Slow    SRL16E/CLK  n/a            0.980         3.334       2.354      SLICE_X6Y50   u_dut/expR0_d14_reg[2]_srl13/CLK
High Pulse Width  Fast    SRL16E/CLK  n/a            0.980         3.333       2.353      SLICE_X6Y50   u_dut/expR0_d14_reg[2]_srl13/CLK



