
Lattice Place and Route Report for Design "/mnt/storage/test/zkf-vs-flopoco/artifacts/targets/ecp5-diamond/rows/zkf_mul_w8_m36_base/top_zkf_mul_w8_m36_base_map.ncd"
Sat May 23 22:27:57 2026

PAR: Place And Route Diamond (64-bit) 3.14.0.75.2.
Command Line: /usr/local/diamond/3.14/ispfpga/bin/lin64/par -w -l 5 -i 6 -t 1 -c 0 -e 0 -exp
parUseNBR=1:parCDP=auto:parCDR=1:parPathBased=OFF
/mnt/storage/test/zkf-vs-flopoco/artifacts/targets/ecp5-diamond/rows/zkf_mul_w8_m36_base/top_zkf_mul_w8_m36_base_map.ncd
/mnt/storage/test/zkf-vs-flopoco/artifacts/targets/ecp5-diamond/rows/zkf_mul_w8_m36_base/top_zkf_mul_w8_m36_base.ncd
/mnt/storage/test/zkf-vs-flopoco/artifacts/targets/ecp5-diamond/rows/zkf_mul_w8_m36_base/top_zkf_mul_w8_m36_base.prf

Preference file: /mnt/storage/test/zkf-vs-flopoco/artifacts/targets/ecp5-diamond/rows/zkf_mul_w8_m36_base/top_zkf_mul_w8_m36_base.prf.
Placement level-cost: 5-1.
Routing Iterations: 6

Loading design for application par from file /mnt/storage/test/zkf-vs-flopoco/artifacts/targets/ecp5-diamond/rows/zkf_mul_w8_m36_base/top_zkf_mul_w8_m36_base_map.ncd.
Design name: top_zkf_mul_w8_m36_base
NCD version: 3.3
Vendor:      LATTICE
Device:      LFE5U-12F
Package:     CABGA381
Performance: 6
Loading device for application par from file 'sa5p25.nph' in environment: /usr/local/diamond/3.14/ispfpga.
Package Status:                     Final          Version 1.44.
Performance Hardware Data Status:   Final          Version 55.1.
License checked out.


Ignore Preference Error(s):  True
Device utilization summary:

   PIO (prelim)     136/197          69% used
                    136/197          69% bonded

   SLICE            155/6048          2% used

   MULT18             4/28           14% used
   ALU54              2/14           14% used


Number of Signals: 695
Number of Connections: 1081

Pin Constraint Summary:
   0 out of 136 pins locked (0% locked).


The following 2 signals are selected to use the primary clock routing resources:
    clk_c (driver: clk, clk/ce/sr load #: 79/0/0)
    n1271 (driver: u_dut/u_pack/SLICE_109, clk/ce/sr load #: 0/0/18)


No signal is selected as Global Set/Reset.
.
Starting Placer Phase 0.
............
Finished Placer Phase 0.  REAL time: 18 secs 


Starting Placer Phase 1.
..................
Placer score = 1034727.
Finished Placer Phase 1.  REAL time: 45 secs 

Starting Placer Phase 2.
.
Placer score =  1031468
Finished Placer Phase 2.  REAL time: 46 secs 


------------------ Clock Report ------------------

Global Clock Resources:
  CLK_PIN    : 1 out of 12 (8%)
  GR_PCLK    : 0 out of 12 (0%)
  PLL        : 0 out of 2 (0%)
  DCS        : 0 out of 2 (0%)
  DCC        : 0 out of 60 (0%)
  CLKDIV     : 0 out of 4 (0%)

Quadrant TL Clocks:
  PRIMARY "clk_c" from comp "clk" on CLK_PIN site "B11 (PT29A)", CLK/CE/SR load = 68
  PRIMARY "n1271" from F1 on comp "u_dut/u_pack/SLICE_109" on site "R14C28B", CLK/CE/SR load = 18

  PRIMARY  : 2 out of 16 (12%)

Quadrant TR Clocks:
  PRIMARY "clk_c" from comp "clk" on CLK_PIN site "B11 (PT29A)", CLK/CE/SR load = 5

  PRIMARY  : 1 out of 16 (6%)

Quadrant BL Clocks:
  PRIMARY "clk_c" from comp "clk" on CLK_PIN site "B11 (PT29A)", CLK/CE/SR load = 4

  PRIMARY  : 1 out of 16 (6%)

Quadrant BR Clocks:
  PRIMARY "clk_c" from comp "clk" on CLK_PIN site "B11 (PT29A)", CLK/CE/SR load = 2

  PRIMARY  : 1 out of 16 (6%)

Edge Clocks:

  No edge clock selected.


--------------- End of Clock Report ---------------


+
I/O Usage Summary (final):
   136 out of 197 (69.0%) PIO sites used.
   136 out of 197 (69.0%) bonded PIO sites used.
   Number of PIO comps: 136; differential: 0.
   Number of Vref pins used: 0.

I/O Bank Usage Summary:
+----------+----------------+------------+------------+------------+
| I/O Bank | Usage          | Bank Vccio | Bank Vref1 | Bank Vref2 |
+----------+----------------+------------+------------+------------+
| 0        | 24 / 24 (100%) | 2.5V       | -          | -          |
| 1        | 28 / 32 ( 87%) | 2.5V       | -          | -          |
| 2        | 21 / 32 ( 65%) | 2.5V       | -          | -          |
| 3        | 3 / 32 (  9%)  | 2.5V       | -          | -          |
| 6        | 21 / 32 ( 65%) | 2.5V       | -          | -          |
| 7        | 32 / 32 (100%) | 2.5V       | -          | -          |
| 8        | 7 / 13 ( 53%)  | 2.5V       | -          | -          |
+----------+----------------+------------+------------+------------+

---------------------------------- DSP Report ----------------------------------

DSP Slice #:           1  2  3  4  5  6  7  8  9 10 11 12 13 14
# of MULT9                                                     
# of MULT18                        2  2                        
# of ALU24                                                     
# of ALU54                         1  1                        
# of PRADD9                                                    
# of PRADD18                                                   

DSP Slice  5         Component_Type       Physical_Type        Instance_Name      
 MULT18_R13C22         MULT18X18D             MULT18          u_dut/s1_mag_e3     
 MULT18_R13C23         MULT18X18D             MULT18          u_dut/lat_mult_0    
  ALU54_R13C25           ALU54B               ALU54           u_dut/lat_alu_3     

DSP Slice  6         Component_Type       Physical_Type        Instance_Name      
 MULT18_R13C26         MULT18X18D             MULT18          u_dut/lat_mult_1    
 MULT18_R13C27         MULT18X18D             MULT18          u_dut/lat_mult_2    
  ALU54_R13C29           ALU54B               ALU54           u_dut/lat_alu_4     

------------------------------ End of DSP Report -------------------------------
Total placer CPU time: 27 secs 

Dumping design to file /mnt/storage/test/zkf-vs-flopoco/artifacts/targets/ecp5-diamond/rows/zkf_mul_w8_m36_base/top_zkf_mul_w8_m36_base.ncd.

0 connections routed; 1081 unrouted.
Starting router resource preassignment
DSP info: No dsp pins have been swapped.

Completed router resource preassignment. Real time: 58 secs 

Start NBR router at Sat May 23 22:28:55 EEST 2026

*****************************************************************
Info: NBR allows conflicts(one node used by more than one signal)
      in the earlier iterations. In each iteration, it tries to  
      solve the conflicts while keeping the critical connections 
      routed as short as possible. The routing process is said to
      be completed when no conflicts exist and all connections   
      are routed.                                                
Note: NBR uses a different method to calculate timing slacks. The
      worst slack and total negative slack may not be the same as
      that in TRCE report. You should always run TRCE to verify  
      your design.                                               
*****************************************************************

Start NBR special constraint process at Sat May 23 22:28:57 EEST 2026

Start NBR section for initial routing at Sat May 23 22:28:58 EEST 2026
Level 1, iteration 1
6(0.00%) conflicts; 663(61.33%) untouched conns; 200347 (nbr) score; 
Estimated worst slack/total negative slack<setup>: -2.710ns/-200.348ns; real time: 1 mins 2 secs 
Level 2, iteration 1
24(0.00%) conflicts; 621(57.45%) untouched conns; 186913 (nbr) score; 
Estimated worst slack/total negative slack<setup>: -2.695ns/-186.914ns; real time: 1 mins 2 secs 
Level 3, iteration 1
57(0.00%) conflicts; 242(22.39%) untouched conns; 2278 (nbr) score; 
Estimated worst slack/total negative slack<setup>: -0.072ns/-2.278ns; real time: 1 mins 4 secs 
Level 4, iteration 1
21(0.00%) conflicts; 0(0.00%) untouched conn; 0 (nbr) score; 
Estimated worst slack/total negative slack<setup>: 0.437ns/0.000ns; real time: 1 mins 5 secs 

Info: Initial congestion level at 75% usage is 0
Info: Initial congestion area  at 75% usage is 0 (0.00%)

Start NBR section for normal routing at Sat May 23 22:29:02 EEST 2026
Level 1, iteration 1
22(0.00%) conflicts; 21(1.94%) untouched conns; 0 (nbr) score; 
Estimated worst slack/total negative slack<setup>: 0.461ns/0.000ns; real time: 1 mins 6 secs 
Level 2, iteration 1
10(0.00%) conflicts; 26(2.41%) untouched conns; 0 (nbr) score; 
Estimated worst slack/total negative slack<setup>: 0.461ns/0.000ns; real time: 1 mins 6 secs 
Level 2, iteration 2
8(0.00%) conflicts; 27(2.50%) untouched conns; 0 (nbr) score; 
Estimated worst slack/total negative slack<setup>: 0.426ns/0.000ns; real time: 1 mins 7 secs 
Level 2, iteration 3
9(0.00%) conflicts; 26(2.41%) untouched conns; 0 (nbr) score; 
Estimated worst slack/total negative slack<setup>: 0.448ns/0.000ns; real time: 1 mins 7 secs 
Level 3, iteration 1
15(0.00%) conflicts; 7(0.65%) untouched conns; 0 (nbr) score; 
Estimated worst slack/total negative slack<setup>: 0.449ns/0.000ns; real time: 1 mins 8 secs 
Level 4, iteration 1
12(0.00%) conflicts; 0(0.00%) untouched conn; 0 (nbr) score; 
Estimated worst slack/total negative slack<setup>: 0.265ns/0.000ns; real time: 1 mins 8 secs 
Level 4, iteration 2
8(0.00%) conflicts; 0(0.00%) untouched conn; 0 (nbr) score; 
Estimated worst slack/total negative slack<setup>: 0.280ns/0.000ns; real time: 1 mins 9 secs 
Level 4, iteration 3
8(0.00%) conflicts; 0(0.00%) untouched conn; 0 (nbr) score; 
Estimated worst slack/total negative slack<setup>: 0.205ns/0.000ns; real time: 1 mins 10 secs 
Level 4, iteration 4
5(0.00%) conflicts; 0(0.00%) untouched conn; 0 (nbr) score; 
Estimated worst slack/total negative slack<setup>: 0.205ns/0.000ns; real time: 1 mins 10 secs 
Level 4, iteration 5
1(0.00%) conflict; 0(0.00%) untouched conn; 0 (nbr) score; 
Estimated worst slack/total negative slack<setup>: 0.245ns/0.000ns; real time: 1 mins 10 secs 
Level 4, iteration 6
1(0.00%) conflict; 0(0.00%) untouched conn; 0 (nbr) score; 
Estimated worst slack/total negative slack<setup>: 0.245ns/0.000ns; real time: 1 mins 10 secs 
Level 4, iteration 7
1(0.00%) conflict; 0(0.00%) untouched conn; 0 (nbr) score; 
Estimated worst slack/total negative slack<setup>: 0.265ns/0.000ns; real time: 1 mins 11 secs 
Level 4, iteration 8
1(0.00%) conflict; 0(0.00%) untouched conn; 0 (nbr) score; 
Estimated worst slack/total negative slack<setup>: 0.265ns/0.000ns; real time: 1 mins 11 secs 
Level 4, iteration 9
1(0.00%) conflict; 0(0.00%) untouched conn; 0 (nbr) score; 
Estimated worst slack/total negative slack<setup>: 0.245ns/0.000ns; real time: 1 mins 11 secs 
Level 4, iteration 10
0(0.00%) conflict; 0(0.00%) untouched conn; 0 (nbr) score; 
Estimated worst slack/total negative slack<setup>: 0.245ns/0.000ns; real time: 1 mins 11 secs 

Start NBR section for setup/hold timing optimization with effort level 3 at Sat May 23 22:29:08 EEST 2026

Start NBR section for re-routing at Sat May 23 22:29:14 EEST 2026
Level 4, iteration 1
0(0.00%) conflict; 0(0.00%) untouched conn; 0 (nbr) score; 
Estimated worst slack/total negative slack<setup>: 0.245ns/0.000ns; real time: 1 mins 17 secs 

Start NBR section for post-routing at Sat May 23 22:29:14 EEST 2026

End NBR router with 0 unrouted connection

NBR Summary
-----------
  Number of unrouted connections : 0 (0.00%)
  Number of connections with timing violations : 0 (0.00%)
  Estimated worst slack<setup> : 0.245ns
  Timing score<setup> : 0
-----------
Notes: The timing info is calculated for SETUP only and all PAR_ADJs are ignored.



Total CPU time 49 secs 
Total REAL time: 1 mins 29 secs 
Completely routed.
End of route.  1081 routed (100.00%); 0 unrouted.

Hold time timing score: 0, hold timing errors: 0

Timing score: 0 

Dumping design to file /mnt/storage/test/zkf-vs-flopoco/artifacts/targets/ecp5-diamond/rows/zkf_mul_w8_m36_base/top_zkf_mul_w8_m36_base.ncd.


PAR_SUMMARY::Run status = Completed
PAR_SUMMARY::Number of unrouted conns = 0
PAR_SUMMARY::Worst  slack<setup/<ns>> = 0.245
PAR_SUMMARY::Timing score<setup/<ns>> = 0.000
PAR_SUMMARY::Worst  slack<hold /<ns>> = 0.174
PAR_SUMMARY::Timing score<hold /<ns>> = 0.000
PAR_SUMMARY::Number of errors = 0

Total CPU  time to completion: 49 secs 
Total REAL time to completion: 1 mins 30 secs 

par done!

Note: user must run 'Trace' for timing closure signoff.

Copyright (c) 1991-1994 by NeoCAD Inc. All rights reserved.
Copyright (c) 1995 AT&T Corp.   All rights reserved.
Copyright (c) 1995-2001 Lucent Technologies Inc.  All rights reserved.
Copyright (c) 2001 Agere Systems   All rights reserved.
Copyright (c) 2002-2024 Lattice Semiconductor Corporation,  All rights reserved.
$ /usr/local/diamond/3.14/ispfpga/bin/lin64/par -w -l 5 -i 6 -t 1 -c 0 -e 0 -exp parUseNBR=1:parCDP=auto:parCDR=1:parPathBased=OFF /mnt/storage/test/zkf-vs-flopoco/artifacts/targets/ecp5-diamond/rows/zkf_mul_w8_m36_base/top_zkf_mul_w8_m36_base_map.ncd /mnt/storage/test/zkf-vs-flopoco/artifacts/targets/ecp5-diamond/rows/zkf_mul_w8_m36_base/top_zkf_mul_w8_m36_base.ncd /mnt/storage/test/zkf-vs-flopoco/artifacts/targets/ecp5-diamond/rows/zkf_mul_w8_m36_base/top_zkf_mul_w8_m36_base.prf


[exit code 0]
